[0.058s] Invoking command in '/home/robotics/colcon_ws/build/cpp_timer_showcase': CMAKE_PREFIX_PATH=/opt/ros/humble /usr/bin/cmake --build /home/robotics/colcon_ws/build/cpp_timer_showcase -- -j8 -l8
[0.517s] [ 25%] Built target multi_timer_node
[0.517s] [ 50%] Built target basic_timer_node
[0.528s] [ 75%] Built target control_timer_node
[0.531s] [100%] Built target callback_group_timers_node
[0.589s] Invoked command in '/home/robotics/colcon_ws/build/cpp_timer_showcase' returned '0': CMAKE_PREFIX_PATH=/opt/ros/humble /usr/bin/cmake --build /home/robotics/colcon_ws/build/cpp_timer_showcase -- -j8 -l8
[0.601s] Invoking command in '/home/robotics/colcon_ws/build/cpp_timer_showcase': CMAKE_PREFIX_PATH=/opt/ros/humble /usr/bin/cmake --install /home/robotics/colcon_ws/build/cpp_timer_showcase
[0.604s] -- Install configuration: ""
[0.611s] -- Up-to-date: /home/robotics/colcon_ws/install/cpp_timer_showcase/lib/cpp_timer_showcase/basic_timer_node
[0.612s] -- Up-to-date: /home/robotics/colcon_ws/install/cpp_timer_showcase/lib/cpp_timer_showcase/multi_timer_node
[0.619s] -- Up-to-date: /home/robotics/colcon_ws/install/cpp_timer_showcase/lib/cpp_timer_showcase/control_timer_node
[0.621s] -- Up-to-date: /home/robotics/colcon_ws/install/cpp_timer_showcase/lib/cpp_timer_showcase/callback_group_timers_node
[0.621s] -- Up-to-date: /home/robotics/colcon_ws/install/cpp_timer_showcase/share/cpp_timer_showcase/launch
[0.621s] -- Up-to-date: /home/robotics/colcon_ws/install/cpp_timer_showcase/share/cpp_timer_showcase/launch/timers_demo.launch.py
[0.621s] -- Up-to-date: /home/robotics/colcon_ws/install/cpp_timer_showcase/share/cpp_timer_showcase/launch/timers_demo.launch.py:Zone.Identifier
[0.622s] -- Up-to-date: /home/robotics/colcon_ws/install/cpp_timer_showcase/share/ament_index/resource_index/package_run_dependencies/cpp_timer_showcase
[0.622s] -- Up-to-date: /home/robotics/colcon_ws/install/cpp_timer_showcase/share/ament_index/resource_index/parent_prefix_path/cpp_timer_showcase
[0.623s] -- Up-to-date: /home/robotics/colcon_ws/install/cpp_timer_showcase/share/cpp_timer_showcase/environment/ament_prefix_path.sh
[0.623s] -- Up-to-date: /home/robotics/colcon_ws/install/cpp_timer_showcase/share/cpp_timer_showcase/environment/ament_prefix_path.dsv
[0.623s] -- Up-to-date: /home/robotics/colcon_ws/install/cpp_timer_showcase/share/cpp_timer_showcase/environment/path.sh
[0.623s] -- Up-to-date: /home/robotics/colcon_ws/install/cpp_timer_showcase/share/cpp_timer_showcase/environment/path.dsv
[0.624s] -- Up-to-date: /home/robotics/colcon_ws/install/cpp_timer_showcase/share/cpp_timer_showcase/local_setup.bash
[0.625s] -- Up-to-date: /home/robotics/colcon_ws/install/cpp_timer_showcase/share/cpp_timer_showcase/local_setup.sh
[0.625s] -- Up-to-date: /home/robotics/colcon_ws/install/cpp_timer_showcase/share/cpp_timer_showcase/local_setup.zsh
[0.626s] -- Up-to-date: /home/robotics/colcon_ws/install/cpp_timer_showcase/share/cpp_timer_showcase/local_setup.dsv
[0.626s] -- Installing: /home/robotics/colcon_ws/install/cpp_timer_showcase/share/cpp_timer_showcase/package.dsv
[0.626s] -- Up-to-date: /home/robotics/colcon_ws/install/cpp_timer_showcase/share/ament_index/resource_index/packages/cpp_timer_showcase
[0.626s] -- Up-to-date: /home/robotics/colcon_ws/install/cpp_timer_showcase/share/cpp_timer_showcase/cmake/cpp_timer_showcaseConfig.cmake
[0.627s] -- Up-to-date: /home/robotics/colcon_ws/install/cpp_timer_showcase/share/cpp_timer_showcase/cmake/cpp_timer_showcaseConfig-version.cmake
[0.627s] -- Up-to-date: /home/robotics/colcon_ws/install/cpp_timer_showcase/share/cpp_timer_showcase/package.xml
[0.685s] Invoked command in '/home/robotics/colcon_ws/build/cpp_timer_showcase' returned '0': CMAKE_PREFIX_PATH=/opt/ros/humble /usr/bin/cmake --install /home/robotics/colcon_ws/build/cpp_timer_showcase
