[0.059s] Invoking command in '/home/robotics/colcon_ws/build/custom_msg_demo': CMAKE_PREFIX_PATH=${CMAKE_PREFIX_PATH}:/opt/ros/humble /usr/bin/cmake --build /home/robotics/colcon_ws/build/custom_msg_demo -- -j8 -l8
[0.253s] [  2%] Built target custom_msg_demo__cpp
[0.262s] [ 11%] Built target custom_msg_demo__rosidl_generator_c
[0.297s] [ 11%] Built target ament_cmake_python_copy_custom_msg_demo
[0.351s] [ 20%] Built target custom_msg_demo__rosidl_typesupport_fastrtps_cpp
[0.375s] [ 28%] Built target custom_msg_demo__rosidl_typesupport_introspection_cpp
[0.399s] [ 37%] Built target custom_msg_demo__rosidl_typesupport_cpp
[0.402s] [ 45%] Built target custom_msg_demo__rosidl_typesupport_c
[0.402s] [ 54%] Built target custom_msg_demo__rosidl_typesupport_fastrtps_c
[0.402s] [ 62%] Built target custom_msg_demo__rosidl_typesupport_introspection_c
[0.483s] [ 62%] Built target custom_msg_demo
[0.507s] [ 68%] Built target status_subscriber
[0.514s] [ 74%] Built target status_publisher
[0.578s] [ 77%] Built target custom_msg_demo__py
[0.649s] [ 82%] Built target custom_msg_demo__rosidl_generator_py
[0.734s] [ 88%] Built target custom_msg_demo__rosidl_typesupport_fastrtps_c__pyext
[0.734s] [ 94%] Built target custom_msg_demo__rosidl_typesupport_introspection_c__pyext
[0.737s] [100%] Built target custom_msg_demo__rosidl_typesupport_c__pyext
[0.919s] running egg_info
[0.921s] writing custom_msg_demo.egg-info/PKG-INFO
[0.921s] writing dependency_links to custom_msg_demo.egg-info/dependency_links.txt
[0.922s] writing top-level names to custom_msg_demo.egg-info/top_level.txt
[0.926s] reading manifest file 'custom_msg_demo.egg-info/SOURCES.txt'
[0.927s] writing manifest file 'custom_msg_demo.egg-info/SOURCES.txt'
[0.985s] [100%] Built target ament_cmake_python_build_custom_msg_demo_egg
[1.010s] Invoked command in '/home/robotics/colcon_ws/build/custom_msg_demo' returned '0': CMAKE_PREFIX_PATH=${CMAKE_PREFIX_PATH}:/opt/ros/humble /usr/bin/cmake --build /home/robotics/colcon_ws/build/custom_msg_demo -- -j8 -l8
[1.014s] Invoking command in '/home/robotics/colcon_ws/build/custom_msg_demo': CMAKE_PREFIX_PATH=${CMAKE_PREFIX_PATH}:/opt/ros/humble /usr/bin/cmake --install /home/robotics/colcon_ws/build/custom_msg_demo
[1.029s] -- Install configuration: ""
[1.030s] -- Up-to-date: /home/robotics/colcon_ws/install/custom_msg_demo/share/ament_index/resource_index/rosidl_interfaces/custom_msg_demo
[1.030s] -- Up-to-date: /home/robotics/colcon_ws/install/custom_msg_demo/include/custom_msg_demo/custom_msg_demo
[1.030s] -- Up-to-date: /home/robotics/colcon_ws/install/custom_msg_demo/include/custom_msg_demo/custom_msg_demo/msg
[1.030s] -- Up-to-date: /home/robotics/colcon_ws/install/custom_msg_demo/include/custom_msg_demo/custom_msg_demo/msg/robot_status.h
[1.030s] -- Up-to-date: /home/robotics/colcon_ws/install/custom_msg_demo/include/custom_msg_demo/custom_msg_demo/msg/detail
[1.030s] -- Up-to-date: /home/robotics/colcon_ws/install/custom_msg_demo/include/custom_msg_demo/custom_msg_demo/msg/detail/robot_status__functions.h
[1.030s] -- Up-to-date: /home/robotics/colcon_ws/install/custom_msg_demo/include/custom_msg_demo/custom_msg_demo/msg/detail/robot_status__type_support.h
[1.031s] -- Up-to-date: /home/robotics/colcon_ws/install/custom_msg_demo/include/custom_msg_demo/custom_msg_demo/msg/detail/robot_status__functions.c
[1.031s] -- Up-to-date: /home/robotics/colcon_ws/install/custom_msg_demo/include/custom_msg_demo/custom_msg_demo/msg/detail/robot_status__struct.h
[1.031s] -- Up-to-date: /home/robotics/colcon_ws/install/custom_msg_demo/include/custom_msg_demo/custom_msg_demo/msg/rosidl_generator_c__visibility_control.h
[1.031s] -- Up-to-date: /home/robotics/colcon_ws/install/custom_msg_demo/share/custom_msg_demo/environment/library_path.sh
[1.031s] -- Up-to-date: /home/robotics/colcon_ws/install/custom_msg_demo/share/custom_msg_demo/environment/library_path.dsv
[1.031s] -- Up-to-date: /home/robotics/colcon_ws/install/custom_msg_demo/lib/libcustom_msg_demo__rosidl_generator_c.so
[1.033s] -- Up-to-date: /home/robotics/colcon_ws/install/custom_msg_demo/include/custom_msg_demo/custom_msg_demo
[1.036s] -- Up-to-date: /home/robotics/colcon_ws/install/custom_msg_demo/include/custom_msg_demo/custom_msg_demo/msg
[1.037s] -- Up-to-date: /home/robotics/colcon_ws/install/custom_msg_demo/include/custom_msg_demo/custom_msg_demo/msg/detail
[1.037s] -- Up-to-date: /home/robotics/colcon_ws/install/custom_msg_demo/include/custom_msg_demo/custom_msg_demo/msg/detail/robot_status__rosidl_typesupport_fastrtps_c.h
[1.037s] -- Up-to-date: /home/robotics/colcon_ws/install/custom_msg_demo/include/custom_msg_demo/custom_msg_demo/msg/rosidl_typesupport_fastrtps_c__visibility_control.h
[1.037s] -- Up-to-date: /home/robotics/colcon_ws/install/custom_msg_demo/lib/libcustom_msg_demo__rosidl_typesupport_fastrtps_c.so
[1.039s] -- Up-to-date: /home/robotics/colcon_ws/install/custom_msg_demo/include/custom_msg_demo/custom_msg_demo
[1.039s] -- Up-to-date: /home/robotics/colcon_ws/install/custom_msg_demo/include/custom_msg_demo/custom_msg_demo/msg
[1.039s] -- Up-to-date: /home/robotics/colcon_ws/install/custom_msg_demo/include/custom_msg_demo/custom_msg_demo/msg/rosidl_generator_cpp__visibility_control.hpp
[1.039s] -- Up-to-date: /home/robotics/colcon_ws/install/custom_msg_demo/include/custom_msg_demo/custom_msg_demo/msg/detail
[1.040s] -- Up-to-date: /home/robotics/colcon_ws/install/custom_msg_demo/include/custom_msg_demo/custom_msg_demo/msg/detail/robot_status__builder.hpp
[1.040s] -- Up-to-date: /home/robotics/colcon_ws/install/custom_msg_demo/include/custom_msg_demo/custom_msg_demo/msg/detail/robot_status__struct.hpp
[1.040s] -- Up-to-date: /home/robotics/colcon_ws/install/custom_msg_demo/include/custom_msg_demo/custom_msg_demo/msg/detail/robot_status__type_support.hpp
[1.040s] -- Up-to-date: /home/robotics/colcon_ws/install/custom_msg_demo/include/custom_msg_demo/custom_msg_demo/msg/detail/robot_status__traits.hpp
[1.040s] -- Up-to-date: /home/robotics/colcon_ws/install/custom_msg_demo/include/custom_msg_demo/custom_msg_demo/msg/robot_status.hpp
[1.040s] -- Up-to-date: /home/robotics/colcon_ws/install/custom_msg_demo/include/custom_msg_demo/custom_msg_demo
[1.040s] -- Up-to-date: /home/robotics/colcon_ws/install/custom_msg_demo/include/custom_msg_demo/custom_msg_demo/msg
[1.040s] -- Up-to-date: /home/robotics/colcon_ws/install/custom_msg_demo/include/custom_msg_demo/custom_msg_demo/msg/rosidl_typesupport_fastrtps_cpp__visibility_control.h
[1.040s] -- Up-to-date: /home/robotics/colcon_ws/install/custom_msg_demo/include/custom_msg_demo/custom_msg_demo/msg/detail
[1.040s] -- Up-to-date: /home/robotics/colcon_ws/install/custom_msg_demo/include/custom_msg_demo/custom_msg_demo/msg/detail/dds_fastrtps
[1.040s] -- Up-to-date: /home/robotics/colcon_ws/install/custom_msg_demo/include/custom_msg_demo/custom_msg_demo/msg/detail/robot_status__rosidl_typesupport_fastrtps_cpp.hpp
[1.041s] -- Up-to-date: /home/robotics/colcon_ws/install/custom_msg_demo/lib/libcustom_msg_demo__rosidl_typesupport_fastrtps_cpp.so
[1.041s] -- Up-to-date: /home/robotics/colcon_ws/install/custom_msg_demo/include/custom_msg_demo/custom_msg_demo
[1.041s] -- Up-to-date: /home/robotics/colcon_ws/install/custom_msg_demo/include/custom_msg_demo/custom_msg_demo/msg
[1.041s] -- Up-to-date: /home/robotics/colcon_ws/install/custom_msg_demo/include/custom_msg_demo/custom_msg_demo/msg/detail
[1.041s] -- Up-to-date: /home/robotics/colcon_ws/install/custom_msg_demo/include/custom_msg_demo/custom_msg_demo/msg/detail/robot_status__type_support.c
[1.041s] -- Up-to-date: /home/robotics/colcon_ws/install/custom_msg_demo/include/custom_msg_demo/custom_msg_demo/msg/detail/robot_status__rosidl_typesupport_introspection_c.h
[1.041s] -- Up-to-date: /home/robotics/colcon_ws/install/custom_msg_demo/include/custom_msg_demo/custom_msg_demo/msg/rosidl_typesupport_introspection_c__visibility_control.h
[1.041s] -- Up-to-date: /home/robotics/colcon_ws/install/custom_msg_demo/lib/libcustom_msg_demo__rosidl_typesupport_introspection_c.so
[1.041s] -- Up-to-date: /home/robotics/colcon_ws/install/custom_msg_demo/lib/libcustom_msg_demo__rosidl_typesupport_c.so
[1.041s] -- Up-to-date: /home/robotics/colcon_ws/install/custom_msg_demo/include/custom_msg_demo/custom_msg_demo
[1.041s] -- Up-to-date: /home/robotics/colcon_ws/install/custom_msg_demo/include/custom_msg_demo/custom_msg_demo/msg
[1.042s] -- Up-to-date: /home/robotics/colcon_ws/install/custom_msg_demo/include/custom_msg_demo/custom_msg_demo/msg/detail
[1.042s] -- Up-to-date: /home/robotics/colcon_ws/install/custom_msg_demo/include/custom_msg_demo/custom_msg_demo/msg/detail/robot_status__rosidl_typesupport_introspection_cpp.hpp
[1.042s] -- Up-to-date: /home/robotics/colcon_ws/install/custom_msg_demo/include/custom_msg_demo/custom_msg_demo/msg/detail/robot_status__type_support.cpp
[1.042s] -- Up-to-date: /home/robotics/colcon_ws/install/custom_msg_demo/lib/libcustom_msg_demo__rosidl_typesupport_introspection_cpp.so
[1.042s] -- Up-to-date: /home/robotics/colcon_ws/install/custom_msg_demo/lib/libcustom_msg_demo__rosidl_typesupport_cpp.so
[1.042s] -- Up-to-date: /home/robotics/colcon_ws/install/custom_msg_demo/share/custom_msg_demo/environment/pythonpath.sh
[1.042s] -- Up-to-date: /home/robotics/colcon_ws/install/custom_msg_demo/share/custom_msg_demo/environment/pythonpath.dsv
[1.042s] -- Up-to-date: /home/robotics/colcon_ws/install/custom_msg_demo/local/lib/python3.10/dist-packages/custom_msg_demo-0.0.0-py3.10.egg-info
[1.042s] -- Installing: /home/robotics/colcon_ws/install/custom_msg_demo/local/lib/python3.10/dist-packages/custom_msg_demo-0.0.0-py3.10.egg-info/dependency_links.txt
[1.042s] -- Installing: /home/robotics/colcon_ws/install/custom_msg_demo/local/lib/python3.10/dist-packages/custom_msg_demo-0.0.0-py3.10.egg-info/PKG-INFO
[1.042s] -- Installing: /home/robotics/colcon_ws/install/custom_msg_demo/local/lib/python3.10/dist-packages/custom_msg_demo-0.0.0-py3.10.egg-info/top_level.txt
[1.042s] -- Installing: /home/robotics/colcon_ws/install/custom_msg_demo/local/lib/python3.10/dist-packages/custom_msg_demo-0.0.0-py3.10.egg-info/SOURCES.txt
[1.043s] -- Up-to-date: /home/robotics/colcon_ws/install/custom_msg_demo/local/lib/python3.10/dist-packages/custom_msg_demo
[1.043s] -- Up-to-date: /home/robotics/colcon_ws/install/custom_msg_demo/local/lib/python3.10/dist-packages/custom_msg_demo/msg
[1.043s] -- Up-to-date: /home/robotics/colcon_ws/install/custom_msg_demo/local/lib/python3.10/dist-packages/custom_msg_demo/msg/_robot_status.py
[1.043s] -- Up-to-date: /home/robotics/colcon_ws/install/custom_msg_demo/local/lib/python3.10/dist-packages/custom_msg_demo/msg/__init__.py
[1.043s] -- Up-to-date: /home/robotics/colcon_ws/install/custom_msg_demo/local/lib/python3.10/dist-packages/custom_msg_demo/msg/_robot_status_s.c
[1.043s] -- Up-to-date: /home/robotics/colcon_ws/install/custom_msg_demo/local/lib/python3.10/dist-packages/custom_msg_demo/_custom_msg_demo_s.ep.rosidl_typesupport_c.c
[1.043s] -- Up-to-date: /home/robotics/colcon_ws/install/custom_msg_demo/local/lib/python3.10/dist-packages/custom_msg_demo/custom_msg_demo_s__rosidl_typesupport_introspection_c.cpython-310-x86_64-linux-gnu.so
[1.043s] -- Up-to-date: /home/robotics/colcon_ws/install/custom_msg_demo/local/lib/python3.10/dist-packages/custom_msg_demo/_custom_msg_demo_s.ep.rosidl_typesupport_fastrtps_c.c
[1.043s] -- Up-to-date: /home/robotics/colcon_ws/install/custom_msg_demo/local/lib/python3.10/dist-packages/custom_msg_demo/__init__.py
[1.043s] -- Up-to-date: /home/robotics/colcon_ws/install/custom_msg_demo/local/lib/python3.10/dist-packages/custom_msg_demo/_custom_msg_demo_s.ep.rosidl_typesupport_introspection_c.c
[1.043s] -- Up-to-date: /home/robotics/colcon_ws/install/custom_msg_demo/local/lib/python3.10/dist-packages/custom_msg_demo/libcustom_msg_demo__rosidl_generator_py.so
[1.044s] -- Up-to-date: /home/robotics/colcon_ws/install/custom_msg_demo/local/lib/python3.10/dist-packages/custom_msg_demo/custom_msg_demo_s__rosidl_typesupport_fastrtps_c.cpython-310-x86_64-linux-gnu.so
[1.044s] -- Up-to-date: /home/robotics/colcon_ws/install/custom_msg_demo/local/lib/python3.10/dist-packages/custom_msg_demo/custom_msg_demo_s__rosidl_typesupport_c.cpython-310-x86_64-linux-gnu.so
[1.112s] Listing '/home/robotics/colcon_ws/install/custom_msg_demo/local/lib/python3.10/dist-packages/custom_msg_demo'...
[1.112s] Listing '/home/robotics/colcon_ws/install/custom_msg_demo/local/lib/python3.10/dist-packages/custom_msg_demo/msg'...
[1.120s] -- Up-to-date: /home/robotics/colcon_ws/install/custom_msg_demo/local/lib/python3.10/dist-packages/custom_msg_demo/custom_msg_demo_s__rosidl_typesupport_fastrtps_c.cpython-310-x86_64-linux-gnu.so
[1.121s] -- Up-to-date: /home/robotics/colcon_ws/install/custom_msg_demo/local/lib/python3.10/dist-packages/custom_msg_demo/custom_msg_demo_s__rosidl_typesupport_introspection_c.cpython-310-x86_64-linux-gnu.so
[1.121s] -- Up-to-date: /home/robotics/colcon_ws/install/custom_msg_demo/local/lib/python3.10/dist-packages/custom_msg_demo/custom_msg_demo_s__rosidl_typesupport_c.cpython-310-x86_64-linux-gnu.so
[1.121s] -- Up-to-date: /home/robotics/colcon_ws/install/custom_msg_demo/lib/libcustom_msg_demo__rosidl_generator_py.so
[1.122s] -- Up-to-date: /home/robotics/colcon_ws/install/custom_msg_demo/share/custom_msg_demo/msg/RobotStatus.idl
[1.122s] -- Up-to-date: /home/robotics/colcon_ws/install/custom_msg_demo/share/custom_msg_demo/msg/RobotStatus.msg
[1.122s] -- Up-to-date: /home/robotics/colcon_ws/install/custom_msg_demo/lib/custom_msg_demo/status_publisher
[1.123s] -- Up-to-date: /home/robotics/colcon_ws/install/custom_msg_demo/lib/custom_msg_demo/status_subscriber
[1.123s] -- Up-to-date: /home/robotics/colcon_ws/install/custom_msg_demo/share/ament_index/resource_index/package_run_dependencies/custom_msg_demo
[1.124s] -- Up-to-date: /home/robotics/colcon_ws/install/custom_msg_demo/share/ament_index/resource_index/parent_prefix_path/custom_msg_demo
[1.124s] -- Up-to-date: /home/robotics/colcon_ws/install/custom_msg_demo/share/custom_msg_demo/environment/ament_prefix_path.sh
[1.124s] -- Up-to-date: /home/robotics/colcon_ws/install/custom_msg_demo/share/custom_msg_demo/environment/ament_prefix_path.dsv
[1.129s] -- Up-to-date: /home/robotics/colcon_ws/install/custom_msg_demo/share/custom_msg_demo/environment/path.sh
[1.129s] -- Up-to-date: /home/robotics/colcon_ws/install/custom_msg_demo/share/custom_msg_demo/environment/path.dsv
[1.129s] -- Up-to-date: /home/robotics/colcon_ws/install/custom_msg_demo/share/custom_msg_demo/local_setup.bash
[1.129s] -- Up-to-date: /home/robotics/colcon_ws/install/custom_msg_demo/share/custom_msg_demo/local_setup.sh
[1.129s] -- Up-to-date: /home/robotics/colcon_ws/install/custom_msg_demo/share/custom_msg_demo/local_setup.zsh
[1.129s] -- Up-to-date: /home/robotics/colcon_ws/install/custom_msg_demo/share/custom_msg_demo/local_setup.dsv
[1.130s] -- Installing: /home/robotics/colcon_ws/install/custom_msg_demo/share/custom_msg_demo/package.dsv
[1.130s] -- Up-to-date: /home/robotics/colcon_ws/install/custom_msg_demo/share/ament_index/resource_index/packages/custom_msg_demo
[1.130s] -- Up-to-date: /home/robotics/colcon_ws/install/custom_msg_demo/share/custom_msg_demo/cmake/export_custom_msg_demo__rosidl_generator_cExport.cmake
[1.133s] -- Up-to-date: /home/robotics/colcon_ws/install/custom_msg_demo/share/custom_msg_demo/cmake/export_custom_msg_demo__rosidl_generator_cExport-noconfig.cmake
[1.133s] -- Up-to-date: /home/robotics/colcon_ws/install/custom_msg_demo/share/custom_msg_demo/cmake/export_custom_msg_demo__rosidl_typesupport_fastrtps_cExport.cmake
[1.133s] -- Up-to-date: /home/robotics/colcon_ws/install/custom_msg_demo/share/custom_msg_demo/cmake/export_custom_msg_demo__rosidl_typesupport_fastrtps_cExport-noconfig.cmake
[1.134s] -- Up-to-date: /home/robotics/colcon_ws/install/custom_msg_demo/share/custom_msg_demo/cmake/export_custom_msg_demo__rosidl_generator_cppExport.cmake
[1.134s] -- Up-to-date: /home/robotics/colcon_ws/install/custom_msg_demo/share/custom_msg_demo/cmake/export_custom_msg_demo__rosidl_typesupport_fastrtps_cppExport.cmake
[1.134s] -- Up-to-date: /home/robotics/colcon_ws/install/custom_msg_demo/share/custom_msg_demo/cmake/export_custom_msg_demo__rosidl_typesupport_fastrtps_cppExport-noconfig.cmake
[1.134s] -- Up-to-date: /home/robotics/colcon_ws/install/custom_msg_demo/share/custom_msg_demo/cmake/custom_msg_demo__rosidl_typesupport_introspection_cExport.cmake
[1.135s] -- Up-to-date: /home/robotics/colcon_ws/install/custom_msg_demo/share/custom_msg_demo/cmake/custom_msg_demo__rosidl_typesupport_introspection_cExport-noconfig.cmake
[1.135s] -- Up-to-date: /home/robotics/colcon_ws/install/custom_msg_demo/share/custom_msg_demo/cmake/custom_msg_demo__rosidl_typesupport_cExport.cmake
[1.135s] -- Up-to-date: /home/robotics/colcon_ws/install/custom_msg_demo/share/custom_msg_demo/cmake/custom_msg_demo__rosidl_typesupport_cExport-noconfig.cmake
[1.137s] -- Up-to-date: /home/robotics/colcon_ws/install/custom_msg_demo/share/custom_msg_demo/cmake/custom_msg_demo__rosidl_typesupport_introspection_cppExport.cmake
[1.137s] -- Up-to-date: /home/robotics/colcon_ws/install/custom_msg_demo/share/custom_msg_demo/cmake/custom_msg_demo__rosidl_typesupport_introspection_cppExport-noconfig.cmake
[1.138s] -- Up-to-date: /home/robotics/colcon_ws/install/custom_msg_demo/share/custom_msg_demo/cmake/custom_msg_demo__rosidl_typesupport_cppExport.cmake
[1.138s] -- Up-to-date: /home/robotics/colcon_ws/install/custom_msg_demo/share/custom_msg_demo/cmake/custom_msg_demo__rosidl_typesupport_cppExport-noconfig.cmake
[1.138s] -- Up-to-date: /home/robotics/colcon_ws/install/custom_msg_demo/share/custom_msg_demo/cmake/export_custom_msg_demo__rosidl_generator_pyExport.cmake
[1.138s] -- Up-to-date: /home/robotics/colcon_ws/install/custom_msg_demo/share/custom_msg_demo/cmake/export_custom_msg_demo__rosidl_generator_pyExport-noconfig.cmake
[1.138s] -- Up-to-date: /home/robotics/colcon_ws/install/custom_msg_demo/share/custom_msg_demo/cmake/rosidl_cmake-extras.cmake
[1.138s] -- Up-to-date: /home/robotics/colcon_ws/install/custom_msg_demo/share/custom_msg_demo/cmake/ament_cmake_export_include_directories-extras.cmake
[1.138s] -- Up-to-date: /home/robotics/colcon_ws/install/custom_msg_demo/share/custom_msg_demo/cmake/ament_cmake_export_libraries-extras.cmake
[1.139s] -- Up-to-date: /home/robotics/colcon_ws/install/custom_msg_demo/share/custom_msg_demo/cmake/ament_cmake_export_targets-extras.cmake
[1.139s] -- Up-to-date: /home/robotics/colcon_ws/install/custom_msg_demo/share/custom_msg_demo/cmake/rosidl_cmake_export_typesupport_targets-extras.cmake
[1.140s] -- Up-to-date: /home/robotics/colcon_ws/install/custom_msg_demo/share/custom_msg_demo/cmake/ament_cmake_export_dependencies-extras.cmake
[1.140s] -- Up-to-date: /home/robotics/colcon_ws/install/custom_msg_demo/share/custom_msg_demo/cmake/rosidl_cmake_export_typesupport_libraries-extras.cmake
[1.141s] -- Up-to-date: /home/robotics/colcon_ws/install/custom_msg_demo/share/custom_msg_demo/cmake/custom_msg_demoConfig.cmake
[1.141s] -- Up-to-date: /home/robotics/colcon_ws/install/custom_msg_demo/share/custom_msg_demo/cmake/custom_msg_demoConfig-version.cmake
[1.141s] -- Up-to-date: /home/robotics/colcon_ws/install/custom_msg_demo/share/custom_msg_demo/package.xml
[1.142s] Invoked command in '/home/robotics/colcon_ws/build/custom_msg_demo' returned '0': CMAKE_PREFIX_PATH=${CMAKE_PREFIX_PATH}:/opt/ros/humble /usr/bin/cmake --install /home/robotics/colcon_ws/build/custom_msg_demo
