[0.125s] DEBUG:colcon:Command line arguments: ['/usr/bin/colcon', 'build']
[0.125s] DEBUG:colcon:Parsed command line arguments: Namespace(log_base=None, log_level=None, verb_name='build', build_base='build', install_base='install', merge_install=False, symlink_install=False, test_result_base=None, continue_on_error=False, executor='parallel', parallel_workers=8, event_handlers=None, ignore_user_meta=False, metas=['./colcon.meta'], base_paths=['.'], packages_ignore=None, packages_ignore_regex=None, paths=None, packages_up_to=None, packages_up_to_regex=None, packages_above=None, packages_above_and_dependencies=None, packages_above_depth=None, packages_select_by_dep=None, packages_skip_by_dep=None, packages_skip_up_to=None, packages_select_build_failed=False, packages_skip_build_finished=False, packages_select_test_failures=False, packages_skip_test_passed=False, packages_select=None, packages_skip=None, packages_select_regex=None, packages_skip_regex=None, packages_start=None, packages_end=None, cmake_args=None, cmake_target=None, cmake_target_skip_unavailable=False, cmake_clean_cache=False, cmake_clean_first=False, cmake_force_configure=False, ament_cmake_args=None, catkin_cmake_args=None, catkin_skip_building_tests=False, mixin_files=None, mixin=None, verb_parser=<colcon_mixin.mixin.mixin_argument.MixinArgumentDecorator object at 0x791dfb4b8c70>, verb_extension=<colcon_core.verb.build.BuildVerb object at 0x791dfb4b8640>, main=<bound method BuildVerb.main of <colcon_core.verb.build.BuildVerb object at 0x791dfb4b8640>>, mixin_verb=('build',))
[0.469s] Level 1:colcon.colcon_core.package_discovery:discover_packages(colcon_meta) check parameters
[0.469s] Level 1:colcon.colcon_core.package_discovery:discover_packages(recursive) check parameters
[0.469s] Level 1:colcon.colcon_core.package_discovery:discover_packages(ignore) check parameters
[0.470s] Level 1:colcon.colcon_core.package_discovery:discover_packages(path) check parameters
[0.470s] Level 1:colcon.colcon_core.package_discovery:discover_packages(colcon_meta) discover
[0.470s] Level 1:colcon.colcon_core.package_discovery:discover_packages(recursive) discover
[0.470s] INFO:colcon.colcon_core.package_discovery:Crawling recursively for packages in '/home/robotics/colcon_ws'
[0.470s] Level 1:colcon.colcon_core.package_identification:_identify(.) by extensions ['ignore', 'ignore_ament_install']
[0.471s] Level 1:colcon.colcon_core.package_identification:_identify(.) by extension 'ignore'
[0.471s] Level 1:colcon.colcon_core.package_identification:_identify(.) by extension 'ignore_ament_install'
[0.471s] Level 1:colcon.colcon_core.package_identification:_identify(.) by extensions ['colcon_pkg']
[0.471s] Level 1:colcon.colcon_core.package_identification:_identify(.) by extension 'colcon_pkg'
[0.471s] Level 1:colcon.colcon_core.package_identification:_identify(.) by extensions ['colcon_meta']
[0.471s] Level 1:colcon.colcon_core.package_identification:_identify(.) by extension 'colcon_meta'
[0.471s] Level 1:colcon.colcon_core.package_identification:_identify(.) by extensions ['ros']
[0.471s] Level 1:colcon.colcon_core.package_identification:_identify(.) by extension 'ros'
[0.491s] Level 1:colcon.colcon_core.package_identification:_identify(.) by extensions ['cmake', 'python']
[0.491s] Level 1:colcon.colcon_core.package_identification:_identify(.) by extension 'cmake'
[0.491s] Level 1:colcon.colcon_core.package_identification:_identify(.) by extension 'python'
[0.491s] Level 1:colcon.colcon_core.package_identification:_identify(.) by extensions ['python_setup_py']
[0.491s] Level 1:colcon.colcon_core.package_identification:_identify(.) by extension 'python_setup_py'
[0.491s] Level 1:colcon.colcon_core.package_identification:_identify(build) by extensions ['ignore', 'ignore_ament_install']
[0.491s] Level 1:colcon.colcon_core.package_identification:_identify(build) by extension 'ignore'
[0.492s] Level 1:colcon.colcon_core.package_identification:_identify(build) ignored
[0.492s] Level 1:colcon.colcon_core.package_identification:_identify(install) by extensions ['ignore', 'ignore_ament_install']
[0.492s] Level 1:colcon.colcon_core.package_identification:_identify(install) by extension 'ignore'
[0.492s] Level 1:colcon.colcon_core.package_identification:_identify(install) ignored
[0.492s] Level 1:colcon.colcon_core.package_identification:_identify(log) by extensions ['ignore', 'ignore_ament_install']
[0.492s] Level 1:colcon.colcon_core.package_identification:_identify(log) by extension 'ignore'
[0.492s] Level 1:colcon.colcon_core.package_identification:_identify(log) ignored
[0.492s] Level 1:colcon.colcon_core.package_identification:_identify(src) by extensions ['ignore', 'ignore_ament_install']
[0.492s] Level 1:colcon.colcon_core.package_identification:_identify(src) by extension 'ignore'
[0.492s] Level 1:colcon.colcon_core.package_identification:_identify(src) by extension 'ignore_ament_install'
[0.492s] Level 1:colcon.colcon_core.package_identification:_identify(src) by extensions ['colcon_pkg']
[0.492s] Level 1:colcon.colcon_core.package_identification:_identify(src) by extension 'colcon_pkg'
[0.492s] Level 1:colcon.colcon_core.package_identification:_identify(src) by extensions ['colcon_meta']
[0.492s] Level 1:colcon.colcon_core.package_identification:_identify(src) by extension 'colcon_meta'
[0.492s] Level 1:colcon.colcon_core.package_identification:_identify(src) by extensions ['ros']
[0.492s] Level 1:colcon.colcon_core.package_identification:_identify(src) by extension 'ros'
[0.493s] Level 1:colcon.colcon_core.package_identification:_identify(src) by extensions ['cmake', 'python']
[0.493s] Level 1:colcon.colcon_core.package_identification:_identify(src) by extension 'cmake'
[0.493s] Level 1:colcon.colcon_core.package_identification:_identify(src) by extension 'python'
[0.493s] Level 1:colcon.colcon_core.package_identification:_identify(src) by extensions ['python_setup_py']
[0.493s] Level 1:colcon.colcon_core.package_identification:_identify(src) by extension 'python_setup_py'
[0.493s] Level 1:colcon.colcon_core.package_identification:_identify(src/cpp_parameter_showcase) by extensions ['ignore', 'ignore_ament_install']
[0.493s] Level 1:colcon.colcon_core.package_identification:_identify(src/cpp_parameter_showcase) by extension 'ignore'
[0.493s] Level 1:colcon.colcon_core.package_identification:_identify(src/cpp_parameter_showcase) by extension 'ignore_ament_install'
[0.493s] Level 1:colcon.colcon_core.package_identification:_identify(src/cpp_parameter_showcase) by extensions ['colcon_pkg']
[0.493s] Level 1:colcon.colcon_core.package_identification:_identify(src/cpp_parameter_showcase) by extension 'colcon_pkg'
[0.493s] Level 1:colcon.colcon_core.package_identification:_identify(src/cpp_parameter_showcase) by extensions ['colcon_meta']
[0.493s] Level 1:colcon.colcon_core.package_identification:_identify(src/cpp_parameter_showcase) by extension 'colcon_meta'
[0.493s] Level 1:colcon.colcon_core.package_identification:_identify(src/cpp_parameter_showcase) by extensions ['ros']
[0.493s] Level 1:colcon.colcon_core.package_identification:_identify(src/cpp_parameter_showcase) by extension 'ros'
[0.496s] DEBUG:colcon.colcon_core.package_identification:Package 'src/cpp_parameter_showcase' with type 'ros.ament_cmake' and name 'cpp_parameter_showcase'
[0.496s] Level 1:colcon.colcon_core.package_identification:_identify(src/cpp_pubsub) by extensions ['ignore', 'ignore_ament_install']
[0.496s] Level 1:colcon.colcon_core.package_identification:_identify(src/cpp_pubsub) by extension 'ignore'
[0.496s] Level 1:colcon.colcon_core.package_identification:_identify(src/cpp_pubsub) by extension 'ignore_ament_install'
[0.496s] Level 1:colcon.colcon_core.package_identification:_identify(src/cpp_pubsub) by extensions ['colcon_pkg']
[0.496s] Level 1:colcon.colcon_core.package_identification:_identify(src/cpp_pubsub) by extension 'colcon_pkg'
[0.496s] Level 1:colcon.colcon_core.package_identification:_identify(src/cpp_pubsub) by extensions ['colcon_meta']
[0.496s] Level 1:colcon.colcon_core.package_identification:_identify(src/cpp_pubsub) by extension 'colcon_meta'
[0.496s] Level 1:colcon.colcon_core.package_identification:_identify(src/cpp_pubsub) by extensions ['ros']
[0.496s] Level 1:colcon.colcon_core.package_identification:_identify(src/cpp_pubsub) by extension 'ros'
[0.497s] DEBUG:colcon.colcon_core.package_identification:Package 'src/cpp_pubsub' with type 'ros.ament_cmake' and name 'cpp_pubsub'
[0.497s] Level 1:colcon.colcon_core.package_identification:_identify(src/cpp_subpub) by extensions ['ignore', 'ignore_ament_install']
[0.497s] Level 1:colcon.colcon_core.package_identification:_identify(src/cpp_subpub) by extension 'ignore'
[0.497s] Level 1:colcon.colcon_core.package_identification:_identify(src/cpp_subpub) by extension 'ignore_ament_install'
[0.497s] Level 1:colcon.colcon_core.package_identification:_identify(src/cpp_subpub) by extensions ['colcon_pkg']
[0.497s] Level 1:colcon.colcon_core.package_identification:_identify(src/cpp_subpub) by extension 'colcon_pkg'
[0.497s] Level 1:colcon.colcon_core.package_identification:_identify(src/cpp_subpub) by extensions ['colcon_meta']
[0.497s] Level 1:colcon.colcon_core.package_identification:_identify(src/cpp_subpub) by extension 'colcon_meta'
[0.498s] Level 1:colcon.colcon_core.package_identification:_identify(src/cpp_subpub) by extensions ['ros']
[0.498s] Level 1:colcon.colcon_core.package_identification:_identify(src/cpp_subpub) by extension 'ros'
[0.498s] DEBUG:colcon.colcon_core.package_identification:Package 'src/cpp_subpub' with type 'ros.ament_cmake' and name 'cpp_subpub'
[0.498s] Level 1:colcon.colcon_core.package_identification:_identify(src/cpp_tf_showcase) by extensions ['ignore', 'ignore_ament_install']
[0.498s] Level 1:colcon.colcon_core.package_identification:_identify(src/cpp_tf_showcase) by extension 'ignore'
[0.498s] Level 1:colcon.colcon_core.package_identification:_identify(src/cpp_tf_showcase) by extension 'ignore_ament_install'
[0.498s] Level 1:colcon.colcon_core.package_identification:_identify(src/cpp_tf_showcase) by extensions ['colcon_pkg']
[0.499s] Level 1:colcon.colcon_core.package_identification:_identify(src/cpp_tf_showcase) by extension 'colcon_pkg'
[0.499s] Level 1:colcon.colcon_core.package_identification:_identify(src/cpp_tf_showcase) by extensions ['colcon_meta']
[0.499s] Level 1:colcon.colcon_core.package_identification:_identify(src/cpp_tf_showcase) by extension 'colcon_meta'
[0.499s] Level 1:colcon.colcon_core.package_identification:_identify(src/cpp_tf_showcase) by extensions ['ros']
[0.499s] Level 1:colcon.colcon_core.package_identification:_identify(src/cpp_tf_showcase) by extension 'ros'
[0.500s] DEBUG:colcon.colcon_core.package_identification:Package 'src/cpp_tf_showcase' with type 'ros.ament_cmake' and name 'cpp_tf_showcase'
[0.500s] Level 1:colcon.colcon_core.package_identification:_identify(src/cpp_timer_showcase) by extensions ['ignore', 'ignore_ament_install']
[0.500s] Level 1:colcon.colcon_core.package_identification:_identify(src/cpp_timer_showcase) by extension 'ignore'
[0.500s] Level 1:colcon.colcon_core.package_identification:_identify(src/cpp_timer_showcase) by extension 'ignore_ament_install'
[0.500s] Level 1:colcon.colcon_core.package_identification:_identify(src/cpp_timer_showcase) by extensions ['colcon_pkg']
[0.500s] Level 1:colcon.colcon_core.package_identification:_identify(src/cpp_timer_showcase) by extension 'colcon_pkg'
[0.500s] Level 1:colcon.colcon_core.package_identification:_identify(src/cpp_timer_showcase) by extensions ['colcon_meta']
[0.500s] Level 1:colcon.colcon_core.package_identification:_identify(src/cpp_timer_showcase) by extension 'colcon_meta'
[0.500s] Level 1:colcon.colcon_core.package_identification:_identify(src/cpp_timer_showcase) by extensions ['ros']
[0.500s] Level 1:colcon.colcon_core.package_identification:_identify(src/cpp_timer_showcase) by extension 'ros'
[0.501s] DEBUG:colcon.colcon_core.package_identification:Package 'src/cpp_timer_showcase' with type 'ros.ament_cmake' and name 'cpp_timer_showcase'
[0.501s] Level 1:colcon.colcon_core.package_identification:_identify(src/custom_msg_demo) by extensions ['ignore', 'ignore_ament_install']
[0.501s] Level 1:colcon.colcon_core.package_identification:_identify(src/custom_msg_demo) by extension 'ignore'
[0.501s] Level 1:colcon.colcon_core.package_identification:_identify(src/custom_msg_demo) by extension 'ignore_ament_install'
[0.501s] Level 1:colcon.colcon_core.package_identification:_identify(src/custom_msg_demo) by extensions ['colcon_pkg']
[0.501s] Level 1:colcon.colcon_core.package_identification:_identify(src/custom_msg_demo) by extension 'colcon_pkg'
[0.501s] Level 1:colcon.colcon_core.package_identification:_identify(src/custom_msg_demo) by extensions ['colcon_meta']
[0.501s] Level 1:colcon.colcon_core.package_identification:_identify(src/custom_msg_demo) by extension 'colcon_meta'
[0.501s] Level 1:colcon.colcon_core.package_identification:_identify(src/custom_msg_demo) by extensions ['ros']
[0.501s] Level 1:colcon.colcon_core.package_identification:_identify(src/custom_msg_demo) by extension 'ros'
[0.502s] DEBUG:colcon.colcon_core.package_identification:Package 'src/custom_msg_demo' with type 'ros.ament_cmake' and name 'custom_msg_demo'
[0.502s] Level 1:colcon.colcon_core.package_identification:_identify(src/custom_srv_demo) by extensions ['ignore', 'ignore_ament_install']
[0.502s] Level 1:colcon.colcon_core.package_identification:_identify(src/custom_srv_demo) by extension 'ignore'
[0.502s] Level 1:colcon.colcon_core.package_identification:_identify(src/custom_srv_demo) by extension 'ignore_ament_install'
[0.502s] Level 1:colcon.colcon_core.package_identification:_identify(src/custom_srv_demo) by extensions ['colcon_pkg']
[0.502s] Level 1:colcon.colcon_core.package_identification:_identify(src/custom_srv_demo) by extension 'colcon_pkg'
[0.502s] Level 1:colcon.colcon_core.package_identification:_identify(src/custom_srv_demo) by extensions ['colcon_meta']
[0.502s] Level 1:colcon.colcon_core.package_identification:_identify(src/custom_srv_demo) by extension 'colcon_meta'
[0.502s] Level 1:colcon.colcon_core.package_identification:_identify(src/custom_srv_demo) by extensions ['ros']
[0.502s] Level 1:colcon.colcon_core.package_identification:_identify(src/custom_srv_demo) by extension 'ros'
[0.503s] DEBUG:colcon.colcon_core.package_identification:Package 'src/custom_srv_demo' with type 'ros.ament_cmake' and name 'custom_srv_demo'
[0.503s] Level 1:colcon.colcon_core.package_discovery:discover_packages(recursive) using defaults
[0.503s] Level 1:colcon.colcon_core.package_discovery:discover_packages(ignore) discover
[0.503s] Level 1:colcon.colcon_core.package_discovery:discover_packages(ignore) using defaults
[0.503s] Level 1:colcon.colcon_core.package_discovery:discover_packages(path) discover
[0.503s] Level 1:colcon.colcon_core.package_discovery:discover_packages(path) using defaults
[0.559s] Level 5:colcon.colcon_core.verb:set package 'cpp_parameter_showcase' build argument 'cmake_args' from command line to 'None'
[0.559s] Level 5:colcon.colcon_core.verb:set package 'cpp_parameter_showcase' build argument 'cmake_target' from command line to 'None'
[0.559s] Level 5:colcon.colcon_core.verb:set package 'cpp_parameter_showcase' build argument 'cmake_target_skip_unavailable' from command line to 'False'
[0.559s] Level 5:colcon.colcon_core.verb:set package 'cpp_parameter_showcase' build argument 'cmake_clean_cache' from command line to 'False'
[0.559s] Level 5:colcon.colcon_core.verb:set package 'cpp_parameter_showcase' build argument 'cmake_clean_first' from command line to 'False'
[0.559s] Level 5:colcon.colcon_core.verb:set package 'cpp_parameter_showcase' build argument 'cmake_force_configure' from command line to 'False'
[0.559s] Level 5:colcon.colcon_core.verb:set package 'cpp_parameter_showcase' build argument 'ament_cmake_args' from command line to 'None'
[0.559s] Level 5:colcon.colcon_core.verb:set package 'cpp_parameter_showcase' build argument 'catkin_cmake_args' from command line to 'None'
[0.559s] Level 5:colcon.colcon_core.verb:set package 'cpp_parameter_showcase' build argument 'catkin_skip_building_tests' from command line to 'False'
[0.559s] DEBUG:colcon.colcon_core.verb:Building package 'cpp_parameter_showcase' with the following arguments: {'ament_cmake_args': None, 'build_base': '/home/robotics/colcon_ws/build/cpp_parameter_showcase', 'catkin_cmake_args': None, 'catkin_skip_building_tests': False, 'cmake_args': None, 'cmake_clean_cache': False, 'cmake_clean_first': False, 'cmake_force_configure': False, 'cmake_target': None, 'cmake_target_skip_unavailable': False, 'install_base': '/home/robotics/colcon_ws/install/cpp_parameter_showcase', 'merge_install': False, 'path': '/home/robotics/colcon_ws/src/cpp_parameter_showcase', 'symlink_install': False, 'test_result_base': None}
[0.560s] Level 5:colcon.colcon_core.verb:set package 'cpp_pubsub' build argument 'cmake_args' from command line to 'None'
[0.560s] Level 5:colcon.colcon_core.verb:set package 'cpp_pubsub' build argument 'cmake_target' from command line to 'None'
[0.560s] Level 5:colcon.colcon_core.verb:set package 'cpp_pubsub' build argument 'cmake_target_skip_unavailable' from command line to 'False'
[0.560s] Level 5:colcon.colcon_core.verb:set package 'cpp_pubsub' build argument 'cmake_clean_cache' from command line to 'False'
[0.560s] Level 5:colcon.colcon_core.verb:set package 'cpp_pubsub' build argument 'cmake_clean_first' from command line to 'False'
[0.560s] Level 5:colcon.colcon_core.verb:set package 'cpp_pubsub' build argument 'cmake_force_configure' from command line to 'False'
[0.560s] Level 5:colcon.colcon_core.verb:set package 'cpp_pubsub' build argument 'ament_cmake_args' from command line to 'None'
[0.560s] Level 5:colcon.colcon_core.verb:set package 'cpp_pubsub' build argument 'catkin_cmake_args' from command line to 'None'
[0.560s] Level 5:colcon.colcon_core.verb:set package 'cpp_pubsub' build argument 'catkin_skip_building_tests' from command line to 'False'
[0.560s] DEBUG:colcon.colcon_core.verb:Building package 'cpp_pubsub' with the following arguments: {'ament_cmake_args': None, 'build_base': '/home/robotics/colcon_ws/build/cpp_pubsub', 'catkin_cmake_args': None, 'catkin_skip_building_tests': False, 'cmake_args': None, 'cmake_clean_cache': False, 'cmake_clean_first': False, 'cmake_force_configure': False, 'cmake_target': None, 'cmake_target_skip_unavailable': False, 'install_base': '/home/robotics/colcon_ws/install/cpp_pubsub', 'merge_install': False, 'path': '/home/robotics/colcon_ws/src/cpp_pubsub', 'symlink_install': False, 'test_result_base': None}
[0.561s] Level 5:colcon.colcon_core.verb:set package 'cpp_subpub' build argument 'cmake_args' from command line to 'None'
[0.561s] Level 5:colcon.colcon_core.verb:set package 'cpp_subpub' build argument 'cmake_target' from command line to 'None'
[0.561s] Level 5:colcon.colcon_core.verb:set package 'cpp_subpub' build argument 'cmake_target_skip_unavailable' from command line to 'False'
[0.561s] Level 5:colcon.colcon_core.verb:set package 'cpp_subpub' build argument 'cmake_clean_cache' from command line to 'False'
[0.561s] Level 5:colcon.colcon_core.verb:set package 'cpp_subpub' build argument 'cmake_clean_first' from command line to 'False'
[0.561s] Level 5:colcon.colcon_core.verb:set package 'cpp_subpub' build argument 'cmake_force_configure' from command line to 'False'
[0.561s] Level 5:colcon.colcon_core.verb:set package 'cpp_subpub' build argument 'ament_cmake_args' from command line to 'None'
[0.561s] Level 5:colcon.colcon_core.verb:set package 'cpp_subpub' build argument 'catkin_cmake_args' from command line to 'None'
[0.561s] Level 5:colcon.colcon_core.verb:set package 'cpp_subpub' build argument 'catkin_skip_building_tests' from command line to 'False'
[0.561s] DEBUG:colcon.colcon_core.verb:Building package 'cpp_subpub' with the following arguments: {'ament_cmake_args': None, 'build_base': '/home/robotics/colcon_ws/build/cpp_subpub', 'catkin_cmake_args': None, 'catkin_skip_building_tests': False, 'cmake_args': None, 'cmake_clean_cache': False, 'cmake_clean_first': False, 'cmake_force_configure': False, 'cmake_target': None, 'cmake_target_skip_unavailable': False, 'install_base': '/home/robotics/colcon_ws/install/cpp_subpub', 'merge_install': False, 'path': '/home/robotics/colcon_ws/src/cpp_subpub', 'symlink_install': False, 'test_result_base': None}
[0.561s] Level 5:colcon.colcon_core.verb:set package 'cpp_tf_showcase' build argument 'cmake_args' from command line to 'None'
[0.561s] Level 5:colcon.colcon_core.verb:set package 'cpp_tf_showcase' build argument 'cmake_target' from command line to 'None'
[0.561s] Level 5:colcon.colcon_core.verb:set package 'cpp_tf_showcase' build argument 'cmake_target_skip_unavailable' from command line to 'False'
[0.561s] Level 5:colcon.colcon_core.verb:set package 'cpp_tf_showcase' build argument 'cmake_clean_cache' from command line to 'False'
[0.561s] Level 5:colcon.colcon_core.verb:set package 'cpp_tf_showcase' build argument 'cmake_clean_first' from command line to 'False'
[0.561s] Level 5:colcon.colcon_core.verb:set package 'cpp_tf_showcase' build argument 'cmake_force_configure' from command line to 'False'
[0.561s] Level 5:colcon.colcon_core.verb:set package 'cpp_tf_showcase' build argument 'ament_cmake_args' from command line to 'None'
[0.561s] Level 5:colcon.colcon_core.verb:set package 'cpp_tf_showcase' build argument 'catkin_cmake_args' from command line to 'None'
[0.561s] Level 5:colcon.colcon_core.verb:set package 'cpp_tf_showcase' build argument 'catkin_skip_building_tests' from command line to 'False'
[0.561s] DEBUG:colcon.colcon_core.verb:Building package 'cpp_tf_showcase' with the following arguments: {'ament_cmake_args': None, 'build_base': '/home/robotics/colcon_ws/build/cpp_tf_showcase', 'catkin_cmake_args': None, 'catkin_skip_building_tests': False, 'cmake_args': None, 'cmake_clean_cache': False, 'cmake_clean_first': False, 'cmake_force_configure': False, 'cmake_target': None, 'cmake_target_skip_unavailable': False, 'install_base': '/home/robotics/colcon_ws/install/cpp_tf_showcase', 'merge_install': False, 'path': '/home/robotics/colcon_ws/src/cpp_tf_showcase', 'symlink_install': False, 'test_result_base': None}
[0.562s] Level 5:colcon.colcon_core.verb:set package 'cpp_timer_showcase' build argument 'cmake_args' from command line to 'None'
[0.562s] Level 5:colcon.colcon_core.verb:set package 'cpp_timer_showcase' build argument 'cmake_target' from command line to 'None'
[0.562s] Level 5:colcon.colcon_core.verb:set package 'cpp_timer_showcase' build argument 'cmake_target_skip_unavailable' from command line to 'False'
[0.562s] Level 5:colcon.colcon_core.verb:set package 'cpp_timer_showcase' build argument 'cmake_clean_cache' from command line to 'False'
[0.562s] Level 5:colcon.colcon_core.verb:set package 'cpp_timer_showcase' build argument 'cmake_clean_first' from command line to 'False'
[0.562s] Level 5:colcon.colcon_core.verb:set package 'cpp_timer_showcase' build argument 'cmake_force_configure' from command line to 'False'
[0.562s] Level 5:colcon.colcon_core.verb:set package 'cpp_timer_showcase' build argument 'ament_cmake_args' from command line to 'None'
[0.562s] Level 5:colcon.colcon_core.verb:set package 'cpp_timer_showcase' build argument 'catkin_cmake_args' from command line to 'None'
[0.562s] Level 5:colcon.colcon_core.verb:set package 'cpp_timer_showcase' build argument 'catkin_skip_building_tests' from command line to 'False'
[0.562s] DEBUG:colcon.colcon_core.verb:Building package 'cpp_timer_showcase' with the following arguments: {'ament_cmake_args': None, 'build_base': '/home/robotics/colcon_ws/build/cpp_timer_showcase', 'catkin_cmake_args': None, 'catkin_skip_building_tests': False, 'cmake_args': None, 'cmake_clean_cache': False, 'cmake_clean_first': False, 'cmake_force_configure': False, 'cmake_target': None, 'cmake_target_skip_unavailable': False, 'install_base': '/home/robotics/colcon_ws/install/cpp_timer_showcase', 'merge_install': False, 'path': '/home/robotics/colcon_ws/src/cpp_timer_showcase', 'symlink_install': False, 'test_result_base': None}
[0.562s] Level 5:colcon.colcon_core.verb:set package 'custom_msg_demo' build argument 'cmake_args' from command line to 'None'
[0.562s] Level 5:colcon.colcon_core.verb:set package 'custom_msg_demo' build argument 'cmake_target' from command line to 'None'
[0.562s] Level 5:colcon.colcon_core.verb:set package 'custom_msg_demo' build argument 'cmake_target_skip_unavailable' from command line to 'False'
[0.563s] Level 5:colcon.colcon_core.verb:set package 'custom_msg_demo' build argument 'cmake_clean_cache' from command line to 'False'
[0.563s] Level 5:colcon.colcon_core.verb:set package 'custom_msg_demo' build argument 'cmake_clean_first' from command line to 'False'
[0.563s] Level 5:colcon.colcon_core.verb:set package 'custom_msg_demo' build argument 'cmake_force_configure' from command line to 'False'
[0.563s] Level 5:colcon.colcon_core.verb:set package 'custom_msg_demo' build argument 'ament_cmake_args' from command line to 'None'
[0.563s] Level 5:colcon.colcon_core.verb:set package 'custom_msg_demo' build argument 'catkin_cmake_args' from command line to 'None'
[0.563s] Level 5:colcon.colcon_core.verb:set package 'custom_msg_demo' build argument 'catkin_skip_building_tests' from command line to 'False'
[0.563s] DEBUG:colcon.colcon_core.verb:Building package 'custom_msg_demo' with the following arguments: {'ament_cmake_args': None, 'build_base': '/home/robotics/colcon_ws/build/custom_msg_demo', 'catkin_cmake_args': None, 'catkin_skip_building_tests': False, 'cmake_args': None, 'cmake_clean_cache': False, 'cmake_clean_first': False, 'cmake_force_configure': False, 'cmake_target': None, 'cmake_target_skip_unavailable': False, 'install_base': '/home/robotics/colcon_ws/install/custom_msg_demo', 'merge_install': False, 'path': '/home/robotics/colcon_ws/src/custom_msg_demo', 'symlink_install': False, 'test_result_base': None}
[0.563s] Level 5:colcon.colcon_core.verb:set package 'custom_srv_demo' build argument 'cmake_args' from command line to 'None'
[0.563s] Level 5:colcon.colcon_core.verb:set package 'custom_srv_demo' build argument 'cmake_target' from command line to 'None'
[0.563s] Level 5:colcon.colcon_core.verb:set package 'custom_srv_demo' build argument 'cmake_target_skip_unavailable' from command line to 'False'
[0.563s] Level 5:colcon.colcon_core.verb:set package 'custom_srv_demo' build argument 'cmake_clean_cache' from command line to 'False'
[0.563s] Level 5:colcon.colcon_core.verb:set package 'custom_srv_demo' build argument 'cmake_clean_first' from command line to 'False'
[0.563s] Level 5:colcon.colcon_core.verb:set package 'custom_srv_demo' build argument 'cmake_force_configure' from command line to 'False'
[0.563s] Level 5:colcon.colcon_core.verb:set package 'custom_srv_demo' build argument 'ament_cmake_args' from command line to 'None'
[0.563s] Level 5:colcon.colcon_core.verb:set package 'custom_srv_demo' build argument 'catkin_cmake_args' from command line to 'None'
[0.563s] Level 5:colcon.colcon_core.verb:set package 'custom_srv_demo' build argument 'catkin_skip_building_tests' from command line to 'False'
[0.563s] DEBUG:colcon.colcon_core.verb:Building package 'custom_srv_demo' with the following arguments: {'ament_cmake_args': None, 'build_base': '/home/robotics/colcon_ws/build/custom_srv_demo', 'catkin_cmake_args': None, 'catkin_skip_building_tests': False, 'cmake_args': None, 'cmake_clean_cache': False, 'cmake_clean_first': False, 'cmake_force_configure': False, 'cmake_target': None, 'cmake_target_skip_unavailable': False, 'install_base': '/home/robotics/colcon_ws/install/custom_srv_demo', 'merge_install': False, 'path': '/home/robotics/colcon_ws/src/custom_srv_demo', 'symlink_install': False, 'test_result_base': None}
[0.563s] INFO:colcon.colcon_core.executor:Executing jobs using 'parallel' executor
[0.565s] DEBUG:colcon.colcon_parallel_executor.executor.parallel:run_until_complete
[0.565s] INFO:colcon.colcon_ros.task.ament_cmake.build:Building ROS package in '/home/robotics/colcon_ws/src/cpp_parameter_showcase' with build type 'ament_cmake'
[0.565s] INFO:colcon.colcon_cmake.task.cmake.build:Building CMake package in '/home/robotics/colcon_ws/src/cpp_parameter_showcase'
[0.571s] INFO:colcon.colcon_core.plugin_system:Skipping extension 'colcon_core.shell.bat': Not used on non-Windows systems
[0.572s] INFO:colcon.colcon_core.shell:Skip shell extension 'powershell' for command environment: Not usable outside of PowerShell
[0.572s] DEBUG:colcon.colcon_core.shell:Skip shell extension 'dsv' for command environment
[0.578s] INFO:colcon.colcon_ros.task.ament_cmake.build:Building ROS package in '/home/robotics/colcon_ws/src/cpp_pubsub' with build type 'ament_cmake'
[0.579s] INFO:colcon.colcon_cmake.task.cmake.build:Building CMake package in '/home/robotics/colcon_ws/src/cpp_pubsub'
[0.579s] INFO:colcon.colcon_core.shell:Skip shell extension 'powershell' for command environment: Not usable outside of PowerShell
[0.579s] DEBUG:colcon.colcon_core.shell:Skip shell extension 'dsv' for command environment
[0.585s] INFO:colcon.colcon_ros.task.ament_cmake.build:Building ROS package in '/home/robotics/colcon_ws/src/cpp_subpub' with build type 'ament_cmake'
[0.586s] INFO:colcon.colcon_cmake.task.cmake.build:Building CMake package in '/home/robotics/colcon_ws/src/cpp_subpub'
[0.586s] INFO:colcon.colcon_core.shell:Skip shell extension 'powershell' for command environment: Not usable outside of PowerShell
[0.586s] DEBUG:colcon.colcon_core.shell:Skip shell extension 'dsv' for command environment
[0.594s] INFO:colcon.colcon_ros.task.ament_cmake.build:Building ROS package in '/home/robotics/colcon_ws/src/cpp_tf_showcase' with build type 'ament_cmake'
[0.594s] INFO:colcon.colcon_cmake.task.cmake.build:Building CMake package in '/home/robotics/colcon_ws/src/cpp_tf_showcase'
[0.595s] INFO:colcon.colcon_core.shell:Skip shell extension 'powershell' for command environment: Not usable outside of PowerShell
[0.595s] DEBUG:colcon.colcon_core.shell:Skip shell extension 'dsv' for command environment
[0.601s] INFO:colcon.colcon_ros.task.ament_cmake.build:Building ROS package in '/home/robotics/colcon_ws/src/cpp_timer_showcase' with build type 'ament_cmake'
[0.601s] INFO:colcon.colcon_cmake.task.cmake.build:Building CMake package in '/home/robotics/colcon_ws/src/cpp_timer_showcase'
[0.601s] INFO:colcon.colcon_core.shell:Skip shell extension 'powershell' for command environment: Not usable outside of PowerShell
[0.601s] DEBUG:colcon.colcon_core.shell:Skip shell extension 'dsv' for command environment
[0.609s] INFO:colcon.colcon_ros.task.ament_cmake.build:Building ROS package in '/home/robotics/colcon_ws/src/custom_msg_demo' with build type 'ament_cmake'
[0.609s] INFO:colcon.colcon_cmake.task.cmake.build:Building CMake package in '/home/robotics/colcon_ws/src/custom_msg_demo'
[0.609s] INFO:colcon.colcon_core.shell:Skip shell extension 'powershell' for command environment: Not usable outside of PowerShell
[0.609s] DEBUG:colcon.colcon_core.shell:Skip shell extension 'dsv' for command environment
[0.616s] INFO:colcon.colcon_ros.task.ament_cmake.build:Building ROS package in '/home/robotics/colcon_ws/src/custom_srv_demo' with build type 'ament_cmake'
[0.616s] INFO:colcon.colcon_cmake.task.cmake.build:Building CMake package in '/home/robotics/colcon_ws/src/custom_srv_demo'
[0.617s] INFO:colcon.colcon_core.shell:Skip shell extension 'powershell' for command environment: Not usable outside of PowerShell
[0.617s] DEBUG:colcon.colcon_core.shell:Skip shell extension 'dsv' for command environment
[0.633s] DEBUG:colcon.colcon_core.event_handler.log_command:Invoking command in '/home/robotics/colcon_ws/build/cpp_parameter_showcase': CMAKE_PREFIX_PATH=/opt/ros/humble /usr/bin/cmake --build /home/robotics/colcon_ws/build/cpp_parameter_showcase -- -j8 -l8
[0.642s] DEBUG:colcon.colcon_core.event_handler.log_command:Invoking command in '/home/robotics/colcon_ws/build/cpp_pubsub': CMAKE_PREFIX_PATH=/opt/ros/humble /usr/bin/cmake --build /home/robotics/colcon_ws/build/cpp_pubsub -- -j8 -l8
[0.645s] DEBUG:colcon.colcon_core.event_handler.log_command:Invoking command in '/home/robotics/colcon_ws/build/cpp_subpub': CMAKE_PREFIX_PATH=/opt/ros/humble /usr/bin/cmake --build /home/robotics/colcon_ws/build/cpp_subpub -- -j8 -l8
[0.649s] DEBUG:colcon.colcon_core.event_handler.log_command:Invoking command in '/home/robotics/colcon_ws/build/cpp_tf_showcase': CMAKE_PREFIX_PATH=/opt/ros/humble /usr/bin/cmake --build /home/robotics/colcon_ws/build/cpp_tf_showcase -- -j8 -l8
[0.654s] DEBUG:colcon.colcon_core.event_handler.log_command:Invoking command in '/home/robotics/colcon_ws/build/cpp_timer_showcase': CMAKE_PREFIX_PATH=/opt/ros/humble /usr/bin/cmake --build /home/robotics/colcon_ws/build/cpp_timer_showcase -- -j8 -l8
[0.661s] DEBUG:colcon.colcon_core.event_handler.log_command:Invoking command in '/home/robotics/colcon_ws/build/custom_msg_demo': CMAKE_PREFIX_PATH=/opt/ros/humble /usr/bin/cmake --build /home/robotics/colcon_ws/build/custom_msg_demo -- -j8 -l8
[0.680s] DEBUG:colcon.colcon_core.event_handler.log_command:Invoking command in '/home/robotics/colcon_ws/build/custom_srv_demo': CMAKE_PREFIX_PATH=/opt/ros/humble /usr/bin/cmake --build /home/robotics/colcon_ws/build/custom_srv_demo -- -j8 -l8
[0.841s] DEBUG:colcon.colcon_core.event_handler.log_command:Invoked command in '/home/robotics/colcon_ws/build/cpp_pubsub' returned '0': CMAKE_PREFIX_PATH=/opt/ros/humble /usr/bin/cmake --build /home/robotics/colcon_ws/build/cpp_pubsub -- -j8 -l8
[0.889s] DEBUG:colcon.colcon_core.event_handler.log_command:Invoking command in '/home/robotics/colcon_ws/build/cpp_pubsub': CMAKE_PREFIX_PATH=/opt/ros/humble /usr/bin/cmake --install /home/robotics/colcon_ws/build/cpp_pubsub
[0.905s] DEBUG:colcon.colcon_core.event_handler.log_command:Invoked command in '/home/robotics/colcon_ws/build/cpp_parameter_showcase' returned '0': CMAKE_PREFIX_PATH=/opt/ros/humble /usr/bin/cmake --build /home/robotics/colcon_ws/build/cpp_parameter_showcase -- -j8 -l8
[0.905s] DEBUG:colcon.colcon_core.event_handler.log_command:Invoking command in '/home/robotics/colcon_ws/build/cpp_parameter_showcase': CMAKE_PREFIX_PATH=/opt/ros/humble /usr/bin/cmake --install /home/robotics/colcon_ws/build/cpp_parameter_showcase
[0.915s] DEBUG:colcon.colcon_core.event_handler.log_command:Invoked command in '/home/robotics/colcon_ws/build/cpp_tf_showcase' returned '0': CMAKE_PREFIX_PATH=/opt/ros/humble /usr/bin/cmake --build /home/robotics/colcon_ws/build/cpp_tf_showcase -- -j8 -l8
[0.935s] DEBUG:colcon.colcon_core.event_handler.log_command:Invoking command in '/home/robotics/colcon_ws/build/cpp_tf_showcase': CMAKE_PREFIX_PATH=/opt/ros/humble /usr/bin/cmake --install /home/robotics/colcon_ws/build/cpp_tf_showcase
[0.952s] DEBUG:colcon.colcon_core.event_handler.log_command:Invoked command in '/home/robotics/colcon_ws/build/cpp_subpub' returned '0': CMAKE_PREFIX_PATH=/opt/ros/humble /usr/bin/cmake --build /home/robotics/colcon_ws/build/cpp_subpub -- -j8 -l8
[0.957s] DEBUG:colcon.colcon_core.event_handler.log_command:Invoking command in '/home/robotics/colcon_ws/build/cpp_subpub': CMAKE_PREFIX_PATH=/opt/ros/humble /usr/bin/cmake --install /home/robotics/colcon_ws/build/cpp_subpub
[0.972s] Level 1:colcon.colcon_core.environment:create_environment_scripts_only(cpp_pubsub)
[0.978s] Level 1:colcon.colcon_core.environment:checking '/home/robotics/colcon_ws/install/cpp_pubsub' for CMake module files
[0.983s] Level 1:colcon.colcon_core.environment:checking '/home/robotics/colcon_ws/install/cpp_pubsub' for CMake config files
[0.984s] DEBUG:colcon.colcon_core.event_handler.log_command:Invoked command in '/home/robotics/colcon_ws/build/cpp_timer_showcase' returned '0': CMAKE_PREFIX_PATH=/opt/ros/humble /usr/bin/cmake --build /home/robotics/colcon_ws/build/cpp_timer_showcase -- -j8 -l8
[0.989s] DEBUG:colcon.colcon_core.event_handler.log_command:Invoking command in '/home/robotics/colcon_ws/build/cpp_timer_showcase': CMAKE_PREFIX_PATH=/opt/ros/humble /usr/bin/cmake --install /home/robotics/colcon_ws/build/cpp_timer_showcase
[0.990s] DEBUG:colcon.colcon_core.event_handler.log_command:Invoked command in '/home/robotics/colcon_ws/build/cpp_pubsub' returned '0': CMAKE_PREFIX_PATH=/opt/ros/humble /usr/bin/cmake --install /home/robotics/colcon_ws/build/cpp_pubsub
[0.991s] Level 1:colcon.colcon_core.shell:create_environment_hook('cpp_pubsub', 'cmake_prefix_path')
[0.991s] INFO:colcon.colcon_core.shell:Creating environment hook '/home/robotics/colcon_ws/install/cpp_pubsub/share/cpp_pubsub/hook/cmake_prefix_path.ps1'
[0.992s] INFO:colcon.colcon_core.shell:Creating environment descriptor '/home/robotics/colcon_ws/install/cpp_pubsub/share/cpp_pubsub/hook/cmake_prefix_path.dsv'
[0.993s] INFO:colcon.colcon_core.shell:Creating environment hook '/home/robotics/colcon_ws/install/cpp_pubsub/share/cpp_pubsub/hook/cmake_prefix_path.sh'
[0.995s] Level 1:colcon.colcon_core.environment:checking '/home/robotics/colcon_ws/install/cpp_pubsub/lib'
[0.995s] Level 1:colcon.colcon_core.environment:checking '/home/robotics/colcon_ws/install/cpp_pubsub/bin'
[0.995s] Level 1:colcon.colcon_core.environment:checking '/home/robotics/colcon_ws/install/cpp_pubsub/lib/pkgconfig/cpp_pubsub.pc'
[0.998s] Level 1:colcon.colcon_core.environment:checking '/home/robotics/colcon_ws/install/cpp_pubsub/lib/python3.10/site-packages'
[0.998s] Level 1:colcon.colcon_core.environment:checking '/home/robotics/colcon_ws/install/cpp_pubsub/bin'
[0.999s] INFO:colcon.colcon_core.shell:Creating package script '/home/robotics/colcon_ws/install/cpp_pubsub/share/cpp_pubsub/package.ps1'
[1.000s] INFO:colcon.colcon_core.shell:Creating package descriptor '/home/robotics/colcon_ws/install/cpp_pubsub/share/cpp_pubsub/package.dsv'
[1.002s] INFO:colcon.colcon_core.shell:Creating package script '/home/robotics/colcon_ws/install/cpp_pubsub/share/cpp_pubsub/package.sh'
[1.004s] INFO:colcon.colcon_core.shell:Creating package script '/home/robotics/colcon_ws/install/cpp_pubsub/share/cpp_pubsub/package.bash'
[1.005s] INFO:colcon.colcon_core.shell:Creating package script '/home/robotics/colcon_ws/install/cpp_pubsub/share/cpp_pubsub/package.zsh'
[1.007s] Level 1:colcon.colcon_core.environment:create_file_with_runtime_dependencies(/home/robotics/colcon_ws/install/cpp_pubsub/share/colcon-core/packages/cpp_pubsub)
[1.008s] Level 1:colcon.colcon_core.environment:create_environment_scripts_only(cpp_pubsub)
[1.008s] Level 1:colcon.colcon_core.environment:checking '/home/robotics/colcon_ws/install/cpp_pubsub' for CMake module files
[1.010s] Level 1:colcon.colcon_core.environment:checking '/home/robotics/colcon_ws/install/cpp_pubsub' for CMake config files
[1.010s] Level 1:colcon.colcon_core.shell:create_environment_hook('cpp_pubsub', 'cmake_prefix_path')
[1.011s] INFO:colcon.colcon_core.shell:Creating environment hook '/home/robotics/colcon_ws/install/cpp_pubsub/share/cpp_pubsub/hook/cmake_prefix_path.ps1'
[1.011s] INFO:colcon.colcon_core.shell:Creating environment descriptor '/home/robotics/colcon_ws/install/cpp_pubsub/share/cpp_pubsub/hook/cmake_prefix_path.dsv'
[1.012s] INFO:colcon.colcon_core.shell:Creating environment hook '/home/robotics/colcon_ws/install/cpp_pubsub/share/cpp_pubsub/hook/cmake_prefix_path.sh'
[1.013s] Level 1:colcon.colcon_core.environment:checking '/home/robotics/colcon_ws/install/cpp_pubsub/lib'
[1.013s] Level 1:colcon.colcon_core.environment:checking '/home/robotics/colcon_ws/install/cpp_pubsub/bin'
[1.013s] Level 1:colcon.colcon_core.environment:checking '/home/robotics/colcon_ws/install/cpp_pubsub/lib/pkgconfig/cpp_pubsub.pc'
[1.014s] Level 1:colcon.colcon_core.environment:checking '/home/robotics/colcon_ws/install/cpp_pubsub/lib/python3.10/site-packages'
[1.014s] Level 1:colcon.colcon_core.environment:checking '/home/robotics/colcon_ws/install/cpp_pubsub/bin'
[1.015s] INFO:colcon.colcon_core.shell:Creating package script '/home/robotics/colcon_ws/install/cpp_pubsub/share/cpp_pubsub/package.ps1'
[1.016s] INFO:colcon.colcon_core.shell:Creating package descriptor '/home/robotics/colcon_ws/install/cpp_pubsub/share/cpp_pubsub/package.dsv'
[1.017s] INFO:colcon.colcon_core.shell:Creating package script '/home/robotics/colcon_ws/install/cpp_pubsub/share/cpp_pubsub/package.sh'
[1.017s] INFO:colcon.colcon_core.shell:Creating package script '/home/robotics/colcon_ws/install/cpp_pubsub/share/cpp_pubsub/package.bash'
[1.018s] INFO:colcon.colcon_core.shell:Creating package script '/home/robotics/colcon_ws/install/cpp_pubsub/share/cpp_pubsub/package.zsh'
[1.019s] Level 1:colcon.colcon_core.environment:create_file_with_runtime_dependencies(/home/robotics/colcon_ws/install/cpp_pubsub/share/colcon-core/packages/cpp_pubsub)
[1.021s] Level 1:colcon.colcon_core.environment:create_environment_scripts_only(cpp_parameter_showcase)
[1.021s] Level 1:colcon.colcon_core.environment:checking '/home/robotics/colcon_ws/install/cpp_parameter_showcase' for CMake module files
[1.024s] Level 1:colcon.colcon_core.environment:checking '/home/robotics/colcon_ws/install/cpp_parameter_showcase' for CMake config files
[1.025s] DEBUG:colcon.colcon_core.event_handler.log_command:Invoked command in '/home/robotics/colcon_ws/build/cpp_parameter_showcase' returned '0': CMAKE_PREFIX_PATH=/opt/ros/humble /usr/bin/cmake --install /home/robotics/colcon_ws/build/cpp_parameter_showcase
[1.027s] Level 1:colcon.colcon_core.shell:create_environment_hook('cpp_parameter_showcase', 'cmake_prefix_path')
[1.027s] INFO:colcon.colcon_core.shell:Creating environment hook '/home/robotics/colcon_ws/install/cpp_parameter_showcase/share/cpp_parameter_showcase/hook/cmake_prefix_path.ps1'
[1.030s] INFO:colcon.colcon_core.shell:Creating environment descriptor '/home/robotics/colcon_ws/install/cpp_parameter_showcase/share/cpp_parameter_showcase/hook/cmake_prefix_path.dsv'
[1.030s] INFO:colcon.colcon_core.shell:Creating environment hook '/home/robotics/colcon_ws/install/cpp_parameter_showcase/share/cpp_parameter_showcase/hook/cmake_prefix_path.sh'
[1.031s] Level 1:colcon.colcon_core.environment:checking '/home/robotics/colcon_ws/install/cpp_parameter_showcase/lib'
[1.031s] Level 1:colcon.colcon_core.environment:checking '/home/robotics/colcon_ws/install/cpp_parameter_showcase/bin'
[1.031s] Level 1:colcon.colcon_core.environment:checking '/home/robotics/colcon_ws/install/cpp_parameter_showcase/lib/pkgconfig/cpp_parameter_showcase.pc'
[1.031s] Level 1:colcon.colcon_core.environment:checking '/home/robotics/colcon_ws/install/cpp_parameter_showcase/lib/python3.10/site-packages'
[1.032s] Level 1:colcon.colcon_core.environment:checking '/home/robotics/colcon_ws/install/cpp_parameter_showcase/bin'
[1.032s] INFO:colcon.colcon_core.shell:Creating package script '/home/robotics/colcon_ws/install/cpp_parameter_showcase/share/cpp_parameter_showcase/package.ps1'
[1.033s] INFO:colcon.colcon_core.shell:Creating package descriptor '/home/robotics/colcon_ws/install/cpp_parameter_showcase/share/cpp_parameter_showcase/package.dsv'
[1.034s] INFO:colcon.colcon_core.shell:Creating package script '/home/robotics/colcon_ws/install/cpp_parameter_showcase/share/cpp_parameter_showcase/package.sh'
[1.034s] INFO:colcon.colcon_core.shell:Creating package script '/home/robotics/colcon_ws/install/cpp_parameter_showcase/share/cpp_parameter_showcase/package.bash'
[1.035s] INFO:colcon.colcon_core.shell:Creating package script '/home/robotics/colcon_ws/install/cpp_parameter_showcase/share/cpp_parameter_showcase/package.zsh'
[1.035s] Level 1:colcon.colcon_core.environment:create_file_with_runtime_dependencies(/home/robotics/colcon_ws/install/cpp_parameter_showcase/share/colcon-core/packages/cpp_parameter_showcase)
[1.036s] Level 1:colcon.colcon_core.environment:create_environment_scripts_only(cpp_parameter_showcase)
[1.036s] Level 1:colcon.colcon_core.environment:checking '/home/robotics/colcon_ws/install/cpp_parameter_showcase' for CMake module files
[1.037s] Level 1:colcon.colcon_core.environment:checking '/home/robotics/colcon_ws/install/cpp_parameter_showcase' for CMake config files
[1.038s] Level 1:colcon.colcon_core.shell:create_environment_hook('cpp_parameter_showcase', 'cmake_prefix_path')
[1.038s] INFO:colcon.colcon_core.shell:Creating environment hook '/home/robotics/colcon_ws/install/cpp_parameter_showcase/share/cpp_parameter_showcase/hook/cmake_prefix_path.ps1'
[1.040s] INFO:colcon.colcon_core.shell:Creating environment descriptor '/home/robotics/colcon_ws/install/cpp_parameter_showcase/share/cpp_parameter_showcase/hook/cmake_prefix_path.dsv'
[1.040s] INFO:colcon.colcon_core.shell:Creating environment hook '/home/robotics/colcon_ws/install/cpp_parameter_showcase/share/cpp_parameter_showcase/hook/cmake_prefix_path.sh'
[1.041s] Level 1:colcon.colcon_core.environment:checking '/home/robotics/colcon_ws/install/cpp_parameter_showcase/lib'
[1.041s] Level 1:colcon.colcon_core.environment:checking '/home/robotics/colcon_ws/install/cpp_parameter_showcase/bin'
[1.041s] Level 1:colcon.colcon_core.environment:checking '/home/robotics/colcon_ws/install/cpp_parameter_showcase/lib/pkgconfig/cpp_parameter_showcase.pc'
[1.041s] Level 1:colcon.colcon_core.environment:checking '/home/robotics/colcon_ws/install/cpp_parameter_showcase/lib/python3.10/site-packages'
[1.042s] Level 1:colcon.colcon_core.environment:checking '/home/robotics/colcon_ws/install/cpp_parameter_showcase/bin'
[1.042s] INFO:colcon.colcon_core.shell:Creating package script '/home/robotics/colcon_ws/install/cpp_parameter_showcase/share/cpp_parameter_showcase/package.ps1'
[1.043s] INFO:colcon.colcon_core.shell:Creating package descriptor '/home/robotics/colcon_ws/install/cpp_parameter_showcase/share/cpp_parameter_showcase/package.dsv'
[1.044s] INFO:colcon.colcon_core.shell:Creating package script '/home/robotics/colcon_ws/install/cpp_parameter_showcase/share/cpp_parameter_showcase/package.sh'
[1.044s] INFO:colcon.colcon_core.shell:Creating package script '/home/robotics/colcon_ws/install/cpp_parameter_showcase/share/cpp_parameter_showcase/package.bash'
[1.045s] INFO:colcon.colcon_core.shell:Creating package script '/home/robotics/colcon_ws/install/cpp_parameter_showcase/share/cpp_parameter_showcase/package.zsh'
[1.046s] Level 1:colcon.colcon_core.environment:create_file_with_runtime_dependencies(/home/robotics/colcon_ws/install/cpp_parameter_showcase/share/colcon-core/packages/cpp_parameter_showcase)
[1.049s] Level 1:colcon.colcon_core.environment:create_environment_scripts_only(cpp_tf_showcase)
[1.050s] Level 1:colcon.colcon_core.environment:checking '/home/robotics/colcon_ws/install/cpp_tf_showcase' for CMake module files
[1.051s] DEBUG:colcon.colcon_core.event_handler.log_command:Invoked command in '/home/robotics/colcon_ws/build/cpp_tf_showcase' returned '0': CMAKE_PREFIX_PATH=/opt/ros/humble /usr/bin/cmake --install /home/robotics/colcon_ws/build/cpp_tf_showcase
[1.051s] Level 1:colcon.colcon_core.environment:checking '/home/robotics/colcon_ws/install/cpp_tf_showcase' for CMake config files
[1.052s] Level 1:colcon.colcon_core.shell:create_environment_hook('cpp_tf_showcase', 'cmake_prefix_path')
[1.052s] INFO:colcon.colcon_core.shell:Creating environment hook '/home/robotics/colcon_ws/install/cpp_tf_showcase/share/cpp_tf_showcase/hook/cmake_prefix_path.ps1'
[1.052s] INFO:colcon.colcon_core.shell:Creating environment descriptor '/home/robotics/colcon_ws/install/cpp_tf_showcase/share/cpp_tf_showcase/hook/cmake_prefix_path.dsv'
[1.054s] INFO:colcon.colcon_core.shell:Creating environment hook '/home/robotics/colcon_ws/install/cpp_tf_showcase/share/cpp_tf_showcase/hook/cmake_prefix_path.sh'
[1.056s] Level 1:colcon.colcon_core.environment:checking '/home/robotics/colcon_ws/install/cpp_tf_showcase/lib'
[1.056s] Level 1:colcon.colcon_core.environment:checking '/home/robotics/colcon_ws/install/cpp_tf_showcase/bin'
[1.056s] Level 1:colcon.colcon_core.environment:checking '/home/robotics/colcon_ws/install/cpp_tf_showcase/lib/pkgconfig/cpp_tf_showcase.pc'
[1.056s] Level 1:colcon.colcon_core.environment:checking '/home/robotics/colcon_ws/install/cpp_tf_showcase/lib/python3.10/site-packages'
[1.056s] Level 1:colcon.colcon_core.environment:checking '/home/robotics/colcon_ws/install/cpp_tf_showcase/bin'
[1.057s] INFO:colcon.colcon_core.shell:Creating package script '/home/robotics/colcon_ws/install/cpp_tf_showcase/share/cpp_tf_showcase/package.ps1'
[1.057s] INFO:colcon.colcon_core.shell:Creating package descriptor '/home/robotics/colcon_ws/install/cpp_tf_showcase/share/cpp_tf_showcase/package.dsv'
[1.058s] INFO:colcon.colcon_core.shell:Creating package script '/home/robotics/colcon_ws/install/cpp_tf_showcase/share/cpp_tf_showcase/package.sh'
[1.058s] INFO:colcon.colcon_core.shell:Creating package script '/home/robotics/colcon_ws/install/cpp_tf_showcase/share/cpp_tf_showcase/package.bash'
[1.058s] INFO:colcon.colcon_core.shell:Creating package script '/home/robotics/colcon_ws/install/cpp_tf_showcase/share/cpp_tf_showcase/package.zsh'
[1.059s] Level 1:colcon.colcon_core.environment:create_file_with_runtime_dependencies(/home/robotics/colcon_ws/install/cpp_tf_showcase/share/colcon-core/packages/cpp_tf_showcase)
[1.059s] Level 1:colcon.colcon_core.environment:create_environment_scripts_only(cpp_tf_showcase)
[1.059s] Level 1:colcon.colcon_core.environment:checking '/home/robotics/colcon_ws/install/cpp_tf_showcase' for CMake module files
[1.060s] Level 1:colcon.colcon_core.environment:checking '/home/robotics/colcon_ws/install/cpp_tf_showcase' for CMake config files
[1.060s] Level 1:colcon.colcon_core.shell:create_environment_hook('cpp_tf_showcase', 'cmake_prefix_path')
[1.060s] INFO:colcon.colcon_core.shell:Creating environment hook '/home/robotics/colcon_ws/install/cpp_tf_showcase/share/cpp_tf_showcase/hook/cmake_prefix_path.ps1'
[1.061s] INFO:colcon.colcon_core.shell:Creating environment descriptor '/home/robotics/colcon_ws/install/cpp_tf_showcase/share/cpp_tf_showcase/hook/cmake_prefix_path.dsv'
[1.061s] INFO:colcon.colcon_core.shell:Creating environment hook '/home/robotics/colcon_ws/install/cpp_tf_showcase/share/cpp_tf_showcase/hook/cmake_prefix_path.sh'
[1.062s] Level 1:colcon.colcon_core.environment:checking '/home/robotics/colcon_ws/install/cpp_tf_showcase/lib'
[1.062s] Level 1:colcon.colcon_core.environment:checking '/home/robotics/colcon_ws/install/cpp_tf_showcase/bin'
[1.062s] Level 1:colcon.colcon_core.environment:checking '/home/robotics/colcon_ws/install/cpp_tf_showcase/lib/pkgconfig/cpp_tf_showcase.pc'
[1.062s] Level 1:colcon.colcon_core.environment:checking '/home/robotics/colcon_ws/install/cpp_tf_showcase/lib/python3.10/site-packages'
[1.063s] Level 1:colcon.colcon_core.environment:checking '/home/robotics/colcon_ws/install/cpp_tf_showcase/bin'
[1.063s] INFO:colcon.colcon_core.shell:Creating package script '/home/robotics/colcon_ws/install/cpp_tf_showcase/share/cpp_tf_showcase/package.ps1'
[1.064s] INFO:colcon.colcon_core.shell:Creating package descriptor '/home/robotics/colcon_ws/install/cpp_tf_showcase/share/cpp_tf_showcase/package.dsv'
[1.065s] INFO:colcon.colcon_core.shell:Creating package script '/home/robotics/colcon_ws/install/cpp_tf_showcase/share/cpp_tf_showcase/package.sh'
[1.065s] INFO:colcon.colcon_core.shell:Creating package script '/home/robotics/colcon_ws/install/cpp_tf_showcase/share/cpp_tf_showcase/package.bash'
[1.066s] INFO:colcon.colcon_core.shell:Creating package script '/home/robotics/colcon_ws/install/cpp_tf_showcase/share/cpp_tf_showcase/package.zsh'
[1.067s] Level 1:colcon.colcon_core.environment:create_file_with_runtime_dependencies(/home/robotics/colcon_ws/install/cpp_tf_showcase/share/colcon-core/packages/cpp_tf_showcase)
[1.068s] Level 1:colcon.colcon_core.environment:create_environment_scripts_only(cpp_subpub)
[1.068s] Level 1:colcon.colcon_core.environment:checking '/home/robotics/colcon_ws/install/cpp_subpub' for CMake module files
[1.069s] DEBUG:colcon.colcon_core.event_handler.log_command:Invoked command in '/home/robotics/colcon_ws/build/cpp_subpub' returned '0': CMAKE_PREFIX_PATH=/opt/ros/humble /usr/bin/cmake --install /home/robotics/colcon_ws/build/cpp_subpub
[1.072s] Level 1:colcon.colcon_core.environment:checking '/home/robotics/colcon_ws/install/cpp_subpub' for CMake config files
[1.073s] Level 1:colcon.colcon_core.shell:create_environment_hook('cpp_subpub', 'cmake_prefix_path')
[1.074s] INFO:colcon.colcon_core.shell:Creating environment hook '/home/robotics/colcon_ws/install/cpp_subpub/share/cpp_subpub/hook/cmake_prefix_path.ps1'
[1.075s] INFO:colcon.colcon_core.shell:Creating environment descriptor '/home/robotics/colcon_ws/install/cpp_subpub/share/cpp_subpub/hook/cmake_prefix_path.dsv'
[1.075s] INFO:colcon.colcon_core.shell:Creating environment hook '/home/robotics/colcon_ws/install/cpp_subpub/share/cpp_subpub/hook/cmake_prefix_path.sh'
[1.076s] Level 1:colcon.colcon_core.environment:checking '/home/robotics/colcon_ws/install/cpp_subpub/lib'
[1.076s] Level 1:colcon.colcon_core.environment:checking '/home/robotics/colcon_ws/install/cpp_subpub/bin'
[1.076s] Level 1:colcon.colcon_core.environment:checking '/home/robotics/colcon_ws/install/cpp_subpub/lib/pkgconfig/cpp_subpub.pc'
[1.077s] Level 1:colcon.colcon_core.environment:checking '/home/robotics/colcon_ws/install/cpp_subpub/lib/python3.10/site-packages'
[1.078s] Level 1:colcon.colcon_core.environment:checking '/home/robotics/colcon_ws/install/cpp_subpub/bin'
[1.078s] INFO:colcon.colcon_core.shell:Creating package script '/home/robotics/colcon_ws/install/cpp_subpub/share/cpp_subpub/package.ps1'
[1.079s] INFO:colcon.colcon_core.shell:Creating package descriptor '/home/robotics/colcon_ws/install/cpp_subpub/share/cpp_subpub/package.dsv'
[1.080s] INFO:colcon.colcon_core.shell:Creating package script '/home/robotics/colcon_ws/install/cpp_subpub/share/cpp_subpub/package.sh'
[1.081s] INFO:colcon.colcon_core.shell:Creating package script '/home/robotics/colcon_ws/install/cpp_subpub/share/cpp_subpub/package.bash'
[1.081s] INFO:colcon.colcon_core.shell:Creating package script '/home/robotics/colcon_ws/install/cpp_subpub/share/cpp_subpub/package.zsh'
[1.082s] Level 1:colcon.colcon_core.environment:create_file_with_runtime_dependencies(/home/robotics/colcon_ws/install/cpp_subpub/share/colcon-core/packages/cpp_subpub)
[1.082s] Level 1:colcon.colcon_core.environment:create_environment_scripts_only(cpp_subpub)
[1.083s] Level 1:colcon.colcon_core.environment:checking '/home/robotics/colcon_ws/install/cpp_subpub' for CMake module files
[1.092s] Level 1:colcon.colcon_core.environment:checking '/home/robotics/colcon_ws/install/cpp_subpub' for CMake config files
[1.093s] Level 1:colcon.colcon_core.shell:create_environment_hook('cpp_subpub', 'cmake_prefix_path')
[1.093s] INFO:colcon.colcon_core.shell:Creating environment hook '/home/robotics/colcon_ws/install/cpp_subpub/share/cpp_subpub/hook/cmake_prefix_path.ps1'
[1.094s] INFO:colcon.colcon_core.shell:Creating environment descriptor '/home/robotics/colcon_ws/install/cpp_subpub/share/cpp_subpub/hook/cmake_prefix_path.dsv'
[1.095s] INFO:colcon.colcon_core.shell:Creating environment hook '/home/robotics/colcon_ws/install/cpp_subpub/share/cpp_subpub/hook/cmake_prefix_path.sh'
[1.096s] Level 1:colcon.colcon_core.environment:checking '/home/robotics/colcon_ws/install/cpp_subpub/lib'
[1.096s] Level 1:colcon.colcon_core.environment:checking '/home/robotics/colcon_ws/install/cpp_subpub/bin'
[1.096s] Level 1:colcon.colcon_core.environment:checking '/home/robotics/colcon_ws/install/cpp_subpub/lib/pkgconfig/cpp_subpub.pc'
[1.097s] Level 1:colcon.colcon_core.environment:checking '/home/robotics/colcon_ws/install/cpp_subpub/lib/python3.10/site-packages'
[1.097s] Level 1:colcon.colcon_core.environment:checking '/home/robotics/colcon_ws/install/cpp_subpub/bin'
[1.097s] INFO:colcon.colcon_core.shell:Creating package script '/home/robotics/colcon_ws/install/cpp_subpub/share/cpp_subpub/package.ps1'
[1.098s] INFO:colcon.colcon_core.shell:Creating package descriptor '/home/robotics/colcon_ws/install/cpp_subpub/share/cpp_subpub/package.dsv'
[1.099s] INFO:colcon.colcon_core.shell:Creating package script '/home/robotics/colcon_ws/install/cpp_subpub/share/cpp_subpub/package.sh'
[1.100s] INFO:colcon.colcon_core.shell:Creating package script '/home/robotics/colcon_ws/install/cpp_subpub/share/cpp_subpub/package.bash'
[1.100s] INFO:colcon.colcon_core.shell:Creating package script '/home/robotics/colcon_ws/install/cpp_subpub/share/cpp_subpub/package.zsh'
[1.101s] Level 1:colcon.colcon_core.environment:create_file_with_runtime_dependencies(/home/robotics/colcon_ws/install/cpp_subpub/share/colcon-core/packages/cpp_subpub)
[1.101s] Level 1:colcon.colcon_core.environment:create_environment_scripts_only(cpp_timer_showcase)
[1.102s] Level 1:colcon.colcon_core.environment:checking '/home/robotics/colcon_ws/install/cpp_timer_showcase' for CMake module files
[1.105s] DEBUG:colcon.colcon_core.event_handler.log_command:Invoked command in '/home/robotics/colcon_ws/build/cpp_timer_showcase' returned '0': CMAKE_PREFIX_PATH=/opt/ros/humble /usr/bin/cmake --install /home/robotics/colcon_ws/build/cpp_timer_showcase
[1.105s] Level 1:colcon.colcon_core.environment:checking '/home/robotics/colcon_ws/install/cpp_timer_showcase' for CMake config files
[1.106s] Level 1:colcon.colcon_core.shell:create_environment_hook('cpp_timer_showcase', 'cmake_prefix_path')
[1.106s] INFO:colcon.colcon_core.shell:Creating environment hook '/home/robotics/colcon_ws/install/cpp_timer_showcase/share/cpp_timer_showcase/hook/cmake_prefix_path.ps1'
[1.108s] INFO:colcon.colcon_core.shell:Creating environment descriptor '/home/robotics/colcon_ws/install/cpp_timer_showcase/share/cpp_timer_showcase/hook/cmake_prefix_path.dsv'
[1.108s] INFO:colcon.colcon_core.shell:Creating environment hook '/home/robotics/colcon_ws/install/cpp_timer_showcase/share/cpp_timer_showcase/hook/cmake_prefix_path.sh'
[1.109s] Level 1:colcon.colcon_core.environment:checking '/home/robotics/colcon_ws/install/cpp_timer_showcase/lib'
[1.110s] Level 1:colcon.colcon_core.environment:checking '/home/robotics/colcon_ws/install/cpp_timer_showcase/bin'
[1.110s] Level 1:colcon.colcon_core.environment:checking '/home/robotics/colcon_ws/install/cpp_timer_showcase/lib/pkgconfig/cpp_timer_showcase.pc'
[1.110s] Level 1:colcon.colcon_core.environment:checking '/home/robotics/colcon_ws/install/cpp_timer_showcase/lib/python3.10/site-packages'
[1.111s] Level 1:colcon.colcon_core.environment:checking '/home/robotics/colcon_ws/install/cpp_timer_showcase/bin'
[1.112s] INFO:colcon.colcon_core.shell:Creating package script '/home/robotics/colcon_ws/install/cpp_timer_showcase/share/cpp_timer_showcase/package.ps1'
[1.113s] INFO:colcon.colcon_core.shell:Creating package descriptor '/home/robotics/colcon_ws/install/cpp_timer_showcase/share/cpp_timer_showcase/package.dsv'
[1.113s] INFO:colcon.colcon_core.shell:Creating package script '/home/robotics/colcon_ws/install/cpp_timer_showcase/share/cpp_timer_showcase/package.sh'
[1.114s] INFO:colcon.colcon_core.shell:Creating package script '/home/robotics/colcon_ws/install/cpp_timer_showcase/share/cpp_timer_showcase/package.bash'
[1.115s] INFO:colcon.colcon_core.shell:Creating package script '/home/robotics/colcon_ws/install/cpp_timer_showcase/share/cpp_timer_showcase/package.zsh'
[1.115s] Level 1:colcon.colcon_core.environment:create_file_with_runtime_dependencies(/home/robotics/colcon_ws/install/cpp_timer_showcase/share/colcon-core/packages/cpp_timer_showcase)
[1.116s] Level 1:colcon.colcon_core.environment:create_environment_scripts_only(cpp_timer_showcase)
[1.116s] Level 1:colcon.colcon_core.environment:checking '/home/robotics/colcon_ws/install/cpp_timer_showcase' for CMake module files
[1.118s] Level 1:colcon.colcon_core.environment:checking '/home/robotics/colcon_ws/install/cpp_timer_showcase' for CMake config files
[1.118s] Level 1:colcon.colcon_core.shell:create_environment_hook('cpp_timer_showcase', 'cmake_prefix_path')
[1.118s] INFO:colcon.colcon_core.shell:Creating environment hook '/home/robotics/colcon_ws/install/cpp_timer_showcase/share/cpp_timer_showcase/hook/cmake_prefix_path.ps1'
[1.119s] INFO:colcon.colcon_core.shell:Creating environment descriptor '/home/robotics/colcon_ws/install/cpp_timer_showcase/share/cpp_timer_showcase/hook/cmake_prefix_path.dsv'
[1.120s] INFO:colcon.colcon_core.shell:Creating environment hook '/home/robotics/colcon_ws/install/cpp_timer_showcase/share/cpp_timer_showcase/hook/cmake_prefix_path.sh'
[1.120s] Level 1:colcon.colcon_core.environment:checking '/home/robotics/colcon_ws/install/cpp_timer_showcase/lib'
[1.121s] Level 1:colcon.colcon_core.environment:checking '/home/robotics/colcon_ws/install/cpp_timer_showcase/bin'
[1.121s] Level 1:colcon.colcon_core.environment:checking '/home/robotics/colcon_ws/install/cpp_timer_showcase/lib/pkgconfig/cpp_timer_showcase.pc'
[1.121s] Level 1:colcon.colcon_core.environment:checking '/home/robotics/colcon_ws/install/cpp_timer_showcase/lib/python3.10/site-packages'
[1.122s] Level 1:colcon.colcon_core.environment:checking '/home/robotics/colcon_ws/install/cpp_timer_showcase/bin'
[1.122s] INFO:colcon.colcon_core.shell:Creating package script '/home/robotics/colcon_ws/install/cpp_timer_showcase/share/cpp_timer_showcase/package.ps1'
[1.123s] INFO:colcon.colcon_core.shell:Creating package descriptor '/home/robotics/colcon_ws/install/cpp_timer_showcase/share/cpp_timer_showcase/package.dsv'
[1.123s] INFO:colcon.colcon_core.shell:Creating package script '/home/robotics/colcon_ws/install/cpp_timer_showcase/share/cpp_timer_showcase/package.sh'
[1.124s] INFO:colcon.colcon_core.shell:Creating package script '/home/robotics/colcon_ws/install/cpp_timer_showcase/share/cpp_timer_showcase/package.bash'
[1.124s] INFO:colcon.colcon_core.shell:Creating package script '/home/robotics/colcon_ws/install/cpp_timer_showcase/share/cpp_timer_showcase/package.zsh'
[1.125s] Level 1:colcon.colcon_core.environment:create_file_with_runtime_dependencies(/home/robotics/colcon_ws/install/cpp_timer_showcase/share/colcon-core/packages/cpp_timer_showcase)
[1.363s] DEBUG:colcon.colcon_core.event_handler.log_command:Invoked command in '/home/robotics/colcon_ws/build/custom_msg_demo' returned '0': CMAKE_PREFIX_PATH=/opt/ros/humble /usr/bin/cmake --build /home/robotics/colcon_ws/build/custom_msg_demo -- -j8 -l8
[1.365s] DEBUG:colcon.colcon_core.event_handler.log_command:Invoking command in '/home/robotics/colcon_ws/build/custom_msg_demo': CMAKE_PREFIX_PATH=/opt/ros/humble /usr/bin/cmake --install /home/robotics/colcon_ws/build/custom_msg_demo
[1.368s] DEBUG:colcon.colcon_core.event_handler.log_command:Invoked command in '/home/robotics/colcon_ws/build/custom_srv_demo' returned '0': CMAKE_PREFIX_PATH=/opt/ros/humble /usr/bin/cmake --build /home/robotics/colcon_ws/build/custom_srv_demo -- -j8 -l8
[1.369s] DEBUG:colcon.colcon_core.event_handler.log_command:Invoking command in '/home/robotics/colcon_ws/build/custom_srv_demo': CMAKE_PREFIX_PATH=/opt/ros/humble /usr/bin/cmake --install /home/robotics/colcon_ws/build/custom_srv_demo
[1.444s] Level 1:colcon.colcon_core.environment:create_environment_scripts_only(custom_srv_demo)
[1.446s] DEBUG:colcon.colcon_core.event_handler.log_command:Invoked command in '/home/robotics/colcon_ws/build/custom_srv_demo' returned '0': CMAKE_PREFIX_PATH=/opt/ros/humble /usr/bin/cmake --install /home/robotics/colcon_ws/build/custom_srv_demo
[1.446s] Level 1:colcon.colcon_core.environment:checking '/home/robotics/colcon_ws/install/custom_srv_demo' for CMake module files
[1.447s] Level 1:colcon.colcon_core.environment:checking '/home/robotics/colcon_ws/install/custom_srv_demo' for CMake config files
[1.447s] Level 1:colcon.colcon_core.shell:create_environment_hook('custom_srv_demo', 'cmake_prefix_path')
[1.447s] INFO:colcon.colcon_core.shell:Creating environment hook '/home/robotics/colcon_ws/install/custom_srv_demo/share/custom_srv_demo/hook/cmake_prefix_path.ps1'
[1.448s] INFO:colcon.colcon_core.shell:Creating environment descriptor '/home/robotics/colcon_ws/install/custom_srv_demo/share/custom_srv_demo/hook/cmake_prefix_path.dsv'
[1.448s] INFO:colcon.colcon_core.shell:Creating environment hook '/home/robotics/colcon_ws/install/custom_srv_demo/share/custom_srv_demo/hook/cmake_prefix_path.sh'
[1.449s] Level 1:colcon.colcon_core.environment:checking '/home/robotics/colcon_ws/install/custom_srv_demo/lib'
[1.449s] Level 1:colcon.colcon_core.shell:create_environment_hook('custom_srv_demo', 'ld_library_path_lib')
[1.449s] INFO:colcon.colcon_core.shell:Creating environment hook '/home/robotics/colcon_ws/install/custom_srv_demo/share/custom_srv_demo/hook/ld_library_path_lib.ps1'
[1.449s] INFO:colcon.colcon_core.shell:Creating environment descriptor '/home/robotics/colcon_ws/install/custom_srv_demo/share/custom_srv_demo/hook/ld_library_path_lib.dsv'
[1.450s] INFO:colcon.colcon_core.shell:Creating environment hook '/home/robotics/colcon_ws/install/custom_srv_demo/share/custom_srv_demo/hook/ld_library_path_lib.sh'
[1.450s] Level 1:colcon.colcon_core.environment:checking '/home/robotics/colcon_ws/install/custom_srv_demo/bin'
[1.450s] Level 1:colcon.colcon_core.environment:checking '/home/robotics/colcon_ws/install/custom_srv_demo/lib/pkgconfig/custom_srv_demo.pc'
[1.450s] Level 1:colcon.colcon_core.environment:checking '/home/robotics/colcon_ws/install/custom_srv_demo/lib/python3.10/site-packages'
[1.451s] Level 1:colcon.colcon_core.environment:checking '/home/robotics/colcon_ws/install/custom_srv_demo/bin'
[1.451s] INFO:colcon.colcon_core.shell:Creating package script '/home/robotics/colcon_ws/install/custom_srv_demo/share/custom_srv_demo/package.ps1'
[1.451s] INFO:colcon.colcon_core.shell:Creating package descriptor '/home/robotics/colcon_ws/install/custom_srv_demo/share/custom_srv_demo/package.dsv'
[1.452s] INFO:colcon.colcon_core.shell:Creating package script '/home/robotics/colcon_ws/install/custom_srv_demo/share/custom_srv_demo/package.sh'
[1.452s] INFO:colcon.colcon_core.shell:Creating package script '/home/robotics/colcon_ws/install/custom_srv_demo/share/custom_srv_demo/package.bash'
[1.452s] INFO:colcon.colcon_core.shell:Creating package script '/home/robotics/colcon_ws/install/custom_srv_demo/share/custom_srv_demo/package.zsh'
[1.453s] Level 1:colcon.colcon_core.environment:create_file_with_runtime_dependencies(/home/robotics/colcon_ws/install/custom_srv_demo/share/colcon-core/packages/custom_srv_demo)
[1.453s] Level 1:colcon.colcon_core.environment:create_environment_scripts_only(custom_srv_demo)
[1.453s] Level 1:colcon.colcon_core.environment:checking '/home/robotics/colcon_ws/install/custom_srv_demo' for CMake module files
[1.454s] Level 1:colcon.colcon_core.environment:checking '/home/robotics/colcon_ws/install/custom_srv_demo' for CMake config files
[1.454s] Level 1:colcon.colcon_core.shell:create_environment_hook('custom_srv_demo', 'cmake_prefix_path')
[1.454s] INFO:colcon.colcon_core.shell:Creating environment hook '/home/robotics/colcon_ws/install/custom_srv_demo/share/custom_srv_demo/hook/cmake_prefix_path.ps1'
[1.455s] INFO:colcon.colcon_core.shell:Creating environment descriptor '/home/robotics/colcon_ws/install/custom_srv_demo/share/custom_srv_demo/hook/cmake_prefix_path.dsv'
[1.455s] INFO:colcon.colcon_core.shell:Creating environment hook '/home/robotics/colcon_ws/install/custom_srv_demo/share/custom_srv_demo/hook/cmake_prefix_path.sh'
[1.455s] Level 1:colcon.colcon_core.environment:checking '/home/robotics/colcon_ws/install/custom_srv_demo/lib'
[1.456s] Level 1:colcon.colcon_core.shell:create_environment_hook('custom_srv_demo', 'ld_library_path_lib')
[1.456s] INFO:colcon.colcon_core.shell:Creating environment hook '/home/robotics/colcon_ws/install/custom_srv_demo/share/custom_srv_demo/hook/ld_library_path_lib.ps1'
[1.456s] INFO:colcon.colcon_core.shell:Creating environment descriptor '/home/robotics/colcon_ws/install/custom_srv_demo/share/custom_srv_demo/hook/ld_library_path_lib.dsv'
[1.456s] INFO:colcon.colcon_core.shell:Creating environment hook '/home/robotics/colcon_ws/install/custom_srv_demo/share/custom_srv_demo/hook/ld_library_path_lib.sh'
[1.457s] Level 1:colcon.colcon_core.environment:checking '/home/robotics/colcon_ws/install/custom_srv_demo/bin'
[1.457s] Level 1:colcon.colcon_core.environment:checking '/home/robotics/colcon_ws/install/custom_srv_demo/lib/pkgconfig/custom_srv_demo.pc'
[1.457s] Level 1:colcon.colcon_core.environment:checking '/home/robotics/colcon_ws/install/custom_srv_demo/lib/python3.10/site-packages'
[1.457s] Level 1:colcon.colcon_core.environment:checking '/home/robotics/colcon_ws/install/custom_srv_demo/bin'
[1.457s] INFO:colcon.colcon_core.shell:Creating package script '/home/robotics/colcon_ws/install/custom_srv_demo/share/custom_srv_demo/package.ps1'
[1.458s] INFO:colcon.colcon_core.shell:Creating package descriptor '/home/robotics/colcon_ws/install/custom_srv_demo/share/custom_srv_demo/package.dsv'
[1.458s] INFO:colcon.colcon_core.shell:Creating package script '/home/robotics/colcon_ws/install/custom_srv_demo/share/custom_srv_demo/package.sh'
[1.459s] INFO:colcon.colcon_core.shell:Creating package script '/home/robotics/colcon_ws/install/custom_srv_demo/share/custom_srv_demo/package.bash'
[1.459s] INFO:colcon.colcon_core.shell:Creating package script '/home/robotics/colcon_ws/install/custom_srv_demo/share/custom_srv_demo/package.zsh'
[1.460s] Level 1:colcon.colcon_core.environment:create_file_with_runtime_dependencies(/home/robotics/colcon_ws/install/custom_srv_demo/share/colcon-core/packages/custom_srv_demo)
[1.460s] Level 1:colcon.colcon_core.environment:create_environment_scripts_only(custom_msg_demo)
[1.460s] Level 1:colcon.colcon_core.environment:checking '/home/robotics/colcon_ws/install/custom_msg_demo' for CMake module files
[1.462s] DEBUG:colcon.colcon_core.event_handler.log_command:Invoked command in '/home/robotics/colcon_ws/build/custom_msg_demo' returned '0': CMAKE_PREFIX_PATH=/opt/ros/humble /usr/bin/cmake --install /home/robotics/colcon_ws/build/custom_msg_demo
[1.463s] Level 1:colcon.colcon_core.environment:checking '/home/robotics/colcon_ws/install/custom_msg_demo' for CMake config files
[1.463s] Level 1:colcon.colcon_core.shell:create_environment_hook('custom_msg_demo', 'cmake_prefix_path')
[1.464s] INFO:colcon.colcon_core.shell:Creating environment hook '/home/robotics/colcon_ws/install/custom_msg_demo/share/custom_msg_demo/hook/cmake_prefix_path.ps1'
[1.465s] INFO:colcon.colcon_core.shell:Creating environment descriptor '/home/robotics/colcon_ws/install/custom_msg_demo/share/custom_msg_demo/hook/cmake_prefix_path.dsv'
[1.465s] INFO:colcon.colcon_core.shell:Creating environment hook '/home/robotics/colcon_ws/install/custom_msg_demo/share/custom_msg_demo/hook/cmake_prefix_path.sh'
[1.466s] Level 1:colcon.colcon_core.environment:checking '/home/robotics/colcon_ws/install/custom_msg_demo/lib'
[1.466s] Level 1:colcon.colcon_core.shell:create_environment_hook('custom_msg_demo', 'ld_library_path_lib')
[1.466s] INFO:colcon.colcon_core.shell:Creating environment hook '/home/robotics/colcon_ws/install/custom_msg_demo/share/custom_msg_demo/hook/ld_library_path_lib.ps1'
[1.466s] INFO:colcon.colcon_core.shell:Creating environment descriptor '/home/robotics/colcon_ws/install/custom_msg_demo/share/custom_msg_demo/hook/ld_library_path_lib.dsv'
[1.467s] INFO:colcon.colcon_core.shell:Creating environment hook '/home/robotics/colcon_ws/install/custom_msg_demo/share/custom_msg_demo/hook/ld_library_path_lib.sh'
[1.467s] Level 1:colcon.colcon_core.environment:checking '/home/robotics/colcon_ws/install/custom_msg_demo/bin'
[1.467s] Level 1:colcon.colcon_core.environment:checking '/home/robotics/colcon_ws/install/custom_msg_demo/lib/pkgconfig/custom_msg_demo.pc'
[1.467s] Level 1:colcon.colcon_core.environment:checking '/home/robotics/colcon_ws/install/custom_msg_demo/lib/python3.10/site-packages'
[1.468s] Level 1:colcon.colcon_core.environment:checking '/home/robotics/colcon_ws/install/custom_msg_demo/bin'
[1.468s] INFO:colcon.colcon_core.shell:Creating package script '/home/robotics/colcon_ws/install/custom_msg_demo/share/custom_msg_demo/package.ps1'
[1.469s] INFO:colcon.colcon_core.shell:Creating package descriptor '/home/robotics/colcon_ws/install/custom_msg_demo/share/custom_msg_demo/package.dsv'
[1.469s] INFO:colcon.colcon_core.shell:Creating package script '/home/robotics/colcon_ws/install/custom_msg_demo/share/custom_msg_demo/package.sh'
[1.470s] INFO:colcon.colcon_core.shell:Creating package script '/home/robotics/colcon_ws/install/custom_msg_demo/share/custom_msg_demo/package.bash'
[1.470s] INFO:colcon.colcon_core.shell:Creating package script '/home/robotics/colcon_ws/install/custom_msg_demo/share/custom_msg_demo/package.zsh'
[1.470s] Level 1:colcon.colcon_core.environment:create_file_with_runtime_dependencies(/home/robotics/colcon_ws/install/custom_msg_demo/share/colcon-core/packages/custom_msg_demo)
[1.471s] Level 1:colcon.colcon_core.environment:create_environment_scripts_only(custom_msg_demo)
[1.472s] Level 1:colcon.colcon_core.environment:checking '/home/robotics/colcon_ws/install/custom_msg_demo' for CMake module files
[1.472s] Level 1:colcon.colcon_core.environment:checking '/home/robotics/colcon_ws/install/custom_msg_demo' for CMake config files
[1.473s] Level 1:colcon.colcon_core.shell:create_environment_hook('custom_msg_demo', 'cmake_prefix_path')
[1.473s] INFO:colcon.colcon_core.shell:Creating environment hook '/home/robotics/colcon_ws/install/custom_msg_demo/share/custom_msg_demo/hook/cmake_prefix_path.ps1'
[1.473s] INFO:colcon.colcon_core.shell:Creating environment descriptor '/home/robotics/colcon_ws/install/custom_msg_demo/share/custom_msg_demo/hook/cmake_prefix_path.dsv'
[1.474s] INFO:colcon.colcon_core.shell:Creating environment hook '/home/robotics/colcon_ws/install/custom_msg_demo/share/custom_msg_demo/hook/cmake_prefix_path.sh'
[1.475s] Level 1:colcon.colcon_core.environment:checking '/home/robotics/colcon_ws/install/custom_msg_demo/lib'
[1.475s] Level 1:colcon.colcon_core.shell:create_environment_hook('custom_msg_demo', 'ld_library_path_lib')
[1.476s] INFO:colcon.colcon_core.shell:Creating environment hook '/home/robotics/colcon_ws/install/custom_msg_demo/share/custom_msg_demo/hook/ld_library_path_lib.ps1'
[1.476s] INFO:colcon.colcon_core.shell:Creating environment descriptor '/home/robotics/colcon_ws/install/custom_msg_demo/share/custom_msg_demo/hook/ld_library_path_lib.dsv'
[1.476s] INFO:colcon.colcon_core.shell:Creating environment hook '/home/robotics/colcon_ws/install/custom_msg_demo/share/custom_msg_demo/hook/ld_library_path_lib.sh'
[1.477s] Level 1:colcon.colcon_core.environment:checking '/home/robotics/colcon_ws/install/custom_msg_demo/bin'
[1.477s] Level 1:colcon.colcon_core.environment:checking '/home/robotics/colcon_ws/install/custom_msg_demo/lib/pkgconfig/custom_msg_demo.pc'
[1.477s] Level 1:colcon.colcon_core.environment:checking '/home/robotics/colcon_ws/install/custom_msg_demo/lib/python3.10/site-packages'
[1.478s] Level 1:colcon.colcon_core.environment:checking '/home/robotics/colcon_ws/install/custom_msg_demo/bin'
[1.478s] INFO:colcon.colcon_core.shell:Creating package script '/home/robotics/colcon_ws/install/custom_msg_demo/share/custom_msg_demo/package.ps1'
[1.478s] INFO:colcon.colcon_core.shell:Creating package descriptor '/home/robotics/colcon_ws/install/custom_msg_demo/share/custom_msg_demo/package.dsv'
[1.479s] INFO:colcon.colcon_core.shell:Creating package script '/home/robotics/colcon_ws/install/custom_msg_demo/share/custom_msg_demo/package.sh'
[1.480s] INFO:colcon.colcon_core.shell:Creating package script '/home/robotics/colcon_ws/install/custom_msg_demo/share/custom_msg_demo/package.bash'
[1.481s] INFO:colcon.colcon_core.shell:Creating package script '/home/robotics/colcon_ws/install/custom_msg_demo/share/custom_msg_demo/package.zsh'
[1.482s] Level 1:colcon.colcon_core.environment:create_file_with_runtime_dependencies(/home/robotics/colcon_ws/install/custom_msg_demo/share/colcon-core/packages/custom_msg_demo)
[1.482s] DEBUG:colcon.colcon_parallel_executor.executor.parallel:closing loop
[1.483s] DEBUG:colcon.colcon_parallel_executor.executor.parallel:loop closed
[1.483s] DEBUG:colcon.colcon_parallel_executor.executor.parallel:run_until_complete finished with '0'
[1.483s] DEBUG:colcon.colcon_core.event_reactor:joining thread
[1.491s] INFO:colcon.colcon_core.plugin_system:Skipping extension 'colcon_notification.desktop_notification.notify_send': Could not find 'notify-send'
[1.491s] INFO:colcon.colcon_core.plugin_system:Skipping extension 'colcon_notification.desktop_notification.terminal_notifier': Not used on non-Darwin systems
[1.492s] INFO:colcon.colcon_core.plugin_system:Skipping extension 'colcon_notification.desktop_notification.win32': Not used on non-Windows systems
[1.492s] INFO:colcon.colcon_notification.desktop_notification:Sending desktop notification using 'notify2'
[1.494s] DEBUG:colcon.colcon_notification.desktop_notification.notify2:Failed to initialize notify2: org.freedesktop.DBus.Error.Spawn.ExecFailed: /usr/bin/dbus-launch terminated abnormally without any error message
[1.495s] DEBUG:colcon.colcon_core.event_reactor:joined thread
[1.495s] INFO:colcon.colcon_core.shell:Creating prefix script '/home/robotics/colcon_ws/install/local_setup.ps1'
[1.496s] INFO:colcon.colcon_core.shell:Creating prefix util module '/home/robotics/colcon_ws/install/_local_setup_util_ps1.py'
[1.498s] INFO:colcon.colcon_core.shell:Creating prefix chain script '/home/robotics/colcon_ws/install/setup.ps1'
[1.498s] INFO:colcon.colcon_core.shell:Creating prefix script '/home/robotics/colcon_ws/install/local_setup.sh'
[1.499s] INFO:colcon.colcon_core.shell:Creating prefix util module '/home/robotics/colcon_ws/install/_local_setup_util_sh.py'
[1.499s] INFO:colcon.colcon_core.shell:Creating prefix chain script '/home/robotics/colcon_ws/install/setup.sh'
[1.500s] INFO:colcon.colcon_core.shell:Creating prefix script '/home/robotics/colcon_ws/install/local_setup.bash'
[1.501s] INFO:colcon.colcon_core.shell:Creating prefix chain script '/home/robotics/colcon_ws/install/setup.bash'
[1.502s] INFO:colcon.colcon_core.shell:Creating prefix script '/home/robotics/colcon_ws/install/local_setup.zsh'
[1.502s] INFO:colcon.colcon_core.shell:Creating prefix chain script '/home/robotics/colcon_ws/install/setup.zsh'
