[ 12%] [32mBuilding CXX object CMakeFiles/exact_sync_node.dir/src/exact_sync_node.cpp.o[0m
[ 25%] [32mBuilding CXX object CMakeFiles/unsync_sensor_publisher.dir/src/unsync_sensor_publisher.cpp.o[0m
[ 37%] [32mBuilding CXX object CMakeFiles/approximate_sync_node.dir/src/approximate_sync_node.cpp.o[0m
[ 50%] [32mBuilding CXX object CMakeFiles/exact_pair_publisher.dir/src/exact_pair_publisher.cpp.o[0m
[ 62%] [32m[1mLinking CXX executable unsync_sensor_publisher[0m
[ 75%] [32m[1mLinking CXX executable exact_pair_publisher[0m
[ 75%] Built target unsync_sensor_publisher
[ 75%] Built target exact_pair_publisher
[ 87%] [32m[1mLinking CXX executable exact_sync_node[0m
[ 87%] Built target exact_sync_node
[100%] [32m[1mLinking CXX executable approximate_sync_node[0m
[100%] Built target approximate_sync_node
-- Install configuration: ""
-- Installing: /home/robotics/colcon_ws/install/cpp_message_filters_showcase/lib/cpp_message_filters_showcase/unsync_sensor_publisher
-- Set runtime path of "/home/robotics/colcon_ws/install/cpp_message_filters_showcase/lib/cpp_message_filters_showcase/unsync_sensor_publisher" to ""
-- Installing: /home/robotics/colcon_ws/install/cpp_message_filters_showcase/lib/cpp_message_filters_showcase/exact_pair_publisher
-- Set runtime path of "/home/robotics/colcon_ws/install/cpp_message_filters_showcase/lib/cpp_message_filters_showcase/exact_pair_publisher" to ""
-- Installing: /home/robotics/colcon_ws/install/cpp_message_filters_showcase/lib/cpp_message_filters_showcase/exact_sync_node
-- Set runtime path of "/home/robotics/colcon_ws/install/cpp_message_filters_showcase/lib/cpp_message_filters_showcase/exact_sync_node" to ""
-- Installing: /home/robotics/colcon_ws/install/cpp_message_filters_showcase/lib/cpp_message_filters_showcase/approximate_sync_node
-- Set runtime path of "/home/robotics/colcon_ws/install/cpp_message_filters_showcase/lib/cpp_message_filters_showcase/approximate_sync_node" to ""
-- Installing: /home/robotics/colcon_ws/install/cpp_message_filters_showcase/share/cpp_message_filters_showcase/launch
-- Installing: /home/robotics/colcon_ws/install/cpp_message_filters_showcase/share/cpp_message_filters_showcase/launch/unsync_demo.launch.py:Zone.Identifier
-- Installing: /home/robotics/colcon_ws/install/cpp_message_filters_showcase/share/cpp_message_filters_showcase/launch/exact_demo.launch.py:Zone.Identifier
-- Installing: /home/robotics/colcon_ws/install/cpp_message_filters_showcase/share/cpp_message_filters_showcase/launch/unsync_demo.launch.py
-- Installing: /home/robotics/colcon_ws/install/cpp_message_filters_showcase/share/cpp_message_filters_showcase/launch/exact_demo.launch.py
-- Installing: /home/robotics/colcon_ws/install/cpp_message_filters_showcase/share/ament_index/resource_index/package_run_dependencies/cpp_message_filters_showcase
-- Installing: /home/robotics/colcon_ws/install/cpp_message_filters_showcase/share/ament_index/resource_index/parent_prefix_path/cpp_message_filters_showcase
-- Installing: /home/robotics/colcon_ws/install/cpp_message_filters_showcase/share/cpp_message_filters_showcase/environment/ament_prefix_path.sh
-- Installing: /home/robotics/colcon_ws/install/cpp_message_filters_showcase/share/cpp_message_filters_showcase/environment/ament_prefix_path.dsv
-- Installing: /home/robotics/colcon_ws/install/cpp_message_filters_showcase/share/cpp_message_filters_showcase/environment/path.sh
-- Installing: /home/robotics/colcon_ws/install/cpp_message_filters_showcase/share/cpp_message_filters_showcase/environment/path.dsv
-- Installing: /home/robotics/colcon_ws/install/cpp_message_filters_showcase/share/cpp_message_filters_showcase/local_setup.bash
-- Installing: /home/robotics/colcon_ws/install/cpp_message_filters_showcase/share/cpp_message_filters_showcase/local_setup.sh
-- Installing: /home/robotics/colcon_ws/install/cpp_message_filters_showcase/share/cpp_message_filters_showcase/local_setup.zsh
-- Installing: /home/robotics/colcon_ws/install/cpp_message_filters_showcase/share/cpp_message_filters_showcase/local_setup.dsv
-- Installing: /home/robotics/colcon_ws/install/cpp_message_filters_showcase/share/cpp_message_filters_showcase/package.dsv
-- Installing: /home/robotics/colcon_ws/install/cpp_message_filters_showcase/share/ament_index/resource_index/packages/cpp_message_filters_showcase
-- Installing: /home/robotics/colcon_ws/install/cpp_message_filters_showcase/share/cpp_message_filters_showcase/cmake/cpp_message_filters_showcaseConfig.cmake
-- Installing: /home/robotics/colcon_ws/install/cpp_message_filters_showcase/share/cpp_message_filters_showcase/cmake/cpp_message_filters_showcaseConfig-version.cmake
-- Installing: /home/robotics/colcon_ws/install/cpp_message_filters_showcase/share/cpp_message_filters_showcase/package.xml
