[0.169s] DEBUG:colcon:Command line arguments: ['/usr/bin/colcon', 'build']
[0.170s] DEBUG:colcon:Parsed command line arguments: Namespace(log_base=None, log_level=None, verb_name='build', build_base='build', install_base='install', merge_install=False, symlink_install=False, test_result_base=None, continue_on_error=False, executor='parallel', parallel_workers=8, event_handlers=None, ignore_user_meta=False, metas=['./colcon.meta'], base_paths=['.'], packages_ignore=None, packages_ignore_regex=None, paths=None, packages_up_to=None, packages_up_to_regex=None, packages_above=None, packages_above_and_dependencies=None, packages_above_depth=None, packages_select_by_dep=None, packages_skip_by_dep=None, packages_skip_up_to=None, packages_select_build_failed=False, packages_skip_build_finished=False, packages_select_test_failures=False, packages_skip_test_passed=False, packages_select=None, packages_skip=None, packages_select_regex=None, packages_skip_regex=None, packages_start=None, packages_end=None, cmake_args=None, cmake_target=None, cmake_target_skip_unavailable=False, cmake_clean_cache=False, cmake_clean_first=False, cmake_force_configure=False, ament_cmake_args=None, catkin_cmake_args=None, catkin_skip_building_tests=False, mixin_files=None, mixin=None, verb_parser=<colcon_mixin.mixin.mixin_argument.MixinArgumentDecorator object at 0x7b256843d0f0>, verb_extension=<colcon_core.verb.build.BuildVerb object at 0x7b256843caf0>, main=<bound method BuildVerb.main of <colcon_core.verb.build.BuildVerb object at 0x7b256843caf0>>, mixin_verb=('build',))
[0.428s] Level 1:colcon.colcon_core.package_discovery:discover_packages(colcon_meta) check parameters
[0.428s] Level 1:colcon.colcon_core.package_discovery:discover_packages(recursive) check parameters
[0.428s] Level 1:colcon.colcon_core.package_discovery:discover_packages(ignore) check parameters
[0.428s] Level 1:colcon.colcon_core.package_discovery:discover_packages(path) check parameters
[0.428s] Level 1:colcon.colcon_core.package_discovery:discover_packages(colcon_meta) discover
[0.428s] Level 1:colcon.colcon_core.package_discovery:discover_packages(recursive) discover
[0.428s] INFO:colcon.colcon_core.package_discovery:Crawling recursively for packages in '/home/robotics/colcon_ws'
[0.429s] Level 1:colcon.colcon_core.package_identification:_identify(.) by extensions ['ignore', 'ignore_ament_install']
[0.429s] Level 1:colcon.colcon_core.package_identification:_identify(.) by extension 'ignore'
[0.429s] Level 1:colcon.colcon_core.package_identification:_identify(.) by extension 'ignore_ament_install'
[0.429s] Level 1:colcon.colcon_core.package_identification:_identify(.) by extensions ['colcon_pkg']
[0.429s] Level 1:colcon.colcon_core.package_identification:_identify(.) by extension 'colcon_pkg'
[0.429s] Level 1:colcon.colcon_core.package_identification:_identify(.) by extensions ['colcon_meta']
[0.429s] Level 1:colcon.colcon_core.package_identification:_identify(.) by extension 'colcon_meta'
[0.429s] Level 1:colcon.colcon_core.package_identification:_identify(.) by extensions ['ros']
[0.429s] Level 1:colcon.colcon_core.package_identification:_identify(.) by extension 'ros'
[0.444s] Level 1:colcon.colcon_core.package_identification:_identify(.) by extensions ['cmake', 'python']
[0.444s] Level 1:colcon.colcon_core.package_identification:_identify(.) by extension 'cmake'
[0.444s] Level 1:colcon.colcon_core.package_identification:_identify(.) by extension 'python'
[0.444s] Level 1:colcon.colcon_core.package_identification:_identify(.) by extensions ['python_setup_py']
[0.444s] Level 1:colcon.colcon_core.package_identification:_identify(.) by extension 'python_setup_py'
[0.444s] Level 1:colcon.colcon_core.package_identification:_identify(build) by extensions ['ignore', 'ignore_ament_install']
[0.444s] Level 1:colcon.colcon_core.package_identification:_identify(build) by extension 'ignore'
[0.444s] Level 1:colcon.colcon_core.package_identification:_identify(build) ignored
[0.444s] Level 1:colcon.colcon_core.package_identification:_identify(install) by extensions ['ignore', 'ignore_ament_install']
[0.444s] Level 1:colcon.colcon_core.package_identification:_identify(install) by extension 'ignore'
[0.444s] Level 1:colcon.colcon_core.package_identification:_identify(install) ignored
[0.444s] Level 1:colcon.colcon_core.package_identification:_identify(log) by extensions ['ignore', 'ignore_ament_install']
[0.444s] Level 1:colcon.colcon_core.package_identification:_identify(log) by extension 'ignore'
[0.444s] Level 1:colcon.colcon_core.package_identification:_identify(log) ignored
[0.444s] Level 1:colcon.colcon_core.package_identification:_identify(src) by extensions ['ignore', 'ignore_ament_install']
[0.445s] Level 1:colcon.colcon_core.package_identification:_identify(src) by extension 'ignore'
[0.445s] Level 1:colcon.colcon_core.package_identification:_identify(src) by extension 'ignore_ament_install'
[0.445s] Level 1:colcon.colcon_core.package_identification:_identify(src) by extensions ['colcon_pkg']
[0.445s] Level 1:colcon.colcon_core.package_identification:_identify(src) by extension 'colcon_pkg'
[0.445s] Level 1:colcon.colcon_core.package_identification:_identify(src) by extensions ['colcon_meta']
[0.445s] Level 1:colcon.colcon_core.package_identification:_identify(src) by extension 'colcon_meta'
[0.445s] Level 1:colcon.colcon_core.package_identification:_identify(src) by extensions ['ros']
[0.445s] Level 1:colcon.colcon_core.package_identification:_identify(src) by extension 'ros'
[0.445s] Level 1:colcon.colcon_core.package_identification:_identify(src) by extensions ['cmake', 'python']
[0.445s] Level 1:colcon.colcon_core.package_identification:_identify(src) by extension 'cmake'
[0.445s] Level 1:colcon.colcon_core.package_identification:_identify(src) by extension 'python'
[0.445s] Level 1:colcon.colcon_core.package_identification:_identify(src) by extensions ['python_setup_py']
[0.445s] Level 1:colcon.colcon_core.package_identification:_identify(src) by extension 'python_setup_py'
[0.445s] Level 1:colcon.colcon_core.package_identification:_identify(src/cpp_message_filters_showcase) by extensions ['ignore', 'ignore_ament_install']
[0.445s] Level 1:colcon.colcon_core.package_identification:_identify(src/cpp_message_filters_showcase) by extension 'ignore'
[0.445s] Level 1:colcon.colcon_core.package_identification:_identify(src/cpp_message_filters_showcase) by extension 'ignore_ament_install'
[0.445s] Level 1:colcon.colcon_core.package_identification:_identify(src/cpp_message_filters_showcase) by extensions ['colcon_pkg']
[0.445s] Level 1:colcon.colcon_core.package_identification:_identify(src/cpp_message_filters_showcase) by extension 'colcon_pkg'
[0.445s] Level 1:colcon.colcon_core.package_identification:_identify(src/cpp_message_filters_showcase) by extensions ['colcon_meta']
[0.445s] Level 1:colcon.colcon_core.package_identification:_identify(src/cpp_message_filters_showcase) by extension 'colcon_meta'
[0.445s] Level 1:colcon.colcon_core.package_identification:_identify(src/cpp_message_filters_showcase) by extensions ['ros']
[0.445s] Level 1:colcon.colcon_core.package_identification:_identify(src/cpp_message_filters_showcase) by extension 'ros'
[0.448s] DEBUG:colcon.colcon_core.package_identification:Package 'src/cpp_message_filters_showcase' with type 'ros.ament_cmake' and name 'cpp_message_filters_showcase'
[0.448s] Level 1:colcon.colcon_core.package_identification:_identify(src/cpp_parameter_showcase) by extensions ['ignore', 'ignore_ament_install']
[0.448s] Level 1:colcon.colcon_core.package_identification:_identify(src/cpp_parameter_showcase) by extension 'ignore'
[0.448s] Level 1:colcon.colcon_core.package_identification:_identify(src/cpp_parameter_showcase) by extension 'ignore_ament_install'
[0.448s] Level 1:colcon.colcon_core.package_identification:_identify(src/cpp_parameter_showcase) by extensions ['colcon_pkg']
[0.448s] Level 1:colcon.colcon_core.package_identification:_identify(src/cpp_parameter_showcase) by extension 'colcon_pkg'
[0.449s] Level 1:colcon.colcon_core.package_identification:_identify(src/cpp_parameter_showcase) by extensions ['colcon_meta']
[0.449s] Level 1:colcon.colcon_core.package_identification:_identify(src/cpp_parameter_showcase) by extension 'colcon_meta'
[0.449s] Level 1:colcon.colcon_core.package_identification:_identify(src/cpp_parameter_showcase) by extensions ['ros']
[0.449s] Level 1:colcon.colcon_core.package_identification:_identify(src/cpp_parameter_showcase) by extension 'ros'
[0.450s] DEBUG:colcon.colcon_core.package_identification:Package 'src/cpp_parameter_showcase' with type 'ros.ament_cmake' and name 'cpp_parameter_showcase'
[0.450s] Level 1:colcon.colcon_core.package_identification:_identify(src/cpp_pubsub) by extensions ['ignore', 'ignore_ament_install']
[0.450s] Level 1:colcon.colcon_core.package_identification:_identify(src/cpp_pubsub) by extension 'ignore'
[0.450s] Level 1:colcon.colcon_core.package_identification:_identify(src/cpp_pubsub) by extension 'ignore_ament_install'
[0.450s] Level 1:colcon.colcon_core.package_identification:_identify(src/cpp_pubsub) by extensions ['colcon_pkg']
[0.450s] Level 1:colcon.colcon_core.package_identification:_identify(src/cpp_pubsub) by extension 'colcon_pkg'
[0.450s] Level 1:colcon.colcon_core.package_identification:_identify(src/cpp_pubsub) by extensions ['colcon_meta']
[0.450s] Level 1:colcon.colcon_core.package_identification:_identify(src/cpp_pubsub) by extension 'colcon_meta'
[0.450s] Level 1:colcon.colcon_core.package_identification:_identify(src/cpp_pubsub) by extensions ['ros']
[0.450s] Level 1:colcon.colcon_core.package_identification:_identify(src/cpp_pubsub) by extension 'ros'
[0.451s] DEBUG:colcon.colcon_core.package_identification:Package 'src/cpp_pubsub' with type 'ros.ament_cmake' and name 'cpp_pubsub'
[0.451s] Level 1:colcon.colcon_core.package_identification:_identify(src/cpp_subpub) by extensions ['ignore', 'ignore_ament_install']
[0.451s] Level 1:colcon.colcon_core.package_identification:_identify(src/cpp_subpub) by extension 'ignore'
[0.451s] Level 1:colcon.colcon_core.package_identification:_identify(src/cpp_subpub) by extension 'ignore_ament_install'
[0.451s] Level 1:colcon.colcon_core.package_identification:_identify(src/cpp_subpub) by extensions ['colcon_pkg']
[0.451s] Level 1:colcon.colcon_core.package_identification:_identify(src/cpp_subpub) by extension 'colcon_pkg'
[0.451s] Level 1:colcon.colcon_core.package_identification:_identify(src/cpp_subpub) by extensions ['colcon_meta']
[0.451s] Level 1:colcon.colcon_core.package_identification:_identify(src/cpp_subpub) by extension 'colcon_meta'
[0.452s] Level 1:colcon.colcon_core.package_identification:_identify(src/cpp_subpub) by extensions ['ros']
[0.452s] Level 1:colcon.colcon_core.package_identification:_identify(src/cpp_subpub) by extension 'ros'
[0.452s] DEBUG:colcon.colcon_core.package_identification:Package 'src/cpp_subpub' with type 'ros.ament_cmake' and name 'cpp_subpub'
[0.453s] Level 1:colcon.colcon_core.package_identification:_identify(src/cpp_tf_showcase) by extensions ['ignore', 'ignore_ament_install']
[0.453s] Level 1:colcon.colcon_core.package_identification:_identify(src/cpp_tf_showcase) by extension 'ignore'
[0.453s] Level 1:colcon.colcon_core.package_identification:_identify(src/cpp_tf_showcase) by extension 'ignore_ament_install'
[0.453s] Level 1:colcon.colcon_core.package_identification:_identify(src/cpp_tf_showcase) by extensions ['colcon_pkg']
[0.453s] Level 1:colcon.colcon_core.package_identification:_identify(src/cpp_tf_showcase) by extension 'colcon_pkg'
[0.453s] Level 1:colcon.colcon_core.package_identification:_identify(src/cpp_tf_showcase) by extensions ['colcon_meta']
[0.453s] Level 1:colcon.colcon_core.package_identification:_identify(src/cpp_tf_showcase) by extension 'colcon_meta'
[0.453s] Level 1:colcon.colcon_core.package_identification:_identify(src/cpp_tf_showcase) by extensions ['ros']
[0.453s] Level 1:colcon.colcon_core.package_identification:_identify(src/cpp_tf_showcase) by extension 'ros'
[0.455s] DEBUG:colcon.colcon_core.package_identification:Package 'src/cpp_tf_showcase' with type 'ros.ament_cmake' and name 'cpp_tf_showcase'
[0.455s] Level 1:colcon.colcon_core.package_identification:_identify(src/cpp_timer_showcase) by extensions ['ignore', 'ignore_ament_install']
[0.455s] Level 1:colcon.colcon_core.package_identification:_identify(src/cpp_timer_showcase) by extension 'ignore'
[0.455s] Level 1:colcon.colcon_core.package_identification:_identify(src/cpp_timer_showcase) by extension 'ignore_ament_install'
[0.455s] Level 1:colcon.colcon_core.package_identification:_identify(src/cpp_timer_showcase) by extensions ['colcon_pkg']
[0.455s] Level 1:colcon.colcon_core.package_identification:_identify(src/cpp_timer_showcase) by extension 'colcon_pkg'
[0.456s] Level 1:colcon.colcon_core.package_identification:_identify(src/cpp_timer_showcase) by extensions ['colcon_meta']
[0.456s] Level 1:colcon.colcon_core.package_identification:_identify(src/cpp_timer_showcase) by extension 'colcon_meta'
[0.456s] Level 1:colcon.colcon_core.package_identification:_identify(src/cpp_timer_showcase) by extensions ['ros']
[0.456s] Level 1:colcon.colcon_core.package_identification:_identify(src/cpp_timer_showcase) by extension 'ros'
[0.457s] DEBUG:colcon.colcon_core.package_identification:Package 'src/cpp_timer_showcase' with type 'ros.ament_cmake' and name 'cpp_timer_showcase'
[0.457s] Level 1:colcon.colcon_core.package_identification:_identify(src/custom_msg_demo) by extensions ['ignore', 'ignore_ament_install']
[0.457s] Level 1:colcon.colcon_core.package_identification:_identify(src/custom_msg_demo) by extension 'ignore'
[0.457s] Level 1:colcon.colcon_core.package_identification:_identify(src/custom_msg_demo) by extension 'ignore_ament_install'
[0.457s] Level 1:colcon.colcon_core.package_identification:_identify(src/custom_msg_demo) by extensions ['colcon_pkg']
[0.457s] Level 1:colcon.colcon_core.package_identification:_identify(src/custom_msg_demo) by extension 'colcon_pkg'
[0.457s] Level 1:colcon.colcon_core.package_identification:_identify(src/custom_msg_demo) by extensions ['colcon_meta']
[0.457s] Level 1:colcon.colcon_core.package_identification:_identify(src/custom_msg_demo) by extension 'colcon_meta'
[0.457s] Level 1:colcon.colcon_core.package_identification:_identify(src/custom_msg_demo) by extensions ['ros']
[0.458s] Level 1:colcon.colcon_core.package_identification:_identify(src/custom_msg_demo) by extension 'ros'
[0.458s] DEBUG:colcon.colcon_core.package_identification:Package 'src/custom_msg_demo' with type 'ros.ament_cmake' and name 'custom_msg_demo'
[0.458s] Level 1:colcon.colcon_core.package_identification:_identify(src/custom_srv_demo) by extensions ['ignore', 'ignore_ament_install']
[0.458s] Level 1:colcon.colcon_core.package_identification:_identify(src/custom_srv_demo) by extension 'ignore'
[0.459s] Level 1:colcon.colcon_core.package_identification:_identify(src/custom_srv_demo) by extension 'ignore_ament_install'
[0.459s] Level 1:colcon.colcon_core.package_identification:_identify(src/custom_srv_demo) by extensions ['colcon_pkg']
[0.459s] Level 1:colcon.colcon_core.package_identification:_identify(src/custom_srv_demo) by extension 'colcon_pkg'
[0.459s] Level 1:colcon.colcon_core.package_identification:_identify(src/custom_srv_demo) by extensions ['colcon_meta']
[0.459s] Level 1:colcon.colcon_core.package_identification:_identify(src/custom_srv_demo) by extension 'colcon_meta'
[0.459s] Level 1:colcon.colcon_core.package_identification:_identify(src/custom_srv_demo) by extensions ['ros']
[0.459s] Level 1:colcon.colcon_core.package_identification:_identify(src/custom_srv_demo) by extension 'ros'
[0.460s] DEBUG:colcon.colcon_core.package_identification:Package 'src/custom_srv_demo' with type 'ros.ament_cmake' and name 'custom_srv_demo'
[0.460s] Level 1:colcon.colcon_core.package_discovery:discover_packages(recursive) using defaults
[0.460s] Level 1:colcon.colcon_core.package_discovery:discover_packages(ignore) discover
[0.460s] Level 1:colcon.colcon_core.package_discovery:discover_packages(ignore) using defaults
[0.460s] Level 1:colcon.colcon_core.package_discovery:discover_packages(path) discover
[0.460s] Level 1:colcon.colcon_core.package_discovery:discover_packages(path) using defaults
[0.505s] Level 5:colcon.colcon_core.verb:set package 'cpp_message_filters_showcase' build argument 'cmake_args' from command line to 'None'
[0.505s] Level 5:colcon.colcon_core.verb:set package 'cpp_message_filters_showcase' build argument 'cmake_target' from command line to 'None'
[0.505s] Level 5:colcon.colcon_core.verb:set package 'cpp_message_filters_showcase' build argument 'cmake_target_skip_unavailable' from command line to 'False'
[0.505s] Level 5:colcon.colcon_core.verb:set package 'cpp_message_filters_showcase' build argument 'cmake_clean_cache' from command line to 'False'
[0.505s] Level 5:colcon.colcon_core.verb:set package 'cpp_message_filters_showcase' build argument 'cmake_clean_first' from command line to 'False'
[0.505s] Level 5:colcon.colcon_core.verb:set package 'cpp_message_filters_showcase' build argument 'cmake_force_configure' from command line to 'False'
[0.505s] Level 5:colcon.colcon_core.verb:set package 'cpp_message_filters_showcase' build argument 'ament_cmake_args' from command line to 'None'
[0.505s] Level 5:colcon.colcon_core.verb:set package 'cpp_message_filters_showcase' build argument 'catkin_cmake_args' from command line to 'None'
[0.505s] Level 5:colcon.colcon_core.verb:set package 'cpp_message_filters_showcase' build argument 'catkin_skip_building_tests' from command line to 'False'
[0.505s] DEBUG:colcon.colcon_core.verb:Building package 'cpp_message_filters_showcase' with the following arguments: {'ament_cmake_args': None, 'build_base': '/home/robotics/colcon_ws/build/cpp_message_filters_showcase', 'catkin_cmake_args': None, 'catkin_skip_building_tests': False, 'cmake_args': None, 'cmake_clean_cache': False, 'cmake_clean_first': False, 'cmake_force_configure': False, 'cmake_target': None, 'cmake_target_skip_unavailable': False, 'install_base': '/home/robotics/colcon_ws/install/cpp_message_filters_showcase', 'merge_install': False, 'path': '/home/robotics/colcon_ws/src/cpp_message_filters_showcase', 'symlink_install': False, 'test_result_base': None}
[0.506s] Level 5:colcon.colcon_core.verb:set package 'cpp_parameter_showcase' build argument 'cmake_args' from command line to 'None'
[0.506s] Level 5:colcon.colcon_core.verb:set package 'cpp_parameter_showcase' build argument 'cmake_target' from command line to 'None'
[0.506s] Level 5:colcon.colcon_core.verb:set package 'cpp_parameter_showcase' build argument 'cmake_target_skip_unavailable' from command line to 'False'
[0.506s] Level 5:colcon.colcon_core.verb:set package 'cpp_parameter_showcase' build argument 'cmake_clean_cache' from command line to 'False'
[0.506s] Level 5:colcon.colcon_core.verb:set package 'cpp_parameter_showcase' build argument 'cmake_clean_first' from command line to 'False'
[0.506s] Level 5:colcon.colcon_core.verb:set package 'cpp_parameter_showcase' build argument 'cmake_force_configure' from command line to 'False'
[0.506s] Level 5:colcon.colcon_core.verb:set package 'cpp_parameter_showcase' build argument 'ament_cmake_args' from command line to 'None'
[0.506s] Level 5:colcon.colcon_core.verb:set package 'cpp_parameter_showcase' build argument 'catkin_cmake_args' from command line to 'None'
[0.506s] Level 5:colcon.colcon_core.verb:set package 'cpp_parameter_showcase' build argument 'catkin_skip_building_tests' from command line to 'False'
[0.506s] DEBUG:colcon.colcon_core.verb:Building package 'cpp_parameter_showcase' with the following arguments: {'ament_cmake_args': None, 'build_base': '/home/robotics/colcon_ws/build/cpp_parameter_showcase', 'catkin_cmake_args': None, 'catkin_skip_building_tests': False, 'cmake_args': None, 'cmake_clean_cache': False, 'cmake_clean_first': False, 'cmake_force_configure': False, 'cmake_target': None, 'cmake_target_skip_unavailable': False, 'install_base': '/home/robotics/colcon_ws/install/cpp_parameter_showcase', 'merge_install': False, 'path': '/home/robotics/colcon_ws/src/cpp_parameter_showcase', 'symlink_install': False, 'test_result_base': None}
[0.506s] Level 5:colcon.colcon_core.verb:set package 'cpp_pubsub' build argument 'cmake_args' from command line to 'None'
[0.506s] Level 5:colcon.colcon_core.verb:set package 'cpp_pubsub' build argument 'cmake_target' from command line to 'None'
[0.506s] Level 5:colcon.colcon_core.verb:set package 'cpp_pubsub' build argument 'cmake_target_skip_unavailable' from command line to 'False'
[0.506s] Level 5:colcon.colcon_core.verb:set package 'cpp_pubsub' build argument 'cmake_clean_cache' from command line to 'False'
[0.506s] Level 5:colcon.colcon_core.verb:set package 'cpp_pubsub' build argument 'cmake_clean_first' from command line to 'False'
[0.506s] Level 5:colcon.colcon_core.verb:set package 'cpp_pubsub' build argument 'cmake_force_configure' from command line to 'False'
[0.506s] Level 5:colcon.colcon_core.verb:set package 'cpp_pubsub' build argument 'ament_cmake_args' from command line to 'None'
[0.506s] Level 5:colcon.colcon_core.verb:set package 'cpp_pubsub' build argument 'catkin_cmake_args' from command line to 'None'
[0.506s] Level 5:colcon.colcon_core.verb:set package 'cpp_pubsub' build argument 'catkin_skip_building_tests' from command line to 'False'
[0.507s] DEBUG:colcon.colcon_core.verb:Building package 'cpp_pubsub' with the following arguments: {'ament_cmake_args': None, 'build_base': '/home/robotics/colcon_ws/build/cpp_pubsub', 'catkin_cmake_args': None, 'catkin_skip_building_tests': False, 'cmake_args': None, 'cmake_clean_cache': False, 'cmake_clean_first': False, 'cmake_force_configure': False, 'cmake_target': None, 'cmake_target_skip_unavailable': False, 'install_base': '/home/robotics/colcon_ws/install/cpp_pubsub', 'merge_install': False, 'path': '/home/robotics/colcon_ws/src/cpp_pubsub', 'symlink_install': False, 'test_result_base': None}
[0.507s] Level 5:colcon.colcon_core.verb:set package 'cpp_subpub' build argument 'cmake_args' from command line to 'None'
[0.507s] Level 5:colcon.colcon_core.verb:set package 'cpp_subpub' build argument 'cmake_target' from command line to 'None'
[0.507s] Level 5:colcon.colcon_core.verb:set package 'cpp_subpub' build argument 'cmake_target_skip_unavailable' from command line to 'False'
[0.507s] Level 5:colcon.colcon_core.verb:set package 'cpp_subpub' build argument 'cmake_clean_cache' from command line to 'False'
[0.507s] Level 5:colcon.colcon_core.verb:set package 'cpp_subpub' build argument 'cmake_clean_first' from command line to 'False'
[0.507s] Level 5:colcon.colcon_core.verb:set package 'cpp_subpub' build argument 'cmake_force_configure' from command line to 'False'
[0.507s] Level 5:colcon.colcon_core.verb:set package 'cpp_subpub' build argument 'ament_cmake_args' from command line to 'None'
[0.507s] Level 5:colcon.colcon_core.verb:set package 'cpp_subpub' build argument 'catkin_cmake_args' from command line to 'None'
[0.507s] Level 5:colcon.colcon_core.verb:set package 'cpp_subpub' build argument 'catkin_skip_building_tests' from command line to 'False'
[0.507s] DEBUG:colcon.colcon_core.verb:Building package 'cpp_subpub' with the following arguments: {'ament_cmake_args': None, 'build_base': '/home/robotics/colcon_ws/build/cpp_subpub', 'catkin_cmake_args': None, 'catkin_skip_building_tests': False, 'cmake_args': None, 'cmake_clean_cache': False, 'cmake_clean_first': False, 'cmake_force_configure': False, 'cmake_target': None, 'cmake_target_skip_unavailable': False, 'install_base': '/home/robotics/colcon_ws/install/cpp_subpub', 'merge_install': False, 'path': '/home/robotics/colcon_ws/src/cpp_subpub', 'symlink_install': False, 'test_result_base': None}
[0.508s] Level 5:colcon.colcon_core.verb:set package 'cpp_tf_showcase' build argument 'cmake_args' from command line to 'None'
[0.508s] Level 5:colcon.colcon_core.verb:set package 'cpp_tf_showcase' build argument 'cmake_target' from command line to 'None'
[0.508s] Level 5:colcon.colcon_core.verb:set package 'cpp_tf_showcase' build argument 'cmake_target_skip_unavailable' from command line to 'False'
[0.508s] Level 5:colcon.colcon_core.verb:set package 'cpp_tf_showcase' build argument 'cmake_clean_cache' from command line to 'False'
[0.508s] Level 5:colcon.colcon_core.verb:set package 'cpp_tf_showcase' build argument 'cmake_clean_first' from command line to 'False'
[0.508s] Level 5:colcon.colcon_core.verb:set package 'cpp_tf_showcase' build argument 'cmake_force_configure' from command line to 'False'
[0.508s] Level 5:colcon.colcon_core.verb:set package 'cpp_tf_showcase' build argument 'ament_cmake_args' from command line to 'None'
[0.508s] Level 5:colcon.colcon_core.verb:set package 'cpp_tf_showcase' build argument 'catkin_cmake_args' from command line to 'None'
[0.508s] Level 5:colcon.colcon_core.verb:set package 'cpp_tf_showcase' build argument 'catkin_skip_building_tests' from command line to 'False'
[0.508s] DEBUG:colcon.colcon_core.verb:Building package 'cpp_tf_showcase' with the following arguments: {'ament_cmake_args': None, 'build_base': '/home/robotics/colcon_ws/build/cpp_tf_showcase', 'catkin_cmake_args': None, 'catkin_skip_building_tests': False, 'cmake_args': None, 'cmake_clean_cache': False, 'cmake_clean_first': False, 'cmake_force_configure': False, 'cmake_target': None, 'cmake_target_skip_unavailable': False, 'install_base': '/home/robotics/colcon_ws/install/cpp_tf_showcase', 'merge_install': False, 'path': '/home/robotics/colcon_ws/src/cpp_tf_showcase', 'symlink_install': False, 'test_result_base': None}
[0.508s] Level 5:colcon.colcon_core.verb:set package 'cpp_timer_showcase' build argument 'cmake_args' from command line to 'None'
[0.508s] Level 5:colcon.colcon_core.verb:set package 'cpp_timer_showcase' build argument 'cmake_target' from command line to 'None'
[0.508s] Level 5:colcon.colcon_core.verb:set package 'cpp_timer_showcase' build argument 'cmake_target_skip_unavailable' from command line to 'False'
[0.508s] Level 5:colcon.colcon_core.verb:set package 'cpp_timer_showcase' build argument 'cmake_clean_cache' from command line to 'False'
[0.508s] Level 5:colcon.colcon_core.verb:set package 'cpp_timer_showcase' build argument 'cmake_clean_first' from command line to 'False'
[0.508s] Level 5:colcon.colcon_core.verb:set package 'cpp_timer_showcase' build argument 'cmake_force_configure' from command line to 'False'
[0.508s] Level 5:colcon.colcon_core.verb:set package 'cpp_timer_showcase' build argument 'ament_cmake_args' from command line to 'None'
[0.508s] Level 5:colcon.colcon_core.verb:set package 'cpp_timer_showcase' build argument 'catkin_cmake_args' from command line to 'None'
[0.508s] Level 5:colcon.colcon_core.verb:set package 'cpp_timer_showcase' build argument 'catkin_skip_building_tests' from command line to 'False'
[0.508s] DEBUG:colcon.colcon_core.verb:Building package 'cpp_timer_showcase' with the following arguments: {'ament_cmake_args': None, 'build_base': '/home/robotics/colcon_ws/build/cpp_timer_showcase', 'catkin_cmake_args': None, 'catkin_skip_building_tests': False, 'cmake_args': None, 'cmake_clean_cache': False, 'cmake_clean_first': False, 'cmake_force_configure': False, 'cmake_target': None, 'cmake_target_skip_unavailable': False, 'install_base': '/home/robotics/colcon_ws/install/cpp_timer_showcase', 'merge_install': False, 'path': '/home/robotics/colcon_ws/src/cpp_timer_showcase', 'symlink_install': False, 'test_result_base': None}
[0.509s] Level 5:colcon.colcon_core.verb:set package 'custom_msg_demo' build argument 'cmake_args' from command line to 'None'
[0.509s] Level 5:colcon.colcon_core.verb:set package 'custom_msg_demo' build argument 'cmake_target' from command line to 'None'
[0.509s] Level 5:colcon.colcon_core.verb:set package 'custom_msg_demo' build argument 'cmake_target_skip_unavailable' from command line to 'False'
[0.509s] Level 5:colcon.colcon_core.verb:set package 'custom_msg_demo' build argument 'cmake_clean_cache' from command line to 'False'
[0.509s] Level 5:colcon.colcon_core.verb:set package 'custom_msg_demo' build argument 'cmake_clean_first' from command line to 'False'
[0.509s] Level 5:colcon.colcon_core.verb:set package 'custom_msg_demo' build argument 'cmake_force_configure' from command line to 'False'
[0.509s] Level 5:colcon.colcon_core.verb:set package 'custom_msg_demo' build argument 'ament_cmake_args' from command line to 'None'
[0.509s] Level 5:colcon.colcon_core.verb:set package 'custom_msg_demo' build argument 'catkin_cmake_args' from command line to 'None'
[0.509s] Level 5:colcon.colcon_core.verb:set package 'custom_msg_demo' build argument 'catkin_skip_building_tests' from command line to 'False'
[0.509s] DEBUG:colcon.colcon_core.verb:Building package 'custom_msg_demo' with the following arguments: {'ament_cmake_args': None, 'build_base': '/home/robotics/colcon_ws/build/custom_msg_demo', 'catkin_cmake_args': None, 'catkin_skip_building_tests': False, 'cmake_args': None, 'cmake_clean_cache': False, 'cmake_clean_first': False, 'cmake_force_configure': False, 'cmake_target': None, 'cmake_target_skip_unavailable': False, 'install_base': '/home/robotics/colcon_ws/install/custom_msg_demo', 'merge_install': False, 'path': '/home/robotics/colcon_ws/src/custom_msg_demo', 'symlink_install': False, 'test_result_base': None}
[0.509s] Level 5:colcon.colcon_core.verb:set package 'custom_srv_demo' build argument 'cmake_args' from command line to 'None'
[0.509s] Level 5:colcon.colcon_core.verb:set package 'custom_srv_demo' build argument 'cmake_target' from command line to 'None'
[0.509s] Level 5:colcon.colcon_core.verb:set package 'custom_srv_demo' build argument 'cmake_target_skip_unavailable' from command line to 'False'
[0.509s] Level 5:colcon.colcon_core.verb:set package 'custom_srv_demo' build argument 'cmake_clean_cache' from command line to 'False'
[0.509s] Level 5:colcon.colcon_core.verb:set package 'custom_srv_demo' build argument 'cmake_clean_first' from command line to 'False'
[0.509s] Level 5:colcon.colcon_core.verb:set package 'custom_srv_demo' build argument 'cmake_force_configure' from command line to 'False'
[0.509s] Level 5:colcon.colcon_core.verb:set package 'custom_srv_demo' build argument 'ament_cmake_args' from command line to 'None'
[0.509s] Level 5:colcon.colcon_core.verb:set package 'custom_srv_demo' build argument 'catkin_cmake_args' from command line to 'None'
[0.509s] Level 5:colcon.colcon_core.verb:set package 'custom_srv_demo' build argument 'catkin_skip_building_tests' from command line to 'False'
[0.509s] DEBUG:colcon.colcon_core.verb:Building package 'custom_srv_demo' with the following arguments: {'ament_cmake_args': None, 'build_base': '/home/robotics/colcon_ws/build/custom_srv_demo', 'catkin_cmake_args': None, 'catkin_skip_building_tests': False, 'cmake_args': None, 'cmake_clean_cache': False, 'cmake_clean_first': False, 'cmake_force_configure': False, 'cmake_target': None, 'cmake_target_skip_unavailable': False, 'install_base': '/home/robotics/colcon_ws/install/custom_srv_demo', 'merge_install': False, 'path': '/home/robotics/colcon_ws/src/custom_srv_demo', 'symlink_install': False, 'test_result_base': None}
[0.510s] INFO:colcon.colcon_core.executor:Executing jobs using 'parallel' executor
[0.511s] DEBUG:colcon.colcon_parallel_executor.executor.parallel:run_until_complete
[0.511s] INFO:colcon.colcon_ros.task.ament_cmake.build:Building ROS package in '/home/robotics/colcon_ws/src/cpp_message_filters_showcase' with build type 'ament_cmake'
[0.511s] INFO:colcon.colcon_cmake.task.cmake.build:Building CMake package in '/home/robotics/colcon_ws/src/cpp_message_filters_showcase'
[0.516s] INFO:colcon.colcon_core.plugin_system:Skipping extension 'colcon_core.shell.bat': Not used on non-Windows systems
[0.517s] INFO:colcon.colcon_core.shell:Skip shell extension 'powershell' for command environment: Not usable outside of PowerShell
[0.517s] DEBUG:colcon.colcon_core.shell:Skip shell extension 'dsv' for command environment
[0.528s] INFO:colcon.colcon_ros.task.ament_cmake.build:Building ROS package in '/home/robotics/colcon_ws/src/cpp_parameter_showcase' with build type 'ament_cmake'
[0.529s] INFO:colcon.colcon_cmake.task.cmake.build:Building CMake package in '/home/robotics/colcon_ws/src/cpp_parameter_showcase'
[0.530s] INFO:colcon.colcon_core.shell:Skip shell extension 'powershell' for command environment: Not usable outside of PowerShell
[0.530s] DEBUG:colcon.colcon_core.shell:Skip shell extension 'dsv' for command environment
[0.537s] INFO:colcon.colcon_ros.task.ament_cmake.build:Building ROS package in '/home/robotics/colcon_ws/src/cpp_pubsub' with build type 'ament_cmake'
[0.537s] INFO:colcon.colcon_cmake.task.cmake.build:Building CMake package in '/home/robotics/colcon_ws/src/cpp_pubsub'
[0.538s] INFO:colcon.colcon_core.shell:Skip shell extension 'powershell' for command environment: Not usable outside of PowerShell
[0.538s] DEBUG:colcon.colcon_core.shell:Skip shell extension 'dsv' for command environment
[0.545s] INFO:colcon.colcon_ros.task.ament_cmake.build:Building ROS package in '/home/robotics/colcon_ws/src/cpp_subpub' with build type 'ament_cmake'
[0.546s] INFO:colcon.colcon_cmake.task.cmake.build:Building CMake package in '/home/robotics/colcon_ws/src/cpp_subpub'
[0.547s] INFO:colcon.colcon_core.shell:Skip shell extension 'powershell' for command environment: Not usable outside of PowerShell
[0.550s] DEBUG:colcon.colcon_core.shell:Skip shell extension 'dsv' for command environment
[0.558s] INFO:colcon.colcon_ros.task.ament_cmake.build:Building ROS package in '/home/robotics/colcon_ws/src/cpp_tf_showcase' with build type 'ament_cmake'
[0.558s] INFO:colcon.colcon_cmake.task.cmake.build:Building CMake package in '/home/robotics/colcon_ws/src/cpp_tf_showcase'
[0.559s] INFO:colcon.colcon_core.shell:Skip shell extension 'powershell' for command environment: Not usable outside of PowerShell
[0.559s] DEBUG:colcon.colcon_core.shell:Skip shell extension 'dsv' for command environment
[0.565s] INFO:colcon.colcon_ros.task.ament_cmake.build:Building ROS package in '/home/robotics/colcon_ws/src/cpp_timer_showcase' with build type 'ament_cmake'
[0.565s] INFO:colcon.colcon_cmake.task.cmake.build:Building CMake package in '/home/robotics/colcon_ws/src/cpp_timer_showcase'
[0.566s] INFO:colcon.colcon_core.shell:Skip shell extension 'powershell' for command environment: Not usable outside of PowerShell
[0.566s] DEBUG:colcon.colcon_core.shell:Skip shell extension 'dsv' for command environment
[0.573s] INFO:colcon.colcon_ros.task.ament_cmake.build:Building ROS package in '/home/robotics/colcon_ws/src/custom_msg_demo' with build type 'ament_cmake'
[0.574s] INFO:colcon.colcon_cmake.task.cmake.build:Building CMake package in '/home/robotics/colcon_ws/src/custom_msg_demo'
[0.574s] INFO:colcon.colcon_core.shell:Skip shell extension 'powershell' for command environment: Not usable outside of PowerShell
[0.574s] DEBUG:colcon.colcon_core.shell:Skip shell extension 'dsv' for command environment
[0.583s] INFO:colcon.colcon_ros.task.ament_cmake.build:Building ROS package in '/home/robotics/colcon_ws/src/custom_srv_demo' with build type 'ament_cmake'
[0.584s] INFO:colcon.colcon_cmake.task.cmake.build:Building CMake package in '/home/robotics/colcon_ws/src/custom_srv_demo'
[0.584s] INFO:colcon.colcon_core.shell:Skip shell extension 'powershell' for command environment: Not usable outside of PowerShell
[0.584s] DEBUG:colcon.colcon_core.shell:Skip shell extension 'dsv' for command environment
[0.601s] DEBUG:colcon.colcon_core.event_handler.log_command:Invoking command in '/home/robotics/colcon_ws/build/cpp_message_filters_showcase': CMAKE_PREFIX_PATH=${CMAKE_PREFIX_PATH}:/opt/ros/humble /usr/bin/cmake --build /home/robotics/colcon_ws/build/cpp_message_filters_showcase -- -j8 -l8
[0.611s] DEBUG:colcon.colcon_core.event_handler.log_command:Invoking command in '/home/robotics/colcon_ws/build/cpp_parameter_showcase': CMAKE_PREFIX_PATH=${CMAKE_PREFIX_PATH}:/opt/ros/humble /usr/bin/cmake --build /home/robotics/colcon_ws/build/cpp_parameter_showcase -- -j8 -l8
[0.616s] DEBUG:colcon.colcon_core.event_handler.log_command:Invoking command in '/home/robotics/colcon_ws/build/cpp_pubsub': CMAKE_PREFIX_PATH=${CMAKE_PREFIX_PATH}:/opt/ros/humble /usr/bin/cmake --build /home/robotics/colcon_ws/build/cpp_pubsub -- -j8 -l8
[0.618s] DEBUG:colcon.colcon_core.event_handler.log_command:Invoking command in '/home/robotics/colcon_ws/build/cpp_subpub': CMAKE_PREFIX_PATH=${CMAKE_PREFIX_PATH}:/opt/ros/humble /usr/bin/cmake --build /home/robotics/colcon_ws/build/cpp_subpub -- -j8 -l8
[0.625s] DEBUG:colcon.colcon_core.event_handler.log_command:Invoking command in '/home/robotics/colcon_ws/build/cpp_tf_showcase': CMAKE_PREFIX_PATH=${CMAKE_PREFIX_PATH}:/opt/ros/humble /usr/bin/cmake --build /home/robotics/colcon_ws/build/cpp_tf_showcase -- -j8 -l8
[0.627s] DEBUG:colcon.colcon_core.event_handler.log_command:Invoking command in '/home/robotics/colcon_ws/build/cpp_timer_showcase': CMAKE_PREFIX_PATH=${CMAKE_PREFIX_PATH}:/opt/ros/humble /usr/bin/cmake --build /home/robotics/colcon_ws/build/cpp_timer_showcase -- -j8 -l8
[0.632s] DEBUG:colcon.colcon_core.event_handler.log_command:Invoking command in '/home/robotics/colcon_ws/build/custom_msg_demo': CMAKE_PREFIX_PATH=${CMAKE_PREFIX_PATH}:/opt/ros/humble /usr/bin/cmake --build /home/robotics/colcon_ws/build/custom_msg_demo -- -j8 -l8
[0.649s] DEBUG:colcon.colcon_core.event_handler.log_command:Invoking command in '/home/robotics/colcon_ws/build/custom_srv_demo': CMAKE_PREFIX_PATH=${CMAKE_PREFIX_PATH}:/opt/ros/humble /usr/bin/cmake --build /home/robotics/colcon_ws/build/custom_srv_demo -- -j8 -l8
[0.827s] DEBUG:colcon.colcon_core.event_handler.log_command:Invoked command in '/home/robotics/colcon_ws/build/cpp_subpub' returned '0': CMAKE_PREFIX_PATH=${CMAKE_PREFIX_PATH}:/opt/ros/humble /usr/bin/cmake --build /home/robotics/colcon_ws/build/cpp_subpub -- -j8 -l8
[0.884s] DEBUG:colcon.colcon_core.event_handler.log_command:Invoking command in '/home/robotics/colcon_ws/build/cpp_subpub': CMAKE_PREFIX_PATH=${CMAKE_PREFIX_PATH}:/opt/ros/humble /usr/bin/cmake --install /home/robotics/colcon_ws/build/cpp_subpub
[0.897s] DEBUG:colcon.colcon_core.event_handler.log_command:Invoked command in '/home/robotics/colcon_ws/build/cpp_pubsub' returned '0': CMAKE_PREFIX_PATH=${CMAKE_PREFIX_PATH}:/opt/ros/humble /usr/bin/cmake --build /home/robotics/colcon_ws/build/cpp_pubsub -- -j8 -l8
[0.897s] DEBUG:colcon.colcon_core.event_handler.log_command:Invoking command in '/home/robotics/colcon_ws/build/cpp_pubsub': CMAKE_PREFIX_PATH=${CMAKE_PREFIX_PATH}:/opt/ros/humble /usr/bin/cmake --install /home/robotics/colcon_ws/build/cpp_pubsub
[0.934s] Level 1:colcon.colcon_core.environment:create_environment_scripts_only(cpp_subpub)
[0.938s] Level 1:colcon.colcon_core.environment:checking '/home/robotics/colcon_ws/install/cpp_subpub' for CMake module files
[0.948s] DEBUG:colcon.colcon_core.event_handler.log_command:Invoked command in '/home/robotics/colcon_ws/build/cpp_subpub' returned '0': CMAKE_PREFIX_PATH=${CMAKE_PREFIX_PATH}:/opt/ros/humble /usr/bin/cmake --install /home/robotics/colcon_ws/build/cpp_subpub
[0.949s] Level 1:colcon.colcon_core.environment:checking '/home/robotics/colcon_ws/install/cpp_subpub' for CMake config files
[0.949s] Level 1:colcon.colcon_core.shell:create_environment_hook('cpp_subpub', 'cmake_prefix_path')
[0.949s] INFO:colcon.colcon_core.shell:Creating environment hook '/home/robotics/colcon_ws/install/cpp_subpub/share/cpp_subpub/hook/cmake_prefix_path.ps1'
[0.951s] INFO:colcon.colcon_core.shell:Creating environment descriptor '/home/robotics/colcon_ws/install/cpp_subpub/share/cpp_subpub/hook/cmake_prefix_path.dsv'
[0.952s] INFO:colcon.colcon_core.shell:Creating environment hook '/home/robotics/colcon_ws/install/cpp_subpub/share/cpp_subpub/hook/cmake_prefix_path.sh'
[0.953s] Level 1:colcon.colcon_core.environment:checking '/home/robotics/colcon_ws/install/cpp_subpub/lib'
[0.953s] Level 1:colcon.colcon_core.environment:checking '/home/robotics/colcon_ws/install/cpp_subpub/bin'
[0.953s] Level 1:colcon.colcon_core.environment:checking '/home/robotics/colcon_ws/install/cpp_subpub/lib/pkgconfig/cpp_subpub.pc'
[0.973s] Level 1:colcon.colcon_core.environment:checking '/home/robotics/colcon_ws/install/cpp_subpub/lib/python3.10/site-packages'
[0.974s] Level 1:colcon.colcon_core.environment:checking '/home/robotics/colcon_ws/install/cpp_subpub/bin'
[0.975s] INFO:colcon.colcon_core.shell:Creating package script '/home/robotics/colcon_ws/install/cpp_subpub/share/cpp_subpub/package.ps1'
[0.977s] INFO:colcon.colcon_core.shell:Creating package descriptor '/home/robotics/colcon_ws/install/cpp_subpub/share/cpp_subpub/package.dsv'
[0.978s] INFO:colcon.colcon_core.shell:Creating package script '/home/robotics/colcon_ws/install/cpp_subpub/share/cpp_subpub/package.sh'
[0.981s] INFO:colcon.colcon_core.shell:Creating package script '/home/robotics/colcon_ws/install/cpp_subpub/share/cpp_subpub/package.bash'
[0.982s] INFO:colcon.colcon_core.shell:Creating package script '/home/robotics/colcon_ws/install/cpp_subpub/share/cpp_subpub/package.zsh'
[0.984s] Level 1:colcon.colcon_core.environment:create_file_with_runtime_dependencies(/home/robotics/colcon_ws/install/cpp_subpub/share/colcon-core/packages/cpp_subpub)
[0.985s] Level 1:colcon.colcon_core.environment:create_environment_scripts_only(cpp_subpub)
[0.985s] Level 1:colcon.colcon_core.environment:checking '/home/robotics/colcon_ws/install/cpp_subpub' for CMake module files
[0.986s] Level 1:colcon.colcon_core.environment:checking '/home/robotics/colcon_ws/install/cpp_subpub' for CMake config files
[0.986s] Level 1:colcon.colcon_core.shell:create_environment_hook('cpp_subpub', 'cmake_prefix_path')
[0.986s] INFO:colcon.colcon_core.shell:Creating environment hook '/home/robotics/colcon_ws/install/cpp_subpub/share/cpp_subpub/hook/cmake_prefix_path.ps1'
[0.987s] INFO:colcon.colcon_core.shell:Creating environment descriptor '/home/robotics/colcon_ws/install/cpp_subpub/share/cpp_subpub/hook/cmake_prefix_path.dsv'
[0.988s] INFO:colcon.colcon_core.shell:Creating environment hook '/home/robotics/colcon_ws/install/cpp_subpub/share/cpp_subpub/hook/cmake_prefix_path.sh'
[0.989s] Level 1:colcon.colcon_core.environment:checking '/home/robotics/colcon_ws/install/cpp_subpub/lib'
[0.989s] Level 1:colcon.colcon_core.environment:checking '/home/robotics/colcon_ws/install/cpp_subpub/bin'
[0.989s] Level 1:colcon.colcon_core.environment:checking '/home/robotics/colcon_ws/install/cpp_subpub/lib/pkgconfig/cpp_subpub.pc'
[0.989s] Level 1:colcon.colcon_core.environment:checking '/home/robotics/colcon_ws/install/cpp_subpub/lib/python3.10/site-packages'
[0.990s] Level 1:colcon.colcon_core.environment:checking '/home/robotics/colcon_ws/install/cpp_subpub/bin'
[0.990s] INFO:colcon.colcon_core.shell:Creating package script '/home/robotics/colcon_ws/install/cpp_subpub/share/cpp_subpub/package.ps1'
[0.996s] INFO:colcon.colcon_core.shell:Creating package descriptor '/home/robotics/colcon_ws/install/cpp_subpub/share/cpp_subpub/package.dsv'
[0.997s] INFO:colcon.colcon_core.shell:Creating package script '/home/robotics/colcon_ws/install/cpp_subpub/share/cpp_subpub/package.sh'
[0.997s] INFO:colcon.colcon_core.shell:Creating package script '/home/robotics/colcon_ws/install/cpp_subpub/share/cpp_subpub/package.bash'
[0.998s] INFO:colcon.colcon_core.shell:Creating package script '/home/robotics/colcon_ws/install/cpp_subpub/share/cpp_subpub/package.zsh'
[1.003s] Level 1:colcon.colcon_core.environment:create_file_with_runtime_dependencies(/home/robotics/colcon_ws/install/cpp_subpub/share/colcon-core/packages/cpp_subpub)
[1.005s] DEBUG:colcon.colcon_core.event_handler.log_command:Invoked command in '/home/robotics/colcon_ws/build/cpp_tf_showcase' returned '0': CMAKE_PREFIX_PATH=${CMAKE_PREFIX_PATH}:/opt/ros/humble /usr/bin/cmake --build /home/robotics/colcon_ws/build/cpp_tf_showcase -- -j8 -l8
[1.015s] DEBUG:colcon.colcon_core.event_handler.log_command:Invoking command in '/home/robotics/colcon_ws/build/cpp_tf_showcase': CMAKE_PREFIX_PATH=${CMAKE_PREFIX_PATH}:/opt/ros/humble /usr/bin/cmake --install /home/robotics/colcon_ws/build/cpp_tf_showcase
[1.020s] Level 1:colcon.colcon_core.environment:create_environment_scripts_only(cpp_pubsub)
[1.027s] Level 1:colcon.colcon_core.environment:checking '/home/robotics/colcon_ws/install/cpp_pubsub' for CMake module files
[1.029s] Level 1:colcon.colcon_core.environment:checking '/home/robotics/colcon_ws/install/cpp_pubsub' for CMake config files
[1.030s] Level 1:colcon.colcon_core.shell:create_environment_hook('cpp_pubsub', 'cmake_prefix_path')
[1.030s] INFO:colcon.colcon_core.shell:Creating environment hook '/home/robotics/colcon_ws/install/cpp_pubsub/share/cpp_pubsub/hook/cmake_prefix_path.ps1'
[1.027s] DEBUG:colcon.colcon_core.event_handler.log_command:Invoked command in '/home/robotics/colcon_ws/build/cpp_pubsub' returned '0': CMAKE_PREFIX_PATH=${CMAKE_PREFIX_PATH}:/opt/ros/humble /usr/bin/cmake --install /home/robotics/colcon_ws/build/cpp_pubsub
[1.033s] INFO:colcon.colcon_core.shell:Creating environment descriptor '/home/robotics/colcon_ws/install/cpp_pubsub/share/cpp_pubsub/hook/cmake_prefix_path.dsv'
[1.034s] INFO:colcon.colcon_core.shell:Creating environment hook '/home/robotics/colcon_ws/install/cpp_pubsub/share/cpp_pubsub/hook/cmake_prefix_path.sh'
[1.041s] Level 1:colcon.colcon_core.environment:checking '/home/robotics/colcon_ws/install/cpp_pubsub/lib'
[1.041s] Level 1:colcon.colcon_core.environment:checking '/home/robotics/colcon_ws/install/cpp_pubsub/bin'
[1.042s] Level 1:colcon.colcon_core.environment:checking '/home/robotics/colcon_ws/install/cpp_pubsub/lib/pkgconfig/cpp_pubsub.pc'
[1.042s] Level 1:colcon.colcon_core.environment:checking '/home/robotics/colcon_ws/install/cpp_pubsub/lib/python3.10/site-packages'
[1.042s] Level 1:colcon.colcon_core.environment:checking '/home/robotics/colcon_ws/install/cpp_pubsub/bin'
[1.043s] INFO:colcon.colcon_core.shell:Creating package script '/home/robotics/colcon_ws/install/cpp_pubsub/share/cpp_pubsub/package.ps1'
[1.045s] INFO:colcon.colcon_core.shell:Creating package descriptor '/home/robotics/colcon_ws/install/cpp_pubsub/share/cpp_pubsub/package.dsv'
[1.046s] INFO:colcon.colcon_core.shell:Creating package script '/home/robotics/colcon_ws/install/cpp_pubsub/share/cpp_pubsub/package.sh'
[1.053s] INFO:colcon.colcon_core.shell:Creating package script '/home/robotics/colcon_ws/install/cpp_pubsub/share/cpp_pubsub/package.bash'
[1.054s] INFO:colcon.colcon_core.shell:Creating package script '/home/robotics/colcon_ws/install/cpp_pubsub/share/cpp_pubsub/package.zsh'
[1.054s] Level 1:colcon.colcon_core.environment:create_file_with_runtime_dependencies(/home/robotics/colcon_ws/install/cpp_pubsub/share/colcon-core/packages/cpp_pubsub)
[1.055s] Level 1:colcon.colcon_core.environment:create_environment_scripts_only(cpp_pubsub)
[1.055s] Level 1:colcon.colcon_core.environment:checking '/home/robotics/colcon_ws/install/cpp_pubsub' for CMake module files
[1.066s] Level 1:colcon.colcon_core.environment:checking '/home/robotics/colcon_ws/install/cpp_pubsub' for CMake config files
[1.066s] Level 1:colcon.colcon_core.shell:create_environment_hook('cpp_pubsub', 'cmake_prefix_path')
[1.069s] INFO:colcon.colcon_core.shell:Creating environment hook '/home/robotics/colcon_ws/install/cpp_pubsub/share/cpp_pubsub/hook/cmake_prefix_path.ps1'
[1.070s] INFO:colcon.colcon_core.shell:Creating environment descriptor '/home/robotics/colcon_ws/install/cpp_pubsub/share/cpp_pubsub/hook/cmake_prefix_path.dsv'
[1.071s] INFO:colcon.colcon_core.shell:Creating environment hook '/home/robotics/colcon_ws/install/cpp_pubsub/share/cpp_pubsub/hook/cmake_prefix_path.sh'
[1.072s] Level 1:colcon.colcon_core.environment:checking '/home/robotics/colcon_ws/install/cpp_pubsub/lib'
[1.072s] Level 1:colcon.colcon_core.environment:checking '/home/robotics/colcon_ws/install/cpp_pubsub/bin'
[1.072s] Level 1:colcon.colcon_core.environment:checking '/home/robotics/colcon_ws/install/cpp_pubsub/lib/pkgconfig/cpp_pubsub.pc'
[1.072s] Level 1:colcon.colcon_core.environment:checking '/home/robotics/colcon_ws/install/cpp_pubsub/lib/python3.10/site-packages'
[1.073s] Level 1:colcon.colcon_core.environment:checking '/home/robotics/colcon_ws/install/cpp_pubsub/bin'
[1.074s] INFO:colcon.colcon_core.shell:Creating package script '/home/robotics/colcon_ws/install/cpp_pubsub/share/cpp_pubsub/package.ps1'
[1.075s] INFO:colcon.colcon_core.shell:Creating package descriptor '/home/robotics/colcon_ws/install/cpp_pubsub/share/cpp_pubsub/package.dsv'
[1.078s] INFO:colcon.colcon_core.shell:Creating package script '/home/robotics/colcon_ws/install/cpp_pubsub/share/cpp_pubsub/package.sh'
[1.079s] INFO:colcon.colcon_core.shell:Creating package script '/home/robotics/colcon_ws/install/cpp_pubsub/share/cpp_pubsub/package.bash'
[1.080s] INFO:colcon.colcon_core.shell:Creating package script '/home/robotics/colcon_ws/install/cpp_pubsub/share/cpp_pubsub/package.zsh'
[1.081s] Level 1:colcon.colcon_core.environment:create_file_with_runtime_dependencies(/home/robotics/colcon_ws/install/cpp_pubsub/share/colcon-core/packages/cpp_pubsub)
[1.090s] DEBUG:colcon.colcon_core.event_handler.log_command:Invoked command in '/home/robotics/colcon_ws/build/cpp_parameter_showcase' returned '0': CMAKE_PREFIX_PATH=${CMAKE_PREFIX_PATH}:/opt/ros/humble /usr/bin/cmake --build /home/robotics/colcon_ws/build/cpp_parameter_showcase -- -j8 -l8
[1.091s] DEBUG:colcon.colcon_core.event_handler.log_command:Invoking command in '/home/robotics/colcon_ws/build/cpp_parameter_showcase': CMAKE_PREFIX_PATH=${CMAKE_PREFIX_PATH}:/opt/ros/humble /usr/bin/cmake --install /home/robotics/colcon_ws/build/cpp_parameter_showcase
[1.107s] DEBUG:colcon.colcon_core.event_handler.log_command:Invoked command in '/home/robotics/colcon_ws/build/cpp_timer_showcase' returned '0': CMAKE_PREFIX_PATH=${CMAKE_PREFIX_PATH}:/opt/ros/humble /usr/bin/cmake --build /home/robotics/colcon_ws/build/cpp_timer_showcase -- -j8 -l8
[1.107s] DEBUG:colcon.colcon_core.event_handler.log_command:Invoking command in '/home/robotics/colcon_ws/build/cpp_timer_showcase': CMAKE_PREFIX_PATH=${CMAKE_PREFIX_PATH}:/opt/ros/humble /usr/bin/cmake --install /home/robotics/colcon_ws/build/cpp_timer_showcase
[1.112s] Level 1:colcon.colcon_core.environment:create_environment_scripts_only(cpp_tf_showcase)
[1.113s] Level 1:colcon.colcon_core.environment:checking '/home/robotics/colcon_ws/install/cpp_tf_showcase' for CMake module files
[1.114s] Level 1:colcon.colcon_core.environment:checking '/home/robotics/colcon_ws/install/cpp_tf_showcase' for CMake config files
[1.114s] Level 1:colcon.colcon_core.shell:create_environment_hook('cpp_tf_showcase', 'cmake_prefix_path')
[1.113s] DEBUG:colcon.colcon_core.event_handler.log_command:Invoked command in '/home/robotics/colcon_ws/build/cpp_tf_showcase' returned '0': CMAKE_PREFIX_PATH=${CMAKE_PREFIX_PATH}:/opt/ros/humble /usr/bin/cmake --install /home/robotics/colcon_ws/build/cpp_tf_showcase
[1.115s] INFO:colcon.colcon_core.shell:Creating environment hook '/home/robotics/colcon_ws/install/cpp_tf_showcase/share/cpp_tf_showcase/hook/cmake_prefix_path.ps1'
[1.116s] INFO:colcon.colcon_core.shell:Creating environment descriptor '/home/robotics/colcon_ws/install/cpp_tf_showcase/share/cpp_tf_showcase/hook/cmake_prefix_path.dsv'
[1.116s] INFO:colcon.colcon_core.shell:Creating environment hook '/home/robotics/colcon_ws/install/cpp_tf_showcase/share/cpp_tf_showcase/hook/cmake_prefix_path.sh'
[1.117s] Level 1:colcon.colcon_core.environment:checking '/home/robotics/colcon_ws/install/cpp_tf_showcase/lib'
[1.117s] Level 1:colcon.colcon_core.environment:checking '/home/robotics/colcon_ws/install/cpp_tf_showcase/bin'
[1.118s] Level 1:colcon.colcon_core.environment:checking '/home/robotics/colcon_ws/install/cpp_tf_showcase/lib/pkgconfig/cpp_tf_showcase.pc'
[1.118s] Level 1:colcon.colcon_core.environment:checking '/home/robotics/colcon_ws/install/cpp_tf_showcase/lib/python3.10/site-packages'
[1.118s] Level 1:colcon.colcon_core.environment:checking '/home/robotics/colcon_ws/install/cpp_tf_showcase/bin'
[1.119s] INFO:colcon.colcon_core.shell:Creating package script '/home/robotics/colcon_ws/install/cpp_tf_showcase/share/cpp_tf_showcase/package.ps1'
[1.120s] INFO:colcon.colcon_core.shell:Creating package descriptor '/home/robotics/colcon_ws/install/cpp_tf_showcase/share/cpp_tf_showcase/package.dsv'
[1.120s] INFO:colcon.colcon_core.shell:Creating package script '/home/robotics/colcon_ws/install/cpp_tf_showcase/share/cpp_tf_showcase/package.sh'
[1.121s] INFO:colcon.colcon_core.shell:Creating package script '/home/robotics/colcon_ws/install/cpp_tf_showcase/share/cpp_tf_showcase/package.bash'
[1.122s] INFO:colcon.colcon_core.shell:Creating package script '/home/robotics/colcon_ws/install/cpp_tf_showcase/share/cpp_tf_showcase/package.zsh'
[1.123s] Level 1:colcon.colcon_core.environment:create_file_with_runtime_dependencies(/home/robotics/colcon_ws/install/cpp_tf_showcase/share/colcon-core/packages/cpp_tf_showcase)
[1.124s] Level 1:colcon.colcon_core.environment:create_environment_scripts_only(cpp_tf_showcase)
[1.124s] Level 1:colcon.colcon_core.environment:checking '/home/robotics/colcon_ws/install/cpp_tf_showcase' for CMake module files
[1.126s] Level 1:colcon.colcon_core.environment:checking '/home/robotics/colcon_ws/install/cpp_tf_showcase' for CMake config files
[1.127s] Level 1:colcon.colcon_core.shell:create_environment_hook('cpp_tf_showcase', 'cmake_prefix_path')
[1.127s] INFO:colcon.colcon_core.shell:Creating environment hook '/home/robotics/colcon_ws/install/cpp_tf_showcase/share/cpp_tf_showcase/hook/cmake_prefix_path.ps1'
[1.129s] INFO:colcon.colcon_core.shell:Creating environment descriptor '/home/robotics/colcon_ws/install/cpp_tf_showcase/share/cpp_tf_showcase/hook/cmake_prefix_path.dsv'
[1.129s] INFO:colcon.colcon_core.shell:Creating environment hook '/home/robotics/colcon_ws/install/cpp_tf_showcase/share/cpp_tf_showcase/hook/cmake_prefix_path.sh'
[1.131s] Level 1:colcon.colcon_core.environment:checking '/home/robotics/colcon_ws/install/cpp_tf_showcase/lib'
[1.133s] Level 1:colcon.colcon_core.environment:checking '/home/robotics/colcon_ws/install/cpp_tf_showcase/bin'
[1.133s] Level 1:colcon.colcon_core.environment:checking '/home/robotics/colcon_ws/install/cpp_tf_showcase/lib/pkgconfig/cpp_tf_showcase.pc'
[1.134s] Level 1:colcon.colcon_core.environment:checking '/home/robotics/colcon_ws/install/cpp_tf_showcase/lib/python3.10/site-packages'
[1.134s] Level 1:colcon.colcon_core.environment:checking '/home/robotics/colcon_ws/install/cpp_tf_showcase/bin'
[1.135s] INFO:colcon.colcon_core.shell:Creating package script '/home/robotics/colcon_ws/install/cpp_tf_showcase/share/cpp_tf_showcase/package.ps1'
[1.138s] INFO:colcon.colcon_core.shell:Creating package descriptor '/home/robotics/colcon_ws/install/cpp_tf_showcase/share/cpp_tf_showcase/package.dsv'
[1.139s] INFO:colcon.colcon_core.shell:Creating package script '/home/robotics/colcon_ws/install/cpp_tf_showcase/share/cpp_tf_showcase/package.sh'
[1.140s] INFO:colcon.colcon_core.shell:Creating package script '/home/robotics/colcon_ws/install/cpp_tf_showcase/share/cpp_tf_showcase/package.bash'
[1.142s] INFO:colcon.colcon_core.shell:Creating package script '/home/robotics/colcon_ws/install/cpp_tf_showcase/share/cpp_tf_showcase/package.zsh'
[1.143s] Level 1:colcon.colcon_core.environment:create_file_with_runtime_dependencies(/home/robotics/colcon_ws/install/cpp_tf_showcase/share/colcon-core/packages/cpp_tf_showcase)
[1.146s] Level 1:colcon.colcon_core.environment:create_environment_scripts_only(cpp_parameter_showcase)
[1.147s] Level 1:colcon.colcon_core.environment:checking '/home/robotics/colcon_ws/install/cpp_parameter_showcase' for CMake module files
[1.148s] Level 1:colcon.colcon_core.environment:checking '/home/robotics/colcon_ws/install/cpp_parameter_showcase' for CMake config files
[1.149s] Level 1:colcon.colcon_core.shell:create_environment_hook('cpp_parameter_showcase', 'cmake_prefix_path')
[1.149s] INFO:colcon.colcon_core.shell:Creating environment hook '/home/robotics/colcon_ws/install/cpp_parameter_showcase/share/cpp_parameter_showcase/hook/cmake_prefix_path.ps1'
[1.150s] INFO:colcon.colcon_core.shell:Creating environment descriptor '/home/robotics/colcon_ws/install/cpp_parameter_showcase/share/cpp_parameter_showcase/hook/cmake_prefix_path.dsv'
[1.151s] DEBUG:colcon.colcon_core.event_handler.log_command:Invoked command in '/home/robotics/colcon_ws/build/cpp_parameter_showcase' returned '0': CMAKE_PREFIX_PATH=${CMAKE_PREFIX_PATH}:/opt/ros/humble /usr/bin/cmake --install /home/robotics/colcon_ws/build/cpp_parameter_showcase
[1.152s] INFO:colcon.colcon_core.shell:Creating environment hook '/home/robotics/colcon_ws/install/cpp_parameter_showcase/share/cpp_parameter_showcase/hook/cmake_prefix_path.sh'
[1.154s] Level 1:colcon.colcon_core.environment:checking '/home/robotics/colcon_ws/install/cpp_parameter_showcase/lib'
[1.154s] Level 1:colcon.colcon_core.environment:checking '/home/robotics/colcon_ws/install/cpp_parameter_showcase/bin'
[1.154s] Level 1:colcon.colcon_core.environment:checking '/home/robotics/colcon_ws/install/cpp_parameter_showcase/lib/pkgconfig/cpp_parameter_showcase.pc'
[1.154s] Level 1:colcon.colcon_core.environment:checking '/home/robotics/colcon_ws/install/cpp_parameter_showcase/lib/python3.10/site-packages'
[1.155s] Level 1:colcon.colcon_core.environment:checking '/home/robotics/colcon_ws/install/cpp_parameter_showcase/bin'
[1.155s] INFO:colcon.colcon_core.shell:Creating package script '/home/robotics/colcon_ws/install/cpp_parameter_showcase/share/cpp_parameter_showcase/package.ps1'
[1.156s] INFO:colcon.colcon_core.shell:Creating package descriptor '/home/robotics/colcon_ws/install/cpp_parameter_showcase/share/cpp_parameter_showcase/package.dsv'
[1.157s] INFO:colcon.colcon_core.shell:Creating package script '/home/robotics/colcon_ws/install/cpp_parameter_showcase/share/cpp_parameter_showcase/package.sh'
[1.158s] INFO:colcon.colcon_core.shell:Creating package script '/home/robotics/colcon_ws/install/cpp_parameter_showcase/share/cpp_parameter_showcase/package.bash'
[1.159s] INFO:colcon.colcon_core.shell:Creating package script '/home/robotics/colcon_ws/install/cpp_parameter_showcase/share/cpp_parameter_showcase/package.zsh'
[1.162s] Level 1:colcon.colcon_core.environment:create_file_with_runtime_dependencies(/home/robotics/colcon_ws/install/cpp_parameter_showcase/share/colcon-core/packages/cpp_parameter_showcase)
[1.164s] Level 1:colcon.colcon_core.environment:create_environment_scripts_only(cpp_parameter_showcase)
[1.165s] Level 1:colcon.colcon_core.environment:checking '/home/robotics/colcon_ws/install/cpp_parameter_showcase' for CMake module files
[1.165s] Level 1:colcon.colcon_core.environment:checking '/home/robotics/colcon_ws/install/cpp_parameter_showcase' for CMake config files
[1.166s] Level 1:colcon.colcon_core.shell:create_environment_hook('cpp_parameter_showcase', 'cmake_prefix_path')
[1.166s] INFO:colcon.colcon_core.shell:Creating environment hook '/home/robotics/colcon_ws/install/cpp_parameter_showcase/share/cpp_parameter_showcase/hook/cmake_prefix_path.ps1'
[1.167s] INFO:colcon.colcon_core.shell:Creating environment descriptor '/home/robotics/colcon_ws/install/cpp_parameter_showcase/share/cpp_parameter_showcase/hook/cmake_prefix_path.dsv'
[1.168s] INFO:colcon.colcon_core.shell:Creating environment hook '/home/robotics/colcon_ws/install/cpp_parameter_showcase/share/cpp_parameter_showcase/hook/cmake_prefix_path.sh'
[1.169s] Level 1:colcon.colcon_core.environment:checking '/home/robotics/colcon_ws/install/cpp_parameter_showcase/lib'
[1.169s] Level 1:colcon.colcon_core.environment:checking '/home/robotics/colcon_ws/install/cpp_parameter_showcase/bin'
[1.169s] Level 1:colcon.colcon_core.environment:checking '/home/robotics/colcon_ws/install/cpp_parameter_showcase/lib/pkgconfig/cpp_parameter_showcase.pc'
[1.169s] Level 1:colcon.colcon_core.environment:checking '/home/robotics/colcon_ws/install/cpp_parameter_showcase/lib/python3.10/site-packages'
[1.170s] Level 1:colcon.colcon_core.environment:checking '/home/robotics/colcon_ws/install/cpp_parameter_showcase/bin'
[1.170s] INFO:colcon.colcon_core.shell:Creating package script '/home/robotics/colcon_ws/install/cpp_parameter_showcase/share/cpp_parameter_showcase/package.ps1'
[1.171s] INFO:colcon.colcon_core.shell:Creating package descriptor '/home/robotics/colcon_ws/install/cpp_parameter_showcase/share/cpp_parameter_showcase/package.dsv'
[1.172s] INFO:colcon.colcon_core.shell:Creating package script '/home/robotics/colcon_ws/install/cpp_parameter_showcase/share/cpp_parameter_showcase/package.sh'
[1.172s] INFO:colcon.colcon_core.shell:Creating package script '/home/robotics/colcon_ws/install/cpp_parameter_showcase/share/cpp_parameter_showcase/package.bash'
[1.173s] INFO:colcon.colcon_core.shell:Creating package script '/home/robotics/colcon_ws/install/cpp_parameter_showcase/share/cpp_parameter_showcase/package.zsh'
[1.174s] Level 1:colcon.colcon_core.environment:create_file_with_runtime_dependencies(/home/robotics/colcon_ws/install/cpp_parameter_showcase/share/colcon-core/packages/cpp_parameter_showcase)
[1.175s] Level 1:colcon.colcon_core.environment:create_environment_scripts_only(cpp_timer_showcase)
[1.175s] Level 1:colcon.colcon_core.environment:checking '/home/robotics/colcon_ws/install/cpp_timer_showcase' for CMake module files
[1.176s] Level 1:colcon.colcon_core.environment:checking '/home/robotics/colcon_ws/install/cpp_timer_showcase' for CMake config files
[1.177s] Level 1:colcon.colcon_core.shell:create_environment_hook('cpp_timer_showcase', 'cmake_prefix_path')
[1.178s] INFO:colcon.colcon_core.shell:Creating environment hook '/home/robotics/colcon_ws/install/cpp_timer_showcase/share/cpp_timer_showcase/hook/cmake_prefix_path.ps1'
[1.180s] DEBUG:colcon.colcon_core.event_handler.log_command:Invoked command in '/home/robotics/colcon_ws/build/cpp_timer_showcase' returned '0': CMAKE_PREFIX_PATH=${CMAKE_PREFIX_PATH}:/opt/ros/humble /usr/bin/cmake --install /home/robotics/colcon_ws/build/cpp_timer_showcase
[1.180s] INFO:colcon.colcon_core.shell:Creating environment descriptor '/home/robotics/colcon_ws/install/cpp_timer_showcase/share/cpp_timer_showcase/hook/cmake_prefix_path.dsv'
[1.181s] INFO:colcon.colcon_core.shell:Creating environment hook '/home/robotics/colcon_ws/install/cpp_timer_showcase/share/cpp_timer_showcase/hook/cmake_prefix_path.sh'
[1.182s] Level 1:colcon.colcon_core.environment:checking '/home/robotics/colcon_ws/install/cpp_timer_showcase/lib'
[1.182s] Level 1:colcon.colcon_core.environment:checking '/home/robotics/colcon_ws/install/cpp_timer_showcase/bin'
[1.182s] Level 1:colcon.colcon_core.environment:checking '/home/robotics/colcon_ws/install/cpp_timer_showcase/lib/pkgconfig/cpp_timer_showcase.pc'
[1.183s] Level 1:colcon.colcon_core.environment:checking '/home/robotics/colcon_ws/install/cpp_timer_showcase/lib/python3.10/site-packages'
[1.183s] Level 1:colcon.colcon_core.environment:checking '/home/robotics/colcon_ws/install/cpp_timer_showcase/bin'
[1.184s] INFO:colcon.colcon_core.shell:Creating package script '/home/robotics/colcon_ws/install/cpp_timer_showcase/share/cpp_timer_showcase/package.ps1'
[1.184s] INFO:colcon.colcon_core.shell:Creating package descriptor '/home/robotics/colcon_ws/install/cpp_timer_showcase/share/cpp_timer_showcase/package.dsv'
[1.185s] INFO:colcon.colcon_core.shell:Creating package script '/home/robotics/colcon_ws/install/cpp_timer_showcase/share/cpp_timer_showcase/package.sh'
[1.186s] INFO:colcon.colcon_core.shell:Creating package script '/home/robotics/colcon_ws/install/cpp_timer_showcase/share/cpp_timer_showcase/package.bash'
[1.187s] INFO:colcon.colcon_core.shell:Creating package script '/home/robotics/colcon_ws/install/cpp_timer_showcase/share/cpp_timer_showcase/package.zsh'
[1.187s] Level 1:colcon.colcon_core.environment:create_file_with_runtime_dependencies(/home/robotics/colcon_ws/install/cpp_timer_showcase/share/colcon-core/packages/cpp_timer_showcase)
[1.190s] Level 1:colcon.colcon_core.environment:create_environment_scripts_only(cpp_timer_showcase)
[1.190s] Level 1:colcon.colcon_core.environment:checking '/home/robotics/colcon_ws/install/cpp_timer_showcase' for CMake module files
[1.191s] Level 1:colcon.colcon_core.environment:checking '/home/robotics/colcon_ws/install/cpp_timer_showcase' for CMake config files
[1.192s] Level 1:colcon.colcon_core.shell:create_environment_hook('cpp_timer_showcase', 'cmake_prefix_path')
[1.192s] INFO:colcon.colcon_core.shell:Creating environment hook '/home/robotics/colcon_ws/install/cpp_timer_showcase/share/cpp_timer_showcase/hook/cmake_prefix_path.ps1'
[1.193s] INFO:colcon.colcon_core.shell:Creating environment descriptor '/home/robotics/colcon_ws/install/cpp_timer_showcase/share/cpp_timer_showcase/hook/cmake_prefix_path.dsv'
[1.194s] INFO:colcon.colcon_core.shell:Creating environment hook '/home/robotics/colcon_ws/install/cpp_timer_showcase/share/cpp_timer_showcase/hook/cmake_prefix_path.sh'
[1.195s] Level 1:colcon.colcon_core.environment:checking '/home/robotics/colcon_ws/install/cpp_timer_showcase/lib'
[1.195s] Level 1:colcon.colcon_core.environment:checking '/home/robotics/colcon_ws/install/cpp_timer_showcase/bin'
[1.195s] Level 1:colcon.colcon_core.environment:checking '/home/robotics/colcon_ws/install/cpp_timer_showcase/lib/pkgconfig/cpp_timer_showcase.pc'
[1.195s] Level 1:colcon.colcon_core.environment:checking '/home/robotics/colcon_ws/install/cpp_timer_showcase/lib/python3.10/site-packages'
[1.196s] Level 1:colcon.colcon_core.environment:checking '/home/robotics/colcon_ws/install/cpp_timer_showcase/bin'
[1.197s] INFO:colcon.colcon_core.shell:Creating package script '/home/robotics/colcon_ws/install/cpp_timer_showcase/share/cpp_timer_showcase/package.ps1'
[1.198s] INFO:colcon.colcon_core.shell:Creating package descriptor '/home/robotics/colcon_ws/install/cpp_timer_showcase/share/cpp_timer_showcase/package.dsv'
[1.198s] INFO:colcon.colcon_core.shell:Creating package script '/home/robotics/colcon_ws/install/cpp_timer_showcase/share/cpp_timer_showcase/package.sh'
[1.199s] INFO:colcon.colcon_core.shell:Creating package script '/home/robotics/colcon_ws/install/cpp_timer_showcase/share/cpp_timer_showcase/package.bash'
[1.200s] INFO:colcon.colcon_core.shell:Creating package script '/home/robotics/colcon_ws/install/cpp_timer_showcase/share/cpp_timer_showcase/package.zsh'
[1.201s] Level 1:colcon.colcon_core.environment:create_file_with_runtime_dependencies(/home/robotics/colcon_ws/install/cpp_timer_showcase/share/colcon-core/packages/cpp_timer_showcase)
[1.584s] DEBUG:colcon.colcon_core.event_handler.log_command:Invoked command in '/home/robotics/colcon_ws/build/custom_msg_demo' returned '0': CMAKE_PREFIX_PATH=${CMAKE_PREFIX_PATH}:/opt/ros/humble /usr/bin/cmake --build /home/robotics/colcon_ws/build/custom_msg_demo -- -j8 -l8
[1.587s] DEBUG:colcon.colcon_core.event_handler.log_command:Invoking command in '/home/robotics/colcon_ws/build/custom_msg_demo': CMAKE_PREFIX_PATH=${CMAKE_PREFIX_PATH}:/opt/ros/humble /usr/bin/cmake --install /home/robotics/colcon_ws/build/custom_msg_demo
[1.598s] DEBUG:colcon.colcon_core.event_handler.log_command:Invoked command in '/home/robotics/colcon_ws/build/custom_srv_demo' returned '0': CMAKE_PREFIX_PATH=${CMAKE_PREFIX_PATH}:/opt/ros/humble /usr/bin/cmake --build /home/robotics/colcon_ws/build/custom_srv_demo -- -j8 -l8
[1.601s] DEBUG:colcon.colcon_core.event_handler.log_command:Invoking command in '/home/robotics/colcon_ws/build/custom_srv_demo': CMAKE_PREFIX_PATH=${CMAKE_PREFIX_PATH}:/opt/ros/humble /usr/bin/cmake --install /home/robotics/colcon_ws/build/custom_srv_demo
[1.705s] Level 1:colcon.colcon_core.environment:create_environment_scripts_only(custom_msg_demo)
[1.706s] Level 1:colcon.colcon_core.environment:checking '/home/robotics/colcon_ws/install/custom_msg_demo' for CMake module files
[1.710s] Level 1:colcon.colcon_core.environment:checking '/home/robotics/colcon_ws/install/custom_msg_demo' for CMake config files
[1.713s] Level 1:colcon.colcon_core.shell:create_environment_hook('custom_msg_demo', 'cmake_prefix_path')
[1.716s] INFO:colcon.colcon_core.shell:Creating environment hook '/home/robotics/colcon_ws/install/custom_msg_demo/share/custom_msg_demo/hook/cmake_prefix_path.ps1'
[1.716s] DEBUG:colcon.colcon_core.event_handler.log_command:Invoked command in '/home/robotics/colcon_ws/build/custom_msg_demo' returned '0': CMAKE_PREFIX_PATH=${CMAKE_PREFIX_PATH}:/opt/ros/humble /usr/bin/cmake --install /home/robotics/colcon_ws/build/custom_msg_demo
[1.725s] INFO:colcon.colcon_core.shell:Creating environment descriptor '/home/robotics/colcon_ws/install/custom_msg_demo/share/custom_msg_demo/hook/cmake_prefix_path.dsv'
[1.731s] INFO:colcon.colcon_core.shell:Creating environment hook '/home/robotics/colcon_ws/install/custom_msg_demo/share/custom_msg_demo/hook/cmake_prefix_path.sh'
[1.733s] Level 1:colcon.colcon_core.environment:checking '/home/robotics/colcon_ws/install/custom_msg_demo/lib'
[1.733s] Level 1:colcon.colcon_core.shell:create_environment_hook('custom_msg_demo', 'ld_library_path_lib')
[1.733s] INFO:colcon.colcon_core.shell:Creating environment hook '/home/robotics/colcon_ws/install/custom_msg_demo/share/custom_msg_demo/hook/ld_library_path_lib.ps1'
[1.735s] INFO:colcon.colcon_core.shell:Creating environment descriptor '/home/robotics/colcon_ws/install/custom_msg_demo/share/custom_msg_demo/hook/ld_library_path_lib.dsv'
[1.736s] INFO:colcon.colcon_core.shell:Creating environment hook '/home/robotics/colcon_ws/install/custom_msg_demo/share/custom_msg_demo/hook/ld_library_path_lib.sh'
[1.737s] Level 1:colcon.colcon_core.environment:checking '/home/robotics/colcon_ws/install/custom_msg_demo/bin'
[1.737s] Level 1:colcon.colcon_core.environment:checking '/home/robotics/colcon_ws/install/custom_msg_demo/lib/pkgconfig/custom_msg_demo.pc'
[1.737s] Level 1:colcon.colcon_core.environment:checking '/home/robotics/colcon_ws/install/custom_msg_demo/lib/python3.10/site-packages'
[1.738s] Level 1:colcon.colcon_core.environment:checking '/home/robotics/colcon_ws/install/custom_msg_demo/bin'
[1.739s] INFO:colcon.colcon_core.shell:Creating package script '/home/robotics/colcon_ws/install/custom_msg_demo/share/custom_msg_demo/package.ps1'
[1.740s] INFO:colcon.colcon_core.shell:Creating package descriptor '/home/robotics/colcon_ws/install/custom_msg_demo/share/custom_msg_demo/package.dsv'
[1.741s] INFO:colcon.colcon_core.shell:Creating package script '/home/robotics/colcon_ws/install/custom_msg_demo/share/custom_msg_demo/package.sh'
[1.744s] INFO:colcon.colcon_core.shell:Creating package script '/home/robotics/colcon_ws/install/custom_msg_demo/share/custom_msg_demo/package.bash'
[1.746s] INFO:colcon.colcon_core.shell:Creating package script '/home/robotics/colcon_ws/install/custom_msg_demo/share/custom_msg_demo/package.zsh'
[1.747s] Level 1:colcon.colcon_core.environment:create_file_with_runtime_dependencies(/home/robotics/colcon_ws/install/custom_msg_demo/share/colcon-core/packages/custom_msg_demo)
[1.748s] Level 1:colcon.colcon_core.environment:create_environment_scripts_only(custom_msg_demo)
[1.749s] Level 1:colcon.colcon_core.environment:checking '/home/robotics/colcon_ws/install/custom_msg_demo' for CMake module files
[1.750s] Level 1:colcon.colcon_core.environment:checking '/home/robotics/colcon_ws/install/custom_msg_demo' for CMake config files
[1.750s] Level 1:colcon.colcon_core.shell:create_environment_hook('custom_msg_demo', 'cmake_prefix_path')
[1.751s] INFO:colcon.colcon_core.shell:Creating environment hook '/home/robotics/colcon_ws/install/custom_msg_demo/share/custom_msg_demo/hook/cmake_prefix_path.ps1'
[1.752s] INFO:colcon.colcon_core.shell:Creating environment descriptor '/home/robotics/colcon_ws/install/custom_msg_demo/share/custom_msg_demo/hook/cmake_prefix_path.dsv'
[1.753s] INFO:colcon.colcon_core.shell:Creating environment hook '/home/robotics/colcon_ws/install/custom_msg_demo/share/custom_msg_demo/hook/cmake_prefix_path.sh'
[1.754s] Level 1:colcon.colcon_core.environment:checking '/home/robotics/colcon_ws/install/custom_msg_demo/lib'
[1.754s] Level 1:colcon.colcon_core.shell:create_environment_hook('custom_msg_demo', 'ld_library_path_lib')
[1.754s] INFO:colcon.colcon_core.shell:Creating environment hook '/home/robotics/colcon_ws/install/custom_msg_demo/share/custom_msg_demo/hook/ld_library_path_lib.ps1'
[1.755s] INFO:colcon.colcon_core.shell:Creating environment descriptor '/home/robotics/colcon_ws/install/custom_msg_demo/share/custom_msg_demo/hook/ld_library_path_lib.dsv'
[1.756s] INFO:colcon.colcon_core.shell:Creating environment hook '/home/robotics/colcon_ws/install/custom_msg_demo/share/custom_msg_demo/hook/ld_library_path_lib.sh'
[1.756s] Level 1:colcon.colcon_core.environment:checking '/home/robotics/colcon_ws/install/custom_msg_demo/bin'
[1.756s] Level 1:colcon.colcon_core.environment:checking '/home/robotics/colcon_ws/install/custom_msg_demo/lib/pkgconfig/custom_msg_demo.pc'
[1.757s] Level 1:colcon.colcon_core.environment:checking '/home/robotics/colcon_ws/install/custom_msg_demo/lib/python3.10/site-packages'
[1.757s] Level 1:colcon.colcon_core.environment:checking '/home/robotics/colcon_ws/install/custom_msg_demo/bin'
[1.758s] INFO:colcon.colcon_core.shell:Creating package script '/home/robotics/colcon_ws/install/custom_msg_demo/share/custom_msg_demo/package.ps1'
[1.758s] INFO:colcon.colcon_core.shell:Creating package descriptor '/home/robotics/colcon_ws/install/custom_msg_demo/share/custom_msg_demo/package.dsv'
[1.759s] INFO:colcon.colcon_core.shell:Creating package script '/home/robotics/colcon_ws/install/custom_msg_demo/share/custom_msg_demo/package.sh'
[1.760s] INFO:colcon.colcon_core.shell:Creating package script '/home/robotics/colcon_ws/install/custom_msg_demo/share/custom_msg_demo/package.bash'
[1.761s] INFO:colcon.colcon_core.shell:Creating package script '/home/robotics/colcon_ws/install/custom_msg_demo/share/custom_msg_demo/package.zsh'
[1.763s] Level 1:colcon.colcon_core.environment:create_file_with_runtime_dependencies(/home/robotics/colcon_ws/install/custom_msg_demo/share/colcon-core/packages/custom_msg_demo)
[1.768s] Level 1:colcon.colcon_core.environment:create_environment_scripts_only(custom_srv_demo)
[1.769s] Level 1:colcon.colcon_core.environment:checking '/home/robotics/colcon_ws/install/custom_srv_demo' for CMake module files
[1.770s] DEBUG:colcon.colcon_core.event_handler.log_command:Invoked command in '/home/robotics/colcon_ws/build/custom_srv_demo' returned '0': CMAKE_PREFIX_PATH=${CMAKE_PREFIX_PATH}:/opt/ros/humble /usr/bin/cmake --install /home/robotics/colcon_ws/build/custom_srv_demo
[1.771s] Level 1:colcon.colcon_core.environment:checking '/home/robotics/colcon_ws/install/custom_srv_demo' for CMake config files
[1.772s] Level 1:colcon.colcon_core.shell:create_environment_hook('custom_srv_demo', 'cmake_prefix_path')
[1.772s] INFO:colcon.colcon_core.shell:Creating environment hook '/home/robotics/colcon_ws/install/custom_srv_demo/share/custom_srv_demo/hook/cmake_prefix_path.ps1'
[1.773s] INFO:colcon.colcon_core.shell:Creating environment descriptor '/home/robotics/colcon_ws/install/custom_srv_demo/share/custom_srv_demo/hook/cmake_prefix_path.dsv'
[1.773s] INFO:colcon.colcon_core.shell:Creating environment hook '/home/robotics/colcon_ws/install/custom_srv_demo/share/custom_srv_demo/hook/cmake_prefix_path.sh'
[1.774s] Level 1:colcon.colcon_core.environment:checking '/home/robotics/colcon_ws/install/custom_srv_demo/lib'
[1.774s] Level 1:colcon.colcon_core.shell:create_environment_hook('custom_srv_demo', 'ld_library_path_lib')
[1.774s] INFO:colcon.colcon_core.shell:Creating environment hook '/home/robotics/colcon_ws/install/custom_srv_demo/share/custom_srv_demo/hook/ld_library_path_lib.ps1'
[1.776s] INFO:colcon.colcon_core.shell:Creating environment descriptor '/home/robotics/colcon_ws/install/custom_srv_demo/share/custom_srv_demo/hook/ld_library_path_lib.dsv'
[1.777s] INFO:colcon.colcon_core.shell:Creating environment hook '/home/robotics/colcon_ws/install/custom_srv_demo/share/custom_srv_demo/hook/ld_library_path_lib.sh'
[1.778s] Level 1:colcon.colcon_core.environment:checking '/home/robotics/colcon_ws/install/custom_srv_demo/bin'
[1.779s] Level 1:colcon.colcon_core.environment:checking '/home/robotics/colcon_ws/install/custom_srv_demo/lib/pkgconfig/custom_srv_demo.pc'
[1.779s] Level 1:colcon.colcon_core.environment:checking '/home/robotics/colcon_ws/install/custom_srv_demo/lib/python3.10/site-packages'
[1.780s] Level 1:colcon.colcon_core.environment:checking '/home/robotics/colcon_ws/install/custom_srv_demo/bin'
[1.781s] INFO:colcon.colcon_core.shell:Creating package script '/home/robotics/colcon_ws/install/custom_srv_demo/share/custom_srv_demo/package.ps1'
[1.781s] INFO:colcon.colcon_core.shell:Creating package descriptor '/home/robotics/colcon_ws/install/custom_srv_demo/share/custom_srv_demo/package.dsv'
[1.782s] INFO:colcon.colcon_core.shell:Creating package script '/home/robotics/colcon_ws/install/custom_srv_demo/share/custom_srv_demo/package.sh'
[1.783s] INFO:colcon.colcon_core.shell:Creating package script '/home/robotics/colcon_ws/install/custom_srv_demo/share/custom_srv_demo/package.bash'
[1.783s] INFO:colcon.colcon_core.shell:Creating package script '/home/robotics/colcon_ws/install/custom_srv_demo/share/custom_srv_demo/package.zsh'
[1.784s] Level 1:colcon.colcon_core.environment:create_file_with_runtime_dependencies(/home/robotics/colcon_ws/install/custom_srv_demo/share/colcon-core/packages/custom_srv_demo)
[1.784s] Level 1:colcon.colcon_core.environment:create_environment_scripts_only(custom_srv_demo)
[1.785s] Level 1:colcon.colcon_core.environment:checking '/home/robotics/colcon_ws/install/custom_srv_demo' for CMake module files
[1.785s] Level 1:colcon.colcon_core.environment:checking '/home/robotics/colcon_ws/install/custom_srv_demo' for CMake config files
[1.786s] Level 1:colcon.colcon_core.shell:create_environment_hook('custom_srv_demo', 'cmake_prefix_path')
[1.786s] INFO:colcon.colcon_core.shell:Creating environment hook '/home/robotics/colcon_ws/install/custom_srv_demo/share/custom_srv_demo/hook/cmake_prefix_path.ps1'
[1.787s] INFO:colcon.colcon_core.shell:Creating environment descriptor '/home/robotics/colcon_ws/install/custom_srv_demo/share/custom_srv_demo/hook/cmake_prefix_path.dsv'
[1.787s] INFO:colcon.colcon_core.shell:Creating environment hook '/home/robotics/colcon_ws/install/custom_srv_demo/share/custom_srv_demo/hook/cmake_prefix_path.sh'
[1.788s] Level 1:colcon.colcon_core.environment:checking '/home/robotics/colcon_ws/install/custom_srv_demo/lib'
[1.789s] Level 1:colcon.colcon_core.shell:create_environment_hook('custom_srv_demo', 'ld_library_path_lib')
[1.789s] INFO:colcon.colcon_core.shell:Creating environment hook '/home/robotics/colcon_ws/install/custom_srv_demo/share/custom_srv_demo/hook/ld_library_path_lib.ps1'
[1.790s] INFO:colcon.colcon_core.shell:Creating environment descriptor '/home/robotics/colcon_ws/install/custom_srv_demo/share/custom_srv_demo/hook/ld_library_path_lib.dsv'
[1.791s] INFO:colcon.colcon_core.shell:Creating environment hook '/home/robotics/colcon_ws/install/custom_srv_demo/share/custom_srv_demo/hook/ld_library_path_lib.sh'
[1.791s] Level 1:colcon.colcon_core.environment:checking '/home/robotics/colcon_ws/install/custom_srv_demo/bin'
[1.792s] Level 1:colcon.colcon_core.environment:checking '/home/robotics/colcon_ws/install/custom_srv_demo/lib/pkgconfig/custom_srv_demo.pc'
[1.792s] Level 1:colcon.colcon_core.environment:checking '/home/robotics/colcon_ws/install/custom_srv_demo/lib/python3.10/site-packages'
[1.793s] Level 1:colcon.colcon_core.environment:checking '/home/robotics/colcon_ws/install/custom_srv_demo/bin'
[1.794s] INFO:colcon.colcon_core.shell:Creating package script '/home/robotics/colcon_ws/install/custom_srv_demo/share/custom_srv_demo/package.ps1'
[1.796s] INFO:colcon.colcon_core.shell:Creating package descriptor '/home/robotics/colcon_ws/install/custom_srv_demo/share/custom_srv_demo/package.dsv'
[1.797s] INFO:colcon.colcon_core.shell:Creating package script '/home/robotics/colcon_ws/install/custom_srv_demo/share/custom_srv_demo/package.sh'
[1.798s] INFO:colcon.colcon_core.shell:Creating package script '/home/robotics/colcon_ws/install/custom_srv_demo/share/custom_srv_demo/package.bash'
[1.799s] INFO:colcon.colcon_core.shell:Creating package script '/home/robotics/colcon_ws/install/custom_srv_demo/share/custom_srv_demo/package.zsh'
[1.800s] Level 1:colcon.colcon_core.environment:create_file_with_runtime_dependencies(/home/robotics/colcon_ws/install/custom_srv_demo/share/colcon-core/packages/custom_srv_demo)
[25.927s] DEBUG:colcon.colcon_core.event_handler.log_command:Invoked command in '/home/robotics/colcon_ws/build/cpp_message_filters_showcase' returned '0': CMAKE_PREFIX_PATH=${CMAKE_PREFIX_PATH}:/opt/ros/humble /usr/bin/cmake --build /home/robotics/colcon_ws/build/cpp_message_filters_showcase -- -j8 -l8
[25.935s] DEBUG:colcon.colcon_core.event_handler.log_command:Invoking command in '/home/robotics/colcon_ws/build/cpp_message_filters_showcase': CMAKE_PREFIX_PATH=${CMAKE_PREFIX_PATH}:/opt/ros/humble /usr/bin/cmake --install /home/robotics/colcon_ws/build/cpp_message_filters_showcase
[25.973s] Level 1:colcon.colcon_core.environment:create_environment_scripts_only(cpp_message_filters_showcase)
[25.974s] DEBUG:colcon.colcon_core.event_handler.log_command:Invoked command in '/home/robotics/colcon_ws/build/cpp_message_filters_showcase' returned '0': CMAKE_PREFIX_PATH=${CMAKE_PREFIX_PATH}:/opt/ros/humble /usr/bin/cmake --install /home/robotics/colcon_ws/build/cpp_message_filters_showcase
[25.975s] Level 1:colcon.colcon_core.environment:checking '/home/robotics/colcon_ws/install/cpp_message_filters_showcase' for CMake module files
[25.976s] Level 1:colcon.colcon_core.environment:checking '/home/robotics/colcon_ws/install/cpp_message_filters_showcase' for CMake config files
[25.977s] Level 1:colcon.colcon_core.shell:create_environment_hook('cpp_message_filters_showcase', 'cmake_prefix_path')
[25.977s] INFO:colcon.colcon_core.shell:Creating environment hook '/home/robotics/colcon_ws/install/cpp_message_filters_showcase/share/cpp_message_filters_showcase/hook/cmake_prefix_path.ps1'
[25.979s] INFO:colcon.colcon_core.shell:Creating environment descriptor '/home/robotics/colcon_ws/install/cpp_message_filters_showcase/share/cpp_message_filters_showcase/hook/cmake_prefix_path.dsv'
[25.980s] INFO:colcon.colcon_core.shell:Creating environment hook '/home/robotics/colcon_ws/install/cpp_message_filters_showcase/share/cpp_message_filters_showcase/hook/cmake_prefix_path.sh'
[25.981s] Level 1:colcon.colcon_core.environment:checking '/home/robotics/colcon_ws/install/cpp_message_filters_showcase/lib'
[25.981s] Level 1:colcon.colcon_core.environment:checking '/home/robotics/colcon_ws/install/cpp_message_filters_showcase/bin'
[25.981s] Level 1:colcon.colcon_core.environment:checking '/home/robotics/colcon_ws/install/cpp_message_filters_showcase/lib/pkgconfig/cpp_message_filters_showcase.pc'
[25.982s] Level 1:colcon.colcon_core.environment:checking '/home/robotics/colcon_ws/install/cpp_message_filters_showcase/lib/python3.10/site-packages'
[25.982s] Level 1:colcon.colcon_core.environment:checking '/home/robotics/colcon_ws/install/cpp_message_filters_showcase/bin'
[25.983s] INFO:colcon.colcon_core.shell:Creating package script '/home/robotics/colcon_ws/install/cpp_message_filters_showcase/share/cpp_message_filters_showcase/package.ps1'
[25.985s] INFO:colcon.colcon_core.shell:Creating package descriptor '/home/robotics/colcon_ws/install/cpp_message_filters_showcase/share/cpp_message_filters_showcase/package.dsv'
[25.985s] INFO:colcon.colcon_core.shell:Creating package script '/home/robotics/colcon_ws/install/cpp_message_filters_showcase/share/cpp_message_filters_showcase/package.sh'
[25.986s] INFO:colcon.colcon_core.shell:Creating package script '/home/robotics/colcon_ws/install/cpp_message_filters_showcase/share/cpp_message_filters_showcase/package.bash'
[25.989s] INFO:colcon.colcon_core.shell:Creating package script '/home/robotics/colcon_ws/install/cpp_message_filters_showcase/share/cpp_message_filters_showcase/package.zsh'
[25.991s] Level 1:colcon.colcon_core.environment:create_file_with_runtime_dependencies(/home/robotics/colcon_ws/install/cpp_message_filters_showcase/share/colcon-core/packages/cpp_message_filters_showcase)
[25.992s] Level 1:colcon.colcon_core.environment:create_environment_scripts_only(cpp_message_filters_showcase)
[25.993s] Level 1:colcon.colcon_core.environment:checking '/home/robotics/colcon_ws/install/cpp_message_filters_showcase' for CMake module files
[25.993s] Level 1:colcon.colcon_core.environment:checking '/home/robotics/colcon_ws/install/cpp_message_filters_showcase' for CMake config files
[25.994s] Level 1:colcon.colcon_core.shell:create_environment_hook('cpp_message_filters_showcase', 'cmake_prefix_path')
[25.994s] INFO:colcon.colcon_core.shell:Creating environment hook '/home/robotics/colcon_ws/install/cpp_message_filters_showcase/share/cpp_message_filters_showcase/hook/cmake_prefix_path.ps1'
[25.995s] INFO:colcon.colcon_core.shell:Creating environment descriptor '/home/robotics/colcon_ws/install/cpp_message_filters_showcase/share/cpp_message_filters_showcase/hook/cmake_prefix_path.dsv'
[25.995s] INFO:colcon.colcon_core.shell:Creating environment hook '/home/robotics/colcon_ws/install/cpp_message_filters_showcase/share/cpp_message_filters_showcase/hook/cmake_prefix_path.sh'
[25.996s] Level 1:colcon.colcon_core.environment:checking '/home/robotics/colcon_ws/install/cpp_message_filters_showcase/lib'
[25.996s] Level 1:colcon.colcon_core.environment:checking '/home/robotics/colcon_ws/install/cpp_message_filters_showcase/bin'
[25.996s] Level 1:colcon.colcon_core.environment:checking '/home/robotics/colcon_ws/install/cpp_message_filters_showcase/lib/pkgconfig/cpp_message_filters_showcase.pc'
[25.997s] Level 1:colcon.colcon_core.environment:checking '/home/robotics/colcon_ws/install/cpp_message_filters_showcase/lib/python3.10/site-packages'
[25.997s] Level 1:colcon.colcon_core.environment:checking '/home/robotics/colcon_ws/install/cpp_message_filters_showcase/bin'
[25.997s] INFO:colcon.colcon_core.shell:Creating package script '/home/robotics/colcon_ws/install/cpp_message_filters_showcase/share/cpp_message_filters_showcase/package.ps1'
[25.998s] INFO:colcon.colcon_core.shell:Creating package descriptor '/home/robotics/colcon_ws/install/cpp_message_filters_showcase/share/cpp_message_filters_showcase/package.dsv'
[25.998s] INFO:colcon.colcon_core.shell:Creating package script '/home/robotics/colcon_ws/install/cpp_message_filters_showcase/share/cpp_message_filters_showcase/package.sh'
[25.999s] INFO:colcon.colcon_core.shell:Creating package script '/home/robotics/colcon_ws/install/cpp_message_filters_showcase/share/cpp_message_filters_showcase/package.bash'
[26.000s] INFO:colcon.colcon_core.shell:Creating package script '/home/robotics/colcon_ws/install/cpp_message_filters_showcase/share/cpp_message_filters_showcase/package.zsh'
[26.001s] Level 1:colcon.colcon_core.environment:create_file_with_runtime_dependencies(/home/robotics/colcon_ws/install/cpp_message_filters_showcase/share/colcon-core/packages/cpp_message_filters_showcase)
[26.001s] DEBUG:colcon.colcon_parallel_executor.executor.parallel:closing loop
[26.002s] DEBUG:colcon.colcon_parallel_executor.executor.parallel:loop closed
[26.002s] DEBUG:colcon.colcon_parallel_executor.executor.parallel:run_until_complete finished with '0'
[26.003s] DEBUG:colcon.colcon_core.event_reactor:joining thread
[26.025s] INFO:colcon.colcon_core.plugin_system:Skipping extension 'colcon_notification.desktop_notification.notify_send': Could not find 'notify-send'
[26.025s] INFO:colcon.colcon_core.plugin_system:Skipping extension 'colcon_notification.desktop_notification.terminal_notifier': Not used on non-Darwin systems
[26.026s] INFO:colcon.colcon_core.plugin_system:Skipping extension 'colcon_notification.desktop_notification.win32': Not used on non-Windows systems
[26.026s] INFO:colcon.colcon_notification.desktop_notification:Sending desktop notification using 'notify2'
[26.030s] DEBUG:colcon.colcon_notification.desktop_notification.notify2:Failed to initialize notify2: org.freedesktop.DBus.Error.Spawn.ExecFailed: /usr/bin/dbus-launch terminated abnormally without any error message
[26.031s] DEBUG:colcon.colcon_core.event_reactor:joined thread
[26.032s] INFO:colcon.colcon_core.shell:Creating prefix script '/home/robotics/colcon_ws/install/local_setup.ps1'
[26.035s] INFO:colcon.colcon_core.shell:Creating prefix util module '/home/robotics/colcon_ws/install/_local_setup_util_ps1.py'
[26.037s] INFO:colcon.colcon_core.shell:Creating prefix chain script '/home/robotics/colcon_ws/install/setup.ps1'
[26.039s] INFO:colcon.colcon_core.shell:Creating prefix script '/home/robotics/colcon_ws/install/local_setup.sh'
[26.040s] INFO:colcon.colcon_core.shell:Creating prefix util module '/home/robotics/colcon_ws/install/_local_setup_util_sh.py'
[26.041s] INFO:colcon.colcon_core.shell:Creating prefix chain script '/home/robotics/colcon_ws/install/setup.sh'
[26.043s] INFO:colcon.colcon_core.shell:Creating prefix script '/home/robotics/colcon_ws/install/local_setup.bash'
[26.044s] INFO:colcon.colcon_core.shell:Creating prefix chain script '/home/robotics/colcon_ws/install/setup.bash'
[26.046s] INFO:colcon.colcon_core.shell:Creating prefix script '/home/robotics/colcon_ws/install/local_setup.zsh'
[26.047s] INFO:colcon.colcon_core.shell:Creating prefix chain script '/home/robotics/colcon_ws/install/setup.zsh'
