[ 33%] Built target turtle_tf_broadcaster
[ 66%] Built target tf_lookup_demo
[100%] Built target sensor_static_tf_broadcaster
-- Install configuration: ""
-- Up-to-date: /home/robotics/colcon_ws/install/cpp_tf_showcase/lib/cpp_tf_showcase/turtle_tf_broadcaster
-- Up-to-date: /home/robotics/colcon_ws/install/cpp_tf_showcase/lib/cpp_tf_showcase/sensor_static_tf_broadcaster
-- Up-to-date: /home/robotics/colcon_ws/install/cpp_tf_showcase/lib/cpp_tf_showcase/tf_lookup_demo
-- Up-to-date: /home/robotics/colcon_ws/install/cpp_tf_showcase/share/cpp_tf_showcase/launch
-- Up-to-date: /home/robotics/colcon_ws/install/cpp_tf_showcase/share/cpp_tf_showcase/launch/tf_showcase.launch.py
-- Up-to-date: /home/robotics/colcon_ws/install/cpp_tf_showcase/share/cpp_tf_showcase/launch/tf_showcase.launch.py:Zone.Identifier
-- Up-to-date: /home/robotics/colcon_ws/install/cpp_tf_showcase/share/cpp_tf_showcase/launch/tf_showcase2.launch.py:Zone.Identifier
-- Up-to-date: /home/robotics/colcon_ws/install/cpp_tf_showcase/share/cpp_tf_showcase/launch/tf_showcase2.launch.py
-- Up-to-date: /home/robotics/colcon_ws/install/cpp_tf_showcase/share/ament_index/resource_index/package_run_dependencies/cpp_tf_showcase
-- Up-to-date: /home/robotics/colcon_ws/install/cpp_tf_showcase/share/ament_index/resource_index/parent_prefix_path/cpp_tf_showcase
-- Up-to-date: /home/robotics/colcon_ws/install/cpp_tf_showcase/share/cpp_tf_showcase/environment/ament_prefix_path.sh
-- Up-to-date: /home/robotics/colcon_ws/install/cpp_tf_showcase/share/cpp_tf_showcase/environment/ament_prefix_path.dsv
-- Up-to-date: /home/robotics/colcon_ws/install/cpp_tf_showcase/share/cpp_tf_showcase/environment/path.sh
-- Up-to-date: /home/robotics/colcon_ws/install/cpp_tf_showcase/share/cpp_tf_showcase/environment/path.dsv
-- Up-to-date: /home/robotics/colcon_ws/install/cpp_tf_showcase/share/cpp_tf_showcase/local_setup.bash
-- Up-to-date: /home/robotics/colcon_ws/install/cpp_tf_showcase/share/cpp_tf_showcase/local_setup.sh
-- Up-to-date: /home/robotics/colcon_ws/install/cpp_tf_showcase/share/cpp_tf_showcase/local_setup.zsh
-- Up-to-date: /home/robotics/colcon_ws/install/cpp_tf_showcase/share/cpp_tf_showcase/local_setup.dsv
-- Installing: /home/robotics/colcon_ws/install/cpp_tf_showcase/share/cpp_tf_showcase/package.dsv
-- Up-to-date: /home/robotics/colcon_ws/install/cpp_tf_showcase/share/ament_index/resource_index/packages/cpp_tf_showcase
-- Up-to-date: /home/robotics/colcon_ws/install/cpp_tf_showcase/share/cpp_tf_showcase/cmake/cpp_tf_showcaseConfig.cmake
-- Up-to-date: /home/robotics/colcon_ws/install/cpp_tf_showcase/share/cpp_tf_showcase/cmake/cpp_tf_showcaseConfig-version.cmake
-- Up-to-date: /home/robotics/colcon_ws/install/cpp_tf_showcase/share/cpp_tf_showcase/package.xml
