[0.058s] Invoking command in '/home/robotics/colcon_ws/build/cpp_parameter_showcase': CMAKE_PREFIX_PATH=${CMAKE_PREFIX_PATH}:/opt/ros/humble /usr/bin/cmake --build /home/robotics/colcon_ws/build/cpp_parameter_showcase -- -j8 -l8
[0.182s] [ 20%] Built target parameter_monitor_node
[0.182s] [ 60%] Built target validated_parameters_node
[0.182s] [ 60%] Built target flexible_parameters_node
[0.182s] [ 80%] Built target basic_parameters_node
[0.183s] [100%] Built target local_only_parameters_node
[0.221s] Invoked command in '/home/robotics/colcon_ws/build/cpp_parameter_showcase' returned '0': CMAKE_PREFIX_PATH=${CMAKE_PREFIX_PATH}:/opt/ros/humble /usr/bin/cmake --build /home/robotics/colcon_ws/build/cpp_parameter_showcase -- -j8 -l8
[0.240s] Invoking command in '/home/robotics/colcon_ws/build/cpp_parameter_showcase': CMAKE_PREFIX_PATH=${CMAKE_PREFIX_PATH}:/opt/ros/humble /usr/bin/cmake --install /home/robotics/colcon_ws/build/cpp_parameter_showcase
[0.258s] -- Install configuration: ""
[0.258s] -- Up-to-date: /home/robotics/colcon_ws/install/cpp_parameter_showcase/lib/cpp_parameter_showcase/basic_parameters_node
[0.258s] -- Up-to-date: /home/robotics/colcon_ws/install/cpp_parameter_showcase/lib/cpp_parameter_showcase/validated_parameters_node
[0.259s] -- Up-to-date: /home/robotics/colcon_ws/install/cpp_parameter_showcase/lib/cpp_parameter_showcase/parameter_monitor_node
[0.259s] -- Up-to-date: /home/robotics/colcon_ws/install/cpp_parameter_showcase/lib/cpp_parameter_showcase/flexible_parameters_node
[0.259s] -- Up-to-date: /home/robotics/colcon_ws/install/cpp_parameter_showcase/lib/cpp_parameter_showcase/local_only_parameters_node
[0.259s] -- Up-to-date: /home/robotics/colcon_ws/install/cpp_parameter_showcase/share/cpp_parameter_showcase/launch
[0.259s] -- Up-to-date: /home/robotics/colcon_ws/install/cpp_parameter_showcase/share/cpp_parameter_showcase/launch/parameter_showcase.launch.py:Zone.Identifier
[0.259s] -- Up-to-date: /home/robotics/colcon_ws/install/cpp_parameter_showcase/share/cpp_parameter_showcase/launch/parameter_showcase.launch.py
[0.259s] -- Up-to-date: /home/robotics/colcon_ws/install/cpp_parameter_showcase/share/cpp_parameter_showcase/config
[0.259s] -- Up-to-date: /home/robotics/colcon_ws/install/cpp_parameter_showcase/share/cpp_parameter_showcase/config/demo_params.yaml:Zone.Identifier
[0.259s] -- Up-to-date: /home/robotics/colcon_ws/install/cpp_parameter_showcase/share/cpp_parameter_showcase/config/demo_params.yaml
[0.259s] -- Up-to-date: /home/robotics/colcon_ws/install/cpp_parameter_showcase/share/ament_index/resource_index/package_run_dependencies/cpp_parameter_showcase
[0.259s] -- Up-to-date: /home/robotics/colcon_ws/install/cpp_parameter_showcase/share/ament_index/resource_index/parent_prefix_path/cpp_parameter_showcase
[0.259s] -- Up-to-date: /home/robotics/colcon_ws/install/cpp_parameter_showcase/share/cpp_parameter_showcase/environment/ament_prefix_path.sh
[0.260s] -- Up-to-date: /home/robotics/colcon_ws/install/cpp_parameter_showcase/share/cpp_parameter_showcase/environment/ament_prefix_path.dsv
[0.260s] -- Up-to-date: /home/robotics/colcon_ws/install/cpp_parameter_showcase/share/cpp_parameter_showcase/environment/path.sh
[0.260s] -- Up-to-date: /home/robotics/colcon_ws/install/cpp_parameter_showcase/share/cpp_parameter_showcase/environment/path.dsv
[0.260s] -- Up-to-date: /home/robotics/colcon_ws/install/cpp_parameter_showcase/share/cpp_parameter_showcase/local_setup.bash
[0.260s] -- Up-to-date: /home/robotics/colcon_ws/install/cpp_parameter_showcase/share/cpp_parameter_showcase/local_setup.sh
[0.260s] -- Up-to-date: /home/robotics/colcon_ws/install/cpp_parameter_showcase/share/cpp_parameter_showcase/local_setup.zsh
[0.260s] -- Up-to-date: /home/robotics/colcon_ws/install/cpp_parameter_showcase/share/cpp_parameter_showcase/local_setup.dsv
[0.260s] -- Installing: /home/robotics/colcon_ws/install/cpp_parameter_showcase/share/cpp_parameter_showcase/package.dsv
[0.260s] -- Up-to-date: /home/robotics/colcon_ws/install/cpp_parameter_showcase/share/ament_index/resource_index/packages/cpp_parameter_showcase
[0.260s] -- Up-to-date: /home/robotics/colcon_ws/install/cpp_parameter_showcase/share/cpp_parameter_showcase/cmake/cpp_parameter_showcaseConfig.cmake
[0.260s] -- Up-to-date: /home/robotics/colcon_ws/install/cpp_parameter_showcase/share/cpp_parameter_showcase/cmake/cpp_parameter_showcaseConfig-version.cmake
[0.260s] -- Up-to-date: /home/robotics/colcon_ws/install/cpp_parameter_showcase/share/cpp_parameter_showcase/package.xml
[0.269s] Invoked command in '/home/robotics/colcon_ws/build/cpp_parameter_showcase' returned '0': CMAKE_PREFIX_PATH=${CMAKE_PREFIX_PATH}:/opt/ros/humble /usr/bin/cmake --install /home/robotics/colcon_ws/build/cpp_parameter_showcase
