[0.060s] Invoking command in '/home/robotics/colcon_ws/build/custom_srv_demo': CMAKE_PREFIX_PATH=/opt/ros/humble /usr/bin/cmake --build /home/robotics/colcon_ws/build/custom_srv_demo -- -j8 -l8
[0.547s] [  2%] Built target custom_srv_demo__cpp
[0.547s] [ 11%] Built target custom_srv_demo__rosidl_generator_c
[0.547s] [ 11%] Built target ament_cmake_python_copy_custom_srv_demo
[0.551s] [ 20%] Built target custom_srv_demo__rosidl_typesupport_cpp
[0.552s] [ 37%] Built target custom_srv_demo__rosidl_typesupport_introspection_c
[0.552s] [ 37%] Built target custom_srv_demo__rosidl_typesupport_introspection_cpp
[0.552s] [ 45%] Built target custom_srv_demo__rosidl_typesupport_c
[0.552s] [ 54%] Built target custom_srv_demo__rosidl_typesupport_fastrtps_cpp
[0.553s] [ 62%] Built target custom_srv_demo__rosidl_typesupport_fastrtps_c
[0.596s] [ 62%] Built target custom_srv_demo
[0.610s] [ 68%] Built target can_move_server
[0.610s] [ 74%] Built target can_move_client
[0.638s] [ 77%] Built target custom_srv_demo__py
[0.682s] [ 82%] Built target custom_srv_demo__rosidl_generator_py
[0.736s] [ 88%] Built target custom_srv_demo__rosidl_typesupport_c__pyext
[0.737s] [ 94%] Built target custom_srv_demo__rosidl_typesupport_introspection_c__pyext
[0.737s] [100%] Built target custom_srv_demo__rosidl_typesupport_fastrtps_c__pyext
[0.951s] running egg_info
[0.951s] writing custom_srv_demo.egg-info/PKG-INFO
[0.951s] writing dependency_links to custom_srv_demo.egg-info/dependency_links.txt
[0.951s] writing top-level names to custom_srv_demo.egg-info/top_level.txt
[0.956s] reading manifest file 'custom_srv_demo.egg-info/SOURCES.txt'
[0.958s] writing manifest file 'custom_srv_demo.egg-info/SOURCES.txt'
[0.998s] [100%] Built target ament_cmake_python_build_custom_srv_demo_egg
[1.017s] Invoked command in '/home/robotics/colcon_ws/build/custom_srv_demo' returned '0': CMAKE_PREFIX_PATH=/opt/ros/humble /usr/bin/cmake --build /home/robotics/colcon_ws/build/custom_srv_demo -- -j8 -l8
[1.022s] Invoking command in '/home/robotics/colcon_ws/build/custom_srv_demo': CMAKE_PREFIX_PATH=/opt/ros/humble /usr/bin/cmake --install /home/robotics/colcon_ws/build/custom_srv_demo
[1.034s] -- Install configuration: ""
[1.034s] -- Up-to-date: /home/robotics/colcon_ws/install/custom_srv_demo/share/ament_index/resource_index/rosidl_interfaces/custom_srv_demo
[1.034s] -- Up-to-date: /home/robotics/colcon_ws/install/custom_srv_demo/include/custom_srv_demo/custom_srv_demo
[1.035s] -- Up-to-date: /home/robotics/colcon_ws/install/custom_srv_demo/include/custom_srv_demo/custom_srv_demo/msg
[1.035s] -- Up-to-date: /home/robotics/colcon_ws/install/custom_srv_demo/include/custom_srv_demo/custom_srv_demo/msg/rosidl_generator_c__visibility_control.h
[1.035s] -- Up-to-date: /home/robotics/colcon_ws/install/custom_srv_demo/include/custom_srv_demo/custom_srv_demo/srv
[1.036s] -- Up-to-date: /home/robotics/colcon_ws/install/custom_srv_demo/include/custom_srv_demo/custom_srv_demo/srv/detail
[1.037s] -- Up-to-date: /home/robotics/colcon_ws/install/custom_srv_demo/include/custom_srv_demo/custom_srv_demo/srv/detail/can_move__type_support.h
[1.038s] -- Up-to-date: /home/robotics/colcon_ws/install/custom_srv_demo/include/custom_srv_demo/custom_srv_demo/srv/detail/can_move__functions.h
[1.038s] -- Up-to-date: /home/robotics/colcon_ws/install/custom_srv_demo/include/custom_srv_demo/custom_srv_demo/srv/detail/can_move__functions.c
[1.038s] -- Up-to-date: /home/robotics/colcon_ws/install/custom_srv_demo/include/custom_srv_demo/custom_srv_demo/srv/detail/can_move__struct.h
[1.040s] -- Up-to-date: /home/robotics/colcon_ws/install/custom_srv_demo/include/custom_srv_demo/custom_srv_demo/srv/can_move.h
[1.040s] -- Up-to-date: /home/robotics/colcon_ws/install/custom_srv_demo/share/custom_srv_demo/environment/library_path.sh
[1.040s] -- Up-to-date: /home/robotics/colcon_ws/install/custom_srv_demo/share/custom_srv_demo/environment/library_path.dsv
[1.040s] -- Up-to-date: /home/robotics/colcon_ws/install/custom_srv_demo/lib/libcustom_srv_demo__rosidl_generator_c.so
[1.041s] -- Up-to-date: /home/robotics/colcon_ws/install/custom_srv_demo/include/custom_srv_demo/custom_srv_demo
[1.041s] -- Up-to-date: /home/robotics/colcon_ws/install/custom_srv_demo/include/custom_srv_demo/custom_srv_demo/msg
[1.042s] -- Up-to-date: /home/robotics/colcon_ws/install/custom_srv_demo/include/custom_srv_demo/custom_srv_demo/msg/rosidl_typesupport_fastrtps_c__visibility_control.h
[1.042s] -- Up-to-date: /home/robotics/colcon_ws/install/custom_srv_demo/include/custom_srv_demo/custom_srv_demo/srv
[1.042s] -- Up-to-date: /home/robotics/colcon_ws/install/custom_srv_demo/include/custom_srv_demo/custom_srv_demo/srv/detail
[1.043s] -- Up-to-date: /home/robotics/colcon_ws/install/custom_srv_demo/include/custom_srv_demo/custom_srv_demo/srv/detail/can_move__rosidl_typesupport_fastrtps_c.h
[1.044s] -- Up-to-date: /home/robotics/colcon_ws/install/custom_srv_demo/lib/libcustom_srv_demo__rosidl_typesupport_fastrtps_c.so
[1.044s] -- Up-to-date: /home/robotics/colcon_ws/install/custom_srv_demo/include/custom_srv_demo/custom_srv_demo
[1.044s] -- Up-to-date: /home/robotics/colcon_ws/install/custom_srv_demo/include/custom_srv_demo/custom_srv_demo/msg
[1.044s] -- Up-to-date: /home/robotics/colcon_ws/install/custom_srv_demo/include/custom_srv_demo/custom_srv_demo/msg/rosidl_generator_cpp__visibility_control.hpp
[1.045s] -- Up-to-date: /home/robotics/colcon_ws/install/custom_srv_demo/include/custom_srv_demo/custom_srv_demo/srv
[1.045s] -- Up-to-date: /home/robotics/colcon_ws/install/custom_srv_demo/include/custom_srv_demo/custom_srv_demo/srv/can_move.hpp
[1.045s] -- Up-to-date: /home/robotics/colcon_ws/install/custom_srv_demo/include/custom_srv_demo/custom_srv_demo/srv/detail
[1.045s] -- Up-to-date: /home/robotics/colcon_ws/install/custom_srv_demo/include/custom_srv_demo/custom_srv_demo/srv/detail/can_move__traits.hpp
[1.045s] -- Up-to-date: /home/robotics/colcon_ws/install/custom_srv_demo/include/custom_srv_demo/custom_srv_demo/srv/detail/can_move__struct.hpp
[1.046s] -- Up-to-date: /home/robotics/colcon_ws/install/custom_srv_demo/include/custom_srv_demo/custom_srv_demo/srv/detail/can_move__type_support.hpp
[1.046s] -- Up-to-date: /home/robotics/colcon_ws/install/custom_srv_demo/include/custom_srv_demo/custom_srv_demo/srv/detail/can_move__builder.hpp
[1.046s] -- Up-to-date: /home/robotics/colcon_ws/install/custom_srv_demo/include/custom_srv_demo/custom_srv_demo
[1.046s] -- Up-to-date: /home/robotics/colcon_ws/install/custom_srv_demo/include/custom_srv_demo/custom_srv_demo/msg
[1.047s] -- Up-to-date: /home/robotics/colcon_ws/install/custom_srv_demo/include/custom_srv_demo/custom_srv_demo/msg/rosidl_typesupport_fastrtps_cpp__visibility_control.h
[1.047s] -- Up-to-date: /home/robotics/colcon_ws/install/custom_srv_demo/include/custom_srv_demo/custom_srv_demo/srv
[1.047s] -- Up-to-date: /home/robotics/colcon_ws/install/custom_srv_demo/include/custom_srv_demo/custom_srv_demo/srv/detail
[1.048s] -- Up-to-date: /home/robotics/colcon_ws/install/custom_srv_demo/include/custom_srv_demo/custom_srv_demo/srv/detail/dds_fastrtps
[1.048s] -- Up-to-date: /home/robotics/colcon_ws/install/custom_srv_demo/include/custom_srv_demo/custom_srv_demo/srv/detail/can_move__rosidl_typesupport_fastrtps_cpp.hpp
[1.048s] -- Up-to-date: /home/robotics/colcon_ws/install/custom_srv_demo/lib/libcustom_srv_demo__rosidl_typesupport_fastrtps_cpp.so
[1.048s] -- Up-to-date: /home/robotics/colcon_ws/install/custom_srv_demo/include/custom_srv_demo/custom_srv_demo
[1.049s] -- Up-to-date: /home/robotics/colcon_ws/install/custom_srv_demo/include/custom_srv_demo/custom_srv_demo/msg
[1.049s] -- Up-to-date: /home/robotics/colcon_ws/install/custom_srv_demo/include/custom_srv_demo/custom_srv_demo/msg/rosidl_typesupport_introspection_c__visibility_control.h
[1.049s] -- Up-to-date: /home/robotics/colcon_ws/install/custom_srv_demo/include/custom_srv_demo/custom_srv_demo/srv
[1.049s] -- Up-to-date: /home/robotics/colcon_ws/install/custom_srv_demo/include/custom_srv_demo/custom_srv_demo/srv/detail
[1.050s] -- Up-to-date: /home/robotics/colcon_ws/install/custom_srv_demo/include/custom_srv_demo/custom_srv_demo/srv/detail/can_move__rosidl_typesupport_introspection_c.h
[1.052s] -- Up-to-date: /home/robotics/colcon_ws/install/custom_srv_demo/include/custom_srv_demo/custom_srv_demo/srv/detail/can_move__type_support.c
[1.053s] -- Up-to-date: /home/robotics/colcon_ws/install/custom_srv_demo/lib/libcustom_srv_demo__rosidl_typesupport_introspection_c.so
[1.053s] -- Up-to-date: /home/robotics/colcon_ws/install/custom_srv_demo/lib/libcustom_srv_demo__rosidl_typesupport_c.so
[1.053s] -- Up-to-date: /home/robotics/colcon_ws/install/custom_srv_demo/include/custom_srv_demo/custom_srv_demo
[1.053s] -- Up-to-date: /home/robotics/colcon_ws/install/custom_srv_demo/include/custom_srv_demo/custom_srv_demo/srv
[1.053s] -- Up-to-date: /home/robotics/colcon_ws/install/custom_srv_demo/include/custom_srv_demo/custom_srv_demo/srv/detail
[1.054s] -- Up-to-date: /home/robotics/colcon_ws/install/custom_srv_demo/include/custom_srv_demo/custom_srv_demo/srv/detail/can_move__rosidl_typesupport_introspection_cpp.hpp
[1.055s] -- Up-to-date: /home/robotics/colcon_ws/install/custom_srv_demo/include/custom_srv_demo/custom_srv_demo/srv/detail/can_move__type_support.cpp
[1.056s] -- Up-to-date: /home/robotics/colcon_ws/install/custom_srv_demo/lib/libcustom_srv_demo__rosidl_typesupport_introspection_cpp.so
[1.057s] -- Up-to-date: /home/robotics/colcon_ws/install/custom_srv_demo/lib/libcustom_srv_demo__rosidl_typesupport_cpp.so
[1.058s] -- Up-to-date: /home/robotics/colcon_ws/install/custom_srv_demo/share/custom_srv_demo/environment/pythonpath.sh
[1.058s] -- Up-to-date: /home/robotics/colcon_ws/install/custom_srv_demo/share/custom_srv_demo/environment/pythonpath.dsv
[1.058s] -- Up-to-date: /home/robotics/colcon_ws/install/custom_srv_demo/local/lib/python3.10/dist-packages/custom_srv_demo-0.0.0-py3.10.egg-info
[1.058s] -- Installing: /home/robotics/colcon_ws/install/custom_srv_demo/local/lib/python3.10/dist-packages/custom_srv_demo-0.0.0-py3.10.egg-info/dependency_links.txt
[1.059s] -- Installing: /home/robotics/colcon_ws/install/custom_srv_demo/local/lib/python3.10/dist-packages/custom_srv_demo-0.0.0-py3.10.egg-info/PKG-INFO
[1.060s] -- Installing: /home/robotics/colcon_ws/install/custom_srv_demo/local/lib/python3.10/dist-packages/custom_srv_demo-0.0.0-py3.10.egg-info/top_level.txt
[1.060s] -- Installing: /home/robotics/colcon_ws/install/custom_srv_demo/local/lib/python3.10/dist-packages/custom_srv_demo-0.0.0-py3.10.egg-info/SOURCES.txt
[1.060s] -- Up-to-date: /home/robotics/colcon_ws/install/custom_srv_demo/local/lib/python3.10/dist-packages/custom_srv_demo
[1.060s] -- Up-to-date: /home/robotics/colcon_ws/install/custom_srv_demo/local/lib/python3.10/dist-packages/custom_srv_demo/custom_srv_demo_s__rosidl_typesupport_c.cpython-310-x86_64-linux-gnu.so
[1.060s] -- Up-to-date: /home/robotics/colcon_ws/install/custom_srv_demo/local/lib/python3.10/dist-packages/custom_srv_demo/_custom_srv_demo_s.ep.rosidl_typesupport_introspection_c.c
[1.060s] -- Up-to-date: /home/robotics/colcon_ws/install/custom_srv_demo/local/lib/python3.10/dist-packages/custom_srv_demo/custom_srv_demo_s__rosidl_typesupport_fastrtps_c.cpython-310-x86_64-linux-gnu.so
[1.060s] -- Up-to-date: /home/robotics/colcon_ws/install/custom_srv_demo/local/lib/python3.10/dist-packages/custom_srv_demo/libcustom_srv_demo__rosidl_generator_py.so
[1.060s] -- Up-to-date: /home/robotics/colcon_ws/install/custom_srv_demo/local/lib/python3.10/dist-packages/custom_srv_demo/srv
[1.060s] -- Up-to-date: /home/robotics/colcon_ws/install/custom_srv_demo/local/lib/python3.10/dist-packages/custom_srv_demo/srv/_can_move.py
[1.060s] -- Up-to-date: /home/robotics/colcon_ws/install/custom_srv_demo/local/lib/python3.10/dist-packages/custom_srv_demo/srv/__init__.py
[1.060s] -- Up-to-date: /home/robotics/colcon_ws/install/custom_srv_demo/local/lib/python3.10/dist-packages/custom_srv_demo/srv/_can_move_s.c
[1.060s] -- Up-to-date: /home/robotics/colcon_ws/install/custom_srv_demo/local/lib/python3.10/dist-packages/custom_srv_demo/__init__.py
[1.061s] -- Up-to-date: /home/robotics/colcon_ws/install/custom_srv_demo/local/lib/python3.10/dist-packages/custom_srv_demo/custom_srv_demo_s__rosidl_typesupport_introspection_c.cpython-310-x86_64-linux-gnu.so
[1.061s] -- Up-to-date: /home/robotics/colcon_ws/install/custom_srv_demo/local/lib/python3.10/dist-packages/custom_srv_demo/_custom_srv_demo_s.ep.rosidl_typesupport_fastrtps_c.c
[1.061s] -- Up-to-date: /home/robotics/colcon_ws/install/custom_srv_demo/local/lib/python3.10/dist-packages/custom_srv_demo/_custom_srv_demo_s.ep.rosidl_typesupport_c.c
[1.111s] Listing '/home/robotics/colcon_ws/install/custom_srv_demo/local/lib/python3.10/dist-packages/custom_srv_demo'...
[1.111s] Listing '/home/robotics/colcon_ws/install/custom_srv_demo/local/lib/python3.10/dist-packages/custom_srv_demo/srv'...
[1.119s] -- Up-to-date: /home/robotics/colcon_ws/install/custom_srv_demo/local/lib/python3.10/dist-packages/custom_srv_demo/custom_srv_demo_s__rosidl_typesupport_fastrtps_c.cpython-310-x86_64-linux-gnu.so
[1.122s] -- Up-to-date: /home/robotics/colcon_ws/install/custom_srv_demo/local/lib/python3.10/dist-packages/custom_srv_demo/custom_srv_demo_s__rosidl_typesupport_introspection_c.cpython-310-x86_64-linux-gnu.so
[1.123s] -- Up-to-date: /home/robotics/colcon_ws/install/custom_srv_demo/local/lib/python3.10/dist-packages/custom_srv_demo/custom_srv_demo_s__rosidl_typesupport_c.cpython-310-x86_64-linux-gnu.so
[1.125s] -- Up-to-date: /home/robotics/colcon_ws/install/custom_srv_demo/lib/libcustom_srv_demo__rosidl_generator_py.so
[1.125s] -- Up-to-date: /home/robotics/colcon_ws/install/custom_srv_demo/share/custom_srv_demo/srv/CanMove.idl
[1.125s] -- Up-to-date: /home/robotics/colcon_ws/install/custom_srv_demo/share/custom_srv_demo/srv/CanMove.srv
[1.125s] -- Up-to-date: /home/robotics/colcon_ws/install/custom_srv_demo/share/custom_srv_demo/srv/CanMove_Request.msg
[1.126s] -- Up-to-date: /home/robotics/colcon_ws/install/custom_srv_demo/share/custom_srv_demo/srv/CanMove_Response.msg
[1.128s] -- Up-to-date: /home/robotics/colcon_ws/install/custom_srv_demo/lib/custom_srv_demo/can_move_server
[1.132s] -- Up-to-date: /home/robotics/colcon_ws/install/custom_srv_demo/lib/custom_srv_demo/can_move_client
[1.132s] -- Up-to-date: /home/robotics/colcon_ws/install/custom_srv_demo/share/ament_index/resource_index/package_run_dependencies/custom_srv_demo
[1.132s] -- Up-to-date: /home/robotics/colcon_ws/install/custom_srv_demo/share/ament_index/resource_index/parent_prefix_path/custom_srv_demo
[1.132s] -- Up-to-date: /home/robotics/colcon_ws/install/custom_srv_demo/share/custom_srv_demo/environment/ament_prefix_path.sh
[1.132s] -- Up-to-date: /home/robotics/colcon_ws/install/custom_srv_demo/share/custom_srv_demo/environment/ament_prefix_path.dsv
[1.132s] -- Up-to-date: /home/robotics/colcon_ws/install/custom_srv_demo/share/custom_srv_demo/environment/path.sh
[1.132s] -- Up-to-date: /home/robotics/colcon_ws/install/custom_srv_demo/share/custom_srv_demo/environment/path.dsv
[1.132s] -- Up-to-date: /home/robotics/colcon_ws/install/custom_srv_demo/share/custom_srv_demo/local_setup.bash
[1.132s] -- Up-to-date: /home/robotics/colcon_ws/install/custom_srv_demo/share/custom_srv_demo/local_setup.sh
[1.133s] -- Up-to-date: /home/robotics/colcon_ws/install/custom_srv_demo/share/custom_srv_demo/local_setup.zsh
[1.133s] -- Up-to-date: /home/robotics/colcon_ws/install/custom_srv_demo/share/custom_srv_demo/local_setup.dsv
[1.133s] -- Installing: /home/robotics/colcon_ws/install/custom_srv_demo/share/custom_srv_demo/package.dsv
[1.133s] -- Up-to-date: /home/robotics/colcon_ws/install/custom_srv_demo/share/ament_index/resource_index/packages/custom_srv_demo
[1.134s] -- Up-to-date: /home/robotics/colcon_ws/install/custom_srv_demo/share/custom_srv_demo/cmake/export_custom_srv_demo__rosidl_generator_cExport.cmake
[1.134s] -- Up-to-date: /home/robotics/colcon_ws/install/custom_srv_demo/share/custom_srv_demo/cmake/export_custom_srv_demo__rosidl_generator_cExport-noconfig.cmake
[1.135s] -- Up-to-date: /home/robotics/colcon_ws/install/custom_srv_demo/share/custom_srv_demo/cmake/export_custom_srv_demo__rosidl_typesupport_fastrtps_cExport.cmake
[1.135s] -- Up-to-date: /home/robotics/colcon_ws/install/custom_srv_demo/share/custom_srv_demo/cmake/export_custom_srv_demo__rosidl_typesupport_fastrtps_cExport-noconfig.cmake
[1.136s] -- Up-to-date: /home/robotics/colcon_ws/install/custom_srv_demo/share/custom_srv_demo/cmake/export_custom_srv_demo__rosidl_generator_cppExport.cmake
[1.138s] -- Up-to-date: /home/robotics/colcon_ws/install/custom_srv_demo/share/custom_srv_demo/cmake/export_custom_srv_demo__rosidl_typesupport_fastrtps_cppExport.cmake
[1.138s] -- Up-to-date: /home/robotics/colcon_ws/install/custom_srv_demo/share/custom_srv_demo/cmake/export_custom_srv_demo__rosidl_typesupport_fastrtps_cppExport-noconfig.cmake
[1.139s] -- Up-to-date: /home/robotics/colcon_ws/install/custom_srv_demo/share/custom_srv_demo/cmake/custom_srv_demo__rosidl_typesupport_introspection_cExport.cmake
[1.139s] -- Up-to-date: /home/robotics/colcon_ws/install/custom_srv_demo/share/custom_srv_demo/cmake/custom_srv_demo__rosidl_typesupport_introspection_cExport-noconfig.cmake
[1.140s] -- Up-to-date: /home/robotics/colcon_ws/install/custom_srv_demo/share/custom_srv_demo/cmake/custom_srv_demo__rosidl_typesupport_cExport.cmake
[1.140s] -- Up-to-date: /home/robotics/colcon_ws/install/custom_srv_demo/share/custom_srv_demo/cmake/custom_srv_demo__rosidl_typesupport_cExport-noconfig.cmake
[1.142s] -- Up-to-date: /home/robotics/colcon_ws/install/custom_srv_demo/share/custom_srv_demo/cmake/custom_srv_demo__rosidl_typesupport_introspection_cppExport.cmake
[1.142s] -- Up-to-date: /home/robotics/colcon_ws/install/custom_srv_demo/share/custom_srv_demo/cmake/custom_srv_demo__rosidl_typesupport_introspection_cppExport-noconfig.cmake
[1.144s] -- Up-to-date: /home/robotics/colcon_ws/install/custom_srv_demo/share/custom_srv_demo/cmake/custom_srv_demo__rosidl_typesupport_cppExport.cmake
[1.144s] -- Up-to-date: /home/robotics/colcon_ws/install/custom_srv_demo/share/custom_srv_demo/cmake/custom_srv_demo__rosidl_typesupport_cppExport-noconfig.cmake
[1.145s] -- Up-to-date: /home/robotics/colcon_ws/install/custom_srv_demo/share/custom_srv_demo/cmake/export_custom_srv_demo__rosidl_generator_pyExport.cmake
[1.146s] -- Up-to-date: /home/robotics/colcon_ws/install/custom_srv_demo/share/custom_srv_demo/cmake/export_custom_srv_demo__rosidl_generator_pyExport-noconfig.cmake
[1.146s] -- Up-to-date: /home/robotics/colcon_ws/install/custom_srv_demo/share/custom_srv_demo/cmake/rosidl_cmake-extras.cmake
[1.146s] -- Up-to-date: /home/robotics/colcon_ws/install/custom_srv_demo/share/custom_srv_demo/cmake/ament_cmake_export_include_directories-extras.cmake
[1.146s] -- Up-to-date: /home/robotics/colcon_ws/install/custom_srv_demo/share/custom_srv_demo/cmake/ament_cmake_export_libraries-extras.cmake
[1.146s] -- Up-to-date: /home/robotics/colcon_ws/install/custom_srv_demo/share/custom_srv_demo/cmake/ament_cmake_export_targets-extras.cmake
[1.147s] -- Up-to-date: /home/robotics/colcon_ws/install/custom_srv_demo/share/custom_srv_demo/cmake/rosidl_cmake_export_typesupport_targets-extras.cmake
[1.147s] -- Up-to-date: /home/robotics/colcon_ws/install/custom_srv_demo/share/custom_srv_demo/cmake/ament_cmake_export_dependencies-extras.cmake
[1.147s] -- Up-to-date: /home/robotics/colcon_ws/install/custom_srv_demo/share/custom_srv_demo/cmake/rosidl_cmake_export_typesupport_libraries-extras.cmake
[1.147s] -- Up-to-date: /home/robotics/colcon_ws/install/custom_srv_demo/share/custom_srv_demo/cmake/custom_srv_demoConfig.cmake
[1.147s] -- Up-to-date: /home/robotics/colcon_ws/install/custom_srv_demo/share/custom_srv_demo/cmake/custom_srv_demoConfig-version.cmake
[1.147s] -- Up-to-date: /home/robotics/colcon_ws/install/custom_srv_demo/share/custom_srv_demo/package.xml
[1.151s] Invoked command in '/home/robotics/colcon_ws/build/custom_srv_demo' returned '0': CMAKE_PREFIX_PATH=/opt/ros/humble /usr/bin/cmake --install /home/robotics/colcon_ws/build/custom_srv_demo
