[0.033s] Invoking command in '/home/robotics/colcon_ws/build/custom_msg_demo': CMAKE_PREFIX_PATH=/opt/ros/humble /usr/bin/cmake --build /home/robotics/colcon_ws/build/custom_msg_demo -- -j8 -l8
[0.179s] [  2%] Built target custom_msg_demo__cpp
[0.181s] [ 11%] Built target custom_msg_demo__rosidl_generator_c
[0.215s] [ 11%] Built target ament_cmake_python_copy_custom_msg_demo
[0.234s] [ 20%] Built target custom_msg_demo__rosidl_typesupport_introspection_c
[0.234s] [ 28%] Built target custom_msg_demo__rosidl_typesupport_introspection_cpp
[0.234s] [ 37%] Built target custom_msg_demo__rosidl_typesupport_c
[0.237s] [ 45%] Built target custom_msg_demo__rosidl_typesupport_cpp
[0.242s] [ 54%] Built target custom_msg_demo__rosidl_typesupport_fastrtps_cpp
[0.253s] [ 62%] Built target custom_msg_demo__rosidl_typesupport_fastrtps_c
[0.291s] [ 62%] Built target custom_msg_demo
[0.294s] [ 68%] Built target status_publisher
[0.297s] [ 74%] Built target status_subscriber
[0.322s] [ 77%] Built target custom_msg_demo__py
[0.349s] [ 82%] Built target custom_msg_demo__rosidl_generator_py
[0.385s] [ 94%] Built target custom_msg_demo__rosidl_typesupport_fastrtps_c__pyext
[0.385s] [ 94%] Built target custom_msg_demo__rosidl_typesupport_introspection_c__pyext
[0.385s] [100%] Built target custom_msg_demo__rosidl_typesupport_c__pyext
[0.562s] running egg_info
[0.563s] writing custom_msg_demo.egg-info/PKG-INFO
[0.563s] writing dependency_links to custom_msg_demo.egg-info/dependency_links.txt
[0.563s] writing top-level names to custom_msg_demo.egg-info/top_level.txt
[0.566s] reading manifest file 'custom_msg_demo.egg-info/SOURCES.txt'
[0.568s] writing manifest file 'custom_msg_demo.egg-info/SOURCES.txt'
[0.601s] [100%] Built target ament_cmake_python_build_custom_msg_demo_egg
[0.620s] Invoked command in '/home/robotics/colcon_ws/build/custom_msg_demo' returned '0': CMAKE_PREFIX_PATH=/opt/ros/humble /usr/bin/cmake --build /home/robotics/colcon_ws/build/custom_msg_demo -- -j8 -l8
[0.626s] Invoking command in '/home/robotics/colcon_ws/build/custom_msg_demo': CMAKE_PREFIX_PATH=/opt/ros/humble /usr/bin/cmake --install /home/robotics/colcon_ws/build/custom_msg_demo
[0.636s] -- Install configuration: ""
[0.636s] -- Up-to-date: /home/robotics/colcon_ws/install/custom_msg_demo/share/ament_index/resource_index/rosidl_interfaces/custom_msg_demo
[0.636s] -- Up-to-date: /home/robotics/colcon_ws/install/custom_msg_demo/include/custom_msg_demo/custom_msg_demo
[0.636s] -- Up-to-date: /home/robotics/colcon_ws/install/custom_msg_demo/include/custom_msg_demo/custom_msg_demo/msg
[0.637s] -- Up-to-date: /home/robotics/colcon_ws/install/custom_msg_demo/include/custom_msg_demo/custom_msg_demo/msg/robot_status.h
[0.637s] -- Up-to-date: /home/robotics/colcon_ws/install/custom_msg_demo/include/custom_msg_demo/custom_msg_demo/msg/detail
[0.637s] -- Up-to-date: /home/robotics/colcon_ws/install/custom_msg_demo/include/custom_msg_demo/custom_msg_demo/msg/detail/robot_status__functions.h
[0.637s] -- Up-to-date: /home/robotics/colcon_ws/install/custom_msg_demo/include/custom_msg_demo/custom_msg_demo/msg/detail/robot_status__type_support.h
[0.637s] -- Up-to-date: /home/robotics/colcon_ws/install/custom_msg_demo/include/custom_msg_demo/custom_msg_demo/msg/detail/robot_status__functions.c
[0.637s] -- Up-to-date: /home/robotics/colcon_ws/install/custom_msg_demo/include/custom_msg_demo/custom_msg_demo/msg/detail/robot_status__struct.h
[0.638s] -- Up-to-date: /home/robotics/colcon_ws/install/custom_msg_demo/include/custom_msg_demo/custom_msg_demo/msg/rosidl_generator_c__visibility_control.h
[0.638s] -- Up-to-date: /home/robotics/colcon_ws/install/custom_msg_demo/share/custom_msg_demo/environment/library_path.sh
[0.638s] -- Up-to-date: /home/robotics/colcon_ws/install/custom_msg_demo/share/custom_msg_demo/environment/library_path.dsv
[0.638s] -- Up-to-date: /home/robotics/colcon_ws/install/custom_msg_demo/lib/libcustom_msg_demo__rosidl_generator_c.so
[0.639s] -- Up-to-date: /home/robotics/colcon_ws/install/custom_msg_demo/include/custom_msg_demo/custom_msg_demo
[0.639s] -- Up-to-date: /home/robotics/colcon_ws/install/custom_msg_demo/include/custom_msg_demo/custom_msg_demo/msg
[0.639s] -- Up-to-date: /home/robotics/colcon_ws/install/custom_msg_demo/include/custom_msg_demo/custom_msg_demo/msg/detail
[0.639s] -- Up-to-date: /home/robotics/colcon_ws/install/custom_msg_demo/include/custom_msg_demo/custom_msg_demo/msg/detail/robot_status__rosidl_typesupport_fastrtps_c.h
[0.640s] -- Up-to-date: /home/robotics/colcon_ws/install/custom_msg_demo/include/custom_msg_demo/custom_msg_demo/msg/rosidl_typesupport_fastrtps_c__visibility_control.h
[0.641s] -- Up-to-date: /home/robotics/colcon_ws/install/custom_msg_demo/lib/libcustom_msg_demo__rosidl_typesupport_fastrtps_c.so
[0.641s] -- Up-to-date: /home/robotics/colcon_ws/install/custom_msg_demo/include/custom_msg_demo/custom_msg_demo
[0.641s] -- Up-to-date: /home/robotics/colcon_ws/install/custom_msg_demo/include/custom_msg_demo/custom_msg_demo/msg
[0.641s] -- Up-to-date: /home/robotics/colcon_ws/install/custom_msg_demo/include/custom_msg_demo/custom_msg_demo/msg/rosidl_generator_cpp__visibility_control.hpp
[0.641s] -- Up-to-date: /home/robotics/colcon_ws/install/custom_msg_demo/include/custom_msg_demo/custom_msg_demo/msg/detail
[0.642s] -- Up-to-date: /home/robotics/colcon_ws/install/custom_msg_demo/include/custom_msg_demo/custom_msg_demo/msg/detail/robot_status__builder.hpp
[0.642s] -- Up-to-date: /home/robotics/colcon_ws/install/custom_msg_demo/include/custom_msg_demo/custom_msg_demo/msg/detail/robot_status__struct.hpp
[0.642s] -- Up-to-date: /home/robotics/colcon_ws/install/custom_msg_demo/include/custom_msg_demo/custom_msg_demo/msg/detail/robot_status__type_support.hpp
[0.642s] -- Up-to-date: /home/robotics/colcon_ws/install/custom_msg_demo/include/custom_msg_demo/custom_msg_demo/msg/detail/robot_status__traits.hpp
[0.642s] -- Up-to-date: /home/robotics/colcon_ws/install/custom_msg_demo/include/custom_msg_demo/custom_msg_demo/msg/robot_status.hpp
[0.642s] -- Up-to-date: /home/robotics/colcon_ws/install/custom_msg_demo/include/custom_msg_demo/custom_msg_demo
[0.642s] -- Up-to-date: /home/robotics/colcon_ws/install/custom_msg_demo/include/custom_msg_demo/custom_msg_demo/msg
[0.643s] -- Up-to-date: /home/robotics/colcon_ws/install/custom_msg_demo/include/custom_msg_demo/custom_msg_demo/msg/rosidl_typesupport_fastrtps_cpp__visibility_control.h
[0.643s] -- Up-to-date: /home/robotics/colcon_ws/install/custom_msg_demo/include/custom_msg_demo/custom_msg_demo/msg/detail
[0.643s] -- Up-to-date: /home/robotics/colcon_ws/install/custom_msg_demo/include/custom_msg_demo/custom_msg_demo/msg/detail/dds_fastrtps
[0.643s] -- Up-to-date: /home/robotics/colcon_ws/install/custom_msg_demo/include/custom_msg_demo/custom_msg_demo/msg/detail/robot_status__rosidl_typesupport_fastrtps_cpp.hpp
[0.645s] -- Up-to-date: /home/robotics/colcon_ws/install/custom_msg_demo/lib/libcustom_msg_demo__rosidl_typesupport_fastrtps_cpp.so
[0.645s] -- Up-to-date: /home/robotics/colcon_ws/install/custom_msg_demo/include/custom_msg_demo/custom_msg_demo
[0.645s] -- Up-to-date: /home/robotics/colcon_ws/install/custom_msg_demo/include/custom_msg_demo/custom_msg_demo/msg
[0.645s] -- Up-to-date: /home/robotics/colcon_ws/install/custom_msg_demo/include/custom_msg_demo/custom_msg_demo/msg/detail
[0.646s] -- Up-to-date: /home/robotics/colcon_ws/install/custom_msg_demo/include/custom_msg_demo/custom_msg_demo/msg/detail/robot_status__type_support.c
[0.646s] -- Up-to-date: /home/robotics/colcon_ws/install/custom_msg_demo/include/custom_msg_demo/custom_msg_demo/msg/detail/robot_status__rosidl_typesupport_introspection_c.h
[0.646s] -- Up-to-date: /home/robotics/colcon_ws/install/custom_msg_demo/include/custom_msg_demo/custom_msg_demo/msg/rosidl_typesupport_introspection_c__visibility_control.h
[0.647s] -- Up-to-date: /home/robotics/colcon_ws/install/custom_msg_demo/lib/libcustom_msg_demo__rosidl_typesupport_introspection_c.so
[0.647s] -- Up-to-date: /home/robotics/colcon_ws/install/custom_msg_demo/lib/libcustom_msg_demo__rosidl_typesupport_c.so
[0.647s] -- Up-to-date: /home/robotics/colcon_ws/install/custom_msg_demo/include/custom_msg_demo/custom_msg_demo
[0.648s] -- Up-to-date: /home/robotics/colcon_ws/install/custom_msg_demo/include/custom_msg_demo/custom_msg_demo/msg
[0.648s] -- Up-to-date: /home/robotics/colcon_ws/install/custom_msg_demo/include/custom_msg_demo/custom_msg_demo/msg/detail
[0.648s] -- Up-to-date: /home/robotics/colcon_ws/install/custom_msg_demo/include/custom_msg_demo/custom_msg_demo/msg/detail/robot_status__rosidl_typesupport_introspection_cpp.hpp
[0.648s] -- Up-to-date: /home/robotics/colcon_ws/install/custom_msg_demo/include/custom_msg_demo/custom_msg_demo/msg/detail/robot_status__type_support.cpp
[0.649s] -- Up-to-date: /home/robotics/colcon_ws/install/custom_msg_demo/lib/libcustom_msg_demo__rosidl_typesupport_introspection_cpp.so
[0.650s] -- Up-to-date: /home/robotics/colcon_ws/install/custom_msg_demo/lib/libcustom_msg_demo__rosidl_typesupport_cpp.so
[0.650s] -- Up-to-date: /home/robotics/colcon_ws/install/custom_msg_demo/share/custom_msg_demo/environment/pythonpath.sh
[0.650s] -- Up-to-date: /home/robotics/colcon_ws/install/custom_msg_demo/share/custom_msg_demo/environment/pythonpath.dsv
[0.650s] -- Up-to-date: /home/robotics/colcon_ws/install/custom_msg_demo/local/lib/python3.10/dist-packages/custom_msg_demo-0.0.0-py3.10.egg-info
[0.651s] -- Installing: /home/robotics/colcon_ws/install/custom_msg_demo/local/lib/python3.10/dist-packages/custom_msg_demo-0.0.0-py3.10.egg-info/dependency_links.txt
[0.651s] -- Installing: /home/robotics/colcon_ws/install/custom_msg_demo/local/lib/python3.10/dist-packages/custom_msg_demo-0.0.0-py3.10.egg-info/PKG-INFO
[0.651s] -- Installing: /home/robotics/colcon_ws/install/custom_msg_demo/local/lib/python3.10/dist-packages/custom_msg_demo-0.0.0-py3.10.egg-info/top_level.txt
[0.651s] -- Installing: /home/robotics/colcon_ws/install/custom_msg_demo/local/lib/python3.10/dist-packages/custom_msg_demo-0.0.0-py3.10.egg-info/SOURCES.txt
[0.652s] -- Up-to-date: /home/robotics/colcon_ws/install/custom_msg_demo/local/lib/python3.10/dist-packages/custom_msg_demo
[0.652s] -- Up-to-date: /home/robotics/colcon_ws/install/custom_msg_demo/local/lib/python3.10/dist-packages/custom_msg_demo/msg
[0.652s] -- Up-to-date: /home/robotics/colcon_ws/install/custom_msg_demo/local/lib/python3.10/dist-packages/custom_msg_demo/msg/_robot_status.py
[0.652s] -- Up-to-date: /home/robotics/colcon_ws/install/custom_msg_demo/local/lib/python3.10/dist-packages/custom_msg_demo/msg/__init__.py
[0.652s] -- Up-to-date: /home/robotics/colcon_ws/install/custom_msg_demo/local/lib/python3.10/dist-packages/custom_msg_demo/msg/_robot_status_s.c
[0.652s] -- Up-to-date: /home/robotics/colcon_ws/install/custom_msg_demo/local/lib/python3.10/dist-packages/custom_msg_demo/_custom_msg_demo_s.ep.rosidl_typesupport_c.c
[0.653s] -- Up-to-date: /home/robotics/colcon_ws/install/custom_msg_demo/local/lib/python3.10/dist-packages/custom_msg_demo/custom_msg_demo_s__rosidl_typesupport_introspection_c.cpython-310-x86_64-linux-gnu.so
[0.653s] -- Up-to-date: /home/robotics/colcon_ws/install/custom_msg_demo/local/lib/python3.10/dist-packages/custom_msg_demo/_custom_msg_demo_s.ep.rosidl_typesupport_fastrtps_c.c
[0.653s] -- Up-to-date: /home/robotics/colcon_ws/install/custom_msg_demo/local/lib/python3.10/dist-packages/custom_msg_demo/__init__.py
[0.653s] -- Up-to-date: /home/robotics/colcon_ws/install/custom_msg_demo/local/lib/python3.10/dist-packages/custom_msg_demo/_custom_msg_demo_s.ep.rosidl_typesupport_introspection_c.c
[0.653s] -- Up-to-date: /home/robotics/colcon_ws/install/custom_msg_demo/local/lib/python3.10/dist-packages/custom_msg_demo/libcustom_msg_demo__rosidl_generator_py.so
[0.653s] -- Up-to-date: /home/robotics/colcon_ws/install/custom_msg_demo/local/lib/python3.10/dist-packages/custom_msg_demo/custom_msg_demo_s__rosidl_typesupport_fastrtps_c.cpython-310-x86_64-linux-gnu.so
[0.653s] -- Up-to-date: /home/robotics/colcon_ws/install/custom_msg_demo/local/lib/python3.10/dist-packages/custom_msg_demo/custom_msg_demo_s__rosidl_typesupport_c.cpython-310-x86_64-linux-gnu.so
[0.689s] Listing '/home/robotics/colcon_ws/install/custom_msg_demo/local/lib/python3.10/dist-packages/custom_msg_demo'...
[0.690s] Listing '/home/robotics/colcon_ws/install/custom_msg_demo/local/lib/python3.10/dist-packages/custom_msg_demo/msg'...
[0.695s] -- Up-to-date: /home/robotics/colcon_ws/install/custom_msg_demo/local/lib/python3.10/dist-packages/custom_msg_demo/custom_msg_demo_s__rosidl_typesupport_fastrtps_c.cpython-310-x86_64-linux-gnu.so
[0.696s] -- Up-to-date: /home/robotics/colcon_ws/install/custom_msg_demo/local/lib/python3.10/dist-packages/custom_msg_demo/custom_msg_demo_s__rosidl_typesupport_introspection_c.cpython-310-x86_64-linux-gnu.so
[0.697s] -- Up-to-date: /home/robotics/colcon_ws/install/custom_msg_demo/local/lib/python3.10/dist-packages/custom_msg_demo/custom_msg_demo_s__rosidl_typesupport_c.cpython-310-x86_64-linux-gnu.so
[0.698s] -- Up-to-date: /home/robotics/colcon_ws/install/custom_msg_demo/lib/libcustom_msg_demo__rosidl_generator_py.so
[0.698s] -- Up-to-date: /home/robotics/colcon_ws/install/custom_msg_demo/share/custom_msg_demo/msg/RobotStatus.idl
[0.698s] -- Up-to-date: /home/robotics/colcon_ws/install/custom_msg_demo/share/custom_msg_demo/msg/RobotStatus.msg
[0.700s] -- Up-to-date: /home/robotics/colcon_ws/install/custom_msg_demo/lib/custom_msg_demo/status_publisher
[0.700s] -- Up-to-date: /home/robotics/colcon_ws/install/custom_msg_demo/lib/custom_msg_demo/status_subscriber
[0.701s] -- Up-to-date: /home/robotics/colcon_ws/install/custom_msg_demo/share/ament_index/resource_index/package_run_dependencies/custom_msg_demo
[0.701s] -- Up-to-date: /home/robotics/colcon_ws/install/custom_msg_demo/share/ament_index/resource_index/parent_prefix_path/custom_msg_demo
[0.702s] -- Up-to-date: /home/robotics/colcon_ws/install/custom_msg_demo/share/custom_msg_demo/environment/ament_prefix_path.sh
[0.702s] -- Up-to-date: /home/robotics/colcon_ws/install/custom_msg_demo/share/custom_msg_demo/environment/ament_prefix_path.dsv
[0.702s] -- Up-to-date: /home/robotics/colcon_ws/install/custom_msg_demo/share/custom_msg_demo/environment/path.sh
[0.702s] -- Up-to-date: /home/robotics/colcon_ws/install/custom_msg_demo/share/custom_msg_demo/environment/path.dsv
[0.702s] -- Up-to-date: /home/robotics/colcon_ws/install/custom_msg_demo/share/custom_msg_demo/local_setup.bash
[0.702s] -- Up-to-date: /home/robotics/colcon_ws/install/custom_msg_demo/share/custom_msg_demo/local_setup.sh
[0.703s] -- Up-to-date: /home/robotics/colcon_ws/install/custom_msg_demo/share/custom_msg_demo/local_setup.zsh
[0.703s] -- Up-to-date: /home/robotics/colcon_ws/install/custom_msg_demo/share/custom_msg_demo/local_setup.dsv
[0.703s] -- Installing: /home/robotics/colcon_ws/install/custom_msg_demo/share/custom_msg_demo/package.dsv
[0.704s] -- Up-to-date: /home/robotics/colcon_ws/install/custom_msg_demo/share/ament_index/resource_index/packages/custom_msg_demo
[0.704s] -- Up-to-date: /home/robotics/colcon_ws/install/custom_msg_demo/share/custom_msg_demo/cmake/export_custom_msg_demo__rosidl_generator_cExport.cmake
[0.704s] -- Up-to-date: /home/robotics/colcon_ws/install/custom_msg_demo/share/custom_msg_demo/cmake/export_custom_msg_demo__rosidl_generator_cExport-noconfig.cmake
[0.705s] -- Up-to-date: /home/robotics/colcon_ws/install/custom_msg_demo/share/custom_msg_demo/cmake/export_custom_msg_demo__rosidl_typesupport_fastrtps_cExport.cmake
[0.705s] -- Up-to-date: /home/robotics/colcon_ws/install/custom_msg_demo/share/custom_msg_demo/cmake/export_custom_msg_demo__rosidl_typesupport_fastrtps_cExport-noconfig.cmake
[0.705s] -- Up-to-date: /home/robotics/colcon_ws/install/custom_msg_demo/share/custom_msg_demo/cmake/export_custom_msg_demo__rosidl_generator_cppExport.cmake
[0.705s] -- Up-to-date: /home/robotics/colcon_ws/install/custom_msg_demo/share/custom_msg_demo/cmake/export_custom_msg_demo__rosidl_typesupport_fastrtps_cppExport.cmake
[0.706s] -- Up-to-date: /home/robotics/colcon_ws/install/custom_msg_demo/share/custom_msg_demo/cmake/export_custom_msg_demo__rosidl_typesupport_fastrtps_cppExport-noconfig.cmake
[0.706s] -- Up-to-date: /home/robotics/colcon_ws/install/custom_msg_demo/share/custom_msg_demo/cmake/custom_msg_demo__rosidl_typesupport_introspection_cExport.cmake
[0.707s] -- Up-to-date: /home/robotics/colcon_ws/install/custom_msg_demo/share/custom_msg_demo/cmake/custom_msg_demo__rosidl_typesupport_introspection_cExport-noconfig.cmake
[0.707s] -- Up-to-date: /home/robotics/colcon_ws/install/custom_msg_demo/share/custom_msg_demo/cmake/custom_msg_demo__rosidl_typesupport_cExport.cmake
[0.707s] -- Up-to-date: /home/robotics/colcon_ws/install/custom_msg_demo/share/custom_msg_demo/cmake/custom_msg_demo__rosidl_typesupport_cExport-noconfig.cmake
[0.708s] -- Up-to-date: /home/robotics/colcon_ws/install/custom_msg_demo/share/custom_msg_demo/cmake/custom_msg_demo__rosidl_typesupport_introspection_cppExport.cmake
[0.708s] -- Up-to-date: /home/robotics/colcon_ws/install/custom_msg_demo/share/custom_msg_demo/cmake/custom_msg_demo__rosidl_typesupport_introspection_cppExport-noconfig.cmake
[0.709s] -- Up-to-date: /home/robotics/colcon_ws/install/custom_msg_demo/share/custom_msg_demo/cmake/custom_msg_demo__rosidl_typesupport_cppExport.cmake
[0.709s] -- Up-to-date: /home/robotics/colcon_ws/install/custom_msg_demo/share/custom_msg_demo/cmake/custom_msg_demo__rosidl_typesupport_cppExport-noconfig.cmake
[0.710s] -- Up-to-date: /home/robotics/colcon_ws/install/custom_msg_demo/share/custom_msg_demo/cmake/export_custom_msg_demo__rosidl_generator_pyExport.cmake
[0.710s] -- Up-to-date: /home/robotics/colcon_ws/install/custom_msg_demo/share/custom_msg_demo/cmake/export_custom_msg_demo__rosidl_generator_pyExport-noconfig.cmake
[0.710s] -- Up-to-date: /home/robotics/colcon_ws/install/custom_msg_demo/share/custom_msg_demo/cmake/rosidl_cmake-extras.cmake
[0.710s] -- Up-to-date: /home/robotics/colcon_ws/install/custom_msg_demo/share/custom_msg_demo/cmake/ament_cmake_export_include_directories-extras.cmake
[0.710s] -- Up-to-date: /home/robotics/colcon_ws/install/custom_msg_demo/share/custom_msg_demo/cmake/ament_cmake_export_libraries-extras.cmake
[0.711s] -- Up-to-date: /home/robotics/colcon_ws/install/custom_msg_demo/share/custom_msg_demo/cmake/ament_cmake_export_targets-extras.cmake
[0.711s] -- Up-to-date: /home/robotics/colcon_ws/install/custom_msg_demo/share/custom_msg_demo/cmake/rosidl_cmake_export_typesupport_targets-extras.cmake
[0.711s] -- Up-to-date: /home/robotics/colcon_ws/install/custom_msg_demo/share/custom_msg_demo/cmake/ament_cmake_export_dependencies-extras.cmake
[0.711s] -- Up-to-date: /home/robotics/colcon_ws/install/custom_msg_demo/share/custom_msg_demo/cmake/rosidl_cmake_export_typesupport_libraries-extras.cmake
[0.711s] -- Up-to-date: /home/robotics/colcon_ws/install/custom_msg_demo/share/custom_msg_demo/cmake/custom_msg_demoConfig.cmake
[0.711s] -- Up-to-date: /home/robotics/colcon_ws/install/custom_msg_demo/share/custom_msg_demo/cmake/custom_msg_demoConfig-version.cmake
[0.712s] -- Up-to-date: /home/robotics/colcon_ws/install/custom_msg_demo/share/custom_msg_demo/package.xml
[0.718s] Invoked command in '/home/robotics/colcon_ws/build/custom_msg_demo' returned '0': CMAKE_PREFIX_PATH=/opt/ros/humble /usr/bin/cmake --install /home/robotics/colcon_ws/build/custom_msg_demo
