-- The C compiler identification is GNU 11.4.0
-- The CXX compiler identification is GNU 11.4.0
-- Detecting C compiler ABI info
-- Detecting C compiler ABI info - done
-- Check for working C compiler: /usr/bin/cc - skipped
-- Detecting C compile features
-- Detecting C compile features - done
-- Detecting CXX compiler ABI info
-- Detecting CXX compiler ABI info - done
-- Check for working CXX compiler: /usr/bin/c++ - skipped
-- Detecting CXX compile features
-- Detecting CXX compile features - done
-- Found ament_cmake: 1.3.13 (/opt/ros/humble/share/ament_cmake/cmake)
-- Found Python3: /usr/bin/python3 (found version "3.10.12") found components: Interpreter 
-- Found rclcpp: 16.0.18 (/opt/ros/humble/share/rclcpp/cmake)
-- Found rosidl_generator_c: 3.1.8 (/opt/ros/humble/share/rosidl_generator_c/cmake)
-- Found rosidl_adapter: 3.1.8 (/opt/ros/humble/share/rosidl_adapter/cmake)
-- Found rosidl_generator_cpp: 3.1.8 (/opt/ros/humble/share/rosidl_generator_cpp/cmake)
-- Using all available rosidl_typesupport_c: rosidl_typesupport_fastrtps_c;rosidl_typesupport_introspection_c
-- Using all available rosidl_typesupport_cpp: rosidl_typesupport_fastrtps_cpp;rosidl_typesupport_introspection_cpp
-- Found rmw_implementation_cmake: 6.1.2 (/opt/ros/humble/share/rmw_implementation_cmake/cmake)
-- Found rmw_fastrtps_cpp: 6.2.10 (/opt/ros/humble/share/rmw_fastrtps_cpp/cmake)
-- Found OpenSSL: /usr/lib/x86_64-linux-gnu/libcrypto.so (found version "3.0.2")  
-- Found FastRTPS: /opt/ros/humble/include  
-- Using RMW implementation 'rmw_fastrtps_cpp' as default
-- Looking for pthread.h
-- Looking for pthread.h - found
-- Performing Test CMAKE_HAVE_LIBC_PTHREAD
-- Performing Test CMAKE_HAVE_LIBC_PTHREAD - Success
-- Found Threads: TRUE  
-- Configuring done
-- Generating done
-- Build files have been written to: /home/robotics/colcon_ws/build/cpp_subpub
[ 50%] [32mBuilding CXX object CMakeFiles/subpub.dir/src/subpub.cpp.o[0m
[100%] [32m[1mLinking CXX executable subpub[0m
[100%] Built target subpub
-- Install configuration: ""
-- Installing: /home/robotics/colcon_ws/install/cpp_subpub/lib/cpp_subpub/subpub
-- Set runtime path of "/home/robotics/colcon_ws/install/cpp_subpub/lib/cpp_subpub/subpub" to ""
-- Installing: /home/robotics/colcon_ws/install/cpp_subpub/share/ament_index/resource_index/package_run_dependencies/cpp_subpub
-- Installing: /home/robotics/colcon_ws/install/cpp_subpub/share/ament_index/resource_index/parent_prefix_path/cpp_subpub
-- Installing: /home/robotics/colcon_ws/install/cpp_subpub/share/cpp_subpub/environment/ament_prefix_path.sh
-- Installing: /home/robotics/colcon_ws/install/cpp_subpub/share/cpp_subpub/environment/ament_prefix_path.dsv
-- Installing: /home/robotics/colcon_ws/install/cpp_subpub/share/cpp_subpub/environment/path.sh
-- Installing: /home/robotics/colcon_ws/install/cpp_subpub/share/cpp_subpub/environment/path.dsv
-- Installing: /home/robotics/colcon_ws/install/cpp_subpub/share/cpp_subpub/local_setup.bash
-- Installing: /home/robotics/colcon_ws/install/cpp_subpub/share/cpp_subpub/local_setup.sh
-- Installing: /home/robotics/colcon_ws/install/cpp_subpub/share/cpp_subpub/local_setup.zsh
-- Installing: /home/robotics/colcon_ws/install/cpp_subpub/share/cpp_subpub/local_setup.dsv
-- Installing: /home/robotics/colcon_ws/install/cpp_subpub/share/cpp_subpub/package.dsv
-- Installing: /home/robotics/colcon_ws/install/cpp_subpub/share/ament_index/resource_index/packages/cpp_subpub
-- Installing: /home/robotics/colcon_ws/install/cpp_subpub/share/cpp_subpub/cmake/cpp_subpubConfig.cmake
-- Installing: /home/robotics/colcon_ws/install/cpp_subpub/share/cpp_subpub/cmake/cpp_subpubConfig-version.cmake
-- Installing: /home/robotics/colcon_ws/install/cpp_subpub/share/cpp_subpub/package.xml
