[0.062s] Invoking command in '/home/robotics/colcon_ws/build/cpp_subpub': CMAKE_PREFIX_PATH=/opt/ros/humble /usr/bin/cmake /home/robotics/colcon_ws/src/cpp_subpub -DCMAKE_INSTALL_PREFIX=/home/robotics/colcon_ws/install/cpp_subpub
[0.554s] -- The C compiler identification is GNU 11.4.0
[0.783s] -- The CXX compiler identification is GNU 11.4.0
[0.800s] -- Detecting C compiler ABI info
[0.900s] -- Detecting C compiler ABI info - done
[0.912s] -- Check for working C compiler: /usr/bin/cc - skipped
[0.913s] -- Detecting C compile features
[0.914s] -- Detecting C compile features - done
[0.920s] -- Detecting CXX compiler ABI info
[1.037s] -- Detecting CXX compiler ABI info - done
[1.048s] -- Check for working CXX compiler: /usr/bin/c++ - skipped
[1.049s] -- Detecting CXX compile features
[1.049s] -- Detecting CXX compile features - done
[1.065s] -- Found ament_cmake: 1.3.13 (/opt/ros/humble/share/ament_cmake/cmake)
[1.298s] -- Found Python3: /usr/bin/python3 (found version "3.10.12") found components: Interpreter 
[1.469s] -- Found rclcpp: 16.0.18 (/opt/ros/humble/share/rclcpp/cmake)
[1.561s] -- Found rosidl_generator_c: 3.1.8 (/opt/ros/humble/share/rosidl_generator_c/cmake)
[1.573s] -- Found rosidl_adapter: 3.1.8 (/opt/ros/humble/share/rosidl_adapter/cmake)
[1.593s] -- Found rosidl_generator_cpp: 3.1.8 (/opt/ros/humble/share/rosidl_generator_cpp/cmake)
[1.621s] -- Using all available rosidl_typesupport_c: rosidl_typesupport_fastrtps_c;rosidl_typesupport_introspection_c
[1.653s] -- Using all available rosidl_typesupport_cpp: rosidl_typesupport_fastrtps_cpp;rosidl_typesupport_introspection_cpp
[1.744s] -- Found rmw_implementation_cmake: 6.1.2 (/opt/ros/humble/share/rmw_implementation_cmake/cmake)
[1.760s] -- Found rmw_fastrtps_cpp: 6.2.10 (/opt/ros/humble/share/rmw_fastrtps_cpp/cmake)
[1.945s] -- Found OpenSSL: /usr/lib/x86_64-linux-gnu/libcrypto.so (found version "3.0.2")  
[1.990s] -- Found FastRTPS: /opt/ros/humble/include  
[2.060s] -- Using RMW implementation 'rmw_fastrtps_cpp' as default
[2.080s] -- Looking for pthread.h
[2.179s] -- Looking for pthread.h - found
[2.179s] -- Performing Test CMAKE_HAVE_LIBC_PTHREAD
[2.267s] -- Performing Test CMAKE_HAVE_LIBC_PTHREAD - Success
[2.268s] -- Found Threads: TRUE  
[2.453s] -- Configuring done
[2.469s] -- Generating done
[2.475s] -- Build files have been written to: /home/robotics/colcon_ws/build/cpp_subpub
[2.487s] Invoked command in '/home/robotics/colcon_ws/build/cpp_subpub' returned '0': CMAKE_PREFIX_PATH=/opt/ros/humble /usr/bin/cmake /home/robotics/colcon_ws/src/cpp_subpub -DCMAKE_INSTALL_PREFIX=/home/robotics/colcon_ws/install/cpp_subpub
[2.488s] Invoking command in '/home/robotics/colcon_ws/build/cpp_subpub': CMAKE_PREFIX_PATH=/opt/ros/humble /usr/bin/cmake --build /home/robotics/colcon_ws/build/cpp_subpub -- -j8 -l8
[2.550s] [ 50%] [32mBuilding CXX object CMakeFiles/subpub.dir/src/subpub.cpp.o[0m
[15.624s] [100%] [32m[1mLinking CXX executable subpub[0m
[16.124s] [100%] Built target subpub
[16.138s] Invoked command in '/home/robotics/colcon_ws/build/cpp_subpub' returned '0': CMAKE_PREFIX_PATH=/opt/ros/humble /usr/bin/cmake --build /home/robotics/colcon_ws/build/cpp_subpub -- -j8 -l8
[16.140s] Invoking command in '/home/robotics/colcon_ws/build/cpp_subpub': CMAKE_PREFIX_PATH=/opt/ros/humble /usr/bin/cmake --install /home/robotics/colcon_ws/build/cpp_subpub
[16.149s] -- Install configuration: ""
[16.150s] -- Installing: /home/robotics/colcon_ws/install/cpp_subpub/lib/cpp_subpub/subpub
[16.153s] -- Set runtime path of "/home/robotics/colcon_ws/install/cpp_subpub/lib/cpp_subpub/subpub" to ""
[16.154s] -- Installing: /home/robotics/colcon_ws/install/cpp_subpub/share/ament_index/resource_index/package_run_dependencies/cpp_subpub
[16.154s] -- Installing: /home/robotics/colcon_ws/install/cpp_subpub/share/ament_index/resource_index/parent_prefix_path/cpp_subpub
[16.155s] -- Installing: /home/robotics/colcon_ws/install/cpp_subpub/share/cpp_subpub/environment/ament_prefix_path.sh
[16.155s] -- Installing: /home/robotics/colcon_ws/install/cpp_subpub/share/cpp_subpub/environment/ament_prefix_path.dsv
[16.155s] -- Installing: /home/robotics/colcon_ws/install/cpp_subpub/share/cpp_subpub/environment/path.sh
[16.156s] -- Installing: /home/robotics/colcon_ws/install/cpp_subpub/share/cpp_subpub/environment/path.dsv
[16.156s] -- Installing: /home/robotics/colcon_ws/install/cpp_subpub/share/cpp_subpub/local_setup.bash
[16.156s] -- Installing: /home/robotics/colcon_ws/install/cpp_subpub/share/cpp_subpub/local_setup.sh
[16.156s] -- Installing: /home/robotics/colcon_ws/install/cpp_subpub/share/cpp_subpub/local_setup.zsh
[16.156s] -- Installing: /home/robotics/colcon_ws/install/cpp_subpub/share/cpp_subpub/local_setup.dsv
[16.156s] -- Installing: /home/robotics/colcon_ws/install/cpp_subpub/share/cpp_subpub/package.dsv
[16.157s] -- Installing: /home/robotics/colcon_ws/install/cpp_subpub/share/ament_index/resource_index/packages/cpp_subpub
[16.157s] -- Installing: /home/robotics/colcon_ws/install/cpp_subpub/share/cpp_subpub/cmake/cpp_subpubConfig.cmake
[16.157s] -- Installing: /home/robotics/colcon_ws/install/cpp_subpub/share/cpp_subpub/cmake/cpp_subpubConfig-version.cmake
[16.157s] -- Installing: /home/robotics/colcon_ws/install/cpp_subpub/share/cpp_subpub/package.xml
[16.160s] Invoked command in '/home/robotics/colcon_ws/build/cpp_subpub' returned '0': CMAKE_PREFIX_PATH=/opt/ros/humble /usr/bin/cmake --install /home/robotics/colcon_ws/build/cpp_subpub
