[0.057s] Invoking command in '/home/robotics/colcon_ws/build/cpp_tf_showcase': CMAKE_PREFIX_PATH=/opt/ros/humble /usr/bin/cmake --build /home/robotics/colcon_ws/build/cpp_tf_showcase -- -j8 -l8
[0.168s] [ 33%] Built target turtle_tf_broadcaster
[0.207s] [ 66%] Built target sensor_static_tf_broadcaster
[0.252s] [100%] Built target tf_lookup_demo
[0.350s] Invoked command in '/home/robotics/colcon_ws/build/cpp_tf_showcase' returned '0': CMAKE_PREFIX_PATH=/opt/ros/humble /usr/bin/cmake --build /home/robotics/colcon_ws/build/cpp_tf_showcase -- -j8 -l8
[0.351s] Invoking command in '/home/robotics/colcon_ws/build/cpp_tf_showcase': CMAKE_PREFIX_PATH=/opt/ros/humble /usr/bin/cmake --install /home/robotics/colcon_ws/build/cpp_tf_showcase
[0.392s] -- Install configuration: ""
[0.393s] -- Up-to-date: /home/robotics/colcon_ws/install/cpp_tf_showcase/lib/cpp_tf_showcase/turtle_tf_broadcaster
[0.393s] -- Up-to-date: /home/robotics/colcon_ws/install/cpp_tf_showcase/lib/cpp_tf_showcase/sensor_static_tf_broadcaster
[0.393s] -- Up-to-date: /home/robotics/colcon_ws/install/cpp_tf_showcase/lib/cpp_tf_showcase/tf_lookup_demo
[0.393s] -- Up-to-date: /home/robotics/colcon_ws/install/cpp_tf_showcase/share/cpp_tf_showcase/launch
[0.393s] -- Up-to-date: /home/robotics/colcon_ws/install/cpp_tf_showcase/share/cpp_tf_showcase/launch/tf_showcase.launch.py
[0.393s] -- Up-to-date: /home/robotics/colcon_ws/install/cpp_tf_showcase/share/cpp_tf_showcase/launch/tf_showcase.launch.py:Zone.Identifier
[0.393s] -- Up-to-date: /home/robotics/colcon_ws/install/cpp_tf_showcase/share/cpp_tf_showcase/launch/tf_showcase2.launch.py:Zone.Identifier
[0.393s] -- Up-to-date: /home/robotics/colcon_ws/install/cpp_tf_showcase/share/cpp_tf_showcase/launch/tf_showcase2.launch.py
[0.393s] -- Up-to-date: /home/robotics/colcon_ws/install/cpp_tf_showcase/share/ament_index/resource_index/package_run_dependencies/cpp_tf_showcase
[0.393s] -- Up-to-date: /home/robotics/colcon_ws/install/cpp_tf_showcase/share/ament_index/resource_index/parent_prefix_path/cpp_tf_showcase
[0.393s] -- Up-to-date: /home/robotics/colcon_ws/install/cpp_tf_showcase/share/cpp_tf_showcase/environment/ament_prefix_path.sh
[0.393s] -- Up-to-date: /home/robotics/colcon_ws/install/cpp_tf_showcase/share/cpp_tf_showcase/environment/ament_prefix_path.dsv
[0.394s] -- Up-to-date: /home/robotics/colcon_ws/install/cpp_tf_showcase/share/cpp_tf_showcase/environment/path.sh
[0.394s] -- Up-to-date: /home/robotics/colcon_ws/install/cpp_tf_showcase/share/cpp_tf_showcase/environment/path.dsv
[0.394s] -- Up-to-date: /home/robotics/colcon_ws/install/cpp_tf_showcase/share/cpp_tf_showcase/local_setup.bash
[0.394s] -- Up-to-date: /home/robotics/colcon_ws/install/cpp_tf_showcase/share/cpp_tf_showcase/local_setup.sh
[0.394s] -- Up-to-date: /home/robotics/colcon_ws/install/cpp_tf_showcase/share/cpp_tf_showcase/local_setup.zsh
[0.394s] -- Up-to-date: /home/robotics/colcon_ws/install/cpp_tf_showcase/share/cpp_tf_showcase/local_setup.dsv
[0.394s] -- Installing: /home/robotics/colcon_ws/install/cpp_tf_showcase/share/cpp_tf_showcase/package.dsv
[0.394s] -- Up-to-date: /home/robotics/colcon_ws/install/cpp_tf_showcase/share/ament_index/resource_index/packages/cpp_tf_showcase
[0.394s] -- Up-to-date: /home/robotics/colcon_ws/install/cpp_tf_showcase/share/cpp_tf_showcase/cmake/cpp_tf_showcaseConfig.cmake
[0.394s] -- Up-to-date: /home/robotics/colcon_ws/install/cpp_tf_showcase/share/cpp_tf_showcase/cmake/cpp_tf_showcaseConfig-version.cmake
[0.394s] -- Up-to-date: /home/robotics/colcon_ws/install/cpp_tf_showcase/share/cpp_tf_showcase/package.xml
[0.441s] Invoked command in '/home/robotics/colcon_ws/build/cpp_tf_showcase' returned '0': CMAKE_PREFIX_PATH=/opt/ros/humble /usr/bin/cmake --install /home/robotics/colcon_ws/build/cpp_tf_showcase
