[0.084s] Invoking command in '/home/robotics/colcon_ws/build/cpp_tf_showcase': CMAKE_PREFIX_PATH=${CMAKE_PREFIX_PATH}:/opt/ros/humble /usr/bin/cmake --build /home/robotics/colcon_ws/build/cpp_tf_showcase -- -j8 -l8
[0.344s] [ 33%] Built target turtle_tf_broadcaster
[0.351s] [ 83%] Built target tf_lookup_demo
[0.359s] [100%] Built target sensor_static_tf_broadcaster
[0.535s] Invoked command in '/home/robotics/colcon_ws/build/cpp_tf_showcase' returned '0': CMAKE_PREFIX_PATH=${CMAKE_PREFIX_PATH}:/opt/ros/humble /usr/bin/cmake --build /home/robotics/colcon_ws/build/cpp_tf_showcase -- -j8 -l8
[0.538s] Invoking command in '/home/robotics/colcon_ws/build/cpp_tf_showcase': CMAKE_PREFIX_PATH=${CMAKE_PREFIX_PATH}:/opt/ros/humble /usr/bin/cmake --install /home/robotics/colcon_ws/build/cpp_tf_showcase
[0.555s] -- Install configuration: ""
[0.556s] -- Up-to-date: /home/robotics/colcon_ws/install/cpp_tf_showcase/lib/cpp_tf_showcase/turtle_tf_broadcaster
[0.557s] -- Up-to-date: /home/robotics/colcon_ws/install/cpp_tf_showcase/lib/cpp_tf_showcase/sensor_static_tf_broadcaster
[0.558s] -- Up-to-date: /home/robotics/colcon_ws/install/cpp_tf_showcase/lib/cpp_tf_showcase/tf_lookup_demo
[0.560s] -- Up-to-date: /home/robotics/colcon_ws/install/cpp_tf_showcase/share/cpp_tf_showcase/launch
[0.565s] -- Up-to-date: /home/robotics/colcon_ws/install/cpp_tf_showcase/share/cpp_tf_showcase/launch/tf_showcase.launch.py
[0.565s] -- Up-to-date: /home/robotics/colcon_ws/install/cpp_tf_showcase/share/cpp_tf_showcase/launch/tf_showcase.launch.py:Zone.Identifier
[0.565s] -- Up-to-date: /home/robotics/colcon_ws/install/cpp_tf_showcase/share/cpp_tf_showcase/launch/tf_showcase2.launch.py:Zone.Identifier
[0.565s] -- Up-to-date: /home/robotics/colcon_ws/install/cpp_tf_showcase/share/cpp_tf_showcase/launch/tf_showcase2.launch.py
[0.565s] -- Up-to-date: /home/robotics/colcon_ws/install/cpp_tf_showcase/share/ament_index/resource_index/package_run_dependencies/cpp_tf_showcase
[0.565s] -- Up-to-date: /home/robotics/colcon_ws/install/cpp_tf_showcase/share/ament_index/resource_index/parent_prefix_path/cpp_tf_showcase
[0.565s] -- Up-to-date: /home/robotics/colcon_ws/install/cpp_tf_showcase/share/cpp_tf_showcase/environment/ament_prefix_path.sh
[0.565s] -- Up-to-date: /home/robotics/colcon_ws/install/cpp_tf_showcase/share/cpp_tf_showcase/environment/ament_prefix_path.dsv
[0.566s] -- Up-to-date: /home/robotics/colcon_ws/install/cpp_tf_showcase/share/cpp_tf_showcase/environment/path.sh
[0.566s] -- Up-to-date: /home/robotics/colcon_ws/install/cpp_tf_showcase/share/cpp_tf_showcase/environment/path.dsv
[0.566s] -- Up-to-date: /home/robotics/colcon_ws/install/cpp_tf_showcase/share/cpp_tf_showcase/local_setup.bash
[0.566s] -- Up-to-date: /home/robotics/colcon_ws/install/cpp_tf_showcase/share/cpp_tf_showcase/local_setup.sh
[0.571s] -- Up-to-date: /home/robotics/colcon_ws/install/cpp_tf_showcase/share/cpp_tf_showcase/local_setup.zsh
[0.571s] -- Up-to-date: /home/robotics/colcon_ws/install/cpp_tf_showcase/share/cpp_tf_showcase/local_setup.dsv
[0.571s] -- Installing: /home/robotics/colcon_ws/install/cpp_tf_showcase/share/cpp_tf_showcase/package.dsv
[0.571s] -- Up-to-date: /home/robotics/colcon_ws/install/cpp_tf_showcase/share/ament_index/resource_index/packages/cpp_tf_showcase
[0.572s] -- Up-to-date: /home/robotics/colcon_ws/install/cpp_tf_showcase/share/cpp_tf_showcase/cmake/cpp_tf_showcaseConfig.cmake
[0.572s] -- Up-to-date: /home/robotics/colcon_ws/install/cpp_tf_showcase/share/cpp_tf_showcase/cmake/cpp_tf_showcaseConfig-version.cmake
[0.572s] -- Up-to-date: /home/robotics/colcon_ws/install/cpp_tf_showcase/share/cpp_tf_showcase/package.xml
[0.591s] Invoked command in '/home/robotics/colcon_ws/build/cpp_tf_showcase' returned '0': CMAKE_PREFIX_PATH=${CMAKE_PREFIX_PATH}:/opt/ros/humble /usr/bin/cmake --install /home/robotics/colcon_ws/build/cpp_tf_showcase
