[0.048s] Invoking command in '/home/robotics/colcon_ws/build/cpp_timer_showcase': CMAKE_PREFIX_PATH=/opt/ros/humble /usr/bin/cmake /home/robotics/colcon_ws/src/cpp_timer_showcase -DCMAKE_INSTALL_PREFIX=/home/robotics/colcon_ws/install/cpp_timer_showcase
[0.479s] -- The C compiler identification is GNU 11.4.0
[0.647s] -- The CXX compiler identification is GNU 11.4.0
[0.661s] -- Detecting C compiler ABI info
[0.769s] -- Detecting C compiler ABI info - done
[0.777s] -- Check for working C compiler: /usr/bin/cc - skipped
[0.779s] -- Detecting C compile features
[0.779s] -- Detecting C compile features - done
[0.786s] -- Detecting CXX compiler ABI info
[0.903s] -- Detecting CXX compiler ABI info - done
[0.913s] -- Check for working CXX compiler: /usr/bin/c++ - skipped
[0.915s] -- Detecting CXX compile features
[0.915s] -- Detecting CXX compile features - done
[0.941s] -- Found ament_cmake: 1.3.13 (/opt/ros/humble/share/ament_cmake/cmake)
[1.182s] -- Found Python3: /usr/bin/python3 (found version "3.10.12") found components: Interpreter 
[1.408s] -- Found rclcpp: 16.0.18 (/opt/ros/humble/share/rclcpp/cmake)
[1.523s] -- Found rosidl_generator_c: 3.1.8 (/opt/ros/humble/share/rosidl_generator_c/cmake)
[1.534s] -- Found rosidl_adapter: 3.1.8 (/opt/ros/humble/share/rosidl_adapter/cmake)
[1.554s] -- Found rosidl_generator_cpp: 3.1.8 (/opt/ros/humble/share/rosidl_generator_cpp/cmake)
[1.583s] -- Using all available rosidl_typesupport_c: rosidl_typesupport_fastrtps_c;rosidl_typesupport_introspection_c
[1.616s] -- Using all available rosidl_typesupport_cpp: rosidl_typesupport_fastrtps_cpp;rosidl_typesupport_introspection_cpp
[1.712s] -- Found rmw_implementation_cmake: 6.1.2 (/opt/ros/humble/share/rmw_implementation_cmake/cmake)
[1.720s] -- Found rmw_fastrtps_cpp: 6.2.10 (/opt/ros/humble/share/rmw_fastrtps_cpp/cmake)
[1.916s] -- Found OpenSSL: /usr/lib/x86_64-linux-gnu/libcrypto.so (found version "3.0.2")  
[1.966s] -- Found FastRTPS: /opt/ros/humble/include  
[2.025s] -- Using RMW implementation 'rmw_fastrtps_cpp' as default
[2.048s] -- Looking for pthread.h
[2.170s] -- Looking for pthread.h - found
[2.171s] -- Performing Test CMAKE_HAVE_LIBC_PTHREAD
[2.268s] -- Performing Test CMAKE_HAVE_LIBC_PTHREAD - Success
[2.269s] -- Found Threads: TRUE  
[2.471s] -- Configuring done
[2.498s] -- Generating done
[2.505s] -- Build files have been written to: /home/robotics/colcon_ws/build/cpp_timer_showcase
[2.514s] Invoked command in '/home/robotics/colcon_ws/build/cpp_timer_showcase' returned '0': CMAKE_PREFIX_PATH=/opt/ros/humble /usr/bin/cmake /home/robotics/colcon_ws/src/cpp_timer_showcase -DCMAKE_INSTALL_PREFIX=/home/robotics/colcon_ws/install/cpp_timer_showcase
[2.516s] Invoking command in '/home/robotics/colcon_ws/build/cpp_timer_showcase': CMAKE_PREFIX_PATH=/opt/ros/humble /usr/bin/cmake --build /home/robotics/colcon_ws/build/cpp_timer_showcase -- -j8 -l8
[2.578s] [ 12%] [32mBuilding CXX object CMakeFiles/callback_group_timers_node.dir/src/callback_group_timers_node.cpp.o[0m
[2.578s] [ 25%] [32mBuilding CXX object CMakeFiles/basic_timer_node.dir/src/basic_timer_node.cpp.o[0m
[2.578s] [ 37%] [32mBuilding CXX object CMakeFiles/control_timer_node.dir/src/control_timer_node.cpp.o[0m
[2.579s] [ 50%] [32mBuilding CXX object CMakeFiles/multi_timer_node.dir/src/multi_timer_node.cpp.o[0m
[7.627s] [ 62%] [32m[1mLinking CXX executable basic_timer_node[0m
[7.627s] [ 75%] [32m[1mLinking CXX executable control_timer_node[0m
[7.725s] [ 87%] [32m[1mLinking CXX executable multi_timer_node[0m
[7.840s] [100%] [32m[1mLinking CXX executable callback_group_timers_node[0m
[7.848s] [100%] Built target control_timer_node
[7.856s] [100%] Built target basic_timer_node
[7.904s] [100%] Built target multi_timer_node
[7.993s] [100%] Built target callback_group_timers_node
[8.008s] Invoked command in '/home/robotics/colcon_ws/build/cpp_timer_showcase' returned '0': CMAKE_PREFIX_PATH=/opt/ros/humble /usr/bin/cmake --build /home/robotics/colcon_ws/build/cpp_timer_showcase -- -j8 -l8
[8.011s] Invoking command in '/home/robotics/colcon_ws/build/cpp_timer_showcase': CMAKE_PREFIX_PATH=/opt/ros/humble /usr/bin/cmake --install /home/robotics/colcon_ws/build/cpp_timer_showcase
[8.023s] -- Install configuration: ""
[8.023s] -- Installing: /home/robotics/colcon_ws/install/cpp_timer_showcase/lib/cpp_timer_showcase/basic_timer_node
[8.024s] -- Set runtime path of "/home/robotics/colcon_ws/install/cpp_timer_showcase/lib/cpp_timer_showcase/basic_timer_node" to ""
[8.024s] -- Installing: /home/robotics/colcon_ws/install/cpp_timer_showcase/lib/cpp_timer_showcase/multi_timer_node
[8.025s] -- Set runtime path of "/home/robotics/colcon_ws/install/cpp_timer_showcase/lib/cpp_timer_showcase/multi_timer_node" to ""
[8.025s] -- Installing: /home/robotics/colcon_ws/install/cpp_timer_showcase/lib/cpp_timer_showcase/control_timer_node
[8.025s] -- Set runtime path of "/home/robotics/colcon_ws/install/cpp_timer_showcase/lib/cpp_timer_showcase/control_timer_node" to ""
[8.025s] -- Installing: /home/robotics/colcon_ws/install/cpp_timer_showcase/lib/cpp_timer_showcase/callback_group_timers_node
[8.026s] -- Set runtime path of "/home/robotics/colcon_ws/install/cpp_timer_showcase/lib/cpp_timer_showcase/callback_group_timers_node" to ""
[8.026s] -- Installing: /home/robotics/colcon_ws/install/cpp_timer_showcase/share/cpp_timer_showcase/launch
[8.028s] -- Installing: /home/robotics/colcon_ws/install/cpp_timer_showcase/share/cpp_timer_showcase/launch/timers_demo.launch.py
[8.028s] -- Installing: /home/robotics/colcon_ws/install/cpp_timer_showcase/share/cpp_timer_showcase/launch/timers_demo.launch.py:Zone.Identifier
[8.029s] -- Installing: /home/robotics/colcon_ws/install/cpp_timer_showcase/share/ament_index/resource_index/package_run_dependencies/cpp_timer_showcase
[8.030s] -- Installing: /home/robotics/colcon_ws/install/cpp_timer_showcase/share/ament_index/resource_index/parent_prefix_path/cpp_timer_showcase
[8.030s] -- Installing: /home/robotics/colcon_ws/install/cpp_timer_showcase/share/cpp_timer_showcase/environment/ament_prefix_path.sh
[8.030s] -- Installing: /home/robotics/colcon_ws/install/cpp_timer_showcase/share/cpp_timer_showcase/environment/ament_prefix_path.dsv
[8.031s] -- Installing: /home/robotics/colcon_ws/install/cpp_timer_showcase/share/cpp_timer_showcase/environment/path.sh
[8.031s] -- Installing: /home/robotics/colcon_ws/install/cpp_timer_showcase/share/cpp_timer_showcase/environment/path.dsv
[8.031s] -- Installing: /home/robotics/colcon_ws/install/cpp_timer_showcase/share/cpp_timer_showcase/local_setup.bash
[8.031s] -- Installing: /home/robotics/colcon_ws/install/cpp_timer_showcase/share/cpp_timer_showcase/local_setup.sh
[8.032s] -- Installing: /home/robotics/colcon_ws/install/cpp_timer_showcase/share/cpp_timer_showcase/local_setup.zsh
[8.032s] -- Installing: /home/robotics/colcon_ws/install/cpp_timer_showcase/share/cpp_timer_showcase/local_setup.dsv
[8.032s] -- Installing: /home/robotics/colcon_ws/install/cpp_timer_showcase/share/cpp_timer_showcase/package.dsv
[8.032s] -- Installing: /home/robotics/colcon_ws/install/cpp_timer_showcase/share/ament_index/resource_index/packages/cpp_timer_showcase
[8.033s] -- Installing: /home/robotics/colcon_ws/install/cpp_timer_showcase/share/cpp_timer_showcase/cmake/cpp_timer_showcaseConfig.cmake
[8.033s] -- Installing: /home/robotics/colcon_ws/install/cpp_timer_showcase/share/cpp_timer_showcase/cmake/cpp_timer_showcaseConfig-version.cmake
[8.033s] -- Installing: /home/robotics/colcon_ws/install/cpp_timer_showcase/share/cpp_timer_showcase/package.xml
[8.036s] Invoked command in '/home/robotics/colcon_ws/build/cpp_timer_showcase' returned '0': CMAKE_PREFIX_PATH=/opt/ros/humble /usr/bin/cmake --install /home/robotics/colcon_ws/build/cpp_timer_showcase
