[0.052s] Invoking command in '/home/robotics/colcon_ws/build/cpp_pubsub': CMAKE_PREFIX_PATH=/opt/ros/humble /usr/bin/cmake --build /home/robotics/colcon_ws/build/cpp_pubsub -- -j8 -l8
[0.162s] [ 50%] Built target listener
[0.162s] [100%] Built target talker
[0.187s] Invoked command in '/home/robotics/colcon_ws/build/cpp_pubsub' returned '0': CMAKE_PREFIX_PATH=/opt/ros/humble /usr/bin/cmake --build /home/robotics/colcon_ws/build/cpp_pubsub -- -j8 -l8
[0.202s] Invoking command in '/home/robotics/colcon_ws/build/cpp_pubsub': CMAKE_PREFIX_PATH=/opt/ros/humble /usr/bin/cmake --install /home/robotics/colcon_ws/build/cpp_pubsub
[0.220s] -- Install configuration: ""
[0.220s] -- Up-to-date: /home/robotics/colcon_ws/install/cpp_pubsub/lib/cpp_pubsub/talker
[0.220s] -- Up-to-date: /home/robotics/colcon_ws/install/cpp_pubsub/lib/cpp_pubsub/listener
[0.220s] -- Up-to-date: /home/robotics/colcon_ws/install/cpp_pubsub/share/cpp_pubsub//launch
[0.220s] -- Up-to-date: /home/robotics/colcon_ws/install/cpp_pubsub/share/cpp_pubsub//launch/launch1.launch.py
[0.221s] -- Up-to-date: /home/robotics/colcon_ws/install/cpp_pubsub/share/cpp_pubsub//launch/launch2.launch.py
[0.221s] -- Up-to-date: /home/robotics/colcon_ws/install/cpp_pubsub/share/cpp_pubsub//launch/launch2.launch.py:Zone.Identifier
[0.221s] -- Up-to-date: /home/robotics/colcon_ws/install/cpp_pubsub/share/cpp_pubsub//launch/launch1.launch.py:Zone.Identifier
[0.221s] -- Up-to-date: /home/robotics/colcon_ws/install/cpp_pubsub/share/ament_index/resource_index/package_run_dependencies/cpp_pubsub
[0.221s] -- Up-to-date: /home/robotics/colcon_ws/install/cpp_pubsub/share/ament_index/resource_index/parent_prefix_path/cpp_pubsub
[0.221s] -- Up-to-date: /home/robotics/colcon_ws/install/cpp_pubsub/share/cpp_pubsub/environment/ament_prefix_path.sh
[0.221s] -- Up-to-date: /home/robotics/colcon_ws/install/cpp_pubsub/share/cpp_pubsub/environment/ament_prefix_path.dsv
[0.221s] -- Up-to-date: /home/robotics/colcon_ws/install/cpp_pubsub/share/cpp_pubsub/environment/path.sh
[0.221s] -- Up-to-date: /home/robotics/colcon_ws/install/cpp_pubsub/share/cpp_pubsub/environment/path.dsv
[0.221s] -- Up-to-date: /home/robotics/colcon_ws/install/cpp_pubsub/share/cpp_pubsub/local_setup.bash
[0.221s] -- Up-to-date: /home/robotics/colcon_ws/install/cpp_pubsub/share/cpp_pubsub/local_setup.sh
[0.221s] -- Up-to-date: /home/robotics/colcon_ws/install/cpp_pubsub/share/cpp_pubsub/local_setup.zsh
[0.222s] -- Up-to-date: /home/robotics/colcon_ws/install/cpp_pubsub/share/cpp_pubsub/local_setup.dsv
[0.222s] -- Installing: /home/robotics/colcon_ws/install/cpp_pubsub/share/cpp_pubsub/package.dsv
[0.222s] -- Up-to-date: /home/robotics/colcon_ws/install/cpp_pubsub/share/ament_index/resource_index/packages/cpp_pubsub
[0.222s] -- Up-to-date: /home/robotics/colcon_ws/install/cpp_pubsub/share/cpp_pubsub/cmake/cpp_pubsubConfig.cmake
[0.222s] -- Up-to-date: /home/robotics/colcon_ws/install/cpp_pubsub/share/cpp_pubsub/cmake/cpp_pubsubConfig-version.cmake
[0.222s] -- Up-to-date: /home/robotics/colcon_ws/install/cpp_pubsub/share/cpp_pubsub/package.xml
[0.223s] Invoked command in '/home/robotics/colcon_ws/build/cpp_pubsub' returned '0': CMAKE_PREFIX_PATH=/opt/ros/humble /usr/bin/cmake --install /home/robotics/colcon_ws/build/cpp_pubsub
