[35m[1mConsolidate compiler generated dependencies of target exact_sync_node[0m
[35m[1mConsolidate compiler generated dependencies of target unsync_sensor_publisher[0m
[35m[1mConsolidate compiler generated dependencies of target exact_pair_publisher[0m
[35m[1mConsolidate compiler generated dependencies of target approximate_sync_node[0m
[ 25%] Built target exact_pair_publisher
[ 50%] Built target exact_sync_node
[ 75%] Built target approximate_sync_node
[100%] Built target unsync_sensor_publisher
-- Install configuration: ""
-- Up-to-date: /home/robotics/colcon_ws/install/cpp_message_filters_showcase/lib/cpp_message_filters_showcase/unsync_sensor_publisher
-- Up-to-date: /home/robotics/colcon_ws/install/cpp_message_filters_showcase/lib/cpp_message_filters_showcase/exact_pair_publisher
-- Up-to-date: /home/robotics/colcon_ws/install/cpp_message_filters_showcase/lib/cpp_message_filters_showcase/exact_sync_node
-- Up-to-date: /home/robotics/colcon_ws/install/cpp_message_filters_showcase/lib/cpp_message_filters_showcase/approximate_sync_node
-- Up-to-date: /home/robotics/colcon_ws/install/cpp_message_filters_showcase/share/cpp_message_filters_showcase/launch
-- Up-to-date: /home/robotics/colcon_ws/install/cpp_message_filters_showcase/share/cpp_message_filters_showcase/launch/unsync_demo.launch.py:Zone.Identifier
-- Up-to-date: /home/robotics/colcon_ws/install/cpp_message_filters_showcase/share/cpp_message_filters_showcase/launch/exact_demo.launch.py:Zone.Identifier
-- Up-to-date: /home/robotics/colcon_ws/install/cpp_message_filters_showcase/share/cpp_message_filters_showcase/launch/unsync_demo.launch.py
-- Up-to-date: /home/robotics/colcon_ws/install/cpp_message_filters_showcase/share/cpp_message_filters_showcase/launch/exact_demo.launch.py
-- Up-to-date: /home/robotics/colcon_ws/install/cpp_message_filters_showcase/share/ament_index/resource_index/package_run_dependencies/cpp_message_filters_showcase
-- Up-to-date: /home/robotics/colcon_ws/install/cpp_message_filters_showcase/share/ament_index/resource_index/parent_prefix_path/cpp_message_filters_showcase
-- Up-to-date: /home/robotics/colcon_ws/install/cpp_message_filters_showcase/share/cpp_message_filters_showcase/environment/ament_prefix_path.sh
-- Up-to-date: /home/robotics/colcon_ws/install/cpp_message_filters_showcase/share/cpp_message_filters_showcase/environment/ament_prefix_path.dsv
-- Up-to-date: /home/robotics/colcon_ws/install/cpp_message_filters_showcase/share/cpp_message_filters_showcase/environment/path.sh
-- Up-to-date: /home/robotics/colcon_ws/install/cpp_message_filters_showcase/share/cpp_message_filters_showcase/environment/path.dsv
-- Up-to-date: /home/robotics/colcon_ws/install/cpp_message_filters_showcase/share/cpp_message_filters_showcase/local_setup.bash
-- Up-to-date: /home/robotics/colcon_ws/install/cpp_message_filters_showcase/share/cpp_message_filters_showcase/local_setup.sh
-- Up-to-date: /home/robotics/colcon_ws/install/cpp_message_filters_showcase/share/cpp_message_filters_showcase/local_setup.zsh
-- Up-to-date: /home/robotics/colcon_ws/install/cpp_message_filters_showcase/share/cpp_message_filters_showcase/local_setup.dsv
-- Installing: /home/robotics/colcon_ws/install/cpp_message_filters_showcase/share/cpp_message_filters_showcase/package.dsv
-- Up-to-date: /home/robotics/colcon_ws/install/cpp_message_filters_showcase/share/ament_index/resource_index/packages/cpp_message_filters_showcase
-- Up-to-date: /home/robotics/colcon_ws/install/cpp_message_filters_showcase/share/cpp_message_filters_showcase/cmake/cpp_message_filters_showcaseConfig.cmake
-- Up-to-date: /home/robotics/colcon_ws/install/cpp_message_filters_showcase/share/cpp_message_filters_showcase/cmake/cpp_message_filters_showcaseConfig-version.cmake
-- Up-to-date: /home/robotics/colcon_ws/install/cpp_message_filters_showcase/share/cpp_message_filters_showcase/package.xml
