[0.052s] Invoking command in '/home/robotics/colcon_ws/build/cpp_subpub': CMAKE_PREFIX_PATH=/opt/ros/humble /usr/bin/cmake --build /home/robotics/colcon_ws/build/cpp_subpub -- -j8 -l8
[0.191s] [100%] Built target subpub
[0.226s] Invoked command in '/home/robotics/colcon_ws/build/cpp_subpub' returned '0': CMAKE_PREFIX_PATH=/opt/ros/humble /usr/bin/cmake --build /home/robotics/colcon_ws/build/cpp_subpub -- -j8 -l8
[0.241s] Invoking command in '/home/robotics/colcon_ws/build/cpp_subpub': CMAKE_PREFIX_PATH=/opt/ros/humble /usr/bin/cmake --install /home/robotics/colcon_ws/build/cpp_subpub
[0.258s] -- Install configuration: ""
[0.259s] -- Up-to-date: /home/robotics/colcon_ws/install/cpp_subpub/lib/cpp_subpub/subpub
[0.269s] -- Up-to-date: /home/robotics/colcon_ws/install/cpp_subpub/share/ament_index/resource_index/package_run_dependencies/cpp_subpub
[0.269s] -- Up-to-date: /home/robotics/colcon_ws/install/cpp_subpub/share/ament_index/resource_index/parent_prefix_path/cpp_subpub
[0.269s] -- Up-to-date: /home/robotics/colcon_ws/install/cpp_subpub/share/cpp_subpub/environment/ament_prefix_path.sh
[0.269s] -- Up-to-date: /home/robotics/colcon_ws/install/cpp_subpub/share/cpp_subpub/environment/ament_prefix_path.dsv
[0.270s] -- Up-to-date: /home/robotics/colcon_ws/install/cpp_subpub/share/cpp_subpub/environment/path.sh
[0.270s] -- Up-to-date: /home/robotics/colcon_ws/install/cpp_subpub/share/cpp_subpub/environment/path.dsv
[0.270s] -- Up-to-date: /home/robotics/colcon_ws/install/cpp_subpub/share/cpp_subpub/local_setup.bash
[0.270s] -- Up-to-date: /home/robotics/colcon_ws/install/cpp_subpub/share/cpp_subpub/local_setup.sh
[0.270s] -- Up-to-date: /home/robotics/colcon_ws/install/cpp_subpub/share/cpp_subpub/local_setup.zsh
[0.270s] -- Up-to-date: /home/robotics/colcon_ws/install/cpp_subpub/share/cpp_subpub/local_setup.dsv
[0.270s] -- Installing: /home/robotics/colcon_ws/install/cpp_subpub/share/cpp_subpub/package.dsv
[0.270s] -- Up-to-date: /home/robotics/colcon_ws/install/cpp_subpub/share/ament_index/resource_index/packages/cpp_subpub
[0.275s] -- Up-to-date: /home/robotics/colcon_ws/install/cpp_subpub/share/cpp_subpub/cmake/cpp_subpubConfig.cmake
[0.282s] -- Up-to-date: /home/robotics/colcon_ws/install/cpp_subpub/share/cpp_subpub/cmake/cpp_subpubConfig-version.cmake
[0.283s] -- Up-to-date: /home/robotics/colcon_ws/install/cpp_subpub/share/cpp_subpub/package.xml
[0.354s] Invoked command in '/home/robotics/colcon_ws/build/cpp_subpub' returned '0': CMAKE_PREFIX_PATH=/opt/ros/humble /usr/bin/cmake --install /home/robotics/colcon_ws/build/cpp_subpub
