[0.076s] Invoking command in '/home/robotics/colcon_ws/build/cpp_subpub': CMAKE_PREFIX_PATH=${CMAKE_PREFIX_PATH}:/opt/ros/humble /usr/bin/cmake --build /home/robotics/colcon_ws/build/cpp_subpub -- -j8 -l8
[0.270s] [100%] Built target subpub
[0.298s] Invoked command in '/home/robotics/colcon_ws/build/cpp_subpub' returned '0': CMAKE_PREFIX_PATH=${CMAKE_PREFIX_PATH}:/opt/ros/humble /usr/bin/cmake --build /home/robotics/colcon_ws/build/cpp_subpub -- -j8 -l8
[0.351s] Invoking command in '/home/robotics/colcon_ws/build/cpp_subpub': CMAKE_PREFIX_PATH=${CMAKE_PREFIX_PATH}:/opt/ros/humble /usr/bin/cmake --install /home/robotics/colcon_ws/build/cpp_subpub
[0.393s] -- Install configuration: ""
[0.393s] -- Up-to-date: /home/robotics/colcon_ws/install/cpp_subpub/lib/cpp_subpub/subpub
[0.393s] -- Up-to-date: /home/robotics/colcon_ws/install/cpp_subpub/share/ament_index/resource_index/package_run_dependencies/cpp_subpub
[0.393s] -- Up-to-date: /home/robotics/colcon_ws/install/cpp_subpub/share/ament_index/resource_index/parent_prefix_path/cpp_subpub
[0.393s] -- Up-to-date: /home/robotics/colcon_ws/install/cpp_subpub/share/cpp_subpub/environment/ament_prefix_path.sh
[0.393s] -- Up-to-date: /home/robotics/colcon_ws/install/cpp_subpub/share/cpp_subpub/environment/ament_prefix_path.dsv
[0.394s] -- Up-to-date: /home/robotics/colcon_ws/install/cpp_subpub/share/cpp_subpub/environment/path.sh
[0.394s] -- Up-to-date: /home/robotics/colcon_ws/install/cpp_subpub/share/cpp_subpub/environment/path.dsv
[0.394s] -- Up-to-date: /home/robotics/colcon_ws/install/cpp_subpub/share/cpp_subpub/local_setup.bash
[0.394s] -- Up-to-date: /home/robotics/colcon_ws/install/cpp_subpub/share/cpp_subpub/local_setup.sh
[0.394s] -- Up-to-date: /home/robotics/colcon_ws/install/cpp_subpub/share/cpp_subpub/local_setup.zsh
[0.394s] -- Up-to-date: /home/robotics/colcon_ws/install/cpp_subpub/share/cpp_subpub/local_setup.dsv
[0.394s] -- Installing: /home/robotics/colcon_ws/install/cpp_subpub/share/cpp_subpub/package.dsv
[0.394s] -- Up-to-date: /home/robotics/colcon_ws/install/cpp_subpub/share/ament_index/resource_index/packages/cpp_subpub
[0.394s] -- Up-to-date: /home/robotics/colcon_ws/install/cpp_subpub/share/cpp_subpub/cmake/cpp_subpubConfig.cmake
[0.394s] -- Up-to-date: /home/robotics/colcon_ws/install/cpp_subpub/share/cpp_subpub/cmake/cpp_subpubConfig-version.cmake
[0.394s] -- Up-to-date: /home/robotics/colcon_ws/install/cpp_subpub/share/cpp_subpub/package.xml
[0.403s] Invoked command in '/home/robotics/colcon_ws/build/cpp_subpub' returned '0': CMAKE_PREFIX_PATH=${CMAKE_PREFIX_PATH}:/opt/ros/humble /usr/bin/cmake --install /home/robotics/colcon_ws/build/cpp_subpub
