[0.041s] Invoking command in '/home/robotics/colcon_ws/build/cpp_pubsub': CMAKE_PREFIX_PATH=/opt/ros/humble /usr/bin/cmake /home/robotics/colcon_ws/src/cpp_pubsub -DCMAKE_INSTALL_PREFIX=/home/robotics/colcon_ws/install/cpp_pubsub
[0.722s] -- The C compiler identification is GNU 11.4.0
[0.985s] -- The CXX compiler identification is GNU 11.4.0
[1.026s] -- Detecting C compiler ABI info
[1.202s] -- Detecting C compiler ABI info - done
[1.215s] -- Check for working C compiler: /usr/bin/cc - skipped
[1.217s] -- Detecting C compile features
[1.218s] -- Detecting C compile features - done
[1.227s] -- Detecting CXX compiler ABI info
[1.342s] -- Detecting CXX compiler ABI info - done
[1.348s] -- Check for working CXX compiler: /usr/bin/c++ - skipped
[1.349s] -- Detecting CXX compile features
[1.349s] -- Detecting CXX compile features - done
[1.398s] -- Found ament_cmake: 1.3.13 (/opt/ros/humble/share/ament_cmake/cmake)
[1.649s] -- Found Python3: /usr/bin/python3 (found version "3.10.12") found components: Interpreter 
[1.859s] -- Found rclcpp: 16.0.18 (/opt/ros/humble/share/rclcpp/cmake)
[2.032s] -- Found rosidl_generator_c: 3.1.8 (/opt/ros/humble/share/rosidl_generator_c/cmake)
[2.052s] -- Found rosidl_adapter: 3.1.8 (/opt/ros/humble/share/rosidl_adapter/cmake)
[2.084s] -- Found rosidl_generator_cpp: 3.1.8 (/opt/ros/humble/share/rosidl_generator_cpp/cmake)
[2.143s] -- Using all available rosidl_typesupport_c: rosidl_typesupport_fastrtps_c;rosidl_typesupport_introspection_c
[2.198s] -- Using all available rosidl_typesupport_cpp: rosidl_typesupport_fastrtps_cpp;rosidl_typesupport_introspection_cpp
[2.320s] -- Found rmw_implementation_cmake: 6.1.2 (/opt/ros/humble/share/rmw_implementation_cmake/cmake)
[2.329s] -- Found rmw_fastrtps_cpp: 6.2.10 (/opt/ros/humble/share/rmw_fastrtps_cpp/cmake)
[2.617s] -- Found OpenSSL: /usr/lib/x86_64-linux-gnu/libcrypto.so (found version "3.0.2")  
[2.661s] -- Found FastRTPS: /opt/ros/humble/include  
[2.729s] -- Using RMW implementation 'rmw_fastrtps_cpp' as default
[2.766s] -- Looking for pthread.h
[2.885s] -- Looking for pthread.h - found
[2.886s] -- Performing Test CMAKE_HAVE_LIBC_PTHREAD
[2.978s] -- Performing Test CMAKE_HAVE_LIBC_PTHREAD - Success
[2.979s] -- Found Threads: TRUE  
[3.189s] -- Configuring done
[3.221s] -- Generating done
[3.228s] -- Build files have been written to: /home/robotics/colcon_ws/build/cpp_pubsub
[3.238s] Invoked command in '/home/robotics/colcon_ws/build/cpp_pubsub' returned '0': CMAKE_PREFIX_PATH=/opt/ros/humble /usr/bin/cmake /home/robotics/colcon_ws/src/cpp_pubsub -DCMAKE_INSTALL_PREFIX=/home/robotics/colcon_ws/install/cpp_pubsub
[3.241s] Invoking command in '/home/robotics/colcon_ws/build/cpp_pubsub': CMAKE_PREFIX_PATH=/opt/ros/humble /usr/bin/cmake --build /home/robotics/colcon_ws/build/cpp_pubsub -- -j8 -l8
[3.305s] [ 50%] [32mBuilding CXX object CMakeFiles/listener.dir/src/subscriber.cpp.o[0m
[3.306s] [ 50%] [32mBuilding CXX object CMakeFiles/talker.dir/src/publisher.cpp.o[0m
[9.188s] [ 75%] [32m[1mLinking CXX executable talker[0m
[9.541s] [ 75%] Built target talker
[13.645s] [100%] [32m[1mLinking CXX executable listener[0m
[14.077s] [100%] Built target listener
[14.090s] Invoked command in '/home/robotics/colcon_ws/build/cpp_pubsub' returned '0': CMAKE_PREFIX_PATH=/opt/ros/humble /usr/bin/cmake --build /home/robotics/colcon_ws/build/cpp_pubsub -- -j8 -l8
[14.107s] Invoking command in '/home/robotics/colcon_ws/build/cpp_pubsub': CMAKE_PREFIX_PATH=/opt/ros/humble /usr/bin/cmake --install /home/robotics/colcon_ws/build/cpp_pubsub
[14.116s] -- Install configuration: ""
[14.117s] -- Installing: /home/robotics/colcon_ws/install/cpp_pubsub/lib/cpp_pubsub/talker
[14.118s] -- Set runtime path of "/home/robotics/colcon_ws/install/cpp_pubsub/lib/cpp_pubsub/talker" to ""
[14.118s] -- Installing: /home/robotics/colcon_ws/install/cpp_pubsub/lib/cpp_pubsub/listener
[14.121s] -- Set runtime path of "/home/robotics/colcon_ws/install/cpp_pubsub/lib/cpp_pubsub/listener" to ""
[14.121s] -- Installing: /home/robotics/colcon_ws/install/cpp_pubsub/share/cpp_pubsub//launch
[14.122s] -- Installing: /home/robotics/colcon_ws/install/cpp_pubsub/share/cpp_pubsub//launch/launch1.launch.py
[14.124s] -- Installing: /home/robotics/colcon_ws/install/cpp_pubsub/share/cpp_pubsub//launch/launch2.launch.py
[14.125s] -- Installing: /home/robotics/colcon_ws/install/cpp_pubsub/share/cpp_pubsub//launch/launch2.launch.py:Zone.Identifier
[14.125s] -- Installing: /home/robotics/colcon_ws/install/cpp_pubsub/share/cpp_pubsub//launch/launch1.launch.py:Zone.Identifier
[14.127s] -- Installing: /home/robotics/colcon_ws/install/cpp_pubsub/share/ament_index/resource_index/package_run_dependencies/cpp_pubsub
[14.128s] -- Installing: /home/robotics/colcon_ws/install/cpp_pubsub/share/ament_index/resource_index/parent_prefix_path/cpp_pubsub
[14.128s] -- Installing: /home/robotics/colcon_ws/install/cpp_pubsub/share/cpp_pubsub/environment/ament_prefix_path.sh
[14.129s] -- Installing: /home/robotics/colcon_ws/install/cpp_pubsub/share/cpp_pubsub/environment/ament_prefix_path.dsv
[14.129s] -- Installing: /home/robotics/colcon_ws/install/cpp_pubsub/share/cpp_pubsub/environment/path.sh
[14.130s] -- Installing: /home/robotics/colcon_ws/install/cpp_pubsub/share/cpp_pubsub/environment/path.dsv
[14.130s] -- Installing: /home/robotics/colcon_ws/install/cpp_pubsub/share/cpp_pubsub/local_setup.bash
[14.131s] -- Installing: /home/robotics/colcon_ws/install/cpp_pubsub/share/cpp_pubsub/local_setup.sh
[14.131s] -- Installing: /home/robotics/colcon_ws/install/cpp_pubsub/share/cpp_pubsub/local_setup.zsh
[14.132s] -- Installing: /home/robotics/colcon_ws/install/cpp_pubsub/share/cpp_pubsub/local_setup.dsv
[14.132s] -- Installing: /home/robotics/colcon_ws/install/cpp_pubsub/share/cpp_pubsub/package.dsv
[14.132s] -- Installing: /home/robotics/colcon_ws/install/cpp_pubsub/share/ament_index/resource_index/packages/cpp_pubsub
[14.133s] -- Installing: /home/robotics/colcon_ws/install/cpp_pubsub/share/cpp_pubsub/cmake/cpp_pubsubConfig.cmake
[14.134s] -- Installing: /home/robotics/colcon_ws/install/cpp_pubsub/share/cpp_pubsub/cmake/cpp_pubsubConfig-version.cmake
[14.134s] -- Installing: /home/robotics/colcon_ws/install/cpp_pubsub/share/cpp_pubsub/package.xml
[14.137s] Invoked command in '/home/robotics/colcon_ws/build/cpp_pubsub' returned '0': CMAKE_PREFIX_PATH=/opt/ros/humble /usr/bin/cmake --install /home/robotics/colcon_ws/build/cpp_pubsub
