[0.057s] Invoking command in '/home/robotics/colcon_ws/build/cpp_parameter_showcase': CMAKE_PREFIX_PATH=/opt/ros/humble /usr/bin/cmake --build /home/robotics/colcon_ws/build/cpp_parameter_showcase -- -j8 -l8
[0.206s] [ 20%] Built target validated_parameters_node
[0.222s] [ 40%] Built target parameter_monitor_node
[0.246s] [ 60%] Built target basic_parameters_node
[0.247s] [ 80%] Built target local_only_parameters_node
[0.290s] [100%] Built target flexible_parameters_node
[0.410s] Invoked command in '/home/robotics/colcon_ws/build/cpp_parameter_showcase' returned '0': CMAKE_PREFIX_PATH=/opt/ros/humble /usr/bin/cmake --build /home/robotics/colcon_ws/build/cpp_parameter_showcase -- -j8 -l8
[0.415s] Invoking command in '/home/robotics/colcon_ws/build/cpp_parameter_showcase': CMAKE_PREFIX_PATH=/opt/ros/humble /usr/bin/cmake --install /home/robotics/colcon_ws/build/cpp_parameter_showcase
[0.423s] -- Install configuration: ""
[0.423s] -- Up-to-date: /home/robotics/colcon_ws/install/cpp_parameter_showcase/lib/cpp_parameter_showcase/basic_parameters_node
[0.427s] -- Up-to-date: /home/robotics/colcon_ws/install/cpp_parameter_showcase/lib/cpp_parameter_showcase/validated_parameters_node
[0.427s] -- Up-to-date: /home/robotics/colcon_ws/install/cpp_parameter_showcase/lib/cpp_parameter_showcase/parameter_monitor_node
[0.428s] -- Up-to-date: /home/robotics/colcon_ws/install/cpp_parameter_showcase/lib/cpp_parameter_showcase/flexible_parameters_node
[0.428s] -- Up-to-date: /home/robotics/colcon_ws/install/cpp_parameter_showcase/lib/cpp_parameter_showcase/local_only_parameters_node
[0.428s] -- Up-to-date: /home/robotics/colcon_ws/install/cpp_parameter_showcase/share/cpp_parameter_showcase/launch
[0.428s] -- Up-to-date: /home/robotics/colcon_ws/install/cpp_parameter_showcase/share/cpp_parameter_showcase/launch/parameter_showcase.launch.py:Zone.Identifier
[0.429s] -- Up-to-date: /home/robotics/colcon_ws/install/cpp_parameter_showcase/share/cpp_parameter_showcase/launch/parameter_showcase.launch.py
[0.429s] -- Up-to-date: /home/robotics/colcon_ws/install/cpp_parameter_showcase/share/cpp_parameter_showcase/config
[0.429s] -- Up-to-date: /home/robotics/colcon_ws/install/cpp_parameter_showcase/share/cpp_parameter_showcase/config/demo_params.yaml:Zone.Identifier
[0.429s] -- Up-to-date: /home/robotics/colcon_ws/install/cpp_parameter_showcase/share/cpp_parameter_showcase/config/demo_params.yaml
[0.429s] -- Up-to-date: /home/robotics/colcon_ws/install/cpp_parameter_showcase/share/ament_index/resource_index/package_run_dependencies/cpp_parameter_showcase
[0.430s] -- Up-to-date: /home/robotics/colcon_ws/install/cpp_parameter_showcase/share/ament_index/resource_index/parent_prefix_path/cpp_parameter_showcase
[0.430s] -- Up-to-date: /home/robotics/colcon_ws/install/cpp_parameter_showcase/share/cpp_parameter_showcase/environment/ament_prefix_path.sh
[0.430s] -- Up-to-date: /home/robotics/colcon_ws/install/cpp_parameter_showcase/share/cpp_parameter_showcase/environment/ament_prefix_path.dsv
[0.430s] -- Up-to-date: /home/robotics/colcon_ws/install/cpp_parameter_showcase/share/cpp_parameter_showcase/environment/path.sh
[0.431s] -- Up-to-date: /home/robotics/colcon_ws/install/cpp_parameter_showcase/share/cpp_parameter_showcase/environment/path.dsv
[0.431s] -- Up-to-date: /home/robotics/colcon_ws/install/cpp_parameter_showcase/share/cpp_parameter_showcase/local_setup.bash
[0.431s] -- Up-to-date: /home/robotics/colcon_ws/install/cpp_parameter_showcase/share/cpp_parameter_showcase/local_setup.sh
[0.431s] -- Up-to-date: /home/robotics/colcon_ws/install/cpp_parameter_showcase/share/cpp_parameter_showcase/local_setup.zsh
[0.431s] -- Up-to-date: /home/robotics/colcon_ws/install/cpp_parameter_showcase/share/cpp_parameter_showcase/local_setup.dsv
[0.431s] -- Installing: /home/robotics/colcon_ws/install/cpp_parameter_showcase/share/cpp_parameter_showcase/package.dsv
[0.431s] -- Up-to-date: /home/robotics/colcon_ws/install/cpp_parameter_showcase/share/ament_index/resource_index/packages/cpp_parameter_showcase
[0.432s] -- Up-to-date: /home/robotics/colcon_ws/install/cpp_parameter_showcase/share/cpp_parameter_showcase/cmake/cpp_parameter_showcaseConfig.cmake
[0.432s] -- Up-to-date: /home/robotics/colcon_ws/install/cpp_parameter_showcase/share/cpp_parameter_showcase/cmake/cpp_parameter_showcaseConfig-version.cmake
[0.432s] -- Up-to-date: /home/robotics/colcon_ws/install/cpp_parameter_showcase/share/cpp_parameter_showcase/package.xml
[0.489s] Invoked command in '/home/robotics/colcon_ws/build/cpp_parameter_showcase' returned '0': CMAKE_PREFIX_PATH=/opt/ros/humble /usr/bin/cmake --install /home/robotics/colcon_ws/build/cpp_parameter_showcase
