[0.166s] DEBUG:colcon:Command line arguments: ['/usr/bin/colcon', 'build']
[0.166s] DEBUG:colcon:Parsed command line arguments: Namespace(log_base=None, log_level=None, verb_name='build', build_base='build', install_base='install', merge_install=False, symlink_install=False, test_result_base=None, continue_on_error=False, executor='parallel', parallel_workers=8, event_handlers=None, ignore_user_meta=False, metas=['./colcon.meta'], base_paths=['.'], packages_ignore=None, packages_ignore_regex=None, paths=None, packages_up_to=None, packages_up_to_regex=None, packages_above=None, packages_above_and_dependencies=None, packages_above_depth=None, packages_select_by_dep=None, packages_skip_by_dep=None, packages_skip_up_to=None, packages_select_build_failed=False, packages_skip_build_finished=False, packages_select_test_failures=False, packages_skip_test_passed=False, packages_select=None, packages_skip=None, packages_select_regex=None, packages_skip_regex=None, packages_start=None, packages_end=None, cmake_args=None, cmake_target=None, cmake_target_skip_unavailable=False, cmake_clean_cache=False, cmake_clean_first=False, cmake_force_configure=False, ament_cmake_args=None, catkin_cmake_args=None, catkin_skip_building_tests=False, mixin_files=None, mixin=None, verb_parser=<colcon_mixin.mixin.mixin_argument.MixinArgumentDecorator object at 0x757975624c70>, verb_extension=<colcon_core.verb.build.BuildVerb object at 0x757975624640>, main=<bound method BuildVerb.main of <colcon_core.verb.build.BuildVerb object at 0x757975624640>>, mixin_verb=('build',))
[0.342s] Level 1:colcon.colcon_core.package_discovery:discover_packages(colcon_meta) check parameters
[0.342s] Level 1:colcon.colcon_core.package_discovery:discover_packages(recursive) check parameters
[0.342s] Level 1:colcon.colcon_core.package_discovery:discover_packages(ignore) check parameters
[0.342s] Level 1:colcon.colcon_core.package_discovery:discover_packages(path) check parameters
[0.342s] Level 1:colcon.colcon_core.package_discovery:discover_packages(colcon_meta) discover
[0.342s] Level 1:colcon.colcon_core.package_discovery:discover_packages(recursive) discover
[0.342s] INFO:colcon.colcon_core.package_discovery:Crawling recursively for packages in '/home/robotics/colcon_ws'
[0.342s] Level 1:colcon.colcon_core.package_identification:_identify(.) by extensions ['ignore', 'ignore_ament_install']
[0.342s] Level 1:colcon.colcon_core.package_identification:_identify(.) by extension 'ignore'
[0.342s] Level 1:colcon.colcon_core.package_identification:_identify(.) by extension 'ignore_ament_install'
[0.343s] Level 1:colcon.colcon_core.package_identification:_identify(.) by extensions ['colcon_pkg']
[0.343s] Level 1:colcon.colcon_core.package_identification:_identify(.) by extension 'colcon_pkg'
[0.343s] Level 1:colcon.colcon_core.package_identification:_identify(.) by extensions ['colcon_meta']
[0.343s] Level 1:colcon.colcon_core.package_identification:_identify(.) by extension 'colcon_meta'
[0.343s] Level 1:colcon.colcon_core.package_identification:_identify(.) by extensions ['ros']
[0.343s] Level 1:colcon.colcon_core.package_identification:_identify(.) by extension 'ros'
[0.355s] Level 1:colcon.colcon_core.package_identification:_identify(.) by extensions ['cmake', 'python']
[0.355s] Level 1:colcon.colcon_core.package_identification:_identify(.) by extension 'cmake'
[0.355s] Level 1:colcon.colcon_core.package_identification:_identify(.) by extension 'python'
[0.355s] Level 1:colcon.colcon_core.package_identification:_identify(.) by extensions ['python_setup_py']
[0.355s] Level 1:colcon.colcon_core.package_identification:_identify(.) by extension 'python_setup_py'
[0.355s] Level 1:colcon.colcon_core.package_identification:_identify(build) by extensions ['ignore', 'ignore_ament_install']
[0.356s] Level 1:colcon.colcon_core.package_identification:_identify(build) by extension 'ignore'
[0.356s] Level 1:colcon.colcon_core.package_identification:_identify(build) ignored
[0.356s] Level 1:colcon.colcon_core.package_identification:_identify(install) by extensions ['ignore', 'ignore_ament_install']
[0.356s] Level 1:colcon.colcon_core.package_identification:_identify(install) by extension 'ignore'
[0.356s] Level 1:colcon.colcon_core.package_identification:_identify(install) ignored
[0.356s] Level 1:colcon.colcon_core.package_identification:_identify(log) by extensions ['ignore', 'ignore_ament_install']
[0.356s] Level 1:colcon.colcon_core.package_identification:_identify(log) by extension 'ignore'
[0.356s] Level 1:colcon.colcon_core.package_identification:_identify(log) ignored
[0.356s] Level 1:colcon.colcon_core.package_identification:_identify(src) by extensions ['ignore', 'ignore_ament_install']
[0.356s] Level 1:colcon.colcon_core.package_identification:_identify(src) by extension 'ignore'
[0.356s] Level 1:colcon.colcon_core.package_identification:_identify(src) by extension 'ignore_ament_install'
[0.356s] Level 1:colcon.colcon_core.package_identification:_identify(src) by extensions ['colcon_pkg']
[0.356s] Level 1:colcon.colcon_core.package_identification:_identify(src) by extension 'colcon_pkg'
[0.356s] Level 1:colcon.colcon_core.package_identification:_identify(src) by extensions ['colcon_meta']
[0.356s] Level 1:colcon.colcon_core.package_identification:_identify(src) by extension 'colcon_meta'
[0.356s] Level 1:colcon.colcon_core.package_identification:_identify(src) by extensions ['ros']
[0.357s] Level 1:colcon.colcon_core.package_identification:_identify(src) by extension 'ros'
[0.357s] Level 1:colcon.colcon_core.package_identification:_identify(src) by extensions ['cmake', 'python']
[0.357s] Level 1:colcon.colcon_core.package_identification:_identify(src) by extension 'cmake'
[0.357s] Level 1:colcon.colcon_core.package_identification:_identify(src) by extension 'python'
[0.357s] Level 1:colcon.colcon_core.package_identification:_identify(src) by extensions ['python_setup_py']
[0.357s] Level 1:colcon.colcon_core.package_identification:_identify(src) by extension 'python_setup_py'
[0.357s] Level 1:colcon.colcon_core.package_identification:_identify(src/cpp_parameter_showcase) by extensions ['ignore', 'ignore_ament_install']
[0.357s] Level 1:colcon.colcon_core.package_identification:_identify(src/cpp_parameter_showcase) by extension 'ignore'
[0.357s] Level 1:colcon.colcon_core.package_identification:_identify(src/cpp_parameter_showcase) by extension 'ignore_ament_install'
[0.357s] Level 1:colcon.colcon_core.package_identification:_identify(src/cpp_parameter_showcase) by extensions ['colcon_pkg']
[0.357s] Level 1:colcon.colcon_core.package_identification:_identify(src/cpp_parameter_showcase) by extension 'colcon_pkg'
[0.357s] Level 1:colcon.colcon_core.package_identification:_identify(src/cpp_parameter_showcase) by extensions ['colcon_meta']
[0.357s] Level 1:colcon.colcon_core.package_identification:_identify(src/cpp_parameter_showcase) by extension 'colcon_meta'
[0.357s] Level 1:colcon.colcon_core.package_identification:_identify(src/cpp_parameter_showcase) by extensions ['ros']
[0.357s] Level 1:colcon.colcon_core.package_identification:_identify(src/cpp_parameter_showcase) by extension 'ros'
[0.360s] DEBUG:colcon.colcon_core.package_identification:Package 'src/cpp_parameter_showcase' with type 'ros.ament_cmake' and name 'cpp_parameter_showcase'
[0.360s] Level 1:colcon.colcon_core.package_identification:_identify(src/cpp_pubsub) by extensions ['ignore', 'ignore_ament_install']
[0.360s] Level 1:colcon.colcon_core.package_identification:_identify(src/cpp_pubsub) by extension 'ignore'
[0.360s] Level 1:colcon.colcon_core.package_identification:_identify(src/cpp_pubsub) by extension 'ignore_ament_install'
[0.360s] Level 1:colcon.colcon_core.package_identification:_identify(src/cpp_pubsub) by extensions ['colcon_pkg']
[0.360s] Level 1:colcon.colcon_core.package_identification:_identify(src/cpp_pubsub) by extension 'colcon_pkg'
[0.360s] Level 1:colcon.colcon_core.package_identification:_identify(src/cpp_pubsub) by extensions ['colcon_meta']
[0.360s] Level 1:colcon.colcon_core.package_identification:_identify(src/cpp_pubsub) by extension 'colcon_meta'
[0.360s] Level 1:colcon.colcon_core.package_identification:_identify(src/cpp_pubsub) by extensions ['ros']
[0.360s] Level 1:colcon.colcon_core.package_identification:_identify(src/cpp_pubsub) by extension 'ros'
[0.361s] DEBUG:colcon.colcon_core.package_identification:Package 'src/cpp_pubsub' with type 'ros.ament_cmake' and name 'cpp_pubsub'
[0.361s] Level 1:colcon.colcon_core.package_identification:_identify(src/cpp_timer_showcase) by extensions ['ignore', 'ignore_ament_install']
[0.361s] Level 1:colcon.colcon_core.package_identification:_identify(src/cpp_timer_showcase) by extension 'ignore'
[0.361s] Level 1:colcon.colcon_core.package_identification:_identify(src/cpp_timer_showcase) by extension 'ignore_ament_install'
[0.361s] Level 1:colcon.colcon_core.package_identification:_identify(src/cpp_timer_showcase) by extensions ['colcon_pkg']
[0.361s] Level 1:colcon.colcon_core.package_identification:_identify(src/cpp_timer_showcase) by extension 'colcon_pkg'
[0.361s] Level 1:colcon.colcon_core.package_identification:_identify(src/cpp_timer_showcase) by extensions ['colcon_meta']
[0.361s] Level 1:colcon.colcon_core.package_identification:_identify(src/cpp_timer_showcase) by extension 'colcon_meta'
[0.361s] Level 1:colcon.colcon_core.package_identification:_identify(src/cpp_timer_showcase) by extensions ['ros']
[0.361s] Level 1:colcon.colcon_core.package_identification:_identify(src/cpp_timer_showcase) by extension 'ros'
[0.362s] DEBUG:colcon.colcon_core.package_identification:Package 'src/cpp_timer_showcase' with type 'ros.ament_cmake' and name 'cpp_timer_showcase'
[0.362s] Level 1:colcon.colcon_core.package_identification:_identify(src/custom_msg_demo) by extensions ['ignore', 'ignore_ament_install']
[0.362s] Level 1:colcon.colcon_core.package_identification:_identify(src/custom_msg_demo) by extension 'ignore'
[0.362s] Level 1:colcon.colcon_core.package_identification:_identify(src/custom_msg_demo) by extension 'ignore_ament_install'
[0.362s] Level 1:colcon.colcon_core.package_identification:_identify(src/custom_msg_demo) by extensions ['colcon_pkg']
[0.362s] Level 1:colcon.colcon_core.package_identification:_identify(src/custom_msg_demo) by extension 'colcon_pkg'
[0.362s] Level 1:colcon.colcon_core.package_identification:_identify(src/custom_msg_demo) by extensions ['colcon_meta']
[0.362s] Level 1:colcon.colcon_core.package_identification:_identify(src/custom_msg_demo) by extension 'colcon_meta'
[0.362s] Level 1:colcon.colcon_core.package_identification:_identify(src/custom_msg_demo) by extensions ['ros']
[0.362s] Level 1:colcon.colcon_core.package_identification:_identify(src/custom_msg_demo) by extension 'ros'
[0.363s] DEBUG:colcon.colcon_core.package_identification:Package 'src/custom_msg_demo' with type 'ros.ament_cmake' and name 'custom_msg_demo'
[0.363s] Level 1:colcon.colcon_core.package_identification:_identify(src/custom_srv_demo) by extensions ['ignore', 'ignore_ament_install']
[0.363s] Level 1:colcon.colcon_core.package_identification:_identify(src/custom_srv_demo) by extension 'ignore'
[0.363s] Level 1:colcon.colcon_core.package_identification:_identify(src/custom_srv_demo) by extension 'ignore_ament_install'
[0.363s] Level 1:colcon.colcon_core.package_identification:_identify(src/custom_srv_demo) by extensions ['colcon_pkg']
[0.363s] Level 1:colcon.colcon_core.package_identification:_identify(src/custom_srv_demo) by extension 'colcon_pkg'
[0.363s] Level 1:colcon.colcon_core.package_identification:_identify(src/custom_srv_demo) by extensions ['colcon_meta']
[0.363s] Level 1:colcon.colcon_core.package_identification:_identify(src/custom_srv_demo) by extension 'colcon_meta'
[0.363s] Level 1:colcon.colcon_core.package_identification:_identify(src/custom_srv_demo) by extensions ['ros']
[0.364s] Level 1:colcon.colcon_core.package_identification:_identify(src/custom_srv_demo) by extension 'ros'
[0.364s] DEBUG:colcon.colcon_core.package_identification:Package 'src/custom_srv_demo' with type 'ros.ament_cmake' and name 'custom_srv_demo'
[0.364s] Level 1:colcon.colcon_core.package_discovery:discover_packages(recursive) using defaults
[0.364s] Level 1:colcon.colcon_core.package_discovery:discover_packages(ignore) discover
[0.364s] Level 1:colcon.colcon_core.package_discovery:discover_packages(ignore) using defaults
[0.364s] Level 1:colcon.colcon_core.package_discovery:discover_packages(path) discover
[0.364s] Level 1:colcon.colcon_core.package_discovery:discover_packages(path) using defaults
[0.398s] Level 5:colcon.colcon_core.verb:set package 'cpp_parameter_showcase' build argument 'cmake_args' from command line to 'None'
[0.398s] Level 5:colcon.colcon_core.verb:set package 'cpp_parameter_showcase' build argument 'cmake_target' from command line to 'None'
[0.398s] Level 5:colcon.colcon_core.verb:set package 'cpp_parameter_showcase' build argument 'cmake_target_skip_unavailable' from command line to 'False'
[0.398s] Level 5:colcon.colcon_core.verb:set package 'cpp_parameter_showcase' build argument 'cmake_clean_cache' from command line to 'False'
[0.398s] Level 5:colcon.colcon_core.verb:set package 'cpp_parameter_showcase' build argument 'cmake_clean_first' from command line to 'False'
[0.398s] Level 5:colcon.colcon_core.verb:set package 'cpp_parameter_showcase' build argument 'cmake_force_configure' from command line to 'False'
[0.398s] Level 5:colcon.colcon_core.verb:set package 'cpp_parameter_showcase' build argument 'ament_cmake_args' from command line to 'None'
[0.398s] Level 5:colcon.colcon_core.verb:set package 'cpp_parameter_showcase' build argument 'catkin_cmake_args' from command line to 'None'
[0.398s] Level 5:colcon.colcon_core.verb:set package 'cpp_parameter_showcase' build argument 'catkin_skip_building_tests' from command line to 'False'
[0.398s] DEBUG:colcon.colcon_core.verb:Building package 'cpp_parameter_showcase' with the following arguments: {'ament_cmake_args': None, 'build_base': '/home/robotics/colcon_ws/build/cpp_parameter_showcase', 'catkin_cmake_args': None, 'catkin_skip_building_tests': False, 'cmake_args': None, 'cmake_clean_cache': False, 'cmake_clean_first': False, 'cmake_force_configure': False, 'cmake_target': None, 'cmake_target_skip_unavailable': False, 'install_base': '/home/robotics/colcon_ws/install/cpp_parameter_showcase', 'merge_install': False, 'path': '/home/robotics/colcon_ws/src/cpp_parameter_showcase', 'symlink_install': False, 'test_result_base': None}
[0.399s] Level 5:colcon.colcon_core.verb:set package 'cpp_pubsub' build argument 'cmake_args' from command line to 'None'
[0.399s] Level 5:colcon.colcon_core.verb:set package 'cpp_pubsub' build argument 'cmake_target' from command line to 'None'
[0.399s] Level 5:colcon.colcon_core.verb:set package 'cpp_pubsub' build argument 'cmake_target_skip_unavailable' from command line to 'False'
[0.399s] Level 5:colcon.colcon_core.verb:set package 'cpp_pubsub' build argument 'cmake_clean_cache' from command line to 'False'
[0.399s] Level 5:colcon.colcon_core.verb:set package 'cpp_pubsub' build argument 'cmake_clean_first' from command line to 'False'
[0.399s] Level 5:colcon.colcon_core.verb:set package 'cpp_pubsub' build argument 'cmake_force_configure' from command line to 'False'
[0.399s] Level 5:colcon.colcon_core.verb:set package 'cpp_pubsub' build argument 'ament_cmake_args' from command line to 'None'
[0.399s] Level 5:colcon.colcon_core.verb:set package 'cpp_pubsub' build argument 'catkin_cmake_args' from command line to 'None'
[0.399s] Level 5:colcon.colcon_core.verb:set package 'cpp_pubsub' build argument 'catkin_skip_building_tests' from command line to 'False'
[0.399s] DEBUG:colcon.colcon_core.verb:Building package 'cpp_pubsub' with the following arguments: {'ament_cmake_args': None, 'build_base': '/home/robotics/colcon_ws/build/cpp_pubsub', 'catkin_cmake_args': None, 'catkin_skip_building_tests': False, 'cmake_args': None, 'cmake_clean_cache': False, 'cmake_clean_first': False, 'cmake_force_configure': False, 'cmake_target': None, 'cmake_target_skip_unavailable': False, 'install_base': '/home/robotics/colcon_ws/install/cpp_pubsub', 'merge_install': False, 'path': '/home/robotics/colcon_ws/src/cpp_pubsub', 'symlink_install': False, 'test_result_base': None}
[0.400s] Level 5:colcon.colcon_core.verb:set package 'cpp_timer_showcase' build argument 'cmake_args' from command line to 'None'
[0.400s] Level 5:colcon.colcon_core.verb:set package 'cpp_timer_showcase' build argument 'cmake_target' from command line to 'None'
[0.400s] Level 5:colcon.colcon_core.verb:set package 'cpp_timer_showcase' build argument 'cmake_target_skip_unavailable' from command line to 'False'
[0.400s] Level 5:colcon.colcon_core.verb:set package 'cpp_timer_showcase' build argument 'cmake_clean_cache' from command line to 'False'
[0.400s] Level 5:colcon.colcon_core.verb:set package 'cpp_timer_showcase' build argument 'cmake_clean_first' from command line to 'False'
[0.400s] Level 5:colcon.colcon_core.verb:set package 'cpp_timer_showcase' build argument 'cmake_force_configure' from command line to 'False'
[0.400s] Level 5:colcon.colcon_core.verb:set package 'cpp_timer_showcase' build argument 'ament_cmake_args' from command line to 'None'
[0.400s] Level 5:colcon.colcon_core.verb:set package 'cpp_timer_showcase' build argument 'catkin_cmake_args' from command line to 'None'
[0.400s] Level 5:colcon.colcon_core.verb:set package 'cpp_timer_showcase' build argument 'catkin_skip_building_tests' from command line to 'False'
[0.400s] DEBUG:colcon.colcon_core.verb:Building package 'cpp_timer_showcase' with the following arguments: {'ament_cmake_args': None, 'build_base': '/home/robotics/colcon_ws/build/cpp_timer_showcase', 'catkin_cmake_args': None, 'catkin_skip_building_tests': False, 'cmake_args': None, 'cmake_clean_cache': False, 'cmake_clean_first': False, 'cmake_force_configure': False, 'cmake_target': None, 'cmake_target_skip_unavailable': False, 'install_base': '/home/robotics/colcon_ws/install/cpp_timer_showcase', 'merge_install': False, 'path': '/home/robotics/colcon_ws/src/cpp_timer_showcase', 'symlink_install': False, 'test_result_base': None}
[0.400s] Level 5:colcon.colcon_core.verb:set package 'custom_msg_demo' build argument 'cmake_args' from command line to 'None'
[0.400s] Level 5:colcon.colcon_core.verb:set package 'custom_msg_demo' build argument 'cmake_target' from command line to 'None'
[0.400s] Level 5:colcon.colcon_core.verb:set package 'custom_msg_demo' build argument 'cmake_target_skip_unavailable' from command line to 'False'
[0.400s] Level 5:colcon.colcon_core.verb:set package 'custom_msg_demo' build argument 'cmake_clean_cache' from command line to 'False'
[0.400s] Level 5:colcon.colcon_core.verb:set package 'custom_msg_demo' build argument 'cmake_clean_first' from command line to 'False'
[0.400s] Level 5:colcon.colcon_core.verb:set package 'custom_msg_demo' build argument 'cmake_force_configure' from command line to 'False'
[0.400s] Level 5:colcon.colcon_core.verb:set package 'custom_msg_demo' build argument 'ament_cmake_args' from command line to 'None'
[0.400s] Level 5:colcon.colcon_core.verb:set package 'custom_msg_demo' build argument 'catkin_cmake_args' from command line to 'None'
[0.400s] Level 5:colcon.colcon_core.verb:set package 'custom_msg_demo' build argument 'catkin_skip_building_tests' from command line to 'False'
[0.400s] DEBUG:colcon.colcon_core.verb:Building package 'custom_msg_demo' with the following arguments: {'ament_cmake_args': None, 'build_base': '/home/robotics/colcon_ws/build/custom_msg_demo', 'catkin_cmake_args': None, 'catkin_skip_building_tests': False, 'cmake_args': None, 'cmake_clean_cache': False, 'cmake_clean_first': False, 'cmake_force_configure': False, 'cmake_target': None, 'cmake_target_skip_unavailable': False, 'install_base': '/home/robotics/colcon_ws/install/custom_msg_demo', 'merge_install': False, 'path': '/home/robotics/colcon_ws/src/custom_msg_demo', 'symlink_install': False, 'test_result_base': None}
[0.401s] Level 5:colcon.colcon_core.verb:set package 'custom_srv_demo' build argument 'cmake_args' from command line to 'None'
[0.401s] Level 5:colcon.colcon_core.verb:set package 'custom_srv_demo' build argument 'cmake_target' from command line to 'None'
[0.401s] Level 5:colcon.colcon_core.verb:set package 'custom_srv_demo' build argument 'cmake_target_skip_unavailable' from command line to 'False'
[0.401s] Level 5:colcon.colcon_core.verb:set package 'custom_srv_demo' build argument 'cmake_clean_cache' from command line to 'False'
[0.401s] Level 5:colcon.colcon_core.verb:set package 'custom_srv_demo' build argument 'cmake_clean_first' from command line to 'False'
[0.401s] Level 5:colcon.colcon_core.verb:set package 'custom_srv_demo' build argument 'cmake_force_configure' from command line to 'False'
[0.401s] Level 5:colcon.colcon_core.verb:set package 'custom_srv_demo' build argument 'ament_cmake_args' from command line to 'None'
[0.401s] Level 5:colcon.colcon_core.verb:set package 'custom_srv_demo' build argument 'catkin_cmake_args' from command line to 'None'
[0.401s] Level 5:colcon.colcon_core.verb:set package 'custom_srv_demo' build argument 'catkin_skip_building_tests' from command line to 'False'
[0.401s] DEBUG:colcon.colcon_core.verb:Building package 'custom_srv_demo' with the following arguments: {'ament_cmake_args': None, 'build_base': '/home/robotics/colcon_ws/build/custom_srv_demo', 'catkin_cmake_args': None, 'catkin_skip_building_tests': False, 'cmake_args': None, 'cmake_clean_cache': False, 'cmake_clean_first': False, 'cmake_force_configure': False, 'cmake_target': None, 'cmake_target_skip_unavailable': False, 'install_base': '/home/robotics/colcon_ws/install/custom_srv_demo', 'merge_install': False, 'path': '/home/robotics/colcon_ws/src/custom_srv_demo', 'symlink_install': False, 'test_result_base': None}
[0.401s] INFO:colcon.colcon_core.executor:Executing jobs using 'parallel' executor
[0.403s] DEBUG:colcon.colcon_parallel_executor.executor.parallel:run_until_complete
[0.403s] INFO:colcon.colcon_ros.task.ament_cmake.build:Building ROS package in '/home/robotics/colcon_ws/src/cpp_parameter_showcase' with build type 'ament_cmake'
[0.403s] INFO:colcon.colcon_cmake.task.cmake.build:Building CMake package in '/home/robotics/colcon_ws/src/cpp_parameter_showcase'
[0.407s] INFO:colcon.colcon_core.plugin_system:Skipping extension 'colcon_core.shell.bat': Not used on non-Windows systems
[0.407s] INFO:colcon.colcon_core.shell:Skip shell extension 'powershell' for command environment: Not usable outside of PowerShell
[0.407s] DEBUG:colcon.colcon_core.shell:Skip shell extension 'dsv' for command environment
[0.413s] INFO:colcon.colcon_ros.task.ament_cmake.build:Building ROS package in '/home/robotics/colcon_ws/src/cpp_pubsub' with build type 'ament_cmake'
[0.413s] INFO:colcon.colcon_cmake.task.cmake.build:Building CMake package in '/home/robotics/colcon_ws/src/cpp_pubsub'
[0.414s] INFO:colcon.colcon_core.shell:Skip shell extension 'powershell' for command environment: Not usable outside of PowerShell
[0.414s] DEBUG:colcon.colcon_core.shell:Skip shell extension 'dsv' for command environment
[0.421s] INFO:colcon.colcon_ros.task.ament_cmake.build:Building ROS package in '/home/robotics/colcon_ws/src/cpp_timer_showcase' with build type 'ament_cmake'
[0.421s] INFO:colcon.colcon_cmake.task.cmake.build:Building CMake package in '/home/robotics/colcon_ws/src/cpp_timer_showcase'
[0.422s] INFO:colcon.colcon_core.shell:Skip shell extension 'powershell' for command environment: Not usable outside of PowerShell
[0.422s] DEBUG:colcon.colcon_core.shell:Skip shell extension 'dsv' for command environment
[0.428s] INFO:colcon.colcon_ros.task.ament_cmake.build:Building ROS package in '/home/robotics/colcon_ws/src/custom_msg_demo' with build type 'ament_cmake'
[0.429s] INFO:colcon.colcon_cmake.task.cmake.build:Building CMake package in '/home/robotics/colcon_ws/src/custom_msg_demo'
[0.429s] INFO:colcon.colcon_core.shell:Skip shell extension 'powershell' for command environment: Not usable outside of PowerShell
[0.429s] DEBUG:colcon.colcon_core.shell:Skip shell extension 'dsv' for command environment
[0.436s] INFO:colcon.colcon_ros.task.ament_cmake.build:Building ROS package in '/home/robotics/colcon_ws/src/custom_srv_demo' with build type 'ament_cmake'
[0.437s] INFO:colcon.colcon_cmake.task.cmake.build:Building CMake package in '/home/robotics/colcon_ws/src/custom_srv_demo'
[0.438s] INFO:colcon.colcon_core.shell:Skip shell extension 'powershell' for command environment: Not usable outside of PowerShell
[0.438s] DEBUG:colcon.colcon_core.shell:Skip shell extension 'dsv' for command environment
[0.452s] DEBUG:colcon.colcon_core.event_handler.log_command:Invoking command in '/home/robotics/colcon_ws/build/cpp_parameter_showcase': CMAKE_PREFIX_PATH=/opt/ros/humble /usr/bin/cmake --build /home/robotics/colcon_ws/build/cpp_parameter_showcase -- -j8 -l8
[0.458s] DEBUG:colcon.colcon_core.event_handler.log_command:Invoking command in '/home/robotics/colcon_ws/build/cpp_pubsub': CMAKE_PREFIX_PATH=/opt/ros/humble /usr/bin/cmake --build /home/robotics/colcon_ws/build/cpp_pubsub -- -j8 -l8
[0.463s] DEBUG:colcon.colcon_core.event_handler.log_command:Invoking command in '/home/robotics/colcon_ws/build/cpp_timer_showcase': CMAKE_PREFIX_PATH=/opt/ros/humble /usr/bin/cmake --build /home/robotics/colcon_ws/build/cpp_timer_showcase -- -j8 -l8
[0.466s] DEBUG:colcon.colcon_core.event_handler.log_command:Invoking command in '/home/robotics/colcon_ws/build/custom_msg_demo': CMAKE_PREFIX_PATH=/opt/ros/humble /usr/bin/cmake --build /home/robotics/colcon_ws/build/custom_msg_demo -- -j8 -l8
[0.477s] DEBUG:colcon.colcon_core.event_handler.log_command:Invoking command in '/home/robotics/colcon_ws/build/custom_srv_demo': CMAKE_PREFIX_PATH=/opt/ros/humble /usr/bin/cmake --build /home/robotics/colcon_ws/build/custom_srv_demo -- -j8 -l8
[0.596s] DEBUG:colcon.colcon_core.event_handler.log_command:Invoked command in '/home/robotics/colcon_ws/build/cpp_pubsub' returned '0': CMAKE_PREFIX_PATH=/opt/ros/humble /usr/bin/cmake --build /home/robotics/colcon_ws/build/cpp_pubsub -- -j8 -l8
[0.617s] DEBUG:colcon.colcon_core.event_handler.log_command:Invoking command in '/home/robotics/colcon_ws/build/cpp_pubsub': CMAKE_PREFIX_PATH=/opt/ros/humble /usr/bin/cmake --install /home/robotics/colcon_ws/build/cpp_pubsub
[0.640s] DEBUG:colcon.colcon_core.event_handler.log_command:Invoked command in '/home/robotics/colcon_ws/build/cpp_parameter_showcase' returned '0': CMAKE_PREFIX_PATH=/opt/ros/humble /usr/bin/cmake --build /home/robotics/colcon_ws/build/cpp_parameter_showcase -- -j8 -l8
[0.641s] DEBUG:colcon.colcon_core.event_handler.log_command:Invoking command in '/home/robotics/colcon_ws/build/cpp_parameter_showcase': CMAKE_PREFIX_PATH=/opt/ros/humble /usr/bin/cmake --install /home/robotics/colcon_ws/build/cpp_parameter_showcase
[0.654s] DEBUG:colcon.colcon_core.event_handler.log_command:Invoked command in '/home/robotics/colcon_ws/build/cpp_timer_showcase' returned '0': CMAKE_PREFIX_PATH=/opt/ros/humble /usr/bin/cmake --build /home/robotics/colcon_ws/build/cpp_timer_showcase -- -j8 -l8
[0.670s] DEBUG:colcon.colcon_core.event_handler.log_command:Invoking command in '/home/robotics/colcon_ws/build/cpp_timer_showcase': CMAKE_PREFIX_PATH=/opt/ros/humble /usr/bin/cmake --install /home/robotics/colcon_ws/build/cpp_timer_showcase
[0.675s] Level 1:colcon.colcon_core.environment:create_environment_scripts_only(cpp_parameter_showcase)
[0.684s] Level 1:colcon.colcon_core.environment:checking '/home/robotics/colcon_ws/install/cpp_parameter_showcase' for CMake module files
[0.685s] Level 1:colcon.colcon_core.environment:checking '/home/robotics/colcon_ws/install/cpp_parameter_showcase' for CMake config files
[0.685s] Level 1:colcon.colcon_core.shell:create_environment_hook('cpp_parameter_showcase', 'cmake_prefix_path')
[0.685s] INFO:colcon.colcon_core.shell:Creating environment hook '/home/robotics/colcon_ws/install/cpp_parameter_showcase/share/cpp_parameter_showcase/hook/cmake_prefix_path.ps1'
[0.686s] INFO:colcon.colcon_core.shell:Creating environment descriptor '/home/robotics/colcon_ws/install/cpp_parameter_showcase/share/cpp_parameter_showcase/hook/cmake_prefix_path.dsv'
[0.687s] DEBUG:colcon.colcon_core.event_handler.log_command:Invoked command in '/home/robotics/colcon_ws/build/cpp_parameter_showcase' returned '0': CMAKE_PREFIX_PATH=/opt/ros/humble /usr/bin/cmake --install /home/robotics/colcon_ws/build/cpp_parameter_showcase
[0.690s] INFO:colcon.colcon_core.shell:Creating environment hook '/home/robotics/colcon_ws/install/cpp_parameter_showcase/share/cpp_parameter_showcase/hook/cmake_prefix_path.sh'
[0.693s] Level 1:colcon.colcon_core.environment:checking '/home/robotics/colcon_ws/install/cpp_parameter_showcase/lib'
[0.693s] Level 1:colcon.colcon_core.environment:checking '/home/robotics/colcon_ws/install/cpp_parameter_showcase/bin'
[0.693s] Level 1:colcon.colcon_core.environment:checking '/home/robotics/colcon_ws/install/cpp_parameter_showcase/lib/pkgconfig/cpp_parameter_showcase.pc'
[0.696s] Level 1:colcon.colcon_core.environment:checking '/home/robotics/colcon_ws/install/cpp_parameter_showcase/lib/python3.10/site-packages'
[0.697s] Level 1:colcon.colcon_core.environment:checking '/home/robotics/colcon_ws/install/cpp_parameter_showcase/bin'
[0.697s] INFO:colcon.colcon_core.shell:Creating package script '/home/robotics/colcon_ws/install/cpp_parameter_showcase/share/cpp_parameter_showcase/package.ps1'
[0.699s] INFO:colcon.colcon_core.shell:Creating package descriptor '/home/robotics/colcon_ws/install/cpp_parameter_showcase/share/cpp_parameter_showcase/package.dsv'
[0.700s] INFO:colcon.colcon_core.shell:Creating package script '/home/robotics/colcon_ws/install/cpp_parameter_showcase/share/cpp_parameter_showcase/package.sh'
[0.701s] INFO:colcon.colcon_core.shell:Creating package script '/home/robotics/colcon_ws/install/cpp_parameter_showcase/share/cpp_parameter_showcase/package.bash'
[0.704s] INFO:colcon.colcon_core.shell:Creating package script '/home/robotics/colcon_ws/install/cpp_parameter_showcase/share/cpp_parameter_showcase/package.zsh'
[0.706s] Level 1:colcon.colcon_core.environment:create_file_with_runtime_dependencies(/home/robotics/colcon_ws/install/cpp_parameter_showcase/share/colcon-core/packages/cpp_parameter_showcase)
[0.707s] Level 1:colcon.colcon_core.environment:create_environment_scripts_only(cpp_parameter_showcase)
[0.708s] Level 1:colcon.colcon_core.environment:checking '/home/robotics/colcon_ws/install/cpp_parameter_showcase' for CMake module files
[0.709s] Level 1:colcon.colcon_core.environment:checking '/home/robotics/colcon_ws/install/cpp_parameter_showcase' for CMake config files
[0.709s] Level 1:colcon.colcon_core.shell:create_environment_hook('cpp_parameter_showcase', 'cmake_prefix_path')
[0.709s] INFO:colcon.colcon_core.shell:Creating environment hook '/home/robotics/colcon_ws/install/cpp_parameter_showcase/share/cpp_parameter_showcase/hook/cmake_prefix_path.ps1'
[0.710s] INFO:colcon.colcon_core.shell:Creating environment descriptor '/home/robotics/colcon_ws/install/cpp_parameter_showcase/share/cpp_parameter_showcase/hook/cmake_prefix_path.dsv'
[0.710s] INFO:colcon.colcon_core.shell:Creating environment hook '/home/robotics/colcon_ws/install/cpp_parameter_showcase/share/cpp_parameter_showcase/hook/cmake_prefix_path.sh'
[0.711s] Level 1:colcon.colcon_core.environment:checking '/home/robotics/colcon_ws/install/cpp_parameter_showcase/lib'
[0.711s] Level 1:colcon.colcon_core.environment:checking '/home/robotics/colcon_ws/install/cpp_parameter_showcase/bin'
[0.712s] Level 1:colcon.colcon_core.environment:checking '/home/robotics/colcon_ws/install/cpp_parameter_showcase/lib/pkgconfig/cpp_parameter_showcase.pc'
[0.712s] Level 1:colcon.colcon_core.environment:checking '/home/robotics/colcon_ws/install/cpp_parameter_showcase/lib/python3.10/site-packages'
[0.713s] Level 1:colcon.colcon_core.environment:checking '/home/robotics/colcon_ws/install/cpp_parameter_showcase/bin'
[0.713s] INFO:colcon.colcon_core.shell:Creating package script '/home/robotics/colcon_ws/install/cpp_parameter_showcase/share/cpp_parameter_showcase/package.ps1'
[0.714s] INFO:colcon.colcon_core.shell:Creating package descriptor '/home/robotics/colcon_ws/install/cpp_parameter_showcase/share/cpp_parameter_showcase/package.dsv'
[0.715s] INFO:colcon.colcon_core.shell:Creating package script '/home/robotics/colcon_ws/install/cpp_parameter_showcase/share/cpp_parameter_showcase/package.sh'
[0.716s] INFO:colcon.colcon_core.shell:Creating package script '/home/robotics/colcon_ws/install/cpp_parameter_showcase/share/cpp_parameter_showcase/package.bash'
[0.717s] INFO:colcon.colcon_core.shell:Creating package script '/home/robotics/colcon_ws/install/cpp_parameter_showcase/share/cpp_parameter_showcase/package.zsh'
[0.718s] Level 1:colcon.colcon_core.environment:create_file_with_runtime_dependencies(/home/robotics/colcon_ws/install/cpp_parameter_showcase/share/colcon-core/packages/cpp_parameter_showcase)
[0.720s] Level 1:colcon.colcon_core.environment:create_environment_scripts_only(cpp_pubsub)
[0.720s] Level 1:colcon.colcon_core.environment:checking '/home/robotics/colcon_ws/install/cpp_pubsub' for CMake module files
[0.722s] DEBUG:colcon.colcon_core.event_handler.log_command:Invoked command in '/home/robotics/colcon_ws/build/cpp_pubsub' returned '0': CMAKE_PREFIX_PATH=/opt/ros/humble /usr/bin/cmake --install /home/robotics/colcon_ws/build/cpp_pubsub
[0.722s] Level 1:colcon.colcon_core.environment:checking '/home/robotics/colcon_ws/install/cpp_pubsub' for CMake config files
[0.723s] Level 1:colcon.colcon_core.shell:create_environment_hook('cpp_pubsub', 'cmake_prefix_path')
[0.724s] INFO:colcon.colcon_core.shell:Creating environment hook '/home/robotics/colcon_ws/install/cpp_pubsub/share/cpp_pubsub/hook/cmake_prefix_path.ps1'
[0.724s] INFO:colcon.colcon_core.shell:Creating environment descriptor '/home/robotics/colcon_ws/install/cpp_pubsub/share/cpp_pubsub/hook/cmake_prefix_path.dsv'
[0.724s] INFO:colcon.colcon_core.shell:Creating environment hook '/home/robotics/colcon_ws/install/cpp_pubsub/share/cpp_pubsub/hook/cmake_prefix_path.sh'
[0.725s] Level 1:colcon.colcon_core.environment:checking '/home/robotics/colcon_ws/install/cpp_pubsub/lib'
[0.725s] Level 1:colcon.colcon_core.environment:checking '/home/robotics/colcon_ws/install/cpp_pubsub/bin'
[0.725s] Level 1:colcon.colcon_core.environment:checking '/home/robotics/colcon_ws/install/cpp_pubsub/lib/pkgconfig/cpp_pubsub.pc'
[0.725s] Level 1:colcon.colcon_core.environment:checking '/home/robotics/colcon_ws/install/cpp_pubsub/lib/python3.10/site-packages'
[0.726s] Level 1:colcon.colcon_core.environment:checking '/home/robotics/colcon_ws/install/cpp_pubsub/bin'
[0.726s] INFO:colcon.colcon_core.shell:Creating package script '/home/robotics/colcon_ws/install/cpp_pubsub/share/cpp_pubsub/package.ps1'
[0.726s] INFO:colcon.colcon_core.shell:Creating package descriptor '/home/robotics/colcon_ws/install/cpp_pubsub/share/cpp_pubsub/package.dsv'
[0.727s] INFO:colcon.colcon_core.shell:Creating package script '/home/robotics/colcon_ws/install/cpp_pubsub/share/cpp_pubsub/package.sh'
[0.727s] INFO:colcon.colcon_core.shell:Creating package script '/home/robotics/colcon_ws/install/cpp_pubsub/share/cpp_pubsub/package.bash'
[0.728s] INFO:colcon.colcon_core.shell:Creating package script '/home/robotics/colcon_ws/install/cpp_pubsub/share/cpp_pubsub/package.zsh'
[0.728s] Level 1:colcon.colcon_core.environment:create_file_with_runtime_dependencies(/home/robotics/colcon_ws/install/cpp_pubsub/share/colcon-core/packages/cpp_pubsub)
[0.729s] Level 1:colcon.colcon_core.environment:create_environment_scripts_only(cpp_pubsub)
[0.729s] Level 1:colcon.colcon_core.environment:checking '/home/robotics/colcon_ws/install/cpp_pubsub' for CMake module files
[0.729s] Level 1:colcon.colcon_core.environment:checking '/home/robotics/colcon_ws/install/cpp_pubsub' for CMake config files
[0.730s] Level 1:colcon.colcon_core.shell:create_environment_hook('cpp_pubsub', 'cmake_prefix_path')
[0.730s] INFO:colcon.colcon_core.shell:Creating environment hook '/home/robotics/colcon_ws/install/cpp_pubsub/share/cpp_pubsub/hook/cmake_prefix_path.ps1'
[0.730s] INFO:colcon.colcon_core.shell:Creating environment descriptor '/home/robotics/colcon_ws/install/cpp_pubsub/share/cpp_pubsub/hook/cmake_prefix_path.dsv'
[0.731s] INFO:colcon.colcon_core.shell:Creating environment hook '/home/robotics/colcon_ws/install/cpp_pubsub/share/cpp_pubsub/hook/cmake_prefix_path.sh'
[0.731s] Level 1:colcon.colcon_core.environment:checking '/home/robotics/colcon_ws/install/cpp_pubsub/lib'
[0.732s] Level 1:colcon.colcon_core.environment:checking '/home/robotics/colcon_ws/install/cpp_pubsub/bin'
[0.732s] Level 1:colcon.colcon_core.environment:checking '/home/robotics/colcon_ws/install/cpp_pubsub/lib/pkgconfig/cpp_pubsub.pc'
[0.732s] Level 1:colcon.colcon_core.environment:checking '/home/robotics/colcon_ws/install/cpp_pubsub/lib/python3.10/site-packages'
[0.732s] Level 1:colcon.colcon_core.environment:checking '/home/robotics/colcon_ws/install/cpp_pubsub/bin'
[0.733s] INFO:colcon.colcon_core.shell:Creating package script '/home/robotics/colcon_ws/install/cpp_pubsub/share/cpp_pubsub/package.ps1'
[0.734s] INFO:colcon.colcon_core.shell:Creating package descriptor '/home/robotics/colcon_ws/install/cpp_pubsub/share/cpp_pubsub/package.dsv'
[0.734s] INFO:colcon.colcon_core.shell:Creating package script '/home/robotics/colcon_ws/install/cpp_pubsub/share/cpp_pubsub/package.sh'
[0.735s] INFO:colcon.colcon_core.shell:Creating package script '/home/robotics/colcon_ws/install/cpp_pubsub/share/cpp_pubsub/package.bash'
[0.735s] INFO:colcon.colcon_core.shell:Creating package script '/home/robotics/colcon_ws/install/cpp_pubsub/share/cpp_pubsub/package.zsh'
[0.736s] Level 1:colcon.colcon_core.environment:create_file_with_runtime_dependencies(/home/robotics/colcon_ws/install/cpp_pubsub/share/colcon-core/packages/cpp_pubsub)
[0.737s] Level 1:colcon.colcon_core.environment:create_environment_scripts_only(cpp_timer_showcase)
[0.738s] Level 1:colcon.colcon_core.environment:checking '/home/robotics/colcon_ws/install/cpp_timer_showcase' for CMake module files
[0.739s] DEBUG:colcon.colcon_core.event_handler.log_command:Invoked command in '/home/robotics/colcon_ws/build/cpp_timer_showcase' returned '0': CMAKE_PREFIX_PATH=/opt/ros/humble /usr/bin/cmake --install /home/robotics/colcon_ws/build/cpp_timer_showcase
[0.740s] Level 1:colcon.colcon_core.environment:checking '/home/robotics/colcon_ws/install/cpp_timer_showcase' for CMake config files
[0.740s] Level 1:colcon.colcon_core.shell:create_environment_hook('cpp_timer_showcase', 'cmake_prefix_path')
[0.740s] INFO:colcon.colcon_core.shell:Creating environment hook '/home/robotics/colcon_ws/install/cpp_timer_showcase/share/cpp_timer_showcase/hook/cmake_prefix_path.ps1'
[0.741s] INFO:colcon.colcon_core.shell:Creating environment descriptor '/home/robotics/colcon_ws/install/cpp_timer_showcase/share/cpp_timer_showcase/hook/cmake_prefix_path.dsv'
[0.741s] INFO:colcon.colcon_core.shell:Creating environment hook '/home/robotics/colcon_ws/install/cpp_timer_showcase/share/cpp_timer_showcase/hook/cmake_prefix_path.sh'
[0.742s] Level 1:colcon.colcon_core.environment:checking '/home/robotics/colcon_ws/install/cpp_timer_showcase/lib'
[0.742s] Level 1:colcon.colcon_core.environment:checking '/home/robotics/colcon_ws/install/cpp_timer_showcase/bin'
[0.742s] Level 1:colcon.colcon_core.environment:checking '/home/robotics/colcon_ws/install/cpp_timer_showcase/lib/pkgconfig/cpp_timer_showcase.pc'
[0.742s] Level 1:colcon.colcon_core.environment:checking '/home/robotics/colcon_ws/install/cpp_timer_showcase/lib/python3.10/site-packages'
[0.742s] Level 1:colcon.colcon_core.environment:checking '/home/robotics/colcon_ws/install/cpp_timer_showcase/bin'
[0.743s] INFO:colcon.colcon_core.shell:Creating package script '/home/robotics/colcon_ws/install/cpp_timer_showcase/share/cpp_timer_showcase/package.ps1'
[0.743s] INFO:colcon.colcon_core.shell:Creating package descriptor '/home/robotics/colcon_ws/install/cpp_timer_showcase/share/cpp_timer_showcase/package.dsv'
[0.744s] INFO:colcon.colcon_core.shell:Creating package script '/home/robotics/colcon_ws/install/cpp_timer_showcase/share/cpp_timer_showcase/package.sh'
[0.745s] INFO:colcon.colcon_core.shell:Creating package script '/home/robotics/colcon_ws/install/cpp_timer_showcase/share/cpp_timer_showcase/package.bash'
[0.746s] INFO:colcon.colcon_core.shell:Creating package script '/home/robotics/colcon_ws/install/cpp_timer_showcase/share/cpp_timer_showcase/package.zsh'
[0.746s] Level 1:colcon.colcon_core.environment:create_file_with_runtime_dependencies(/home/robotics/colcon_ws/install/cpp_timer_showcase/share/colcon-core/packages/cpp_timer_showcase)
[0.747s] Level 1:colcon.colcon_core.environment:create_environment_scripts_only(cpp_timer_showcase)
[0.748s] Level 1:colcon.colcon_core.environment:checking '/home/robotics/colcon_ws/install/cpp_timer_showcase' for CMake module files
[0.748s] Level 1:colcon.colcon_core.environment:checking '/home/robotics/colcon_ws/install/cpp_timer_showcase' for CMake config files
[0.748s] Level 1:colcon.colcon_core.shell:create_environment_hook('cpp_timer_showcase', 'cmake_prefix_path')
[0.749s] INFO:colcon.colcon_core.shell:Creating environment hook '/home/robotics/colcon_ws/install/cpp_timer_showcase/share/cpp_timer_showcase/hook/cmake_prefix_path.ps1'
[0.749s] INFO:colcon.colcon_core.shell:Creating environment descriptor '/home/robotics/colcon_ws/install/cpp_timer_showcase/share/cpp_timer_showcase/hook/cmake_prefix_path.dsv'
[0.750s] INFO:colcon.colcon_core.shell:Creating environment hook '/home/robotics/colcon_ws/install/cpp_timer_showcase/share/cpp_timer_showcase/hook/cmake_prefix_path.sh'
[0.751s] Level 1:colcon.colcon_core.environment:checking '/home/robotics/colcon_ws/install/cpp_timer_showcase/lib'
[0.751s] Level 1:colcon.colcon_core.environment:checking '/home/robotics/colcon_ws/install/cpp_timer_showcase/bin'
[0.751s] Level 1:colcon.colcon_core.environment:checking '/home/robotics/colcon_ws/install/cpp_timer_showcase/lib/pkgconfig/cpp_timer_showcase.pc'
[0.752s] Level 1:colcon.colcon_core.environment:checking '/home/robotics/colcon_ws/install/cpp_timer_showcase/lib/python3.10/site-packages'
[0.752s] Level 1:colcon.colcon_core.environment:checking '/home/robotics/colcon_ws/install/cpp_timer_showcase/bin'
[0.753s] INFO:colcon.colcon_core.shell:Creating package script '/home/robotics/colcon_ws/install/cpp_timer_showcase/share/cpp_timer_showcase/package.ps1'
[0.754s] INFO:colcon.colcon_core.shell:Creating package descriptor '/home/robotics/colcon_ws/install/cpp_timer_showcase/share/cpp_timer_showcase/package.dsv'
[0.754s] INFO:colcon.colcon_core.shell:Creating package script '/home/robotics/colcon_ws/install/cpp_timer_showcase/share/cpp_timer_showcase/package.sh'
[0.756s] INFO:colcon.colcon_core.shell:Creating package script '/home/robotics/colcon_ws/install/cpp_timer_showcase/share/cpp_timer_showcase/package.bash'
[0.756s] INFO:colcon.colcon_core.shell:Creating package script '/home/robotics/colcon_ws/install/cpp_timer_showcase/share/cpp_timer_showcase/package.zsh'
[0.757s] Level 1:colcon.colcon_core.environment:create_file_with_runtime_dependencies(/home/robotics/colcon_ws/install/cpp_timer_showcase/share/colcon-core/packages/cpp_timer_showcase)
[1.072s] DEBUG:colcon.colcon_core.event_handler.log_command:Invoked command in '/home/robotics/colcon_ws/build/custom_msg_demo' returned '0': CMAKE_PREFIX_PATH=/opt/ros/humble /usr/bin/cmake --build /home/robotics/colcon_ws/build/custom_msg_demo -- -j8 -l8
[1.075s] DEBUG:colcon.colcon_core.event_handler.log_command:Invoking command in '/home/robotics/colcon_ws/build/custom_msg_demo': CMAKE_PREFIX_PATH=/opt/ros/humble /usr/bin/cmake --install /home/robotics/colcon_ws/build/custom_msg_demo
[1.083s] DEBUG:colcon.colcon_core.event_handler.log_command:Invoked command in '/home/robotics/colcon_ws/build/custom_srv_demo' returned '0': CMAKE_PREFIX_PATH=/opt/ros/humble /usr/bin/cmake --build /home/robotics/colcon_ws/build/custom_srv_demo -- -j8 -l8
[1.086s] DEBUG:colcon.colcon_core.event_handler.log_command:Invoking command in '/home/robotics/colcon_ws/build/custom_srv_demo': CMAKE_PREFIX_PATH=/opt/ros/humble /usr/bin/cmake --install /home/robotics/colcon_ws/build/custom_srv_demo
[1.146s] Level 1:colcon.colcon_core.environment:create_environment_scripts_only(custom_msg_demo)
[1.146s] DEBUG:colcon.colcon_core.event_handler.log_command:Invoked command in '/home/robotics/colcon_ws/build/custom_msg_demo' returned '0': CMAKE_PREFIX_PATH=/opt/ros/humble /usr/bin/cmake --install /home/robotics/colcon_ws/build/custom_msg_demo
[1.146s] Level 1:colcon.colcon_core.environment:checking '/home/robotics/colcon_ws/install/custom_msg_demo' for CMake module files
[1.147s] Level 1:colcon.colcon_core.environment:checking '/home/robotics/colcon_ws/install/custom_msg_demo' for CMake config files
[1.147s] Level 1:colcon.colcon_core.shell:create_environment_hook('custom_msg_demo', 'cmake_prefix_path')
[1.147s] INFO:colcon.colcon_core.shell:Creating environment hook '/home/robotics/colcon_ws/install/custom_msg_demo/share/custom_msg_demo/hook/cmake_prefix_path.ps1'
[1.148s] INFO:colcon.colcon_core.shell:Creating environment descriptor '/home/robotics/colcon_ws/install/custom_msg_demo/share/custom_msg_demo/hook/cmake_prefix_path.dsv'
[1.148s] INFO:colcon.colcon_core.shell:Creating environment hook '/home/robotics/colcon_ws/install/custom_msg_demo/share/custom_msg_demo/hook/cmake_prefix_path.sh'
[1.149s] Level 1:colcon.colcon_core.environment:checking '/home/robotics/colcon_ws/install/custom_msg_demo/lib'
[1.150s] Level 1:colcon.colcon_core.shell:create_environment_hook('custom_msg_demo', 'ld_library_path_lib')
[1.151s] INFO:colcon.colcon_core.shell:Creating environment hook '/home/robotics/colcon_ws/install/custom_msg_demo/share/custom_msg_demo/hook/ld_library_path_lib.ps1'
[1.160s] INFO:colcon.colcon_core.shell:Creating environment descriptor '/home/robotics/colcon_ws/install/custom_msg_demo/share/custom_msg_demo/hook/ld_library_path_lib.dsv'
[1.160s] INFO:colcon.colcon_core.shell:Creating environment hook '/home/robotics/colcon_ws/install/custom_msg_demo/share/custom_msg_demo/hook/ld_library_path_lib.sh'
[1.161s] Level 1:colcon.colcon_core.environment:checking '/home/robotics/colcon_ws/install/custom_msg_demo/bin'
[1.161s] Level 1:colcon.colcon_core.environment:checking '/home/robotics/colcon_ws/install/custom_msg_demo/lib/pkgconfig/custom_msg_demo.pc'
[1.161s] Level 1:colcon.colcon_core.environment:checking '/home/robotics/colcon_ws/install/custom_msg_demo/lib/python3.10/site-packages'
[1.161s] Level 1:colcon.colcon_core.environment:checking '/home/robotics/colcon_ws/install/custom_msg_demo/bin'
[1.162s] INFO:colcon.colcon_core.shell:Creating package script '/home/robotics/colcon_ws/install/custom_msg_demo/share/custom_msg_demo/package.ps1'
[1.162s] INFO:colcon.colcon_core.shell:Creating package descriptor '/home/robotics/colcon_ws/install/custom_msg_demo/share/custom_msg_demo/package.dsv'
[1.163s] INFO:colcon.colcon_core.shell:Creating package script '/home/robotics/colcon_ws/install/custom_msg_demo/share/custom_msg_demo/package.sh'
[1.163s] INFO:colcon.colcon_core.shell:Creating package script '/home/robotics/colcon_ws/install/custom_msg_demo/share/custom_msg_demo/package.bash'
[1.163s] INFO:colcon.colcon_core.shell:Creating package script '/home/robotics/colcon_ws/install/custom_msg_demo/share/custom_msg_demo/package.zsh'
[1.164s] Level 1:colcon.colcon_core.environment:create_file_with_runtime_dependencies(/home/robotics/colcon_ws/install/custom_msg_demo/share/colcon-core/packages/custom_msg_demo)
[1.164s] Level 1:colcon.colcon_core.environment:create_environment_scripts_only(custom_msg_demo)
[1.165s] Level 1:colcon.colcon_core.environment:checking '/home/robotics/colcon_ws/install/custom_msg_demo' for CMake module files
[1.165s] Level 1:colcon.colcon_core.environment:checking '/home/robotics/colcon_ws/install/custom_msg_demo' for CMake config files
[1.165s] Level 1:colcon.colcon_core.shell:create_environment_hook('custom_msg_demo', 'cmake_prefix_path')
[1.166s] INFO:colcon.colcon_core.shell:Creating environment hook '/home/robotics/colcon_ws/install/custom_msg_demo/share/custom_msg_demo/hook/cmake_prefix_path.ps1'
[1.166s] INFO:colcon.colcon_core.shell:Creating environment descriptor '/home/robotics/colcon_ws/install/custom_msg_demo/share/custom_msg_demo/hook/cmake_prefix_path.dsv'
[1.166s] INFO:colcon.colcon_core.shell:Creating environment hook '/home/robotics/colcon_ws/install/custom_msg_demo/share/custom_msg_demo/hook/cmake_prefix_path.sh'
[1.167s] Level 1:colcon.colcon_core.environment:checking '/home/robotics/colcon_ws/install/custom_msg_demo/lib'
[1.167s] Level 1:colcon.colcon_core.shell:create_environment_hook('custom_msg_demo', 'ld_library_path_lib')
[1.167s] INFO:colcon.colcon_core.shell:Creating environment hook '/home/robotics/colcon_ws/install/custom_msg_demo/share/custom_msg_demo/hook/ld_library_path_lib.ps1'
[1.168s] INFO:colcon.colcon_core.shell:Creating environment descriptor '/home/robotics/colcon_ws/install/custom_msg_demo/share/custom_msg_demo/hook/ld_library_path_lib.dsv'
[1.168s] INFO:colcon.colcon_core.shell:Creating environment hook '/home/robotics/colcon_ws/install/custom_msg_demo/share/custom_msg_demo/hook/ld_library_path_lib.sh'
[1.168s] Level 1:colcon.colcon_core.environment:checking '/home/robotics/colcon_ws/install/custom_msg_demo/bin'
[1.168s] Level 1:colcon.colcon_core.environment:checking '/home/robotics/colcon_ws/install/custom_msg_demo/lib/pkgconfig/custom_msg_demo.pc'
[1.169s] Level 1:colcon.colcon_core.environment:checking '/home/robotics/colcon_ws/install/custom_msg_demo/lib/python3.10/site-packages'
[1.169s] Level 1:colcon.colcon_core.environment:checking '/home/robotics/colcon_ws/install/custom_msg_demo/bin'
[1.169s] INFO:colcon.colcon_core.shell:Creating package script '/home/robotics/colcon_ws/install/custom_msg_demo/share/custom_msg_demo/package.ps1'
[1.170s] INFO:colcon.colcon_core.shell:Creating package descriptor '/home/robotics/colcon_ws/install/custom_msg_demo/share/custom_msg_demo/package.dsv'
[1.170s] INFO:colcon.colcon_core.shell:Creating package script '/home/robotics/colcon_ws/install/custom_msg_demo/share/custom_msg_demo/package.sh'
[1.171s] INFO:colcon.colcon_core.shell:Creating package script '/home/robotics/colcon_ws/install/custom_msg_demo/share/custom_msg_demo/package.bash'
[1.171s] INFO:colcon.colcon_core.shell:Creating package script '/home/robotics/colcon_ws/install/custom_msg_demo/share/custom_msg_demo/package.zsh'
[1.172s] Level 1:colcon.colcon_core.environment:create_file_with_runtime_dependencies(/home/robotics/colcon_ws/install/custom_msg_demo/share/colcon-core/packages/custom_msg_demo)
[1.174s] Level 1:colcon.colcon_core.environment:create_environment_scripts_only(custom_srv_demo)
[1.175s] Level 1:colcon.colcon_core.environment:checking '/home/robotics/colcon_ws/install/custom_srv_demo' for CMake module files
[1.175s] DEBUG:colcon.colcon_core.event_handler.log_command:Invoked command in '/home/robotics/colcon_ws/build/custom_srv_demo' returned '0': CMAKE_PREFIX_PATH=/opt/ros/humble /usr/bin/cmake --install /home/robotics/colcon_ws/build/custom_srv_demo
[1.176s] Level 1:colcon.colcon_core.environment:checking '/home/robotics/colcon_ws/install/custom_srv_demo' for CMake config files
[1.176s] Level 1:colcon.colcon_core.shell:create_environment_hook('custom_srv_demo', 'cmake_prefix_path')
[1.176s] INFO:colcon.colcon_core.shell:Creating environment hook '/home/robotics/colcon_ws/install/custom_srv_demo/share/custom_srv_demo/hook/cmake_prefix_path.ps1'
[1.177s] INFO:colcon.colcon_core.shell:Creating environment descriptor '/home/robotics/colcon_ws/install/custom_srv_demo/share/custom_srv_demo/hook/cmake_prefix_path.dsv'
[1.177s] INFO:colcon.colcon_core.shell:Creating environment hook '/home/robotics/colcon_ws/install/custom_srv_demo/share/custom_srv_demo/hook/cmake_prefix_path.sh'
[1.178s] Level 1:colcon.colcon_core.environment:checking '/home/robotics/colcon_ws/install/custom_srv_demo/lib'
[1.178s] Level 1:colcon.colcon_core.shell:create_environment_hook('custom_srv_demo', 'ld_library_path_lib')
[1.178s] INFO:colcon.colcon_core.shell:Creating environment hook '/home/robotics/colcon_ws/install/custom_srv_demo/share/custom_srv_demo/hook/ld_library_path_lib.ps1'
[1.179s] INFO:colcon.colcon_core.shell:Creating environment descriptor '/home/robotics/colcon_ws/install/custom_srv_demo/share/custom_srv_demo/hook/ld_library_path_lib.dsv'
[1.179s] INFO:colcon.colcon_core.shell:Creating environment hook '/home/robotics/colcon_ws/install/custom_srv_demo/share/custom_srv_demo/hook/ld_library_path_lib.sh'
[1.179s] Level 1:colcon.colcon_core.environment:checking '/home/robotics/colcon_ws/install/custom_srv_demo/bin'
[1.179s] Level 1:colcon.colcon_core.environment:checking '/home/robotics/colcon_ws/install/custom_srv_demo/lib/pkgconfig/custom_srv_demo.pc'
[1.180s] Level 1:colcon.colcon_core.environment:checking '/home/robotics/colcon_ws/install/custom_srv_demo/lib/python3.10/site-packages'
[1.180s] Level 1:colcon.colcon_core.environment:checking '/home/robotics/colcon_ws/install/custom_srv_demo/bin'
[1.180s] INFO:colcon.colcon_core.shell:Creating package script '/home/robotics/colcon_ws/install/custom_srv_demo/share/custom_srv_demo/package.ps1'
[1.181s] INFO:colcon.colcon_core.shell:Creating package descriptor '/home/robotics/colcon_ws/install/custom_srv_demo/share/custom_srv_demo/package.dsv'
[1.181s] INFO:colcon.colcon_core.shell:Creating package script '/home/robotics/colcon_ws/install/custom_srv_demo/share/custom_srv_demo/package.sh'
[1.182s] INFO:colcon.colcon_core.shell:Creating package script '/home/robotics/colcon_ws/install/custom_srv_demo/share/custom_srv_demo/package.bash'
[1.182s] INFO:colcon.colcon_core.shell:Creating package script '/home/robotics/colcon_ws/install/custom_srv_demo/share/custom_srv_demo/package.zsh'
[1.183s] Level 1:colcon.colcon_core.environment:create_file_with_runtime_dependencies(/home/robotics/colcon_ws/install/custom_srv_demo/share/colcon-core/packages/custom_srv_demo)
[1.184s] Level 1:colcon.colcon_core.environment:create_environment_scripts_only(custom_srv_demo)
[1.184s] Level 1:colcon.colcon_core.environment:checking '/home/robotics/colcon_ws/install/custom_srv_demo' for CMake module files
[1.185s] Level 1:colcon.colcon_core.environment:checking '/home/robotics/colcon_ws/install/custom_srv_demo' for CMake config files
[1.185s] Level 1:colcon.colcon_core.shell:create_environment_hook('custom_srv_demo', 'cmake_prefix_path')
[1.185s] INFO:colcon.colcon_core.shell:Creating environment hook '/home/robotics/colcon_ws/install/custom_srv_demo/share/custom_srv_demo/hook/cmake_prefix_path.ps1'
[1.185s] INFO:colcon.colcon_core.shell:Creating environment descriptor '/home/robotics/colcon_ws/install/custom_srv_demo/share/custom_srv_demo/hook/cmake_prefix_path.dsv'
[1.186s] INFO:colcon.colcon_core.shell:Creating environment hook '/home/robotics/colcon_ws/install/custom_srv_demo/share/custom_srv_demo/hook/cmake_prefix_path.sh'
[1.186s] Level 1:colcon.colcon_core.environment:checking '/home/robotics/colcon_ws/install/custom_srv_demo/lib'
[1.187s] Level 1:colcon.colcon_core.shell:create_environment_hook('custom_srv_demo', 'ld_library_path_lib')
[1.187s] INFO:colcon.colcon_core.shell:Creating environment hook '/home/robotics/colcon_ws/install/custom_srv_demo/share/custom_srv_demo/hook/ld_library_path_lib.ps1'
[1.187s] INFO:colcon.colcon_core.shell:Creating environment descriptor '/home/robotics/colcon_ws/install/custom_srv_demo/share/custom_srv_demo/hook/ld_library_path_lib.dsv'
[1.187s] INFO:colcon.colcon_core.shell:Creating environment hook '/home/robotics/colcon_ws/install/custom_srv_demo/share/custom_srv_demo/hook/ld_library_path_lib.sh'
[1.188s] Level 1:colcon.colcon_core.environment:checking '/home/robotics/colcon_ws/install/custom_srv_demo/bin'
[1.188s] Level 1:colcon.colcon_core.environment:checking '/home/robotics/colcon_ws/install/custom_srv_demo/lib/pkgconfig/custom_srv_demo.pc'
[1.188s] Level 1:colcon.colcon_core.environment:checking '/home/robotics/colcon_ws/install/custom_srv_demo/lib/python3.10/site-packages'
[1.189s] Level 1:colcon.colcon_core.environment:checking '/home/robotics/colcon_ws/install/custom_srv_demo/bin'
[1.189s] INFO:colcon.colcon_core.shell:Creating package script '/home/robotics/colcon_ws/install/custom_srv_demo/share/custom_srv_demo/package.ps1'
[1.189s] INFO:colcon.colcon_core.shell:Creating package descriptor '/home/robotics/colcon_ws/install/custom_srv_demo/share/custom_srv_demo/package.dsv'
[1.190s] INFO:colcon.colcon_core.shell:Creating package script '/home/robotics/colcon_ws/install/custom_srv_demo/share/custom_srv_demo/package.sh'
[1.191s] INFO:colcon.colcon_core.shell:Creating package script '/home/robotics/colcon_ws/install/custom_srv_demo/share/custom_srv_demo/package.bash'
[1.192s] INFO:colcon.colcon_core.shell:Creating package script '/home/robotics/colcon_ws/install/custom_srv_demo/share/custom_srv_demo/package.zsh'
[1.192s] Level 1:colcon.colcon_core.environment:create_file_with_runtime_dependencies(/home/robotics/colcon_ws/install/custom_srv_demo/share/colcon-core/packages/custom_srv_demo)
[1.192s] DEBUG:colcon.colcon_parallel_executor.executor.parallel:closing loop
[1.193s] DEBUG:colcon.colcon_parallel_executor.executor.parallel:loop closed
[1.193s] DEBUG:colcon.colcon_parallel_executor.executor.parallel:run_until_complete finished with '0'
[1.193s] DEBUG:colcon.colcon_core.event_reactor:joining thread
[1.200s] INFO:colcon.colcon_core.plugin_system:Skipping extension 'colcon_notification.desktop_notification.notify_send': Could not find 'notify-send'
[1.200s] INFO:colcon.colcon_core.plugin_system:Skipping extension 'colcon_notification.desktop_notification.terminal_notifier': Not used on non-Darwin systems
[1.201s] INFO:colcon.colcon_core.plugin_system:Skipping extension 'colcon_notification.desktop_notification.win32': Not used on non-Windows systems
[1.201s] INFO:colcon.colcon_notification.desktop_notification:Sending desktop notification using 'notify2'
[1.203s] DEBUG:colcon.colcon_notification.desktop_notification.notify2:Failed to initialize notify2: org.freedesktop.DBus.Error.Spawn.ExecFailed: /usr/bin/dbus-launch terminated abnormally without any error message
[1.204s] DEBUG:colcon.colcon_core.event_reactor:joined thread
[1.204s] INFO:colcon.colcon_core.shell:Creating prefix script '/home/robotics/colcon_ws/install/local_setup.ps1'
[1.205s] INFO:colcon.colcon_core.shell:Creating prefix util module '/home/robotics/colcon_ws/install/_local_setup_util_ps1.py'
[1.207s] INFO:colcon.colcon_core.shell:Creating prefix chain script '/home/robotics/colcon_ws/install/setup.ps1'
[1.208s] INFO:colcon.colcon_core.shell:Creating prefix script '/home/robotics/colcon_ws/install/local_setup.sh'
[1.209s] INFO:colcon.colcon_core.shell:Creating prefix util module '/home/robotics/colcon_ws/install/_local_setup_util_sh.py'
[1.209s] INFO:colcon.colcon_core.shell:Creating prefix chain script '/home/robotics/colcon_ws/install/setup.sh'
[1.210s] INFO:colcon.colcon_core.shell:Creating prefix script '/home/robotics/colcon_ws/install/local_setup.bash'
[1.211s] INFO:colcon.colcon_core.shell:Creating prefix chain script '/home/robotics/colcon_ws/install/setup.bash'
[1.212s] INFO:colcon.colcon_core.shell:Creating prefix script '/home/robotics/colcon_ws/install/local_setup.zsh'
[1.212s] INFO:colcon.colcon_core.shell:Creating prefix chain script '/home/robotics/colcon_ws/install/setup.zsh'
