[0.031s] Invoking command in '/home/robotics/colcon_ws/build/custom_msg_demo': CMAKE_PREFIX_PATH=/opt/ros/humble /usr/bin/cmake /home/robotics/colcon_ws/src/custom_msg_demo -DCMAKE_INSTALL_PREFIX=/home/robotics/colcon_ws/install/custom_msg_demo
[0.342s] -- The C compiler identification is GNU 11.4.0
[0.534s] -- The CXX compiler identification is GNU 11.4.0
[0.553s] -- Detecting C compiler ABI info
[0.658s] -- Detecting C compiler ABI info - done
[0.665s] -- Check for working C compiler: /usr/bin/cc - skipped
[0.667s] -- Detecting C compile features
[0.667s] -- Detecting C compile features - done
[0.672s] -- Detecting CXX compiler ABI info
[0.795s] -- Detecting CXX compiler ABI info - done
[0.802s] -- Check for working CXX compiler: /usr/bin/c++ - skipped
[0.802s] -- Detecting CXX compile features
[0.802s] -- Detecting CXX compile features - done
[0.829s] -- Found ament_cmake: 1.3.13 (/opt/ros/humble/share/ament_cmake/cmake)
[1.050s] -- Found Python3: /usr/bin/python3 (found version "3.10.12") found components: Interpreter 
[1.245s] -- Found rclcpp: 16.0.18 (/opt/ros/humble/share/rclcpp/cmake)
[1.382s] -- Found rosidl_generator_c: 3.1.8 (/opt/ros/humble/share/rosidl_generator_c/cmake)
[1.394s] -- Found rosidl_adapter: 3.1.8 (/opt/ros/humble/share/rosidl_adapter/cmake)
[1.421s] -- Found rosidl_generator_cpp: 3.1.8 (/opt/ros/humble/share/rosidl_generator_cpp/cmake)
[1.449s] -- Using all available rosidl_typesupport_c: rosidl_typesupport_fastrtps_c;rosidl_typesupport_introspection_c
[1.501s] -- Using all available rosidl_typesupport_cpp: rosidl_typesupport_fastrtps_cpp;rosidl_typesupport_introspection_cpp
[1.612s] -- Found rmw_implementation_cmake: 6.1.2 (/opt/ros/humble/share/rmw_implementation_cmake/cmake)
[1.623s] -- Found rmw_fastrtps_cpp: 6.2.10 (/opt/ros/humble/share/rmw_fastrtps_cpp/cmake)
[1.812s] -- Found OpenSSL: /usr/lib/x86_64-linux-gnu/libcrypto.so (found version "3.0.2")  
[1.858s] -- Found FastRTPS: /opt/ros/humble/include  
[1.943s] -- Using RMW implementation 'rmw_fastrtps_cpp' as default
[1.966s] -- Looking for pthread.h
[2.096s] -- Looking for pthread.h - found
[2.097s] -- Performing Test CMAKE_HAVE_LIBC_PTHREAD
[2.195s] -- Performing Test CMAKE_HAVE_LIBC_PTHREAD - Success
[2.196s] -- Found Threads: TRUE  
[2.317s] -- Found rosidl_default_generators: 1.2.0 (/opt/ros/humble/share/rosidl_default_generators/cmake)
[2.753s] -- Found ament_cmake_ros: 0.10.0 (/opt/ros/humble/share/ament_cmake_ros/cmake)
[3.197s] -- Using all available rosidl_typesupport_c: rosidl_typesupport_fastrtps_c;rosidl_typesupport_introspection_c
[3.346s] -- Using all available rosidl_typesupport_cpp: rosidl_typesupport_fastrtps_cpp;rosidl_typesupport_introspection_cpp
[3.378s] -- Found PythonInterp: /usr/bin/python3 (found suitable version "3.10.12", minimum required is "3.6") 
[3.387s] -- Found python_cmake_module: 0.10.0 (/opt/ros/humble/share/python_cmake_module/cmake)
[3.435s] -- Found PythonLibs: /usr/lib/x86_64-linux-gnu/libpython3.10.so (found suitable version "3.10.12", minimum required is "3.5") 
[3.435s] -- Using PYTHON_EXECUTABLE: /usr/bin/python3
[3.436s] -- Using PYTHON_INCLUDE_DIRS: /usr/include/python3.10
[3.436s] -- Using PYTHON_LIBRARIES: /usr/lib/x86_64-linux-gnu/libpython3.10.so
[3.470s] -- Found PythonExtra: .so  
[3.546s] -- Configuring done
[3.647s] -- Generating done
[3.668s] -- Build files have been written to: /home/robotics/colcon_ws/build/custom_msg_demo
[3.685s] Invoked command in '/home/robotics/colcon_ws/build/custom_msg_demo' returned '0': CMAKE_PREFIX_PATH=/opt/ros/humble /usr/bin/cmake /home/robotics/colcon_ws/src/custom_msg_demo -DCMAKE_INSTALL_PREFIX=/home/robotics/colcon_ws/install/custom_msg_demo
[3.687s] Invoking command in '/home/robotics/colcon_ws/build/custom_msg_demo': CMAKE_PREFIX_PATH=/opt/ros/humble /usr/bin/cmake --build /home/robotics/colcon_ws/build/custom_msg_demo -- -j8 -l8
[3.742s] [  2%] [34m[1mGenerating C code for ROS interfaces[0m
[3.754s] [  5%] [34m[1mGenerating C++ code for ROS interfaces[0m
[3.769s] [  5%] Built target ament_cmake_python_copy_custom_msg_demo
[4.200s] running egg_info
[4.202s] creating custom_msg_demo.egg-info
[4.203s] writing custom_msg_demo.egg-info/PKG-INFO
[4.204s] writing dependency_links to custom_msg_demo.egg-info/dependency_links.txt
[4.204s] writing top-level names to custom_msg_demo.egg-info/top_level.txt
[4.204s] writing manifest file 'custom_msg_demo.egg-info/SOURCES.txt'
[4.212s] reading manifest file 'custom_msg_demo.egg-info/SOURCES.txt'
[4.214s] writing manifest file 'custom_msg_demo.egg-info/SOURCES.txt'
[4.225s] [  5%] Built target custom_msg_demo__cpp
[4.226s] [  8%] [32mBuilding C object CMakeFiles/custom_msg_demo__rosidl_generator_c.dir/rosidl_generator_c/custom_msg_demo/msg/detail/robot_status__functions.c.o[0m
[4.245s] [ 11%] [34m[1mGenerating C++ type support for eProsima Fast-RTPS[0m
[4.245s] [ 14%] [34m[1mGenerating C++ introspection for ROS interfaces[0m
[4.246s] [ 17%] [34m[1mGenerating C++ type support dispatch for ROS interfaces[0m
[4.261s] [ 17%] Built target ament_cmake_python_build_custom_msg_demo_egg
[4.332s] [ 20%] [32m[1mLinking C shared library libcustom_msg_demo__rosidl_generator_c.so[0m
[4.393s] [ 20%] Built target custom_msg_demo__rosidl_generator_c
[4.407s] [ 22%] [34m[1mGenerating C type support for eProsima Fast-RTPS[0m
[4.409s] [ 25%] [34m[1mGenerating C introspection for ROS interfaces[0m
[4.410s] [ 28%] [34m[1mGenerating C type support dispatch for ROS interfaces[0m
[4.652s] [ 31%] [32mBuilding CXX object CMakeFiles/custom_msg_demo__rosidl_typesupport_cpp.dir/rosidl_typesupport_cpp/custom_msg_demo/msg/robot_status__type_support.cpp.o[0m
[4.685s] [ 34%] [32mBuilding CXX object CMakeFiles/custom_msg_demo__rosidl_typesupport_fastrtps_cpp.dir/rosidl_typesupport_fastrtps_cpp/custom_msg_demo/msg/detail/dds_fastrtps/robot_status__type_support.cpp.o[0m
[4.696s] [ 37%] [32mBuilding CXX object CMakeFiles/custom_msg_demo__rosidl_typesupport_introspection_cpp.dir/rosidl_typesupport_introspection_cpp/custom_msg_demo/msg/detail/robot_status__type_support.cpp.o[0m
[4.867s] [ 40%] [32mBuilding CXX object CMakeFiles/custom_msg_demo__rosidl_typesupport_c.dir/rosidl_typesupport_c/custom_msg_demo/msg/robot_status__type_support.cpp.o[0m
[4.896s] [ 42%] [32mBuilding C object CMakeFiles/custom_msg_demo__rosidl_typesupport_introspection_c.dir/rosidl_typesupport_introspection_c/custom_msg_demo/msg/detail/robot_status__type_support.c.o[0m
[4.896s] [ 45%] [32mBuilding CXX object CMakeFiles/custom_msg_demo__rosidl_typesupport_fastrtps_c.dir/rosidl_typesupport_fastrtps_c/custom_msg_demo/msg/detail/robot_status__type_support_c.cpp.o[0m
[4.924s] [ 48%] [32m[1mLinking CXX shared library libcustom_msg_demo__rosidl_typesupport_c.so[0m
[4.961s] [ 51%] [32m[1mLinking C shared library libcustom_msg_demo__rosidl_typesupport_introspection_c.so[0m
[5.012s] [ 51%] Built target custom_msg_demo__rosidl_typesupport_c
[5.025s] [ 51%] Built target custom_msg_demo__rosidl_typesupport_introspection_c
[5.176s] [ 54%] [32m[1mLinking CXX shared library libcustom_msg_demo__rosidl_typesupport_cpp.so[0m
[5.243s] [ 54%] Built target custom_msg_demo__rosidl_typesupport_cpp
[5.281s] [ 60%] [32mBuilding CXX object CMakeFiles/status_publisher.dir/src/status_publisher.cpp.o[0m
[5.281s] [ 60%] [32mBuilding CXX object CMakeFiles/status_subscriber.dir/src/status_subscriber.cpp.o[0m
[5.385s] [ 62%] [32m[1mLinking CXX shared library libcustom_msg_demo__rosidl_typesupport_fastrtps_cpp.so[0m
[5.386s] [ 65%] [32m[1mLinking CXX shared library libcustom_msg_demo__rosidl_typesupport_introspection_cpp.so[0m
[5.453s] [ 68%] [32m[1mLinking CXX shared library libcustom_msg_demo__rosidl_typesupport_fastrtps_c.so[0m
[5.491s] [ 68%] Built target custom_msg_demo__rosidl_typesupport_introspection_cpp
[5.524s] [ 68%] Built target custom_msg_demo__rosidl_typesupport_fastrtps_cpp
[5.581s] [ 68%] Built target custom_msg_demo__rosidl_typesupport_fastrtps_c
[5.615s] [ 68%] Built target custom_msg_demo
[5.649s] [ 71%] [34m[1mGenerating Python code for ROS interfaces[0m
[6.184s] [ 71%] Built target custom_msg_demo__py
[6.222s] [ 74%] [32mBuilding C object CMakeFiles/custom_msg_demo__rosidl_generator_py.dir/rosidl_generator_py/custom_msg_demo/msg/_robot_status_s.c.o[0m
[6.489s] [ 77%] [32m[1mLinking C shared library rosidl_generator_py/custom_msg_demo/libcustom_msg_demo__rosidl_generator_py.so[0m
[6.552s] [ 77%] Built target custom_msg_demo__rosidl_generator_py
[6.589s] [ 80%] [32mBuilding C object CMakeFiles/custom_msg_demo__rosidl_typesupport_fastrtps_c__pyext.dir/rosidl_generator_py/custom_msg_demo/_custom_msg_demo_s.ep.rosidl_typesupport_fastrtps_c.c.o[0m
[6.589s] [ 82%] [32mBuilding C object CMakeFiles/custom_msg_demo__rosidl_typesupport_c__pyext.dir/rosidl_generator_py/custom_msg_demo/_custom_msg_demo_s.ep.rosidl_typesupport_c.c.o[0m
[6.591s] [ 85%] [32mBuilding C object CMakeFiles/custom_msg_demo__rosidl_typesupport_introspection_c__pyext.dir/rosidl_generator_py/custom_msg_demo/_custom_msg_demo_s.ep.rosidl_typesupport_introspection_c.c.o[0m
[6.761s] [ 91%] [32m[1mLinking C shared library rosidl_generator_py/custom_msg_demo/custom_msg_demo_s__rosidl_typesupport_fastrtps_c.cpython-310-x86_64-linux-gnu.so[0m
[6.761s] [ 91%] [32m[1mLinking C shared library rosidl_generator_py/custom_msg_demo/custom_msg_demo_s__rosidl_typesupport_introspection_c.cpython-310-x86_64-linux-gnu.so[0m
[6.761s] [ 94%] [32m[1mLinking C shared library rosidl_generator_py/custom_msg_demo/custom_msg_demo_s__rosidl_typesupport_c.cpython-310-x86_64-linux-gnu.so[0m
[6.811s] [ 94%] Built target custom_msg_demo__rosidl_typesupport_introspection_c__pyext
[6.812s] [ 94%] Built target custom_msg_demo__rosidl_typesupport_c__pyext
[6.819s] [ 94%] Built target custom_msg_demo__rosidl_typesupport_fastrtps_c__pyext
[16.889s] [ 97%] [32m[1mLinking CXX executable status_publisher[0m
[17.223s] [ 97%] Built target status_publisher
[22.580s] [100%] [32m[1mLinking CXX executable status_subscriber[0m
[23.097s] [100%] Built target status_subscriber
[23.114s] Invoked command in '/home/robotics/colcon_ws/build/custom_msg_demo' returned '0': CMAKE_PREFIX_PATH=/opt/ros/humble /usr/bin/cmake --build /home/robotics/colcon_ws/build/custom_msg_demo -- -j8 -l8
[23.119s] Invoking command in '/home/robotics/colcon_ws/build/custom_msg_demo': CMAKE_PREFIX_PATH=/opt/ros/humble /usr/bin/cmake --install /home/robotics/colcon_ws/build/custom_msg_demo
[23.128s] -- Install configuration: ""
[23.130s] -- Installing: /home/robotics/colcon_ws/install/custom_msg_demo/share/ament_index/resource_index/rosidl_interfaces/custom_msg_demo
[23.130s] -- Installing: /home/robotics/colcon_ws/install/custom_msg_demo/include/custom_msg_demo/custom_msg_demo
[23.130s] -- Installing: /home/robotics/colcon_ws/install/custom_msg_demo/include/custom_msg_demo/custom_msg_demo/msg
[23.131s] -- Installing: /home/robotics/colcon_ws/install/custom_msg_demo/include/custom_msg_demo/custom_msg_demo/msg/robot_status.h
[23.131s] -- Installing: /home/robotics/colcon_ws/install/custom_msg_demo/include/custom_msg_demo/custom_msg_demo/msg/detail
[23.131s] -- Installing: /home/robotics/colcon_ws/install/custom_msg_demo/include/custom_msg_demo/custom_msg_demo/msg/detail/robot_status__functions.h
[23.132s] -- Installing: /home/robotics/colcon_ws/install/custom_msg_demo/include/custom_msg_demo/custom_msg_demo/msg/detail/robot_status__type_support.h
[23.132s] -- Installing: /home/robotics/colcon_ws/install/custom_msg_demo/include/custom_msg_demo/custom_msg_demo/msg/detail/robot_status__functions.c
[23.132s] -- Installing: /home/robotics/colcon_ws/install/custom_msg_demo/include/custom_msg_demo/custom_msg_demo/msg/detail/robot_status__struct.h
[23.132s] -- Installing: /home/robotics/colcon_ws/install/custom_msg_demo/include/custom_msg_demo/custom_msg_demo/msg/rosidl_generator_c__visibility_control.h
[23.133s] -- Installing: /home/robotics/colcon_ws/install/custom_msg_demo/share/custom_msg_demo/environment/library_path.sh
[23.134s] -- Installing: /home/robotics/colcon_ws/install/custom_msg_demo/share/custom_msg_demo/environment/library_path.dsv
[23.135s] -- Installing: /home/robotics/colcon_ws/install/custom_msg_demo/lib/libcustom_msg_demo__rosidl_generator_c.so
[23.138s] -- Set runtime path of "/home/robotics/colcon_ws/install/custom_msg_demo/lib/libcustom_msg_demo__rosidl_generator_c.so" to ""
[23.138s] -- Up-to-date: /home/robotics/colcon_ws/install/custom_msg_demo/include/custom_msg_demo/custom_msg_demo
[23.138s] -- Up-to-date: /home/robotics/colcon_ws/install/custom_msg_demo/include/custom_msg_demo/custom_msg_demo/msg
[23.139s] -- Up-to-date: /home/robotics/colcon_ws/install/custom_msg_demo/include/custom_msg_demo/custom_msg_demo/msg/detail
[23.139s] -- Installing: /home/robotics/colcon_ws/install/custom_msg_demo/include/custom_msg_demo/custom_msg_demo/msg/detail/robot_status__rosidl_typesupport_fastrtps_c.h
[23.139s] -- Installing: /home/robotics/colcon_ws/install/custom_msg_demo/include/custom_msg_demo/custom_msg_demo/msg/rosidl_typesupport_fastrtps_c__visibility_control.h
[23.140s] -- Installing: /home/robotics/colcon_ws/install/custom_msg_demo/lib/libcustom_msg_demo__rosidl_typesupport_fastrtps_c.so
[23.140s] -- Set runtime path of "/home/robotics/colcon_ws/install/custom_msg_demo/lib/libcustom_msg_demo__rosidl_typesupport_fastrtps_c.so" to ""
[23.140s] -- Up-to-date: /home/robotics/colcon_ws/install/custom_msg_demo/include/custom_msg_demo/custom_msg_demo
[23.140s] -- Up-to-date: /home/robotics/colcon_ws/install/custom_msg_demo/include/custom_msg_demo/custom_msg_demo/msg
[23.140s] -- Installing: /home/robotics/colcon_ws/install/custom_msg_demo/include/custom_msg_demo/custom_msg_demo/msg/rosidl_generator_cpp__visibility_control.hpp
[23.140s] -- Up-to-date: /home/robotics/colcon_ws/install/custom_msg_demo/include/custom_msg_demo/custom_msg_demo/msg/detail
[23.141s] -- Installing: /home/robotics/colcon_ws/install/custom_msg_demo/include/custom_msg_demo/custom_msg_demo/msg/detail/robot_status__builder.hpp
[23.141s] -- Installing: /home/robotics/colcon_ws/install/custom_msg_demo/include/custom_msg_demo/custom_msg_demo/msg/detail/robot_status__struct.hpp
[23.142s] -- Installing: /home/robotics/colcon_ws/install/custom_msg_demo/include/custom_msg_demo/custom_msg_demo/msg/detail/robot_status__type_support.hpp
[23.142s] -- Installing: /home/robotics/colcon_ws/install/custom_msg_demo/include/custom_msg_demo/custom_msg_demo/msg/detail/robot_status__traits.hpp
[23.142s] -- Installing: /home/robotics/colcon_ws/install/custom_msg_demo/include/custom_msg_demo/custom_msg_demo/msg/robot_status.hpp
[23.143s] -- Up-to-date: /home/robotics/colcon_ws/install/custom_msg_demo/include/custom_msg_demo/custom_msg_demo
[23.143s] -- Up-to-date: /home/robotics/colcon_ws/install/custom_msg_demo/include/custom_msg_demo/custom_msg_demo/msg
[23.143s] -- Installing: /home/robotics/colcon_ws/install/custom_msg_demo/include/custom_msg_demo/custom_msg_demo/msg/rosidl_typesupport_fastrtps_cpp__visibility_control.h
[23.143s] -- Up-to-date: /home/robotics/colcon_ws/install/custom_msg_demo/include/custom_msg_demo/custom_msg_demo/msg/detail
[23.143s] -- Installing: /home/robotics/colcon_ws/install/custom_msg_demo/include/custom_msg_demo/custom_msg_demo/msg/detail/dds_fastrtps
[23.144s] -- Installing: /home/robotics/colcon_ws/install/custom_msg_demo/include/custom_msg_demo/custom_msg_demo/msg/detail/robot_status__rosidl_typesupport_fastrtps_cpp.hpp
[23.144s] -- Installing: /home/robotics/colcon_ws/install/custom_msg_demo/lib/libcustom_msg_demo__rosidl_typesupport_fastrtps_cpp.so
[23.144s] -- Set runtime path of "/home/robotics/colcon_ws/install/custom_msg_demo/lib/libcustom_msg_demo__rosidl_typesupport_fastrtps_cpp.so" to ""
[23.145s] -- Up-to-date: /home/robotics/colcon_ws/install/custom_msg_demo/include/custom_msg_demo/custom_msg_demo
[23.145s] -- Up-to-date: /home/robotics/colcon_ws/install/custom_msg_demo/include/custom_msg_demo/custom_msg_demo/msg
[23.145s] -- Up-to-date: /home/robotics/colcon_ws/install/custom_msg_demo/include/custom_msg_demo/custom_msg_demo/msg/detail
[23.145s] -- Installing: /home/robotics/colcon_ws/install/custom_msg_demo/include/custom_msg_demo/custom_msg_demo/msg/detail/robot_status__type_support.c
[23.145s] -- Installing: /home/robotics/colcon_ws/install/custom_msg_demo/include/custom_msg_demo/custom_msg_demo/msg/detail/robot_status__rosidl_typesupport_introspection_c.h
[23.146s] -- Installing: /home/robotics/colcon_ws/install/custom_msg_demo/include/custom_msg_demo/custom_msg_demo/msg/rosidl_typesupport_introspection_c__visibility_control.h
[23.146s] -- Installing: /home/robotics/colcon_ws/install/custom_msg_demo/lib/libcustom_msg_demo__rosidl_typesupport_introspection_c.so
[23.146s] -- Set runtime path of "/home/robotics/colcon_ws/install/custom_msg_demo/lib/libcustom_msg_demo__rosidl_typesupport_introspection_c.so" to ""
[23.146s] -- Installing: /home/robotics/colcon_ws/install/custom_msg_demo/lib/libcustom_msg_demo__rosidl_typesupport_c.so
[23.146s] -- Set runtime path of "/home/robotics/colcon_ws/install/custom_msg_demo/lib/libcustom_msg_demo__rosidl_typesupport_c.so" to ""
[23.146s] -- Up-to-date: /home/robotics/colcon_ws/install/custom_msg_demo/include/custom_msg_demo/custom_msg_demo
[23.146s] -- Up-to-date: /home/robotics/colcon_ws/install/custom_msg_demo/include/custom_msg_demo/custom_msg_demo/msg
[23.147s] -- Up-to-date: /home/robotics/colcon_ws/install/custom_msg_demo/include/custom_msg_demo/custom_msg_demo/msg/detail
[23.147s] -- Installing: /home/robotics/colcon_ws/install/custom_msg_demo/include/custom_msg_demo/custom_msg_demo/msg/detail/robot_status__rosidl_typesupport_introspection_cpp.hpp
[23.147s] -- Installing: /home/robotics/colcon_ws/install/custom_msg_demo/include/custom_msg_demo/custom_msg_demo/msg/detail/robot_status__type_support.cpp
[23.147s] -- Installing: /home/robotics/colcon_ws/install/custom_msg_demo/lib/libcustom_msg_demo__rosidl_typesupport_introspection_cpp.so
[23.147s] -- Set runtime path of "/home/robotics/colcon_ws/install/custom_msg_demo/lib/libcustom_msg_demo__rosidl_typesupport_introspection_cpp.so" to ""
[23.147s] -- Installing: /home/robotics/colcon_ws/install/custom_msg_demo/lib/libcustom_msg_demo__rosidl_typesupport_cpp.so
[23.148s] -- Set runtime path of "/home/robotics/colcon_ws/install/custom_msg_demo/lib/libcustom_msg_demo__rosidl_typesupport_cpp.so" to ""
[23.148s] -- Installing: /home/robotics/colcon_ws/install/custom_msg_demo/share/custom_msg_demo/environment/pythonpath.sh
[23.148s] -- Installing: /home/robotics/colcon_ws/install/custom_msg_demo/share/custom_msg_demo/environment/pythonpath.dsv
[23.148s] -- Installing: /home/robotics/colcon_ws/install/custom_msg_demo/local/lib/python3.10/dist-packages/custom_msg_demo-0.0.0-py3.10.egg-info
[23.150s] -- Installing: /home/robotics/colcon_ws/install/custom_msg_demo/local/lib/python3.10/dist-packages/custom_msg_demo-0.0.0-py3.10.egg-info/dependency_links.txt
[23.150s] -- Installing: /home/robotics/colcon_ws/install/custom_msg_demo/local/lib/python3.10/dist-packages/custom_msg_demo-0.0.0-py3.10.egg-info/PKG-INFO
[23.150s] -- Installing: /home/robotics/colcon_ws/install/custom_msg_demo/local/lib/python3.10/dist-packages/custom_msg_demo-0.0.0-py3.10.egg-info/top_level.txt
[23.151s] -- Installing: /home/robotics/colcon_ws/install/custom_msg_demo/local/lib/python3.10/dist-packages/custom_msg_demo-0.0.0-py3.10.egg-info/SOURCES.txt
[23.151s] -- Installing: /home/robotics/colcon_ws/install/custom_msg_demo/local/lib/python3.10/dist-packages/custom_msg_demo
[23.151s] -- Installing: /home/robotics/colcon_ws/install/custom_msg_demo/local/lib/python3.10/dist-packages/custom_msg_demo/msg
[23.151s] -- Installing: /home/robotics/colcon_ws/install/custom_msg_demo/local/lib/python3.10/dist-packages/custom_msg_demo/msg/_robot_status.py
[23.151s] -- Installing: /home/robotics/colcon_ws/install/custom_msg_demo/local/lib/python3.10/dist-packages/custom_msg_demo/msg/__init__.py
[23.152s] -- Installing: /home/robotics/colcon_ws/install/custom_msg_demo/local/lib/python3.10/dist-packages/custom_msg_demo/msg/_robot_status_s.c
[23.152s] -- Installing: /home/robotics/colcon_ws/install/custom_msg_demo/local/lib/python3.10/dist-packages/custom_msg_demo/_custom_msg_demo_s.ep.rosidl_typesupport_c.c
[23.152s] -- Installing: /home/robotics/colcon_ws/install/custom_msg_demo/local/lib/python3.10/dist-packages/custom_msg_demo/custom_msg_demo_s__rosidl_typesupport_introspection_c.cpython-310-x86_64-linux-gnu.so
[23.152s] -- Installing: /home/robotics/colcon_ws/install/custom_msg_demo/local/lib/python3.10/dist-packages/custom_msg_demo/_custom_msg_demo_s.ep.rosidl_typesupport_fastrtps_c.c
[23.153s] -- Installing: /home/robotics/colcon_ws/install/custom_msg_demo/local/lib/python3.10/dist-packages/custom_msg_demo/__init__.py
[23.153s] -- Installing: /home/robotics/colcon_ws/install/custom_msg_demo/local/lib/python3.10/dist-packages/custom_msg_demo/_custom_msg_demo_s.ep.rosidl_typesupport_introspection_c.c
[23.153s] -- Installing: /home/robotics/colcon_ws/install/custom_msg_demo/local/lib/python3.10/dist-packages/custom_msg_demo/libcustom_msg_demo__rosidl_generator_py.so
[23.153s] -- Installing: /home/robotics/colcon_ws/install/custom_msg_demo/local/lib/python3.10/dist-packages/custom_msg_demo/custom_msg_demo_s__rosidl_typesupport_fastrtps_c.cpython-310-x86_64-linux-gnu.so
[23.154s] -- Installing: /home/robotics/colcon_ws/install/custom_msg_demo/local/lib/python3.10/dist-packages/custom_msg_demo/custom_msg_demo_s__rosidl_typesupport_c.cpython-310-x86_64-linux-gnu.so
[23.202s] Listing '/home/robotics/colcon_ws/install/custom_msg_demo/local/lib/python3.10/dist-packages/custom_msg_demo'...
[23.203s] Compiling '/home/robotics/colcon_ws/install/custom_msg_demo/local/lib/python3.10/dist-packages/custom_msg_demo/__init__.py'...
[23.203s] Listing '/home/robotics/colcon_ws/install/custom_msg_demo/local/lib/python3.10/dist-packages/custom_msg_demo/msg'...
[23.203s] Compiling '/home/robotics/colcon_ws/install/custom_msg_demo/local/lib/python3.10/dist-packages/custom_msg_demo/msg/__init__.py'...
[23.203s] Compiling '/home/robotics/colcon_ws/install/custom_msg_demo/local/lib/python3.10/dist-packages/custom_msg_demo/msg/_robot_status.py'...
[23.210s] -- Installing: /home/robotics/colcon_ws/install/custom_msg_demo/local/lib/python3.10/dist-packages/custom_msg_demo/custom_msg_demo_s__rosidl_typesupport_fastrtps_c.cpython-310-x86_64-linux-gnu.so
[23.210s] -- Set runtime path of "/home/robotics/colcon_ws/install/custom_msg_demo/local/lib/python3.10/dist-packages/custom_msg_demo/custom_msg_demo_s__rosidl_typesupport_fastrtps_c.cpython-310-x86_64-linux-gnu.so" to ""
[23.210s] -- Installing: /home/robotics/colcon_ws/install/custom_msg_demo/local/lib/python3.10/dist-packages/custom_msg_demo/custom_msg_demo_s__rosidl_typesupport_introspection_c.cpython-310-x86_64-linux-gnu.so
[23.211s] -- Set runtime path of "/home/robotics/colcon_ws/install/custom_msg_demo/local/lib/python3.10/dist-packages/custom_msg_demo/custom_msg_demo_s__rosidl_typesupport_introspection_c.cpython-310-x86_64-linux-gnu.so" to ""
[23.211s] -- Installing: /home/robotics/colcon_ws/install/custom_msg_demo/local/lib/python3.10/dist-packages/custom_msg_demo/custom_msg_demo_s__rosidl_typesupport_c.cpython-310-x86_64-linux-gnu.so
[23.212s] -- Set runtime path of "/home/robotics/colcon_ws/install/custom_msg_demo/local/lib/python3.10/dist-packages/custom_msg_demo/custom_msg_demo_s__rosidl_typesupport_c.cpython-310-x86_64-linux-gnu.so" to ""
[23.212s] -- Installing: /home/robotics/colcon_ws/install/custom_msg_demo/lib/libcustom_msg_demo__rosidl_generator_py.so
[23.213s] -- Set runtime path of "/home/robotics/colcon_ws/install/custom_msg_demo/lib/libcustom_msg_demo__rosidl_generator_py.so" to ""
[23.215s] -- Installing: /home/robotics/colcon_ws/install/custom_msg_demo/share/custom_msg_demo/msg/RobotStatus.idl
[23.215s] -- Installing: /home/robotics/colcon_ws/install/custom_msg_demo/share/custom_msg_demo/msg/RobotStatus.msg
[23.216s] -- Installing: /home/robotics/colcon_ws/install/custom_msg_demo/lib/custom_msg_demo/status_publisher
[23.217s] -- Set runtime path of "/home/robotics/colcon_ws/install/custom_msg_demo/lib/custom_msg_demo/status_publisher" to ""
[23.218s] -- Installing: /home/robotics/colcon_ws/install/custom_msg_demo/lib/custom_msg_demo/status_subscriber
[23.220s] -- Set runtime path of "/home/robotics/colcon_ws/install/custom_msg_demo/lib/custom_msg_demo/status_subscriber" to ""
[23.220s] -- Installing: /home/robotics/colcon_ws/install/custom_msg_demo/share/ament_index/resource_index/package_run_dependencies/custom_msg_demo
[23.221s] -- Installing: /home/robotics/colcon_ws/install/custom_msg_demo/share/ament_index/resource_index/parent_prefix_path/custom_msg_demo
[23.221s] -- Installing: /home/robotics/colcon_ws/install/custom_msg_demo/share/custom_msg_demo/environment/ament_prefix_path.sh
[23.221s] -- Installing: /home/robotics/colcon_ws/install/custom_msg_demo/share/custom_msg_demo/environment/ament_prefix_path.dsv
[23.221s] -- Installing: /home/robotics/colcon_ws/install/custom_msg_demo/share/custom_msg_demo/environment/path.sh
[23.222s] -- Installing: /home/robotics/colcon_ws/install/custom_msg_demo/share/custom_msg_demo/environment/path.dsv
[23.222s] -- Installing: /home/robotics/colcon_ws/install/custom_msg_demo/share/custom_msg_demo/local_setup.bash
[23.222s] -- Installing: /home/robotics/colcon_ws/install/custom_msg_demo/share/custom_msg_demo/local_setup.sh
[23.222s] -- Installing: /home/robotics/colcon_ws/install/custom_msg_demo/share/custom_msg_demo/local_setup.zsh
[23.223s] -- Installing: /home/robotics/colcon_ws/install/custom_msg_demo/share/custom_msg_demo/local_setup.dsv
[23.223s] -- Installing: /home/robotics/colcon_ws/install/custom_msg_demo/share/custom_msg_demo/package.dsv
[23.224s] -- Installing: /home/robotics/colcon_ws/install/custom_msg_demo/share/ament_index/resource_index/packages/custom_msg_demo
[23.225s] -- Installing: /home/robotics/colcon_ws/install/custom_msg_demo/share/custom_msg_demo/cmake/export_custom_msg_demo__rosidl_generator_cExport.cmake
[23.225s] -- Installing: /home/robotics/colcon_ws/install/custom_msg_demo/share/custom_msg_demo/cmake/export_custom_msg_demo__rosidl_generator_cExport-noconfig.cmake
[23.225s] -- Installing: /home/robotics/colcon_ws/install/custom_msg_demo/share/custom_msg_demo/cmake/export_custom_msg_demo__rosidl_typesupport_fastrtps_cExport.cmake
[23.225s] -- Installing: /home/robotics/colcon_ws/install/custom_msg_demo/share/custom_msg_demo/cmake/export_custom_msg_demo__rosidl_typesupport_fastrtps_cExport-noconfig.cmake
[23.226s] -- Installing: /home/robotics/colcon_ws/install/custom_msg_demo/share/custom_msg_demo/cmake/export_custom_msg_demo__rosidl_generator_cppExport.cmake
[23.226s] -- Installing: /home/robotics/colcon_ws/install/custom_msg_demo/share/custom_msg_demo/cmake/export_custom_msg_demo__rosidl_typesupport_fastrtps_cppExport.cmake
[23.226s] -- Installing: /home/robotics/colcon_ws/install/custom_msg_demo/share/custom_msg_demo/cmake/export_custom_msg_demo__rosidl_typesupport_fastrtps_cppExport-noconfig.cmake
[23.227s] -- Installing: /home/robotics/colcon_ws/install/custom_msg_demo/share/custom_msg_demo/cmake/custom_msg_demo__rosidl_typesupport_introspection_cExport.cmake
[23.227s] -- Installing: /home/robotics/colcon_ws/install/custom_msg_demo/share/custom_msg_demo/cmake/custom_msg_demo__rosidl_typesupport_introspection_cExport-noconfig.cmake
[23.227s] -- Installing: /home/robotics/colcon_ws/install/custom_msg_demo/share/custom_msg_demo/cmake/custom_msg_demo__rosidl_typesupport_cExport.cmake
[23.228s] -- Installing: /home/robotics/colcon_ws/install/custom_msg_demo/share/custom_msg_demo/cmake/custom_msg_demo__rosidl_typesupport_cExport-noconfig.cmake
[23.228s] -- Installing: /home/robotics/colcon_ws/install/custom_msg_demo/share/custom_msg_demo/cmake/custom_msg_demo__rosidl_typesupport_introspection_cppExport.cmake
[23.229s] -- Installing: /home/robotics/colcon_ws/install/custom_msg_demo/share/custom_msg_demo/cmake/custom_msg_demo__rosidl_typesupport_introspection_cppExport-noconfig.cmake
[23.229s] -- Installing: /home/robotics/colcon_ws/install/custom_msg_demo/share/custom_msg_demo/cmake/custom_msg_demo__rosidl_typesupport_cppExport.cmake
[23.229s] -- Installing: /home/robotics/colcon_ws/install/custom_msg_demo/share/custom_msg_demo/cmake/custom_msg_demo__rosidl_typesupport_cppExport-noconfig.cmake
[23.229s] -- Installing: /home/robotics/colcon_ws/install/custom_msg_demo/share/custom_msg_demo/cmake/export_custom_msg_demo__rosidl_generator_pyExport.cmake
[23.230s] -- Installing: /home/robotics/colcon_ws/install/custom_msg_demo/share/custom_msg_demo/cmake/export_custom_msg_demo__rosidl_generator_pyExport-noconfig.cmake
[23.230s] -- Installing: /home/robotics/colcon_ws/install/custom_msg_demo/share/custom_msg_demo/cmake/rosidl_cmake-extras.cmake
[23.230s] -- Installing: /home/robotics/colcon_ws/install/custom_msg_demo/share/custom_msg_demo/cmake/ament_cmake_export_include_directories-extras.cmake
[23.231s] -- Installing: /home/robotics/colcon_ws/install/custom_msg_demo/share/custom_msg_demo/cmake/ament_cmake_export_libraries-extras.cmake
[23.231s] -- Installing: /home/robotics/colcon_ws/install/custom_msg_demo/share/custom_msg_demo/cmake/ament_cmake_export_targets-extras.cmake
[23.231s] -- Installing: /home/robotics/colcon_ws/install/custom_msg_demo/share/custom_msg_demo/cmake/rosidl_cmake_export_typesupport_targets-extras.cmake
[23.232s] -- Installing: /home/robotics/colcon_ws/install/custom_msg_demo/share/custom_msg_demo/cmake/ament_cmake_export_dependencies-extras.cmake
[23.232s] -- Installing: /home/robotics/colcon_ws/install/custom_msg_demo/share/custom_msg_demo/cmake/rosidl_cmake_export_typesupport_libraries-extras.cmake
[23.232s] -- Installing: /home/robotics/colcon_ws/install/custom_msg_demo/share/custom_msg_demo/cmake/custom_msg_demoConfig.cmake
[23.233s] -- Installing: /home/robotics/colcon_ws/install/custom_msg_demo/share/custom_msg_demo/cmake/custom_msg_demoConfig-version.cmake
[23.234s] -- Installing: /home/robotics/colcon_ws/install/custom_msg_demo/share/custom_msg_demo/package.xml
[23.237s] Invoked command in '/home/robotics/colcon_ws/build/custom_msg_demo' returned '0': CMAKE_PREFIX_PATH=/opt/ros/humble /usr/bin/cmake --install /home/robotics/colcon_ws/build/custom_msg_demo
