[0.045s] Invoking command in '/home/robotics/colcon_ws/build/cpp_parameter_showcase': CMAKE_PREFIX_PATH=/opt/ros/humble /usr/bin/cmake /home/robotics/colcon_ws/src/cpp_parameter_showcase -DCMAKE_INSTALL_PREFIX=/home/robotics/colcon_ws/install/cpp_parameter_showcase
[0.380s] -- The C compiler identification is GNU 11.4.0
[0.547s] -- The CXX compiler identification is GNU 11.4.0
[0.562s] -- Detecting C compiler ABI info
[0.658s] -- Detecting C compiler ABI info - done
[0.664s] -- Check for working C compiler: /usr/bin/cc - skipped
[0.665s] -- Detecting C compile features
[0.666s] -- Detecting C compile features - done
[0.670s] -- Detecting CXX compiler ABI info
[0.760s] -- Detecting CXX compiler ABI info - done
[0.766s] -- Check for working CXX compiler: /usr/bin/c++ - skipped
[0.766s] -- Detecting CXX compile features
[0.766s] -- Detecting CXX compile features - done
[0.781s] -- Found ament_cmake: 1.3.13 (/opt/ros/humble/share/ament_cmake/cmake)
[0.921s] -- Found Python3: /usr/bin/python3 (found version "3.10.12") found components: Interpreter 
[1.083s] -- Found rclcpp: 16.0.18 (/opt/ros/humble/share/rclcpp/cmake)
[1.203s] -- Found rosidl_generator_c: 3.1.8 (/opt/ros/humble/share/rosidl_generator_c/cmake)
[1.214s] -- Found rosidl_adapter: 3.1.8 (/opt/ros/humble/share/rosidl_adapter/cmake)
[1.234s] -- Found rosidl_generator_cpp: 3.1.8 (/opt/ros/humble/share/rosidl_generator_cpp/cmake)
[1.267s] -- Using all available rosidl_typesupport_c: rosidl_typesupport_fastrtps_c;rosidl_typesupport_introspection_c
[1.306s] -- Using all available rosidl_typesupport_cpp: rosidl_typesupport_fastrtps_cpp;rosidl_typesupport_introspection_cpp
[1.398s] -- Found rmw_implementation_cmake: 6.1.2 (/opt/ros/humble/share/rmw_implementation_cmake/cmake)
[1.406s] -- Found rmw_fastrtps_cpp: 6.2.10 (/opt/ros/humble/share/rmw_fastrtps_cpp/cmake)
[1.583s] -- Found OpenSSL: /usr/lib/x86_64-linux-gnu/libcrypto.so (found version "3.0.2")  
[1.617s] -- Found FastRTPS: /opt/ros/humble/include  
[1.662s] -- Using RMW implementation 'rmw_fastrtps_cpp' as default
[1.687s] -- Looking for pthread.h
[1.766s] -- Looking for pthread.h - found
[1.766s] -- Performing Test CMAKE_HAVE_LIBC_PTHREAD
[1.830s] -- Performing Test CMAKE_HAVE_LIBC_PTHREAD - Success
[1.831s] -- Found Threads: TRUE  
[1.994s] -- Configuring done
[2.017s] -- Generating done
[2.024s] -- Build files have been written to: /home/robotics/colcon_ws/build/cpp_parameter_showcase
[2.033s] Invoked command in '/home/robotics/colcon_ws/build/cpp_parameter_showcase' returned '0': CMAKE_PREFIX_PATH=/opt/ros/humble /usr/bin/cmake /home/robotics/colcon_ws/src/cpp_parameter_showcase -DCMAKE_INSTALL_PREFIX=/home/robotics/colcon_ws/install/cpp_parameter_showcase
[2.035s] Invoking command in '/home/robotics/colcon_ws/build/cpp_parameter_showcase': CMAKE_PREFIX_PATH=/opt/ros/humble /usr/bin/cmake --build /home/robotics/colcon_ws/build/cpp_parameter_showcase -- -j8 -l8
[2.087s] [ 50%] [32mBuilding CXX object CMakeFiles/validated_parameters_node.dir/src/validated_parameters_node.cpp.o[0m
[2.087s] [ 50%] [32mBuilding CXX object CMakeFiles/basic_parameters_node.dir/src/basic_parameters_node.cpp.o[0m
[2.087s] [ 50%] [32mBuilding CXX object CMakeFiles/flexible_parameters_node.dir/src/flexible_parameters_node.cpp.o[0m
[2.087s] [ 50%] [32mBuilding CXX object CMakeFiles/local_only_parameters_node.dir/src/local_only_parameters_node.cpp.o[0m
[2.087s] [ 50%] [32mBuilding CXX object CMakeFiles/parameter_monitor_node.dir/src/parameter_monitor_node.cpp.o[0m
[6.568s] [ 60%] [32m[1mLinking CXX executable local_only_parameters_node[0m
[6.657s] [ 70%] [32m[1mLinking CXX executable basic_parameters_node[0m
[6.668s] [ 80%] [32m[1mLinking CXX executable flexible_parameters_node[0m
[6.754s] [ 90%] [32m[1mLinking CXX executable validated_parameters_node[0m
[6.780s] [ 90%] Built target local_only_parameters_node
[6.810s] [ 90%] Built target basic_parameters_node
[6.824s] [ 90%] Built target flexible_parameters_node
[6.894s] [ 90%] Built target validated_parameters_node
[10.931s] [100%] [32m[1mLinking CXX executable parameter_monitor_node[0m
[11.280s] [100%] Built target parameter_monitor_node
[11.291s] Invoked command in '/home/robotics/colcon_ws/build/cpp_parameter_showcase' returned '0': CMAKE_PREFIX_PATH=/opt/ros/humble /usr/bin/cmake --build /home/robotics/colcon_ws/build/cpp_parameter_showcase -- -j8 -l8
[11.293s] Invoking command in '/home/robotics/colcon_ws/build/cpp_parameter_showcase': CMAKE_PREFIX_PATH=/opt/ros/humble /usr/bin/cmake --install /home/robotics/colcon_ws/build/cpp_parameter_showcase
[11.300s] -- Install configuration: ""
[11.301s] -- Installing: /home/robotics/colcon_ws/install/cpp_parameter_showcase/lib/cpp_parameter_showcase/basic_parameters_node
[11.301s] -- Set runtime path of "/home/robotics/colcon_ws/install/cpp_parameter_showcase/lib/cpp_parameter_showcase/basic_parameters_node" to ""
[11.302s] -- Installing: /home/robotics/colcon_ws/install/cpp_parameter_showcase/lib/cpp_parameter_showcase/validated_parameters_node
[11.302s] -- Set runtime path of "/home/robotics/colcon_ws/install/cpp_parameter_showcase/lib/cpp_parameter_showcase/validated_parameters_node" to ""
[11.302s] -- Installing: /home/robotics/colcon_ws/install/cpp_parameter_showcase/lib/cpp_parameter_showcase/parameter_monitor_node
[11.304s] -- Set runtime path of "/home/robotics/colcon_ws/install/cpp_parameter_showcase/lib/cpp_parameter_showcase/parameter_monitor_node" to ""
[11.304s] -- Installing: /home/robotics/colcon_ws/install/cpp_parameter_showcase/lib/cpp_parameter_showcase/flexible_parameters_node
[11.304s] -- Set runtime path of "/home/robotics/colcon_ws/install/cpp_parameter_showcase/lib/cpp_parameter_showcase/flexible_parameters_node" to ""
[11.304s] -- Installing: /home/robotics/colcon_ws/install/cpp_parameter_showcase/lib/cpp_parameter_showcase/local_only_parameters_node
[11.305s] -- Set runtime path of "/home/robotics/colcon_ws/install/cpp_parameter_showcase/lib/cpp_parameter_showcase/local_only_parameters_node" to ""
[11.305s] -- Installing: /home/robotics/colcon_ws/install/cpp_parameter_showcase/share/cpp_parameter_showcase/launch
[11.307s] -- Installing: /home/robotics/colcon_ws/install/cpp_parameter_showcase/share/cpp_parameter_showcase/launch/parameter_showcase.launch.py:Zone.Identifier
[11.307s] -- Installing: /home/robotics/colcon_ws/install/cpp_parameter_showcase/share/cpp_parameter_showcase/launch/parameter_showcase.launch.py
[11.308s] -- Installing: /home/robotics/colcon_ws/install/cpp_parameter_showcase/share/cpp_parameter_showcase/config
[11.309s] -- Installing: /home/robotics/colcon_ws/install/cpp_parameter_showcase/share/cpp_parameter_showcase/config/demo_params.yaml:Zone.Identifier
[11.310s] -- Installing: /home/robotics/colcon_ws/install/cpp_parameter_showcase/share/cpp_parameter_showcase/config/demo_params.yaml
[11.311s] -- Installing: /home/robotics/colcon_ws/install/cpp_parameter_showcase/share/ament_index/resource_index/package_run_dependencies/cpp_parameter_showcase
[11.311s] -- Installing: /home/robotics/colcon_ws/install/cpp_parameter_showcase/share/ament_index/resource_index/parent_prefix_path/cpp_parameter_showcase
[11.311s] -- Installing: /home/robotics/colcon_ws/install/cpp_parameter_showcase/share/cpp_parameter_showcase/environment/ament_prefix_path.sh
[11.312s] -- Installing: /home/robotics/colcon_ws/install/cpp_parameter_showcase/share/cpp_parameter_showcase/environment/ament_prefix_path.dsv
[11.312s] -- Installing: /home/robotics/colcon_ws/install/cpp_parameter_showcase/share/cpp_parameter_showcase/environment/path.sh
[11.312s] -- Installing: /home/robotics/colcon_ws/install/cpp_parameter_showcase/share/cpp_parameter_showcase/environment/path.dsv
[11.312s] -- Installing: /home/robotics/colcon_ws/install/cpp_parameter_showcase/share/cpp_parameter_showcase/local_setup.bash
[11.312s] -- Installing: /home/robotics/colcon_ws/install/cpp_parameter_showcase/share/cpp_parameter_showcase/local_setup.sh
[11.312s] -- Installing: /home/robotics/colcon_ws/install/cpp_parameter_showcase/share/cpp_parameter_showcase/local_setup.zsh
[11.313s] -- Installing: /home/robotics/colcon_ws/install/cpp_parameter_showcase/share/cpp_parameter_showcase/local_setup.dsv
[11.313s] -- Installing: /home/robotics/colcon_ws/install/cpp_parameter_showcase/share/cpp_parameter_showcase/package.dsv
[11.313s] -- Installing: /home/robotics/colcon_ws/install/cpp_parameter_showcase/share/ament_index/resource_index/packages/cpp_parameter_showcase
[11.313s] -- Installing: /home/robotics/colcon_ws/install/cpp_parameter_showcase/share/cpp_parameter_showcase/cmake/cpp_parameter_showcaseConfig.cmake
[11.313s] -- Installing: /home/robotics/colcon_ws/install/cpp_parameter_showcase/share/cpp_parameter_showcase/cmake/cpp_parameter_showcaseConfig-version.cmake
[11.313s] -- Installing: /home/robotics/colcon_ws/install/cpp_parameter_showcase/share/cpp_parameter_showcase/package.xml
[11.315s] Invoked command in '/home/robotics/colcon_ws/build/cpp_parameter_showcase' returned '0': CMAKE_PREFIX_PATH=/opt/ros/humble /usr/bin/cmake --install /home/robotics/colcon_ws/build/cpp_parameter_showcase
