[0.097s] Invoking command in '/home/robotics/colcon_ws/build/cpp_message_filters_showcase': CMAKE_PREFIX_PATH=${CMAKE_PREFIX_PATH}:/opt/ros/humble /usr/bin/cmake /home/robotics/colcon_ws/src/cpp_message_filters_showcase -DCMAKE_INSTALL_PREFIX=/home/robotics/colcon_ws/install/cpp_message_filters_showcase
[0.441s] -- The C compiler identification is GNU 11.4.0
[0.617s] -- The CXX compiler identification is GNU 11.4.0
[0.630s] -- Detecting C compiler ABI info
[0.760s] -- Detecting C compiler ABI info - done
[0.771s] -- Check for working C compiler: /usr/bin/cc - skipped
[0.771s] -- Detecting C compile features
[0.772s] -- Detecting C compile features - done
[0.778s] -- Detecting CXX compiler ABI info
[0.894s] -- Detecting CXX compiler ABI info - done
[0.902s] -- Check for working CXX compiler: /usr/bin/c++ - skipped
[0.902s] -- Detecting CXX compile features
[0.902s] -- Detecting CXX compile features - done
[0.919s] -- Found ament_cmake: 1.3.13 (/opt/ros/humble/share/ament_cmake/cmake)
[1.188s] -- Found Python3: /usr/bin/python3 (found version "3.10.12") found components: Interpreter 
[1.395s] -- Found rclcpp: 16.0.18 (/opt/ros/humble/share/rclcpp/cmake)
[1.486s] -- Found rosidl_generator_c: 3.1.8 (/opt/ros/humble/share/rosidl_generator_c/cmake)
[1.502s] -- Found rosidl_adapter: 3.1.8 (/opt/ros/humble/share/rosidl_adapter/cmake)
[1.520s] -- Found rosidl_generator_cpp: 3.1.8 (/opt/ros/humble/share/rosidl_generator_cpp/cmake)
[1.549s] -- Using all available rosidl_typesupport_c: rosidl_typesupport_fastrtps_c;rosidl_typesupport_introspection_c
[1.588s] -- Using all available rosidl_typesupport_cpp: rosidl_typesupport_fastrtps_cpp;rosidl_typesupport_introspection_cpp
[1.693s] -- Found rmw_implementation_cmake: 6.1.2 (/opt/ros/humble/share/rmw_implementation_cmake/cmake)
[1.701s] -- Found rmw_fastrtps_cpp: 6.2.10 (/opt/ros/humble/share/rmw_fastrtps_cpp/cmake)
[1.899s] -- Found OpenSSL: /usr/lib/x86_64-linux-gnu/libcrypto.so (found version "3.0.2")  
[1.949s] -- Found FastRTPS: /opt/ros/humble/include  
[2.020s] -- Using RMW implementation 'rmw_fastrtps_cpp' as default
[2.044s] -- Looking for pthread.h
[2.139s] -- Looking for pthread.h - found
[2.140s] -- Performing Test CMAKE_HAVE_LIBC_PTHREAD
[2.243s] -- Performing Test CMAKE_HAVE_LIBC_PTHREAD - Success
[2.244s] -- Found Threads: TRUE  
[2.334s] -- Found sensor_msgs: 4.9.1 (/opt/ros/humble/share/sensor_msgs/cmake)
[2.396s] -- Found message_filters: 4.3.14 (/opt/ros/humble/share/message_filters/cmake)
[2.498s] -- Configuring done
[2.530s] -- Generating done
[2.542s] -- Build files have been written to: /home/robotics/colcon_ws/build/cpp_message_filters_showcase
[2.556s] Invoked command in '/home/robotics/colcon_ws/build/cpp_message_filters_showcase' returned '0': CMAKE_PREFIX_PATH=${CMAKE_PREFIX_PATH}:/opt/ros/humble /usr/bin/cmake /home/robotics/colcon_ws/src/cpp_message_filters_showcase -DCMAKE_INSTALL_PREFIX=/home/robotics/colcon_ws/install/cpp_message_filters_showcase
[2.559s] Invoking command in '/home/robotics/colcon_ws/build/cpp_message_filters_showcase': CMAKE_PREFIX_PATH=${CMAKE_PREFIX_PATH}:/opt/ros/humble /usr/bin/cmake --build /home/robotics/colcon_ws/build/cpp_message_filters_showcase -- -j8 -l8
[2.630s] [ 12%] [32mBuilding CXX object CMakeFiles/approximate_sync_node.dir/src/approximate_sync_node.cpp.o[0m
[2.632s] [ 25%] [32mBuilding CXX object CMakeFiles/exact_pair_publisher.dir/src/exact_pair_publisher.cpp.o[0m
[2.633s] [ 37%] [32mBuilding CXX object CMakeFiles/exact_sync_node.dir/src/exact_sync_node.cpp.o[0m
[2.633s] [ 50%] [32mBuilding CXX object CMakeFiles/unsync_sensor_publisher.dir/src/unsync_sensor_publisher.cpp.o[0m
[7.644s] gmake[2]: *** wait: No child processes.  Stop.
[7.644s] gmake[2]: *** Waiting for unfinished jobs....
[7.645s] gmake[2]: *** wait: No child processes.  Stop.
[7.645s] gmake[2]: *** [CMakeFiles/exact_pair_publisher.dir/build.make:76: CMakeFiles/exact_pair_publisher.dir/src/exact_pair_publisher.cpp.o] Interrupt
[7.645s] gmake[2]: *** wait: No child processes.  Stop.
[7.645s] gmake[2]: *** Waiting for unfinished jobs....
[7.645s] gmake[2]: *** wait: No child processes.  Stop.
[7.645s] gmake[1]: *** [CMakeFiles/Makefile2:195: CMakeFiles/exact_sync_node.dir/all] Error 2
[7.645s] gmake[1]: *** [CMakeFiles/Makefile2:143: CMakeFiles/unsync_sensor_publisher.dir/all] Error 2
[7.645s] gmake[2]: *** [CMakeFiles/approximate_sync_node.dir/build.make:76: CMakeFiles/approximate_sync_node.dir/src/approximate_sync_node.cpp.o] Interrupt
[7.645s] gmake[1]: *** [CMakeFiles/Makefile2:221: CMakeFiles/approximate_sync_node.dir/all] Interrupt
[7.645s] gmake[1]: *** wait: No child processes.  Stop.
[7.646s] gmake[1]: *** Waiting for unfinished jobs....
[7.646s] gmake[1]: *** wait: No child processes.  Stop.
[7.646s] gmake: *** [Makefile:146: all] Error 2
[7.689s] Invoked command in '/home/robotics/colcon_ws/build/cpp_message_filters_showcase' returned '-2': CMAKE_PREFIX_PATH=${CMAKE_PREFIX_PATH}:/opt/ros/humble /usr/bin/cmake --build /home/robotics/colcon_ws/build/cpp_message_filters_showcase -- -j8 -l8
