[0.180s] DEBUG:colcon:Command line arguments: ['/usr/bin/colcon', 'build']
[0.180s] DEBUG:colcon:Parsed command line arguments: Namespace(log_base=None, log_level=None, verb_name='build', build_base='build', install_base='install', merge_install=False, symlink_install=False, test_result_base=None, continue_on_error=False, executor='parallel', parallel_workers=8, event_handlers=None, ignore_user_meta=False, metas=['./colcon.meta'], base_paths=['.'], packages_ignore=None, packages_ignore_regex=None, paths=None, packages_up_to=None, packages_up_to_regex=None, packages_above=None, packages_above_and_dependencies=None, packages_above_depth=None, packages_select_by_dep=None, packages_skip_by_dep=None, packages_skip_up_to=None, packages_select_build_failed=False, packages_skip_build_finished=False, packages_select_test_failures=False, packages_skip_test_passed=False, packages_select=None, packages_skip=None, packages_select_regex=None, packages_skip_regex=None, packages_start=None, packages_end=None, cmake_args=None, cmake_target=None, cmake_target_skip_unavailable=False, cmake_clean_cache=False, cmake_clean_first=False, cmake_force_configure=False, ament_cmake_args=None, catkin_cmake_args=None, catkin_skip_building_tests=False, mixin_files=None, mixin=None, verb_parser=<colcon_mixin.mixin.mixin_argument.MixinArgumentDecorator object at 0x78ce75c24c40>, verb_extension=<colcon_core.verb.build.BuildVerb object at 0x78ce75c24610>, main=<bound method BuildVerb.main of <colcon_core.verb.build.BuildVerb object at 0x78ce75c24610>>, mixin_verb=('build',))
[0.402s] Level 1:colcon.colcon_core.package_discovery:discover_packages(colcon_meta) check parameters
[0.402s] Level 1:colcon.colcon_core.package_discovery:discover_packages(recursive) check parameters
[0.402s] Level 1:colcon.colcon_core.package_discovery:discover_packages(ignore) check parameters
[0.402s] Level 1:colcon.colcon_core.package_discovery:discover_packages(path) check parameters
[0.402s] Level 1:colcon.colcon_core.package_discovery:discover_packages(colcon_meta) discover
[0.402s] Level 1:colcon.colcon_core.package_discovery:discover_packages(recursive) discover
[0.402s] INFO:colcon.colcon_core.package_discovery:Crawling recursively for packages in '/home/robotics/colcon_ws'
[0.403s] Level 1:colcon.colcon_core.package_identification:_identify(.) by extensions ['ignore', 'ignore_ament_install']
[0.403s] Level 1:colcon.colcon_core.package_identification:_identify(.) by extension 'ignore'
[0.403s] Level 1:colcon.colcon_core.package_identification:_identify(.) by extension 'ignore_ament_install'
[0.403s] Level 1:colcon.colcon_core.package_identification:_identify(.) by extensions ['colcon_pkg']
[0.403s] Level 1:colcon.colcon_core.package_identification:_identify(.) by extension 'colcon_pkg'
[0.404s] Level 1:colcon.colcon_core.package_identification:_identify(.) by extensions ['colcon_meta']
[0.404s] Level 1:colcon.colcon_core.package_identification:_identify(.) by extension 'colcon_meta'
[0.404s] Level 1:colcon.colcon_core.package_identification:_identify(.) by extensions ['ros']
[0.404s] Level 1:colcon.colcon_core.package_identification:_identify(.) by extension 'ros'
[0.424s] Level 1:colcon.colcon_core.package_identification:_identify(.) by extensions ['cmake', 'python']
[0.425s] Level 1:colcon.colcon_core.package_identification:_identify(.) by extension 'cmake'
[0.425s] Level 1:colcon.colcon_core.package_identification:_identify(.) by extension 'python'
[0.425s] Level 1:colcon.colcon_core.package_identification:_identify(.) by extensions ['python_setup_py']
[0.425s] Level 1:colcon.colcon_core.package_identification:_identify(.) by extension 'python_setup_py'
[0.425s] Level 1:colcon.colcon_core.package_identification:_identify(build) by extensions ['ignore', 'ignore_ament_install']
[0.425s] Level 1:colcon.colcon_core.package_identification:_identify(build) by extension 'ignore'
[0.425s] Level 1:colcon.colcon_core.package_identification:_identify(build) ignored
[0.425s] Level 1:colcon.colcon_core.package_identification:_identify(install) by extensions ['ignore', 'ignore_ament_install']
[0.426s] Level 1:colcon.colcon_core.package_identification:_identify(install) by extension 'ignore'
[0.426s] Level 1:colcon.colcon_core.package_identification:_identify(install) ignored
[0.426s] Level 1:colcon.colcon_core.package_identification:_identify(log) by extensions ['ignore', 'ignore_ament_install']
[0.426s] Level 1:colcon.colcon_core.package_identification:_identify(log) by extension 'ignore'
[0.426s] Level 1:colcon.colcon_core.package_identification:_identify(log) ignored
[0.426s] Level 1:colcon.colcon_core.package_identification:_identify(src) by extensions ['ignore', 'ignore_ament_install']
[0.426s] Level 1:colcon.colcon_core.package_identification:_identify(src) by extension 'ignore'
[0.426s] Level 1:colcon.colcon_core.package_identification:_identify(src) by extension 'ignore_ament_install'
[0.427s] Level 1:colcon.colcon_core.package_identification:_identify(src) by extensions ['colcon_pkg']
[0.427s] Level 1:colcon.colcon_core.package_identification:_identify(src) by extension 'colcon_pkg'
[0.427s] Level 1:colcon.colcon_core.package_identification:_identify(src) by extensions ['colcon_meta']
[0.427s] Level 1:colcon.colcon_core.package_identification:_identify(src) by extension 'colcon_meta'
[0.427s] Level 1:colcon.colcon_core.package_identification:_identify(src) by extensions ['ros']
[0.427s] Level 1:colcon.colcon_core.package_identification:_identify(src) by extension 'ros'
[0.427s] Level 1:colcon.colcon_core.package_identification:_identify(src) by extensions ['cmake', 'python']
[0.427s] Level 1:colcon.colcon_core.package_identification:_identify(src) by extension 'cmake'
[0.427s] Level 1:colcon.colcon_core.package_identification:_identify(src) by extension 'python'
[0.427s] Level 1:colcon.colcon_core.package_identification:_identify(src) by extensions ['python_setup_py']
[0.427s] Level 1:colcon.colcon_core.package_identification:_identify(src) by extension 'python_setup_py'
[0.427s] Level 1:colcon.colcon_core.package_identification:_identify(src/cpp_message_filters_showcase) by extensions ['ignore', 'ignore_ament_install']
[0.427s] Level 1:colcon.colcon_core.package_identification:_identify(src/cpp_message_filters_showcase) by extension 'ignore'
[0.427s] Level 1:colcon.colcon_core.package_identification:_identify(src/cpp_message_filters_showcase) by extension 'ignore_ament_install'
[0.428s] Level 1:colcon.colcon_core.package_identification:_identify(src/cpp_message_filters_showcase) by extensions ['colcon_pkg']
[0.428s] Level 1:colcon.colcon_core.package_identification:_identify(src/cpp_message_filters_showcase) by extension 'colcon_pkg'
[0.428s] Level 1:colcon.colcon_core.package_identification:_identify(src/cpp_message_filters_showcase) by extensions ['colcon_meta']
[0.428s] Level 1:colcon.colcon_core.package_identification:_identify(src/cpp_message_filters_showcase) by extension 'colcon_meta'
[0.428s] Level 1:colcon.colcon_core.package_identification:_identify(src/cpp_message_filters_showcase) by extensions ['ros']
[0.428s] Level 1:colcon.colcon_core.package_identification:_identify(src/cpp_message_filters_showcase) by extension 'ros'
[0.432s] DEBUG:colcon.colcon_core.package_identification:Package 'src/cpp_message_filters_showcase' with type 'ros.ament_cmake' and name 'cpp_message_filters_showcase'
[0.432s] Level 1:colcon.colcon_core.package_identification:_identify(src/cpp_parameter_showcase) by extensions ['ignore', 'ignore_ament_install']
[0.432s] Level 1:colcon.colcon_core.package_identification:_identify(src/cpp_parameter_showcase) by extension 'ignore'
[0.432s] Level 1:colcon.colcon_core.package_identification:_identify(src/cpp_parameter_showcase) by extension 'ignore_ament_install'
[0.432s] Level 1:colcon.colcon_core.package_identification:_identify(src/cpp_parameter_showcase) by extensions ['colcon_pkg']
[0.432s] Level 1:colcon.colcon_core.package_identification:_identify(src/cpp_parameter_showcase) by extension 'colcon_pkg'
[0.432s] Level 1:colcon.colcon_core.package_identification:_identify(src/cpp_parameter_showcase) by extensions ['colcon_meta']
[0.432s] Level 1:colcon.colcon_core.package_identification:_identify(src/cpp_parameter_showcase) by extension 'colcon_meta'
[0.432s] Level 1:colcon.colcon_core.package_identification:_identify(src/cpp_parameter_showcase) by extensions ['ros']
[0.432s] Level 1:colcon.colcon_core.package_identification:_identify(src/cpp_parameter_showcase) by extension 'ros'
[0.433s] DEBUG:colcon.colcon_core.package_identification:Package 'src/cpp_parameter_showcase' with type 'ros.ament_cmake' and name 'cpp_parameter_showcase'
[0.433s] Level 1:colcon.colcon_core.package_identification:_identify(src/cpp_pubsub) by extensions ['ignore', 'ignore_ament_install']
[0.434s] Level 1:colcon.colcon_core.package_identification:_identify(src/cpp_pubsub) by extension 'ignore'
[0.434s] Level 1:colcon.colcon_core.package_identification:_identify(src/cpp_pubsub) by extension 'ignore_ament_install'
[0.434s] Level 1:colcon.colcon_core.package_identification:_identify(src/cpp_pubsub) by extensions ['colcon_pkg']
[0.434s] Level 1:colcon.colcon_core.package_identification:_identify(src/cpp_pubsub) by extension 'colcon_pkg'
[0.434s] Level 1:colcon.colcon_core.package_identification:_identify(src/cpp_pubsub) by extensions ['colcon_meta']
[0.434s] Level 1:colcon.colcon_core.package_identification:_identify(src/cpp_pubsub) by extension 'colcon_meta'
[0.434s] Level 1:colcon.colcon_core.package_identification:_identify(src/cpp_pubsub) by extensions ['ros']
[0.434s] Level 1:colcon.colcon_core.package_identification:_identify(src/cpp_pubsub) by extension 'ros'
[0.435s] DEBUG:colcon.colcon_core.package_identification:Package 'src/cpp_pubsub' with type 'ros.ament_cmake' and name 'cpp_pubsub'
[0.435s] Level 1:colcon.colcon_core.package_identification:_identify(src/cpp_subpub) by extensions ['ignore', 'ignore_ament_install']
[0.435s] Level 1:colcon.colcon_core.package_identification:_identify(src/cpp_subpub) by extension 'ignore'
[0.435s] Level 1:colcon.colcon_core.package_identification:_identify(src/cpp_subpub) by extension 'ignore_ament_install'
[0.435s] Level 1:colcon.colcon_core.package_identification:_identify(src/cpp_subpub) by extensions ['colcon_pkg']
[0.435s] Level 1:colcon.colcon_core.package_identification:_identify(src/cpp_subpub) by extension 'colcon_pkg'
[0.435s] Level 1:colcon.colcon_core.package_identification:_identify(src/cpp_subpub) by extensions ['colcon_meta']
[0.435s] Level 1:colcon.colcon_core.package_identification:_identify(src/cpp_subpub) by extension 'colcon_meta'
[0.435s] Level 1:colcon.colcon_core.package_identification:_identify(src/cpp_subpub) by extensions ['ros']
[0.435s] Level 1:colcon.colcon_core.package_identification:_identify(src/cpp_subpub) by extension 'ros'
[0.436s] DEBUG:colcon.colcon_core.package_identification:Package 'src/cpp_subpub' with type 'ros.ament_cmake' and name 'cpp_subpub'
[0.436s] Level 1:colcon.colcon_core.package_identification:_identify(src/cpp_tf_showcase) by extensions ['ignore', 'ignore_ament_install']
[0.436s] Level 1:colcon.colcon_core.package_identification:_identify(src/cpp_tf_showcase) by extension 'ignore'
[0.436s] Level 1:colcon.colcon_core.package_identification:_identify(src/cpp_tf_showcase) by extension 'ignore_ament_install'
[0.436s] Level 1:colcon.colcon_core.package_identification:_identify(src/cpp_tf_showcase) by extensions ['colcon_pkg']
[0.436s] Level 1:colcon.colcon_core.package_identification:_identify(src/cpp_tf_showcase) by extension 'colcon_pkg'
[0.436s] Level 1:colcon.colcon_core.package_identification:_identify(src/cpp_tf_showcase) by extensions ['colcon_meta']
[0.436s] Level 1:colcon.colcon_core.package_identification:_identify(src/cpp_tf_showcase) by extension 'colcon_meta'
[0.436s] Level 1:colcon.colcon_core.package_identification:_identify(src/cpp_tf_showcase) by extensions ['ros']
[0.436s] Level 1:colcon.colcon_core.package_identification:_identify(src/cpp_tf_showcase) by extension 'ros'
[0.437s] DEBUG:colcon.colcon_core.package_identification:Package 'src/cpp_tf_showcase' with type 'ros.ament_cmake' and name 'cpp_tf_showcase'
[0.438s] Level 1:colcon.colcon_core.package_identification:_identify(src/cpp_timer_showcase) by extensions ['ignore', 'ignore_ament_install']
[0.438s] Level 1:colcon.colcon_core.package_identification:_identify(src/cpp_timer_showcase) by extension 'ignore'
[0.438s] Level 1:colcon.colcon_core.package_identification:_identify(src/cpp_timer_showcase) by extension 'ignore_ament_install'
[0.438s] Level 1:colcon.colcon_core.package_identification:_identify(src/cpp_timer_showcase) by extensions ['colcon_pkg']
[0.438s] Level 1:colcon.colcon_core.package_identification:_identify(src/cpp_timer_showcase) by extension 'colcon_pkg'
[0.438s] Level 1:colcon.colcon_core.package_identification:_identify(src/cpp_timer_showcase) by extensions ['colcon_meta']
[0.438s] Level 1:colcon.colcon_core.package_identification:_identify(src/cpp_timer_showcase) by extension 'colcon_meta'
[0.438s] Level 1:colcon.colcon_core.package_identification:_identify(src/cpp_timer_showcase) by extensions ['ros']
[0.438s] Level 1:colcon.colcon_core.package_identification:_identify(src/cpp_timer_showcase) by extension 'ros'
[0.438s] DEBUG:colcon.colcon_core.package_identification:Package 'src/cpp_timer_showcase' with type 'ros.ament_cmake' and name 'cpp_timer_showcase'
[0.439s] Level 1:colcon.colcon_core.package_identification:_identify(src/custom_msg_demo) by extensions ['ignore', 'ignore_ament_install']
[0.439s] Level 1:colcon.colcon_core.package_identification:_identify(src/custom_msg_demo) by extension 'ignore'
[0.439s] Level 1:colcon.colcon_core.package_identification:_identify(src/custom_msg_demo) by extension 'ignore_ament_install'
[0.439s] Level 1:colcon.colcon_core.package_identification:_identify(src/custom_msg_demo) by extensions ['colcon_pkg']
[0.439s] Level 1:colcon.colcon_core.package_identification:_identify(src/custom_msg_demo) by extension 'colcon_pkg'
[0.439s] Level 1:colcon.colcon_core.package_identification:_identify(src/custom_msg_demo) by extensions ['colcon_meta']
[0.439s] Level 1:colcon.colcon_core.package_identification:_identify(src/custom_msg_demo) by extension 'colcon_meta'
[0.439s] Level 1:colcon.colcon_core.package_identification:_identify(src/custom_msg_demo) by extensions ['ros']
[0.439s] Level 1:colcon.colcon_core.package_identification:_identify(src/custom_msg_demo) by extension 'ros'
[0.439s] DEBUG:colcon.colcon_core.package_identification:Package 'src/custom_msg_demo' with type 'ros.ament_cmake' and name 'custom_msg_demo'
[0.440s] Level 1:colcon.colcon_core.package_identification:_identify(src/custom_srv_demo) by extensions ['ignore', 'ignore_ament_install']
[0.440s] Level 1:colcon.colcon_core.package_identification:_identify(src/custom_srv_demo) by extension 'ignore'
[0.440s] Level 1:colcon.colcon_core.package_identification:_identify(src/custom_srv_demo) by extension 'ignore_ament_install'
[0.440s] Level 1:colcon.colcon_core.package_identification:_identify(src/custom_srv_demo) by extensions ['colcon_pkg']
[0.440s] Level 1:colcon.colcon_core.package_identification:_identify(src/custom_srv_demo) by extension 'colcon_pkg'
[0.440s] Level 1:colcon.colcon_core.package_identification:_identify(src/custom_srv_demo) by extensions ['colcon_meta']
[0.440s] Level 1:colcon.colcon_core.package_identification:_identify(src/custom_srv_demo) by extension 'colcon_meta'
[0.440s] Level 1:colcon.colcon_core.package_identification:_identify(src/custom_srv_demo) by extensions ['ros']
[0.440s] Level 1:colcon.colcon_core.package_identification:_identify(src/custom_srv_demo) by extension 'ros'
[0.441s] DEBUG:colcon.colcon_core.package_identification:Package 'src/custom_srv_demo' with type 'ros.ament_cmake' and name 'custom_srv_demo'
[0.441s] Level 1:colcon.colcon_core.package_discovery:discover_packages(recursive) using defaults
[0.441s] Level 1:colcon.colcon_core.package_discovery:discover_packages(ignore) discover
[0.441s] Level 1:colcon.colcon_core.package_discovery:discover_packages(ignore) using defaults
[0.441s] Level 1:colcon.colcon_core.package_discovery:discover_packages(path) discover
[0.441s] Level 1:colcon.colcon_core.package_discovery:discover_packages(path) using defaults
[0.480s] Level 5:colcon.colcon_core.verb:set package 'cpp_message_filters_showcase' build argument 'cmake_args' from command line to 'None'
[0.480s] Level 5:colcon.colcon_core.verb:set package 'cpp_message_filters_showcase' build argument 'cmake_target' from command line to 'None'
[0.480s] Level 5:colcon.colcon_core.verb:set package 'cpp_message_filters_showcase' build argument 'cmake_target_skip_unavailable' from command line to 'False'
[0.480s] Level 5:colcon.colcon_core.verb:set package 'cpp_message_filters_showcase' build argument 'cmake_clean_cache' from command line to 'False'
[0.480s] Level 5:colcon.colcon_core.verb:set package 'cpp_message_filters_showcase' build argument 'cmake_clean_first' from command line to 'False'
[0.480s] Level 5:colcon.colcon_core.verb:set package 'cpp_message_filters_showcase' build argument 'cmake_force_configure' from command line to 'False'
[0.480s] Level 5:colcon.colcon_core.verb:set package 'cpp_message_filters_showcase' build argument 'ament_cmake_args' from command line to 'None'
[0.480s] Level 5:colcon.colcon_core.verb:set package 'cpp_message_filters_showcase' build argument 'catkin_cmake_args' from command line to 'None'
[0.480s] Level 5:colcon.colcon_core.verb:set package 'cpp_message_filters_showcase' build argument 'catkin_skip_building_tests' from command line to 'False'
[0.480s] DEBUG:colcon.colcon_core.verb:Building package 'cpp_message_filters_showcase' with the following arguments: {'ament_cmake_args': None, 'build_base': '/home/robotics/colcon_ws/build/cpp_message_filters_showcase', 'catkin_cmake_args': None, 'catkin_skip_building_tests': False, 'cmake_args': None, 'cmake_clean_cache': False, 'cmake_clean_first': False, 'cmake_force_configure': False, 'cmake_target': None, 'cmake_target_skip_unavailable': False, 'install_base': '/home/robotics/colcon_ws/install/cpp_message_filters_showcase', 'merge_install': False, 'path': '/home/robotics/colcon_ws/src/cpp_message_filters_showcase', 'symlink_install': False, 'test_result_base': None}
[0.481s] Level 5:colcon.colcon_core.verb:set package 'cpp_parameter_showcase' build argument 'cmake_args' from command line to 'None'
[0.481s] Level 5:colcon.colcon_core.verb:set package 'cpp_parameter_showcase' build argument 'cmake_target' from command line to 'None'
[0.481s] Level 5:colcon.colcon_core.verb:set package 'cpp_parameter_showcase' build argument 'cmake_target_skip_unavailable' from command line to 'False'
[0.481s] Level 5:colcon.colcon_core.verb:set package 'cpp_parameter_showcase' build argument 'cmake_clean_cache' from command line to 'False'
[0.481s] Level 5:colcon.colcon_core.verb:set package 'cpp_parameter_showcase' build argument 'cmake_clean_first' from command line to 'False'
[0.481s] Level 5:colcon.colcon_core.verb:set package 'cpp_parameter_showcase' build argument 'cmake_force_configure' from command line to 'False'
[0.481s] Level 5:colcon.colcon_core.verb:set package 'cpp_parameter_showcase' build argument 'ament_cmake_args' from command line to 'None'
[0.481s] Level 5:colcon.colcon_core.verb:set package 'cpp_parameter_showcase' build argument 'catkin_cmake_args' from command line to 'None'
[0.481s] Level 5:colcon.colcon_core.verb:set package 'cpp_parameter_showcase' build argument 'catkin_skip_building_tests' from command line to 'False'
[0.481s] DEBUG:colcon.colcon_core.verb:Building package 'cpp_parameter_showcase' with the following arguments: {'ament_cmake_args': None, 'build_base': '/home/robotics/colcon_ws/build/cpp_parameter_showcase', 'catkin_cmake_args': None, 'catkin_skip_building_tests': False, 'cmake_args': None, 'cmake_clean_cache': False, 'cmake_clean_first': False, 'cmake_force_configure': False, 'cmake_target': None, 'cmake_target_skip_unavailable': False, 'install_base': '/home/robotics/colcon_ws/install/cpp_parameter_showcase', 'merge_install': False, 'path': '/home/robotics/colcon_ws/src/cpp_parameter_showcase', 'symlink_install': False, 'test_result_base': None}
[0.481s] Level 5:colcon.colcon_core.verb:set package 'cpp_pubsub' build argument 'cmake_args' from command line to 'None'
[0.482s] Level 5:colcon.colcon_core.verb:set package 'cpp_pubsub' build argument 'cmake_target' from command line to 'None'
[0.482s] Level 5:colcon.colcon_core.verb:set package 'cpp_pubsub' build argument 'cmake_target_skip_unavailable' from command line to 'False'
[0.482s] Level 5:colcon.colcon_core.verb:set package 'cpp_pubsub' build argument 'cmake_clean_cache' from command line to 'False'
[0.482s] Level 5:colcon.colcon_core.verb:set package 'cpp_pubsub' build argument 'cmake_clean_first' from command line to 'False'
[0.482s] Level 5:colcon.colcon_core.verb:set package 'cpp_pubsub' build argument 'cmake_force_configure' from command line to 'False'
[0.482s] Level 5:colcon.colcon_core.verb:set package 'cpp_pubsub' build argument 'ament_cmake_args' from command line to 'None'
[0.482s] Level 5:colcon.colcon_core.verb:set package 'cpp_pubsub' build argument 'catkin_cmake_args' from command line to 'None'
[0.482s] Level 5:colcon.colcon_core.verb:set package 'cpp_pubsub' build argument 'catkin_skip_building_tests' from command line to 'False'
[0.482s] DEBUG:colcon.colcon_core.verb:Building package 'cpp_pubsub' with the following arguments: {'ament_cmake_args': None, 'build_base': '/home/robotics/colcon_ws/build/cpp_pubsub', 'catkin_cmake_args': None, 'catkin_skip_building_tests': False, 'cmake_args': None, 'cmake_clean_cache': False, 'cmake_clean_first': False, 'cmake_force_configure': False, 'cmake_target': None, 'cmake_target_skip_unavailable': False, 'install_base': '/home/robotics/colcon_ws/install/cpp_pubsub', 'merge_install': False, 'path': '/home/robotics/colcon_ws/src/cpp_pubsub', 'symlink_install': False, 'test_result_base': None}
[0.482s] Level 5:colcon.colcon_core.verb:set package 'cpp_subpub' build argument 'cmake_args' from command line to 'None'
[0.482s] Level 5:colcon.colcon_core.verb:set package 'cpp_subpub' build argument 'cmake_target' from command line to 'None'
[0.482s] Level 5:colcon.colcon_core.verb:set package 'cpp_subpub' build argument 'cmake_target_skip_unavailable' from command line to 'False'
[0.482s] Level 5:colcon.colcon_core.verb:set package 'cpp_subpub' build argument 'cmake_clean_cache' from command line to 'False'
[0.482s] Level 5:colcon.colcon_core.verb:set package 'cpp_subpub' build argument 'cmake_clean_first' from command line to 'False'
[0.482s] Level 5:colcon.colcon_core.verb:set package 'cpp_subpub' build argument 'cmake_force_configure' from command line to 'False'
[0.482s] Level 5:colcon.colcon_core.verb:set package 'cpp_subpub' build argument 'ament_cmake_args' from command line to 'None'
[0.482s] Level 5:colcon.colcon_core.verb:set package 'cpp_subpub' build argument 'catkin_cmake_args' from command line to 'None'
[0.482s] Level 5:colcon.colcon_core.verb:set package 'cpp_subpub' build argument 'catkin_skip_building_tests' from command line to 'False'
[0.482s] DEBUG:colcon.colcon_core.verb:Building package 'cpp_subpub' with the following arguments: {'ament_cmake_args': None, 'build_base': '/home/robotics/colcon_ws/build/cpp_subpub', 'catkin_cmake_args': None, 'catkin_skip_building_tests': False, 'cmake_args': None, 'cmake_clean_cache': False, 'cmake_clean_first': False, 'cmake_force_configure': False, 'cmake_target': None, 'cmake_target_skip_unavailable': False, 'install_base': '/home/robotics/colcon_ws/install/cpp_subpub', 'merge_install': False, 'path': '/home/robotics/colcon_ws/src/cpp_subpub', 'symlink_install': False, 'test_result_base': None}
[0.483s] Level 5:colcon.colcon_core.verb:set package 'cpp_tf_showcase' build argument 'cmake_args' from command line to 'None'
[0.483s] Level 5:colcon.colcon_core.verb:set package 'cpp_tf_showcase' build argument 'cmake_target' from command line to 'None'
[0.483s] Level 5:colcon.colcon_core.verb:set package 'cpp_tf_showcase' build argument 'cmake_target_skip_unavailable' from command line to 'False'
[0.483s] Level 5:colcon.colcon_core.verb:set package 'cpp_tf_showcase' build argument 'cmake_clean_cache' from command line to 'False'
[0.483s] Level 5:colcon.colcon_core.verb:set package 'cpp_tf_showcase' build argument 'cmake_clean_first' from command line to 'False'
[0.483s] Level 5:colcon.colcon_core.verb:set package 'cpp_tf_showcase' build argument 'cmake_force_configure' from command line to 'False'
[0.483s] Level 5:colcon.colcon_core.verb:set package 'cpp_tf_showcase' build argument 'ament_cmake_args' from command line to 'None'
[0.483s] Level 5:colcon.colcon_core.verb:set package 'cpp_tf_showcase' build argument 'catkin_cmake_args' from command line to 'None'
[0.483s] Level 5:colcon.colcon_core.verb:set package 'cpp_tf_showcase' build argument 'catkin_skip_building_tests' from command line to 'False'
[0.483s] DEBUG:colcon.colcon_core.verb:Building package 'cpp_tf_showcase' with the following arguments: {'ament_cmake_args': None, 'build_base': '/home/robotics/colcon_ws/build/cpp_tf_showcase', 'catkin_cmake_args': None, 'catkin_skip_building_tests': False, 'cmake_args': None, 'cmake_clean_cache': False, 'cmake_clean_first': False, 'cmake_force_configure': False, 'cmake_target': None, 'cmake_target_skip_unavailable': False, 'install_base': '/home/robotics/colcon_ws/install/cpp_tf_showcase', 'merge_install': False, 'path': '/home/robotics/colcon_ws/src/cpp_tf_showcase', 'symlink_install': False, 'test_result_base': None}
[0.483s] Level 5:colcon.colcon_core.verb:set package 'cpp_timer_showcase' build argument 'cmake_args' from command line to 'None'
[0.483s] Level 5:colcon.colcon_core.verb:set package 'cpp_timer_showcase' build argument 'cmake_target' from command line to 'None'
[0.484s] Level 5:colcon.colcon_core.verb:set package 'cpp_timer_showcase' build argument 'cmake_target_skip_unavailable' from command line to 'False'
[0.484s] Level 5:colcon.colcon_core.verb:set package 'cpp_timer_showcase' build argument 'cmake_clean_cache' from command line to 'False'
[0.484s] Level 5:colcon.colcon_core.verb:set package 'cpp_timer_showcase' build argument 'cmake_clean_first' from command line to 'False'
[0.484s] Level 5:colcon.colcon_core.verb:set package 'cpp_timer_showcase' build argument 'cmake_force_configure' from command line to 'False'
[0.484s] Level 5:colcon.colcon_core.verb:set package 'cpp_timer_showcase' build argument 'ament_cmake_args' from command line to 'None'
[0.484s] Level 5:colcon.colcon_core.verb:set package 'cpp_timer_showcase' build argument 'catkin_cmake_args' from command line to 'None'
[0.484s] Level 5:colcon.colcon_core.verb:set package 'cpp_timer_showcase' build argument 'catkin_skip_building_tests' from command line to 'False'
[0.484s] DEBUG:colcon.colcon_core.verb:Building package 'cpp_timer_showcase' with the following arguments: {'ament_cmake_args': None, 'build_base': '/home/robotics/colcon_ws/build/cpp_timer_showcase', 'catkin_cmake_args': None, 'catkin_skip_building_tests': False, 'cmake_args': None, 'cmake_clean_cache': False, 'cmake_clean_first': False, 'cmake_force_configure': False, 'cmake_target': None, 'cmake_target_skip_unavailable': False, 'install_base': '/home/robotics/colcon_ws/install/cpp_timer_showcase', 'merge_install': False, 'path': '/home/robotics/colcon_ws/src/cpp_timer_showcase', 'symlink_install': False, 'test_result_base': None}
[0.484s] Level 5:colcon.colcon_core.verb:set package 'custom_msg_demo' build argument 'cmake_args' from command line to 'None'
[0.485s] Level 5:colcon.colcon_core.verb:set package 'custom_msg_demo' build argument 'cmake_target' from command line to 'None'
[0.485s] Level 5:colcon.colcon_core.verb:set package 'custom_msg_demo' build argument 'cmake_target_skip_unavailable' from command line to 'False'
[0.485s] Level 5:colcon.colcon_core.verb:set package 'custom_msg_demo' build argument 'cmake_clean_cache' from command line to 'False'
[0.485s] Level 5:colcon.colcon_core.verb:set package 'custom_msg_demo' build argument 'cmake_clean_first' from command line to 'False'
[0.485s] Level 5:colcon.colcon_core.verb:set package 'custom_msg_demo' build argument 'cmake_force_configure' from command line to 'False'
[0.485s] Level 5:colcon.colcon_core.verb:set package 'custom_msg_demo' build argument 'ament_cmake_args' from command line to 'None'
[0.485s] Level 5:colcon.colcon_core.verb:set package 'custom_msg_demo' build argument 'catkin_cmake_args' from command line to 'None'
[0.485s] Level 5:colcon.colcon_core.verb:set package 'custom_msg_demo' build argument 'catkin_skip_building_tests' from command line to 'False'
[0.485s] DEBUG:colcon.colcon_core.verb:Building package 'custom_msg_demo' with the following arguments: {'ament_cmake_args': None, 'build_base': '/home/robotics/colcon_ws/build/custom_msg_demo', 'catkin_cmake_args': None, 'catkin_skip_building_tests': False, 'cmake_args': None, 'cmake_clean_cache': False, 'cmake_clean_first': False, 'cmake_force_configure': False, 'cmake_target': None, 'cmake_target_skip_unavailable': False, 'install_base': '/home/robotics/colcon_ws/install/custom_msg_demo', 'merge_install': False, 'path': '/home/robotics/colcon_ws/src/custom_msg_demo', 'symlink_install': False, 'test_result_base': None}
[0.485s] Level 5:colcon.colcon_core.verb:set package 'custom_srv_demo' build argument 'cmake_args' from command line to 'None'
[0.485s] Level 5:colcon.colcon_core.verb:set package 'custom_srv_demo' build argument 'cmake_target' from command line to 'None'
[0.485s] Level 5:colcon.colcon_core.verb:set package 'custom_srv_demo' build argument 'cmake_target_skip_unavailable' from command line to 'False'
[0.485s] Level 5:colcon.colcon_core.verb:set package 'custom_srv_demo' build argument 'cmake_clean_cache' from command line to 'False'
[0.485s] Level 5:colcon.colcon_core.verb:set package 'custom_srv_demo' build argument 'cmake_clean_first' from command line to 'False'
[0.485s] Level 5:colcon.colcon_core.verb:set package 'custom_srv_demo' build argument 'cmake_force_configure' from command line to 'False'
[0.485s] Level 5:colcon.colcon_core.verb:set package 'custom_srv_demo' build argument 'ament_cmake_args' from command line to 'None'
[0.485s] Level 5:colcon.colcon_core.verb:set package 'custom_srv_demo' build argument 'catkin_cmake_args' from command line to 'None'
[0.485s] Level 5:colcon.colcon_core.verb:set package 'custom_srv_demo' build argument 'catkin_skip_building_tests' from command line to 'False'
[0.485s] DEBUG:colcon.colcon_core.verb:Building package 'custom_srv_demo' with the following arguments: {'ament_cmake_args': None, 'build_base': '/home/robotics/colcon_ws/build/custom_srv_demo', 'catkin_cmake_args': None, 'catkin_skip_building_tests': False, 'cmake_args': None, 'cmake_clean_cache': False, 'cmake_clean_first': False, 'cmake_force_configure': False, 'cmake_target': None, 'cmake_target_skip_unavailable': False, 'install_base': '/home/robotics/colcon_ws/install/custom_srv_demo', 'merge_install': False, 'path': '/home/robotics/colcon_ws/src/custom_srv_demo', 'symlink_install': False, 'test_result_base': None}
[0.486s] INFO:colcon.colcon_core.executor:Executing jobs using 'parallel' executor
[0.487s] DEBUG:colcon.colcon_parallel_executor.executor.parallel:run_until_complete
[0.488s] INFO:colcon.colcon_ros.task.ament_cmake.build:Building ROS package in '/home/robotics/colcon_ws/src/cpp_message_filters_showcase' with build type 'ament_cmake'
[0.488s] INFO:colcon.colcon_cmake.task.cmake.build:Building CMake package in '/home/robotics/colcon_ws/src/cpp_message_filters_showcase'
[0.493s] INFO:colcon.colcon_core.plugin_system:Skipping extension 'colcon_core.shell.bat': Not used on non-Windows systems
[0.493s] INFO:colcon.colcon_core.shell:Skip shell extension 'powershell' for command environment: Not usable outside of PowerShell
[0.493s] DEBUG:colcon.colcon_core.shell:Skip shell extension 'dsv' for command environment
[0.502s] INFO:colcon.colcon_ros.task.ament_cmake.build:Building ROS package in '/home/robotics/colcon_ws/src/cpp_parameter_showcase' with build type 'ament_cmake'
[0.502s] INFO:colcon.colcon_cmake.task.cmake.build:Building CMake package in '/home/robotics/colcon_ws/src/cpp_parameter_showcase'
[0.503s] INFO:colcon.colcon_core.shell:Skip shell extension 'powershell' for command environment: Not usable outside of PowerShell
[0.503s] DEBUG:colcon.colcon_core.shell:Skip shell extension 'dsv' for command environment
[0.510s] INFO:colcon.colcon_ros.task.ament_cmake.build:Building ROS package in '/home/robotics/colcon_ws/src/cpp_pubsub' with build type 'ament_cmake'
[0.511s] INFO:colcon.colcon_cmake.task.cmake.build:Building CMake package in '/home/robotics/colcon_ws/src/cpp_pubsub'
[0.511s] INFO:colcon.colcon_core.shell:Skip shell extension 'powershell' for command environment: Not usable outside of PowerShell
[0.511s] DEBUG:colcon.colcon_core.shell:Skip shell extension 'dsv' for command environment
[0.516s] INFO:colcon.colcon_ros.task.ament_cmake.build:Building ROS package in '/home/robotics/colcon_ws/src/cpp_subpub' with build type 'ament_cmake'
[0.517s] INFO:colcon.colcon_cmake.task.cmake.build:Building CMake package in '/home/robotics/colcon_ws/src/cpp_subpub'
[0.517s] INFO:colcon.colcon_core.shell:Skip shell extension 'powershell' for command environment: Not usable outside of PowerShell
[0.517s] DEBUG:colcon.colcon_core.shell:Skip shell extension 'dsv' for command environment
[0.522s] INFO:colcon.colcon_ros.task.ament_cmake.build:Building ROS package in '/home/robotics/colcon_ws/src/cpp_tf_showcase' with build type 'ament_cmake'
[0.523s] INFO:colcon.colcon_cmake.task.cmake.build:Building CMake package in '/home/robotics/colcon_ws/src/cpp_tf_showcase'
[0.523s] INFO:colcon.colcon_core.shell:Skip shell extension 'powershell' for command environment: Not usable outside of PowerShell
[0.523s] DEBUG:colcon.colcon_core.shell:Skip shell extension 'dsv' for command environment
[0.529s] INFO:colcon.colcon_ros.task.ament_cmake.build:Building ROS package in '/home/robotics/colcon_ws/src/cpp_timer_showcase' with build type 'ament_cmake'
[0.530s] INFO:colcon.colcon_cmake.task.cmake.build:Building CMake package in '/home/robotics/colcon_ws/src/cpp_timer_showcase'
[0.530s] INFO:colcon.colcon_core.shell:Skip shell extension 'powershell' for command environment: Not usable outside of PowerShell
[0.530s] DEBUG:colcon.colcon_core.shell:Skip shell extension 'dsv' for command environment
[0.535s] INFO:colcon.colcon_ros.task.ament_cmake.build:Building ROS package in '/home/robotics/colcon_ws/src/custom_msg_demo' with build type 'ament_cmake'
[0.535s] INFO:colcon.colcon_cmake.task.cmake.build:Building CMake package in '/home/robotics/colcon_ws/src/custom_msg_demo'
[0.536s] INFO:colcon.colcon_core.shell:Skip shell extension 'powershell' for command environment: Not usable outside of PowerShell
[0.536s] DEBUG:colcon.colcon_core.shell:Skip shell extension 'dsv' for command environment
[0.541s] INFO:colcon.colcon_ros.task.ament_cmake.build:Building ROS package in '/home/robotics/colcon_ws/src/custom_srv_demo' with build type 'ament_cmake'
[0.541s] INFO:colcon.colcon_cmake.task.cmake.build:Building CMake package in '/home/robotics/colcon_ws/src/custom_srv_demo'
[0.543s] INFO:colcon.colcon_core.shell:Skip shell extension 'powershell' for command environment: Not usable outside of PowerShell
[0.543s] DEBUG:colcon.colcon_core.shell:Skip shell extension 'dsv' for command environment
[0.556s] DEBUG:colcon.colcon_core.event_handler.log_command:Invoking command in '/home/robotics/colcon_ws/build/cpp_message_filters_showcase': CMAKE_PREFIX_PATH=/opt/ros/humble /usr/bin/cmake --build /home/robotics/colcon_ws/build/cpp_message_filters_showcase -- -j8 -l8
[0.560s] DEBUG:colcon.colcon_core.event_handler.log_command:Invoking command in '/home/robotics/colcon_ws/build/cpp_parameter_showcase': CMAKE_PREFIX_PATH=/opt/ros/humble /usr/bin/cmake --build /home/robotics/colcon_ws/build/cpp_parameter_showcase -- -j8 -l8
[0.563s] DEBUG:colcon.colcon_core.event_handler.log_command:Invoking command in '/home/robotics/colcon_ws/build/cpp_pubsub': CMAKE_PREFIX_PATH=/opt/ros/humble /usr/bin/cmake --build /home/robotics/colcon_ws/build/cpp_pubsub -- -j8 -l8
[0.569s] DEBUG:colcon.colcon_core.event_handler.log_command:Invoking command in '/home/robotics/colcon_ws/build/cpp_subpub': CMAKE_PREFIX_PATH=/opt/ros/humble /usr/bin/cmake --build /home/robotics/colcon_ws/build/cpp_subpub -- -j8 -l8
[0.581s] DEBUG:colcon.colcon_core.event_handler.log_command:Invoking command in '/home/robotics/colcon_ws/build/cpp_tf_showcase': CMAKE_PREFIX_PATH=/opt/ros/humble /usr/bin/cmake --build /home/robotics/colcon_ws/build/cpp_tf_showcase -- -j8 -l8
[0.583s] DEBUG:colcon.colcon_core.event_handler.log_command:Invoking command in '/home/robotics/colcon_ws/build/cpp_timer_showcase': CMAKE_PREFIX_PATH=/opt/ros/humble /usr/bin/cmake --build /home/robotics/colcon_ws/build/cpp_timer_showcase -- -j8 -l8
[0.589s] DEBUG:colcon.colcon_core.event_handler.log_command:Invoking command in '/home/robotics/colcon_ws/build/custom_msg_demo': CMAKE_PREFIX_PATH=/opt/ros/humble /usr/bin/cmake --build /home/robotics/colcon_ws/build/custom_msg_demo -- -j8 -l8
[0.614s] DEBUG:colcon.colcon_core.event_handler.log_command:Invoking command in '/home/robotics/colcon_ws/build/custom_srv_demo': CMAKE_PREFIX_PATH=/opt/ros/humble /usr/bin/cmake --build /home/robotics/colcon_ws/build/custom_srv_demo -- -j8 -l8
[0.772s] DEBUG:colcon.colcon_core.event_handler.log_command:Invoked command in '/home/robotics/colcon_ws/build/cpp_message_filters_showcase' returned '0': CMAKE_PREFIX_PATH=/opt/ros/humble /usr/bin/cmake --build /home/robotics/colcon_ws/build/cpp_message_filters_showcase -- -j8 -l8
[0.793s] DEBUG:colcon.colcon_core.event_handler.log_command:Invoking command in '/home/robotics/colcon_ws/build/cpp_message_filters_showcase': CMAKE_PREFIX_PATH=/opt/ros/humble /usr/bin/cmake --install /home/robotics/colcon_ws/build/cpp_message_filters_showcase
[0.806s] DEBUG:colcon.colcon_core.event_handler.log_command:Invoked command in '/home/robotics/colcon_ws/build/cpp_pubsub' returned '0': CMAKE_PREFIX_PATH=/opt/ros/humble /usr/bin/cmake --build /home/robotics/colcon_ws/build/cpp_pubsub -- -j8 -l8
[0.808s] DEBUG:colcon.colcon_core.event_handler.log_command:Invoking command in '/home/robotics/colcon_ws/build/cpp_pubsub': CMAKE_PREFIX_PATH=/opt/ros/humble /usr/bin/cmake --install /home/robotics/colcon_ws/build/cpp_pubsub
[0.826s] DEBUG:colcon.colcon_core.event_handler.log_command:Invoked command in '/home/robotics/colcon_ws/build/cpp_subpub' returned '0': CMAKE_PREFIX_PATH=/opt/ros/humble /usr/bin/cmake --build /home/robotics/colcon_ws/build/cpp_subpub -- -j8 -l8
[0.826s] DEBUG:colcon.colcon_core.event_handler.log_command:Invoking command in '/home/robotics/colcon_ws/build/cpp_subpub': CMAKE_PREFIX_PATH=/opt/ros/humble /usr/bin/cmake --install /home/robotics/colcon_ws/build/cpp_subpub
[0.833s] Level 1:colcon.colcon_core.environment:create_environment_scripts_only(cpp_message_filters_showcase)
[0.839s] DEBUG:colcon.colcon_core.event_handler.log_command:Invoked command in '/home/robotics/colcon_ws/build/cpp_message_filters_showcase' returned '0': CMAKE_PREFIX_PATH=/opt/ros/humble /usr/bin/cmake --install /home/robotics/colcon_ws/build/cpp_message_filters_showcase
[0.843s] Level 1:colcon.colcon_core.environment:checking '/home/robotics/colcon_ws/install/cpp_message_filters_showcase' for CMake module files
[0.844s] Level 1:colcon.colcon_core.environment:checking '/home/robotics/colcon_ws/install/cpp_message_filters_showcase' for CMake config files
[0.844s] Level 1:colcon.colcon_core.shell:create_environment_hook('cpp_message_filters_showcase', 'cmake_prefix_path')
[0.845s] INFO:colcon.colcon_core.shell:Creating environment hook '/home/robotics/colcon_ws/install/cpp_message_filters_showcase/share/cpp_message_filters_showcase/hook/cmake_prefix_path.ps1'
[0.846s] INFO:colcon.colcon_core.shell:Creating environment descriptor '/home/robotics/colcon_ws/install/cpp_message_filters_showcase/share/cpp_message_filters_showcase/hook/cmake_prefix_path.dsv'
[0.847s] INFO:colcon.colcon_core.shell:Creating environment hook '/home/robotics/colcon_ws/install/cpp_message_filters_showcase/share/cpp_message_filters_showcase/hook/cmake_prefix_path.sh'
[0.849s] Level 1:colcon.colcon_core.environment:checking '/home/robotics/colcon_ws/install/cpp_message_filters_showcase/lib'
[0.849s] Level 1:colcon.colcon_core.environment:checking '/home/robotics/colcon_ws/install/cpp_message_filters_showcase/bin'
[0.849s] Level 1:colcon.colcon_core.environment:checking '/home/robotics/colcon_ws/install/cpp_message_filters_showcase/lib/pkgconfig/cpp_message_filters_showcase.pc'
[0.852s] Level 1:colcon.colcon_core.environment:checking '/home/robotics/colcon_ws/install/cpp_message_filters_showcase/lib/python3.10/site-packages'
[0.853s] Level 1:colcon.colcon_core.environment:checking '/home/robotics/colcon_ws/install/cpp_message_filters_showcase/bin'
[0.853s] INFO:colcon.colcon_core.shell:Creating package script '/home/robotics/colcon_ws/install/cpp_message_filters_showcase/share/cpp_message_filters_showcase/package.ps1'
[0.855s] INFO:colcon.colcon_core.shell:Creating package descriptor '/home/robotics/colcon_ws/install/cpp_message_filters_showcase/share/cpp_message_filters_showcase/package.dsv'
[0.856s] INFO:colcon.colcon_core.shell:Creating package script '/home/robotics/colcon_ws/install/cpp_message_filters_showcase/share/cpp_message_filters_showcase/package.sh'
[0.858s] INFO:colcon.colcon_core.shell:Creating package script '/home/robotics/colcon_ws/install/cpp_message_filters_showcase/share/cpp_message_filters_showcase/package.bash'
[0.859s] INFO:colcon.colcon_core.shell:Creating package script '/home/robotics/colcon_ws/install/cpp_message_filters_showcase/share/cpp_message_filters_showcase/package.zsh'
[0.861s] Level 1:colcon.colcon_core.environment:create_file_with_runtime_dependencies(/home/robotics/colcon_ws/install/cpp_message_filters_showcase/share/colcon-core/packages/cpp_message_filters_showcase)
[0.862s] Level 1:colcon.colcon_core.environment:create_environment_scripts_only(cpp_message_filters_showcase)
[0.862s] Level 1:colcon.colcon_core.environment:checking '/home/robotics/colcon_ws/install/cpp_message_filters_showcase' for CMake module files
[0.863s] Level 1:colcon.colcon_core.environment:checking '/home/robotics/colcon_ws/install/cpp_message_filters_showcase' for CMake config files
[0.864s] Level 1:colcon.colcon_core.shell:create_environment_hook('cpp_message_filters_showcase', 'cmake_prefix_path')
[0.864s] INFO:colcon.colcon_core.shell:Creating environment hook '/home/robotics/colcon_ws/install/cpp_message_filters_showcase/share/cpp_message_filters_showcase/hook/cmake_prefix_path.ps1'
[0.865s] INFO:colcon.colcon_core.shell:Creating environment descriptor '/home/robotics/colcon_ws/install/cpp_message_filters_showcase/share/cpp_message_filters_showcase/hook/cmake_prefix_path.dsv'
[0.866s] INFO:colcon.colcon_core.shell:Creating environment hook '/home/robotics/colcon_ws/install/cpp_message_filters_showcase/share/cpp_message_filters_showcase/hook/cmake_prefix_path.sh'
[0.867s] Level 1:colcon.colcon_core.environment:checking '/home/robotics/colcon_ws/install/cpp_message_filters_showcase/lib'
[0.867s] Level 1:colcon.colcon_core.environment:checking '/home/robotics/colcon_ws/install/cpp_message_filters_showcase/bin'
[0.867s] Level 1:colcon.colcon_core.environment:checking '/home/robotics/colcon_ws/install/cpp_message_filters_showcase/lib/pkgconfig/cpp_message_filters_showcase.pc'
[0.867s] Level 1:colcon.colcon_core.environment:checking '/home/robotics/colcon_ws/install/cpp_message_filters_showcase/lib/python3.10/site-packages'
[0.868s] Level 1:colcon.colcon_core.environment:checking '/home/robotics/colcon_ws/install/cpp_message_filters_showcase/bin'
[0.869s] INFO:colcon.colcon_core.shell:Creating package script '/home/robotics/colcon_ws/install/cpp_message_filters_showcase/share/cpp_message_filters_showcase/package.ps1'
[0.869s] INFO:colcon.colcon_core.shell:Creating package descriptor '/home/robotics/colcon_ws/install/cpp_message_filters_showcase/share/cpp_message_filters_showcase/package.dsv'
[0.870s] INFO:colcon.colcon_core.shell:Creating package script '/home/robotics/colcon_ws/install/cpp_message_filters_showcase/share/cpp_message_filters_showcase/package.sh'
[0.871s] INFO:colcon.colcon_core.shell:Creating package script '/home/robotics/colcon_ws/install/cpp_message_filters_showcase/share/cpp_message_filters_showcase/package.bash'
[0.872s] INFO:colcon.colcon_core.shell:Creating package script '/home/robotics/colcon_ws/install/cpp_message_filters_showcase/share/cpp_message_filters_showcase/package.zsh'
[0.872s] Level 1:colcon.colcon_core.environment:create_file_with_runtime_dependencies(/home/robotics/colcon_ws/install/cpp_message_filters_showcase/share/colcon-core/packages/cpp_message_filters_showcase)
[0.874s] DEBUG:colcon.colcon_core.event_handler.log_command:Invoked command in '/home/robotics/colcon_ws/build/cpp_tf_showcase' returned '0': CMAKE_PREFIX_PATH=/opt/ros/humble /usr/bin/cmake --build /home/robotics/colcon_ws/build/cpp_tf_showcase -- -j8 -l8
[0.875s] DEBUG:colcon.colcon_core.event_handler.log_command:Invoking command in '/home/robotics/colcon_ws/build/cpp_tf_showcase': CMAKE_PREFIX_PATH=/opt/ros/humble /usr/bin/cmake --install /home/robotics/colcon_ws/build/cpp_tf_showcase
[0.880s] Level 1:colcon.colcon_core.environment:create_environment_scripts_only(cpp_subpub)
[0.881s] Level 1:colcon.colcon_core.environment:checking '/home/robotics/colcon_ws/install/cpp_subpub' for CMake module files
[0.882s] Level 1:colcon.colcon_core.environment:checking '/home/robotics/colcon_ws/install/cpp_subpub' for CMake config files
[0.882s] Level 1:colcon.colcon_core.shell:create_environment_hook('cpp_subpub', 'cmake_prefix_path')
[0.883s] INFO:colcon.colcon_core.shell:Creating environment hook '/home/robotics/colcon_ws/install/cpp_subpub/share/cpp_subpub/hook/cmake_prefix_path.ps1'
[0.883s] INFO:colcon.colcon_core.shell:Creating environment descriptor '/home/robotics/colcon_ws/install/cpp_subpub/share/cpp_subpub/hook/cmake_prefix_path.dsv'
[0.880s] DEBUG:colcon.colcon_core.event_handler.log_command:Invoked command in '/home/robotics/colcon_ws/build/cpp_subpub' returned '0': CMAKE_PREFIX_PATH=/opt/ros/humble /usr/bin/cmake --install /home/robotics/colcon_ws/build/cpp_subpub
[0.884s] INFO:colcon.colcon_core.shell:Creating environment hook '/home/robotics/colcon_ws/install/cpp_subpub/share/cpp_subpub/hook/cmake_prefix_path.sh'
[0.885s] Level 1:colcon.colcon_core.environment:checking '/home/robotics/colcon_ws/install/cpp_subpub/lib'
[0.885s] Level 1:colcon.colcon_core.environment:checking '/home/robotics/colcon_ws/install/cpp_subpub/bin'
[0.885s] Level 1:colcon.colcon_core.environment:checking '/home/robotics/colcon_ws/install/cpp_subpub/lib/pkgconfig/cpp_subpub.pc'
[0.886s] Level 1:colcon.colcon_core.environment:checking '/home/robotics/colcon_ws/install/cpp_subpub/lib/python3.10/site-packages'
[0.886s] Level 1:colcon.colcon_core.environment:checking '/home/robotics/colcon_ws/install/cpp_subpub/bin'
[0.887s] INFO:colcon.colcon_core.shell:Creating package script '/home/robotics/colcon_ws/install/cpp_subpub/share/cpp_subpub/package.ps1'
[0.888s] INFO:colcon.colcon_core.shell:Creating package descriptor '/home/robotics/colcon_ws/install/cpp_subpub/share/cpp_subpub/package.dsv'
[0.893s] INFO:colcon.colcon_core.shell:Creating package script '/home/robotics/colcon_ws/install/cpp_subpub/share/cpp_subpub/package.sh'
[0.894s] INFO:colcon.colcon_core.shell:Creating package script '/home/robotics/colcon_ws/install/cpp_subpub/share/cpp_subpub/package.bash'
[0.896s] INFO:colcon.colcon_core.shell:Creating package script '/home/robotics/colcon_ws/install/cpp_subpub/share/cpp_subpub/package.zsh'
[0.897s] Level 1:colcon.colcon_core.environment:create_file_with_runtime_dependencies(/home/robotics/colcon_ws/install/cpp_subpub/share/colcon-core/packages/cpp_subpub)
[0.898s] Level 1:colcon.colcon_core.environment:create_environment_scripts_only(cpp_subpub)
[0.899s] Level 1:colcon.colcon_core.environment:checking '/home/robotics/colcon_ws/install/cpp_subpub' for CMake module files
[0.899s] Level 1:colcon.colcon_core.environment:checking '/home/robotics/colcon_ws/install/cpp_subpub' for CMake config files
[0.900s] Level 1:colcon.colcon_core.shell:create_environment_hook('cpp_subpub', 'cmake_prefix_path')
[0.900s] INFO:colcon.colcon_core.shell:Creating environment hook '/home/robotics/colcon_ws/install/cpp_subpub/share/cpp_subpub/hook/cmake_prefix_path.ps1'
[0.901s] INFO:colcon.colcon_core.shell:Creating environment descriptor '/home/robotics/colcon_ws/install/cpp_subpub/share/cpp_subpub/hook/cmake_prefix_path.dsv'
[0.902s] INFO:colcon.colcon_core.shell:Creating environment hook '/home/robotics/colcon_ws/install/cpp_subpub/share/cpp_subpub/hook/cmake_prefix_path.sh'
[0.903s] Level 1:colcon.colcon_core.environment:checking '/home/robotics/colcon_ws/install/cpp_subpub/lib'
[0.903s] Level 1:colcon.colcon_core.environment:checking '/home/robotics/colcon_ws/install/cpp_subpub/bin'
[0.903s] Level 1:colcon.colcon_core.environment:checking '/home/robotics/colcon_ws/install/cpp_subpub/lib/pkgconfig/cpp_subpub.pc'
[0.903s] Level 1:colcon.colcon_core.environment:checking '/home/robotics/colcon_ws/install/cpp_subpub/lib/python3.10/site-packages'
[0.904s] Level 1:colcon.colcon_core.environment:checking '/home/robotics/colcon_ws/install/cpp_subpub/bin'
[0.905s] INFO:colcon.colcon_core.shell:Creating package script '/home/robotics/colcon_ws/install/cpp_subpub/share/cpp_subpub/package.ps1'
[0.906s] INFO:colcon.colcon_core.shell:Creating package descriptor '/home/robotics/colcon_ws/install/cpp_subpub/share/cpp_subpub/package.dsv'
[0.907s] INFO:colcon.colcon_core.shell:Creating package script '/home/robotics/colcon_ws/install/cpp_subpub/share/cpp_subpub/package.sh'
[0.908s] INFO:colcon.colcon_core.shell:Creating package script '/home/robotics/colcon_ws/install/cpp_subpub/share/cpp_subpub/package.bash'
[0.909s] INFO:colcon.colcon_core.shell:Creating package script '/home/robotics/colcon_ws/install/cpp_subpub/share/cpp_subpub/package.zsh'
[0.909s] Level 1:colcon.colcon_core.environment:create_file_with_runtime_dependencies(/home/robotics/colcon_ws/install/cpp_subpub/share/colcon-core/packages/cpp_subpub)
[0.913s] DEBUG:colcon.colcon_core.event_handler.log_command:Invoked command in '/home/robotics/colcon_ws/build/cpp_parameter_showcase' returned '0': CMAKE_PREFIX_PATH=/opt/ros/humble /usr/bin/cmake --build /home/robotics/colcon_ws/build/cpp_parameter_showcase -- -j8 -l8
[0.919s] DEBUG:colcon.colcon_core.event_handler.log_command:Invoking command in '/home/robotics/colcon_ws/build/cpp_parameter_showcase': CMAKE_PREFIX_PATH=/opt/ros/humble /usr/bin/cmake --install /home/robotics/colcon_ws/build/cpp_parameter_showcase
[0.920s] Level 1:colcon.colcon_core.environment:create_environment_scripts_only(cpp_pubsub)
[0.920s] Level 1:colcon.colcon_core.environment:checking '/home/robotics/colcon_ws/install/cpp_pubsub' for CMake module files
[0.922s] DEBUG:colcon.colcon_core.event_handler.log_command:Invoked command in '/home/robotics/colcon_ws/build/cpp_pubsub' returned '0': CMAKE_PREFIX_PATH=/opt/ros/humble /usr/bin/cmake --install /home/robotics/colcon_ws/build/cpp_pubsub
[0.923s] Level 1:colcon.colcon_core.environment:checking '/home/robotics/colcon_ws/install/cpp_pubsub' for CMake config files
[0.923s] Level 1:colcon.colcon_core.shell:create_environment_hook('cpp_pubsub', 'cmake_prefix_path')
[0.924s] INFO:colcon.colcon_core.shell:Creating environment hook '/home/robotics/colcon_ws/install/cpp_pubsub/share/cpp_pubsub/hook/cmake_prefix_path.ps1'
[0.924s] INFO:colcon.colcon_core.shell:Creating environment descriptor '/home/robotics/colcon_ws/install/cpp_pubsub/share/cpp_pubsub/hook/cmake_prefix_path.dsv'
[0.925s] INFO:colcon.colcon_core.shell:Creating environment hook '/home/robotics/colcon_ws/install/cpp_pubsub/share/cpp_pubsub/hook/cmake_prefix_path.sh'
[0.926s] Level 1:colcon.colcon_core.environment:checking '/home/robotics/colcon_ws/install/cpp_pubsub/lib'
[0.927s] Level 1:colcon.colcon_core.environment:checking '/home/robotics/colcon_ws/install/cpp_pubsub/bin'
[0.927s] Level 1:colcon.colcon_core.environment:checking '/home/robotics/colcon_ws/install/cpp_pubsub/lib/pkgconfig/cpp_pubsub.pc'
[0.928s] Level 1:colcon.colcon_core.environment:checking '/home/robotics/colcon_ws/install/cpp_pubsub/lib/python3.10/site-packages'
[0.928s] Level 1:colcon.colcon_core.environment:checking '/home/robotics/colcon_ws/install/cpp_pubsub/bin'
[0.929s] INFO:colcon.colcon_core.shell:Creating package script '/home/robotics/colcon_ws/install/cpp_pubsub/share/cpp_pubsub/package.ps1'
[0.934s] INFO:colcon.colcon_core.shell:Creating package descriptor '/home/robotics/colcon_ws/install/cpp_pubsub/share/cpp_pubsub/package.dsv'
[0.937s] INFO:colcon.colcon_core.shell:Creating package script '/home/robotics/colcon_ws/install/cpp_pubsub/share/cpp_pubsub/package.sh'
[0.938s] INFO:colcon.colcon_core.shell:Creating package script '/home/robotics/colcon_ws/install/cpp_pubsub/share/cpp_pubsub/package.bash'
[0.938s] INFO:colcon.colcon_core.shell:Creating package script '/home/robotics/colcon_ws/install/cpp_pubsub/share/cpp_pubsub/package.zsh'
[0.939s] Level 1:colcon.colcon_core.environment:create_file_with_runtime_dependencies(/home/robotics/colcon_ws/install/cpp_pubsub/share/colcon-core/packages/cpp_pubsub)
[0.940s] Level 1:colcon.colcon_core.environment:create_environment_scripts_only(cpp_pubsub)
[0.940s] Level 1:colcon.colcon_core.environment:checking '/home/robotics/colcon_ws/install/cpp_pubsub' for CMake module files
[0.941s] Level 1:colcon.colcon_core.environment:checking '/home/robotics/colcon_ws/install/cpp_pubsub' for CMake config files
[0.941s] Level 1:colcon.colcon_core.shell:create_environment_hook('cpp_pubsub', 'cmake_prefix_path')
[0.942s] INFO:colcon.colcon_core.shell:Creating environment hook '/home/robotics/colcon_ws/install/cpp_pubsub/share/cpp_pubsub/hook/cmake_prefix_path.ps1'
[0.942s] INFO:colcon.colcon_core.shell:Creating environment descriptor '/home/robotics/colcon_ws/install/cpp_pubsub/share/cpp_pubsub/hook/cmake_prefix_path.dsv'
[0.943s] INFO:colcon.colcon_core.shell:Creating environment hook '/home/robotics/colcon_ws/install/cpp_pubsub/share/cpp_pubsub/hook/cmake_prefix_path.sh'
[0.944s] Level 1:colcon.colcon_core.environment:checking '/home/robotics/colcon_ws/install/cpp_pubsub/lib'
[0.944s] Level 1:colcon.colcon_core.environment:checking '/home/robotics/colcon_ws/install/cpp_pubsub/bin'
[0.944s] Level 1:colcon.colcon_core.environment:checking '/home/robotics/colcon_ws/install/cpp_pubsub/lib/pkgconfig/cpp_pubsub.pc'
[0.945s] Level 1:colcon.colcon_core.environment:checking '/home/robotics/colcon_ws/install/cpp_pubsub/lib/python3.10/site-packages'
[0.945s] Level 1:colcon.colcon_core.environment:checking '/home/robotics/colcon_ws/install/cpp_pubsub/bin'
[0.946s] INFO:colcon.colcon_core.shell:Creating package script '/home/robotics/colcon_ws/install/cpp_pubsub/share/cpp_pubsub/package.ps1'
[0.947s] INFO:colcon.colcon_core.shell:Creating package descriptor '/home/robotics/colcon_ws/install/cpp_pubsub/share/cpp_pubsub/package.dsv'
[0.948s] INFO:colcon.colcon_core.shell:Creating package script '/home/robotics/colcon_ws/install/cpp_pubsub/share/cpp_pubsub/package.sh'
[0.948s] INFO:colcon.colcon_core.shell:Creating package script '/home/robotics/colcon_ws/install/cpp_pubsub/share/cpp_pubsub/package.bash'
[0.949s] INFO:colcon.colcon_core.shell:Creating package script '/home/robotics/colcon_ws/install/cpp_pubsub/share/cpp_pubsub/package.zsh'
[0.950s] Level 1:colcon.colcon_core.environment:create_file_with_runtime_dependencies(/home/robotics/colcon_ws/install/cpp_pubsub/share/colcon-core/packages/cpp_pubsub)
[0.955s] DEBUG:colcon.colcon_core.event_handler.log_command:Invoked command in '/home/robotics/colcon_ws/build/cpp_timer_showcase' returned '0': CMAKE_PREFIX_PATH=/opt/ros/humble /usr/bin/cmake --build /home/robotics/colcon_ws/build/cpp_timer_showcase -- -j8 -l8
[0.955s] DEBUG:colcon.colcon_core.event_handler.log_command:Invoking command in '/home/robotics/colcon_ws/build/cpp_timer_showcase': CMAKE_PREFIX_PATH=/opt/ros/humble /usr/bin/cmake --install /home/robotics/colcon_ws/build/cpp_timer_showcase
[0.957s] Level 1:colcon.colcon_core.environment:create_environment_scripts_only(cpp_tf_showcase)
[0.957s] Level 1:colcon.colcon_core.environment:checking '/home/robotics/colcon_ws/install/cpp_tf_showcase' for CMake module files
[0.958s] Level 1:colcon.colcon_core.environment:checking '/home/robotics/colcon_ws/install/cpp_tf_showcase' for CMake config files
[0.959s] Level 1:colcon.colcon_core.shell:create_environment_hook('cpp_tf_showcase', 'cmake_prefix_path')
[0.959s] INFO:colcon.colcon_core.shell:Creating environment hook '/home/robotics/colcon_ws/install/cpp_tf_showcase/share/cpp_tf_showcase/hook/cmake_prefix_path.ps1'
[0.960s] INFO:colcon.colcon_core.shell:Creating environment descriptor '/home/robotics/colcon_ws/install/cpp_tf_showcase/share/cpp_tf_showcase/hook/cmake_prefix_path.dsv'
[0.961s] INFO:colcon.colcon_core.shell:Creating environment hook '/home/robotics/colcon_ws/install/cpp_tf_showcase/share/cpp_tf_showcase/hook/cmake_prefix_path.sh'
[0.962s] Level 1:colcon.colcon_core.environment:checking '/home/robotics/colcon_ws/install/cpp_tf_showcase/lib'
[0.962s] Level 1:colcon.colcon_core.environment:checking '/home/robotics/colcon_ws/install/cpp_tf_showcase/bin'
[0.962s] Level 1:colcon.colcon_core.environment:checking '/home/robotics/colcon_ws/install/cpp_tf_showcase/lib/pkgconfig/cpp_tf_showcase.pc'
[0.963s] Level 1:colcon.colcon_core.environment:checking '/home/robotics/colcon_ws/install/cpp_tf_showcase/lib/python3.10/site-packages'
[0.963s] Level 1:colcon.colcon_core.environment:checking '/home/robotics/colcon_ws/install/cpp_tf_showcase/bin'
[0.964s] INFO:colcon.colcon_core.shell:Creating package script '/home/robotics/colcon_ws/install/cpp_tf_showcase/share/cpp_tf_showcase/package.ps1'
[0.965s] DEBUG:colcon.colcon_core.event_handler.log_command:Invoked command in '/home/robotics/colcon_ws/build/cpp_tf_showcase' returned '0': CMAKE_PREFIX_PATH=/opt/ros/humble /usr/bin/cmake --install /home/robotics/colcon_ws/build/cpp_tf_showcase
[0.967s] INFO:colcon.colcon_core.shell:Creating package descriptor '/home/robotics/colcon_ws/install/cpp_tf_showcase/share/cpp_tf_showcase/package.dsv'
[0.967s] INFO:colcon.colcon_core.shell:Creating package script '/home/robotics/colcon_ws/install/cpp_tf_showcase/share/cpp_tf_showcase/package.sh'
[0.968s] INFO:colcon.colcon_core.shell:Creating package script '/home/robotics/colcon_ws/install/cpp_tf_showcase/share/cpp_tf_showcase/package.bash'
[0.974s] INFO:colcon.colcon_core.shell:Creating package script '/home/robotics/colcon_ws/install/cpp_tf_showcase/share/cpp_tf_showcase/package.zsh'
[0.975s] Level 1:colcon.colcon_core.environment:create_file_with_runtime_dependencies(/home/robotics/colcon_ws/install/cpp_tf_showcase/share/colcon-core/packages/cpp_tf_showcase)
[0.977s] Level 1:colcon.colcon_core.environment:create_environment_scripts_only(cpp_tf_showcase)
[0.977s] Level 1:colcon.colcon_core.environment:checking '/home/robotics/colcon_ws/install/cpp_tf_showcase' for CMake module files
[0.978s] Level 1:colcon.colcon_core.environment:checking '/home/robotics/colcon_ws/install/cpp_tf_showcase' for CMake config files
[0.979s] Level 1:colcon.colcon_core.shell:create_environment_hook('cpp_tf_showcase', 'cmake_prefix_path')
[0.979s] INFO:colcon.colcon_core.shell:Creating environment hook '/home/robotics/colcon_ws/install/cpp_tf_showcase/share/cpp_tf_showcase/hook/cmake_prefix_path.ps1'
[0.981s] INFO:colcon.colcon_core.shell:Creating environment descriptor '/home/robotics/colcon_ws/install/cpp_tf_showcase/share/cpp_tf_showcase/hook/cmake_prefix_path.dsv'
[0.982s] INFO:colcon.colcon_core.shell:Creating environment hook '/home/robotics/colcon_ws/install/cpp_tf_showcase/share/cpp_tf_showcase/hook/cmake_prefix_path.sh'
[0.983s] Level 1:colcon.colcon_core.environment:checking '/home/robotics/colcon_ws/install/cpp_tf_showcase/lib'
[0.983s] Level 1:colcon.colcon_core.environment:checking '/home/robotics/colcon_ws/install/cpp_tf_showcase/bin'
[0.983s] Level 1:colcon.colcon_core.environment:checking '/home/robotics/colcon_ws/install/cpp_tf_showcase/lib/pkgconfig/cpp_tf_showcase.pc'
[0.983s] Level 1:colcon.colcon_core.environment:checking '/home/robotics/colcon_ws/install/cpp_tf_showcase/lib/python3.10/site-packages'
[0.984s] Level 1:colcon.colcon_core.environment:checking '/home/robotics/colcon_ws/install/cpp_tf_showcase/bin'
[0.985s] INFO:colcon.colcon_core.shell:Creating package script '/home/robotics/colcon_ws/install/cpp_tf_showcase/share/cpp_tf_showcase/package.ps1'
[0.985s] INFO:colcon.colcon_core.shell:Creating package descriptor '/home/robotics/colcon_ws/install/cpp_tf_showcase/share/cpp_tf_showcase/package.dsv'
[0.986s] INFO:colcon.colcon_core.shell:Creating package script '/home/robotics/colcon_ws/install/cpp_tf_showcase/share/cpp_tf_showcase/package.sh'
[0.987s] INFO:colcon.colcon_core.shell:Creating package script '/home/robotics/colcon_ws/install/cpp_tf_showcase/share/cpp_tf_showcase/package.bash'
[0.988s] INFO:colcon.colcon_core.shell:Creating package script '/home/robotics/colcon_ws/install/cpp_tf_showcase/share/cpp_tf_showcase/package.zsh'
[0.989s] Level 1:colcon.colcon_core.environment:create_file_with_runtime_dependencies(/home/robotics/colcon_ws/install/cpp_tf_showcase/share/colcon-core/packages/cpp_tf_showcase)
[0.991s] Level 1:colcon.colcon_core.environment:create_environment_scripts_only(cpp_parameter_showcase)
[0.991s] Level 1:colcon.colcon_core.environment:checking '/home/robotics/colcon_ws/install/cpp_parameter_showcase' for CMake module files
[0.992s] DEBUG:colcon.colcon_core.event_handler.log_command:Invoked command in '/home/robotics/colcon_ws/build/cpp_parameter_showcase' returned '0': CMAKE_PREFIX_PATH=/opt/ros/humble /usr/bin/cmake --install /home/robotics/colcon_ws/build/cpp_parameter_showcase
[0.994s] Level 1:colcon.colcon_core.environment:checking '/home/robotics/colcon_ws/install/cpp_parameter_showcase' for CMake config files
[0.995s] Level 1:colcon.colcon_core.shell:create_environment_hook('cpp_parameter_showcase', 'cmake_prefix_path')
[0.995s] INFO:colcon.colcon_core.shell:Creating environment hook '/home/robotics/colcon_ws/install/cpp_parameter_showcase/share/cpp_parameter_showcase/hook/cmake_prefix_path.ps1'
[0.998s] INFO:colcon.colcon_core.shell:Creating environment descriptor '/home/robotics/colcon_ws/install/cpp_parameter_showcase/share/cpp_parameter_showcase/hook/cmake_prefix_path.dsv'
[0.999s] INFO:colcon.colcon_core.shell:Creating environment hook '/home/robotics/colcon_ws/install/cpp_parameter_showcase/share/cpp_parameter_showcase/hook/cmake_prefix_path.sh'
[1.000s] Level 1:colcon.colcon_core.environment:checking '/home/robotics/colcon_ws/install/cpp_parameter_showcase/lib'
[1.000s] Level 1:colcon.colcon_core.environment:checking '/home/robotics/colcon_ws/install/cpp_parameter_showcase/bin'
[1.001s] Level 1:colcon.colcon_core.environment:checking '/home/robotics/colcon_ws/install/cpp_parameter_showcase/lib/pkgconfig/cpp_parameter_showcase.pc'
[1.001s] Level 1:colcon.colcon_core.environment:checking '/home/robotics/colcon_ws/install/cpp_parameter_showcase/lib/python3.10/site-packages'
[1.002s] Level 1:colcon.colcon_core.environment:checking '/home/robotics/colcon_ws/install/cpp_parameter_showcase/bin'
[1.002s] INFO:colcon.colcon_core.shell:Creating package script '/home/robotics/colcon_ws/install/cpp_parameter_showcase/share/cpp_parameter_showcase/package.ps1'
[1.003s] INFO:colcon.colcon_core.shell:Creating package descriptor '/home/robotics/colcon_ws/install/cpp_parameter_showcase/share/cpp_parameter_showcase/package.dsv'
[1.004s] INFO:colcon.colcon_core.shell:Creating package script '/home/robotics/colcon_ws/install/cpp_parameter_showcase/share/cpp_parameter_showcase/package.sh'
[1.004s] INFO:colcon.colcon_core.shell:Creating package script '/home/robotics/colcon_ws/install/cpp_parameter_showcase/share/cpp_parameter_showcase/package.bash'
[1.005s] INFO:colcon.colcon_core.shell:Creating package script '/home/robotics/colcon_ws/install/cpp_parameter_showcase/share/cpp_parameter_showcase/package.zsh'
[1.005s] Level 1:colcon.colcon_core.environment:create_file_with_runtime_dependencies(/home/robotics/colcon_ws/install/cpp_parameter_showcase/share/colcon-core/packages/cpp_parameter_showcase)
[1.006s] Level 1:colcon.colcon_core.environment:create_environment_scripts_only(cpp_parameter_showcase)
[1.006s] Level 1:colcon.colcon_core.environment:checking '/home/robotics/colcon_ws/install/cpp_parameter_showcase' for CMake module files
[1.007s] Level 1:colcon.colcon_core.environment:checking '/home/robotics/colcon_ws/install/cpp_parameter_showcase' for CMake config files
[1.007s] Level 1:colcon.colcon_core.shell:create_environment_hook('cpp_parameter_showcase', 'cmake_prefix_path')
[1.008s] INFO:colcon.colcon_core.shell:Creating environment hook '/home/robotics/colcon_ws/install/cpp_parameter_showcase/share/cpp_parameter_showcase/hook/cmake_prefix_path.ps1'
[1.009s] INFO:colcon.colcon_core.shell:Creating environment descriptor '/home/robotics/colcon_ws/install/cpp_parameter_showcase/share/cpp_parameter_showcase/hook/cmake_prefix_path.dsv'
[1.009s] INFO:colcon.colcon_core.shell:Creating environment hook '/home/robotics/colcon_ws/install/cpp_parameter_showcase/share/cpp_parameter_showcase/hook/cmake_prefix_path.sh'
[1.011s] Level 1:colcon.colcon_core.environment:checking '/home/robotics/colcon_ws/install/cpp_parameter_showcase/lib'
[1.011s] Level 1:colcon.colcon_core.environment:checking '/home/robotics/colcon_ws/install/cpp_parameter_showcase/bin'
[1.011s] Level 1:colcon.colcon_core.environment:checking '/home/robotics/colcon_ws/install/cpp_parameter_showcase/lib/pkgconfig/cpp_parameter_showcase.pc'
[1.011s] Level 1:colcon.colcon_core.environment:checking '/home/robotics/colcon_ws/install/cpp_parameter_showcase/lib/python3.10/site-packages'
[1.012s] Level 1:colcon.colcon_core.environment:checking '/home/robotics/colcon_ws/install/cpp_parameter_showcase/bin'
[1.012s] INFO:colcon.colcon_core.shell:Creating package script '/home/robotics/colcon_ws/install/cpp_parameter_showcase/share/cpp_parameter_showcase/package.ps1'
[1.013s] INFO:colcon.colcon_core.shell:Creating package descriptor '/home/robotics/colcon_ws/install/cpp_parameter_showcase/share/cpp_parameter_showcase/package.dsv'
[1.014s] INFO:colcon.colcon_core.shell:Creating package script '/home/robotics/colcon_ws/install/cpp_parameter_showcase/share/cpp_parameter_showcase/package.sh'
[1.015s] INFO:colcon.colcon_core.shell:Creating package script '/home/robotics/colcon_ws/install/cpp_parameter_showcase/share/cpp_parameter_showcase/package.bash'
[1.015s] INFO:colcon.colcon_core.shell:Creating package script '/home/robotics/colcon_ws/install/cpp_parameter_showcase/share/cpp_parameter_showcase/package.zsh'
[1.016s] Level 1:colcon.colcon_core.environment:create_file_with_runtime_dependencies(/home/robotics/colcon_ws/install/cpp_parameter_showcase/share/colcon-core/packages/cpp_parameter_showcase)
[1.016s] Level 1:colcon.colcon_core.environment:create_environment_scripts_only(cpp_timer_showcase)
[1.017s] Level 1:colcon.colcon_core.environment:checking '/home/robotics/colcon_ws/install/cpp_timer_showcase' for CMake module files
[1.019s] DEBUG:colcon.colcon_core.event_handler.log_command:Invoked command in '/home/robotics/colcon_ws/build/cpp_timer_showcase' returned '0': CMAKE_PREFIX_PATH=/opt/ros/humble /usr/bin/cmake --install /home/robotics/colcon_ws/build/cpp_timer_showcase
[1.019s] Level 1:colcon.colcon_core.environment:checking '/home/robotics/colcon_ws/install/cpp_timer_showcase' for CMake config files
[1.019s] Level 1:colcon.colcon_core.shell:create_environment_hook('cpp_timer_showcase', 'cmake_prefix_path')
[1.019s] INFO:colcon.colcon_core.shell:Creating environment hook '/home/robotics/colcon_ws/install/cpp_timer_showcase/share/cpp_timer_showcase/hook/cmake_prefix_path.ps1'
[1.020s] INFO:colcon.colcon_core.shell:Creating environment descriptor '/home/robotics/colcon_ws/install/cpp_timer_showcase/share/cpp_timer_showcase/hook/cmake_prefix_path.dsv'
[1.020s] INFO:colcon.colcon_core.shell:Creating environment hook '/home/robotics/colcon_ws/install/cpp_timer_showcase/share/cpp_timer_showcase/hook/cmake_prefix_path.sh'
[1.021s] Level 1:colcon.colcon_core.environment:checking '/home/robotics/colcon_ws/install/cpp_timer_showcase/lib'
[1.021s] Level 1:colcon.colcon_core.environment:checking '/home/robotics/colcon_ws/install/cpp_timer_showcase/bin'
[1.021s] Level 1:colcon.colcon_core.environment:checking '/home/robotics/colcon_ws/install/cpp_timer_showcase/lib/pkgconfig/cpp_timer_showcase.pc'
[1.021s] Level 1:colcon.colcon_core.environment:checking '/home/robotics/colcon_ws/install/cpp_timer_showcase/lib/python3.10/site-packages'
[1.022s] Level 1:colcon.colcon_core.environment:checking '/home/robotics/colcon_ws/install/cpp_timer_showcase/bin'
[1.022s] INFO:colcon.colcon_core.shell:Creating package script '/home/robotics/colcon_ws/install/cpp_timer_showcase/share/cpp_timer_showcase/package.ps1'
[1.022s] INFO:colcon.colcon_core.shell:Creating package descriptor '/home/robotics/colcon_ws/install/cpp_timer_showcase/share/cpp_timer_showcase/package.dsv'
[1.023s] INFO:colcon.colcon_core.shell:Creating package script '/home/robotics/colcon_ws/install/cpp_timer_showcase/share/cpp_timer_showcase/package.sh'
[1.023s] INFO:colcon.colcon_core.shell:Creating package script '/home/robotics/colcon_ws/install/cpp_timer_showcase/share/cpp_timer_showcase/package.bash'
[1.023s] INFO:colcon.colcon_core.shell:Creating package script '/home/robotics/colcon_ws/install/cpp_timer_showcase/share/cpp_timer_showcase/package.zsh'
[1.024s] Level 1:colcon.colcon_core.environment:create_file_with_runtime_dependencies(/home/robotics/colcon_ws/install/cpp_timer_showcase/share/colcon-core/packages/cpp_timer_showcase)
[1.025s] Level 1:colcon.colcon_core.environment:create_environment_scripts_only(cpp_timer_showcase)
[1.025s] Level 1:colcon.colcon_core.environment:checking '/home/robotics/colcon_ws/install/cpp_timer_showcase' for CMake module files
[1.025s] Level 1:colcon.colcon_core.environment:checking '/home/robotics/colcon_ws/install/cpp_timer_showcase' for CMake config files
[1.026s] Level 1:colcon.colcon_core.shell:create_environment_hook('cpp_timer_showcase', 'cmake_prefix_path')
[1.026s] INFO:colcon.colcon_core.shell:Creating environment hook '/home/robotics/colcon_ws/install/cpp_timer_showcase/share/cpp_timer_showcase/hook/cmake_prefix_path.ps1'
[1.026s] INFO:colcon.colcon_core.shell:Creating environment descriptor '/home/robotics/colcon_ws/install/cpp_timer_showcase/share/cpp_timer_showcase/hook/cmake_prefix_path.dsv'
[1.027s] INFO:colcon.colcon_core.shell:Creating environment hook '/home/robotics/colcon_ws/install/cpp_timer_showcase/share/cpp_timer_showcase/hook/cmake_prefix_path.sh'
[1.027s] Level 1:colcon.colcon_core.environment:checking '/home/robotics/colcon_ws/install/cpp_timer_showcase/lib'
[1.027s] Level 1:colcon.colcon_core.environment:checking '/home/robotics/colcon_ws/install/cpp_timer_showcase/bin'
[1.027s] Level 1:colcon.colcon_core.environment:checking '/home/robotics/colcon_ws/install/cpp_timer_showcase/lib/pkgconfig/cpp_timer_showcase.pc'
[1.027s] Level 1:colcon.colcon_core.environment:checking '/home/robotics/colcon_ws/install/cpp_timer_showcase/lib/python3.10/site-packages'
[1.028s] Level 1:colcon.colcon_core.environment:checking '/home/robotics/colcon_ws/install/cpp_timer_showcase/bin'
[1.028s] INFO:colcon.colcon_core.shell:Creating package script '/home/robotics/colcon_ws/install/cpp_timer_showcase/share/cpp_timer_showcase/package.ps1'
[1.029s] INFO:colcon.colcon_core.shell:Creating package descriptor '/home/robotics/colcon_ws/install/cpp_timer_showcase/share/cpp_timer_showcase/package.dsv'
[1.029s] INFO:colcon.colcon_core.shell:Creating package script '/home/robotics/colcon_ws/install/cpp_timer_showcase/share/cpp_timer_showcase/package.sh'
[1.030s] INFO:colcon.colcon_core.shell:Creating package script '/home/robotics/colcon_ws/install/cpp_timer_showcase/share/cpp_timer_showcase/package.bash'
[1.030s] INFO:colcon.colcon_core.shell:Creating package script '/home/robotics/colcon_ws/install/cpp_timer_showcase/share/cpp_timer_showcase/package.zsh'
[1.030s] Level 1:colcon.colcon_core.environment:create_file_with_runtime_dependencies(/home/robotics/colcon_ws/install/cpp_timer_showcase/share/colcon-core/packages/cpp_timer_showcase)
[1.212s] DEBUG:colcon.colcon_core.event_handler.log_command:Invoked command in '/home/robotics/colcon_ws/build/custom_msg_demo' returned '0': CMAKE_PREFIX_PATH=/opt/ros/humble /usr/bin/cmake --build /home/robotics/colcon_ws/build/custom_msg_demo -- -j8 -l8
[1.215s] DEBUG:colcon.colcon_core.event_handler.log_command:Invoking command in '/home/robotics/colcon_ws/build/custom_msg_demo': CMAKE_PREFIX_PATH=/opt/ros/humble /usr/bin/cmake --install /home/robotics/colcon_ws/build/custom_msg_demo
[1.284s] DEBUG:colcon.colcon_core.event_handler.log_command:Invoked command in '/home/robotics/colcon_ws/build/custom_srv_demo' returned '0': CMAKE_PREFIX_PATH=/opt/ros/humble /usr/bin/cmake --build /home/robotics/colcon_ws/build/custom_srv_demo -- -j8 -l8
[1.286s] DEBUG:colcon.colcon_core.event_handler.log_command:Invoking command in '/home/robotics/colcon_ws/build/custom_srv_demo': CMAKE_PREFIX_PATH=/opt/ros/humble /usr/bin/cmake --install /home/robotics/colcon_ws/build/custom_srv_demo
[1.288s] Level 1:colcon.colcon_core.environment:create_environment_scripts_only(custom_msg_demo)
[1.289s] Level 1:colcon.colcon_core.environment:checking '/home/robotics/colcon_ws/install/custom_msg_demo' for CMake module files
[1.289s] DEBUG:colcon.colcon_core.event_handler.log_command:Invoked command in '/home/robotics/colcon_ws/build/custom_msg_demo' returned '0': CMAKE_PREFIX_PATH=/opt/ros/humble /usr/bin/cmake --install /home/robotics/colcon_ws/build/custom_msg_demo
[1.290s] Level 1:colcon.colcon_core.environment:checking '/home/robotics/colcon_ws/install/custom_msg_demo' for CMake config files
[1.290s] Level 1:colcon.colcon_core.shell:create_environment_hook('custom_msg_demo', 'cmake_prefix_path')
[1.291s] INFO:colcon.colcon_core.shell:Creating environment hook '/home/robotics/colcon_ws/install/custom_msg_demo/share/custom_msg_demo/hook/cmake_prefix_path.ps1'
[1.291s] INFO:colcon.colcon_core.shell:Creating environment descriptor '/home/robotics/colcon_ws/install/custom_msg_demo/share/custom_msg_demo/hook/cmake_prefix_path.dsv'
[1.291s] INFO:colcon.colcon_core.shell:Creating environment hook '/home/robotics/colcon_ws/install/custom_msg_demo/share/custom_msg_demo/hook/cmake_prefix_path.sh'
[1.292s] Level 1:colcon.colcon_core.environment:checking '/home/robotics/colcon_ws/install/custom_msg_demo/lib'
[1.292s] Level 1:colcon.colcon_core.shell:create_environment_hook('custom_msg_demo', 'ld_library_path_lib')
[1.292s] INFO:colcon.colcon_core.shell:Creating environment hook '/home/robotics/colcon_ws/install/custom_msg_demo/share/custom_msg_demo/hook/ld_library_path_lib.ps1'
[1.293s] INFO:colcon.colcon_core.shell:Creating environment descriptor '/home/robotics/colcon_ws/install/custom_msg_demo/share/custom_msg_demo/hook/ld_library_path_lib.dsv'
[1.293s] INFO:colcon.colcon_core.shell:Creating environment hook '/home/robotics/colcon_ws/install/custom_msg_demo/share/custom_msg_demo/hook/ld_library_path_lib.sh'
[1.294s] Level 1:colcon.colcon_core.environment:checking '/home/robotics/colcon_ws/install/custom_msg_demo/bin'
[1.294s] Level 1:colcon.colcon_core.environment:checking '/home/robotics/colcon_ws/install/custom_msg_demo/lib/pkgconfig/custom_msg_demo.pc'
[1.294s] Level 1:colcon.colcon_core.environment:checking '/home/robotics/colcon_ws/install/custom_msg_demo/lib/python3.10/site-packages'
[1.294s] Level 1:colcon.colcon_core.environment:checking '/home/robotics/colcon_ws/install/custom_msg_demo/bin'
[1.295s] INFO:colcon.colcon_core.shell:Creating package script '/home/robotics/colcon_ws/install/custom_msg_demo/share/custom_msg_demo/package.ps1'
[1.296s] INFO:colcon.colcon_core.shell:Creating package descriptor '/home/robotics/colcon_ws/install/custom_msg_demo/share/custom_msg_demo/package.dsv'
[1.297s] INFO:colcon.colcon_core.shell:Creating package script '/home/robotics/colcon_ws/install/custom_msg_demo/share/custom_msg_demo/package.sh'
[1.304s] INFO:colcon.colcon_core.shell:Creating package script '/home/robotics/colcon_ws/install/custom_msg_demo/share/custom_msg_demo/package.bash'
[1.312s] INFO:colcon.colcon_core.shell:Creating package script '/home/robotics/colcon_ws/install/custom_msg_demo/share/custom_msg_demo/package.zsh'
[1.317s] Level 1:colcon.colcon_core.environment:create_file_with_runtime_dependencies(/home/robotics/colcon_ws/install/custom_msg_demo/share/colcon-core/packages/custom_msg_demo)
[1.318s] Level 1:colcon.colcon_core.environment:create_environment_scripts_only(custom_msg_demo)
[1.318s] Level 1:colcon.colcon_core.environment:checking '/home/robotics/colcon_ws/install/custom_msg_demo' for CMake module files
[1.319s] Level 1:colcon.colcon_core.environment:checking '/home/robotics/colcon_ws/install/custom_msg_demo' for CMake config files
[1.320s] Level 1:colcon.colcon_core.shell:create_environment_hook('custom_msg_demo', 'cmake_prefix_path')
[1.320s] INFO:colcon.colcon_core.shell:Creating environment hook '/home/robotics/colcon_ws/install/custom_msg_demo/share/custom_msg_demo/hook/cmake_prefix_path.ps1'
[1.320s] INFO:colcon.colcon_core.shell:Creating environment descriptor '/home/robotics/colcon_ws/install/custom_msg_demo/share/custom_msg_demo/hook/cmake_prefix_path.dsv'
[1.321s] INFO:colcon.colcon_core.shell:Creating environment hook '/home/robotics/colcon_ws/install/custom_msg_demo/share/custom_msg_demo/hook/cmake_prefix_path.sh'
[1.322s] Level 1:colcon.colcon_core.environment:checking '/home/robotics/colcon_ws/install/custom_msg_demo/lib'
[1.322s] Level 1:colcon.colcon_core.shell:create_environment_hook('custom_msg_demo', 'ld_library_path_lib')
[1.322s] INFO:colcon.colcon_core.shell:Creating environment hook '/home/robotics/colcon_ws/install/custom_msg_demo/share/custom_msg_demo/hook/ld_library_path_lib.ps1'
[1.322s] INFO:colcon.colcon_core.shell:Creating environment descriptor '/home/robotics/colcon_ws/install/custom_msg_demo/share/custom_msg_demo/hook/ld_library_path_lib.dsv'
[1.323s] INFO:colcon.colcon_core.shell:Creating environment hook '/home/robotics/colcon_ws/install/custom_msg_demo/share/custom_msg_demo/hook/ld_library_path_lib.sh'
[1.323s] Level 1:colcon.colcon_core.environment:checking '/home/robotics/colcon_ws/install/custom_msg_demo/bin'
[1.323s] Level 1:colcon.colcon_core.environment:checking '/home/robotics/colcon_ws/install/custom_msg_demo/lib/pkgconfig/custom_msg_demo.pc'
[1.324s] Level 1:colcon.colcon_core.environment:checking '/home/robotics/colcon_ws/install/custom_msg_demo/lib/python3.10/site-packages'
[1.324s] Level 1:colcon.colcon_core.environment:checking '/home/robotics/colcon_ws/install/custom_msg_demo/bin'
[1.324s] INFO:colcon.colcon_core.shell:Creating package script '/home/robotics/colcon_ws/install/custom_msg_demo/share/custom_msg_demo/package.ps1'
[1.325s] INFO:colcon.colcon_core.shell:Creating package descriptor '/home/robotics/colcon_ws/install/custom_msg_demo/share/custom_msg_demo/package.dsv'
[1.326s] INFO:colcon.colcon_core.shell:Creating package script '/home/robotics/colcon_ws/install/custom_msg_demo/share/custom_msg_demo/package.sh'
[1.326s] INFO:colcon.colcon_core.shell:Creating package script '/home/robotics/colcon_ws/install/custom_msg_demo/share/custom_msg_demo/package.bash'
[1.327s] INFO:colcon.colcon_core.shell:Creating package script '/home/robotics/colcon_ws/install/custom_msg_demo/share/custom_msg_demo/package.zsh'
[1.327s] Level 1:colcon.colcon_core.environment:create_file_with_runtime_dependencies(/home/robotics/colcon_ws/install/custom_msg_demo/share/colcon-core/packages/custom_msg_demo)
[1.356s] Level 1:colcon.colcon_core.environment:create_environment_scripts_only(custom_srv_demo)
[1.356s] DEBUG:colcon.colcon_core.event_handler.log_command:Invoked command in '/home/robotics/colcon_ws/build/custom_srv_demo' returned '0': CMAKE_PREFIX_PATH=/opt/ros/humble /usr/bin/cmake --install /home/robotics/colcon_ws/build/custom_srv_demo
[1.357s] Level 1:colcon.colcon_core.environment:checking '/home/robotics/colcon_ws/install/custom_srv_demo' for CMake module files
[1.357s] Level 1:colcon.colcon_core.environment:checking '/home/robotics/colcon_ws/install/custom_srv_demo' for CMake config files
[1.358s] Level 1:colcon.colcon_core.shell:create_environment_hook('custom_srv_demo', 'cmake_prefix_path')
[1.358s] INFO:colcon.colcon_core.shell:Creating environment hook '/home/robotics/colcon_ws/install/custom_srv_demo/share/custom_srv_demo/hook/cmake_prefix_path.ps1'
[1.358s] INFO:colcon.colcon_core.shell:Creating environment descriptor '/home/robotics/colcon_ws/install/custom_srv_demo/share/custom_srv_demo/hook/cmake_prefix_path.dsv'
[1.359s] INFO:colcon.colcon_core.shell:Creating environment hook '/home/robotics/colcon_ws/install/custom_srv_demo/share/custom_srv_demo/hook/cmake_prefix_path.sh'
[1.359s] Level 1:colcon.colcon_core.environment:checking '/home/robotics/colcon_ws/install/custom_srv_demo/lib'
[1.359s] Level 1:colcon.colcon_core.shell:create_environment_hook('custom_srv_demo', 'ld_library_path_lib')
[1.359s] INFO:colcon.colcon_core.shell:Creating environment hook '/home/robotics/colcon_ws/install/custom_srv_demo/share/custom_srv_demo/hook/ld_library_path_lib.ps1'
[1.360s] INFO:colcon.colcon_core.shell:Creating environment descriptor '/home/robotics/colcon_ws/install/custom_srv_demo/share/custom_srv_demo/hook/ld_library_path_lib.dsv'
[1.360s] INFO:colcon.colcon_core.shell:Creating environment hook '/home/robotics/colcon_ws/install/custom_srv_demo/share/custom_srv_demo/hook/ld_library_path_lib.sh'
[1.361s] Level 1:colcon.colcon_core.environment:checking '/home/robotics/colcon_ws/install/custom_srv_demo/bin'
[1.361s] Level 1:colcon.colcon_core.environment:checking '/home/robotics/colcon_ws/install/custom_srv_demo/lib/pkgconfig/custom_srv_demo.pc'
[1.361s] Level 1:colcon.colcon_core.environment:checking '/home/robotics/colcon_ws/install/custom_srv_demo/lib/python3.10/site-packages'
[1.362s] Level 1:colcon.colcon_core.environment:checking '/home/robotics/colcon_ws/install/custom_srv_demo/bin'
[1.362s] INFO:colcon.colcon_core.shell:Creating package script '/home/robotics/colcon_ws/install/custom_srv_demo/share/custom_srv_demo/package.ps1'
[1.362s] INFO:colcon.colcon_core.shell:Creating package descriptor '/home/robotics/colcon_ws/install/custom_srv_demo/share/custom_srv_demo/package.dsv'
[1.363s] INFO:colcon.colcon_core.shell:Creating package script '/home/robotics/colcon_ws/install/custom_srv_demo/share/custom_srv_demo/package.sh'
[1.363s] INFO:colcon.colcon_core.shell:Creating package script '/home/robotics/colcon_ws/install/custom_srv_demo/share/custom_srv_demo/package.bash'
[1.364s] INFO:colcon.colcon_core.shell:Creating package script '/home/robotics/colcon_ws/install/custom_srv_demo/share/custom_srv_demo/package.zsh'
[1.364s] Level 1:colcon.colcon_core.environment:create_file_with_runtime_dependencies(/home/robotics/colcon_ws/install/custom_srv_demo/share/colcon-core/packages/custom_srv_demo)
[1.365s] Level 1:colcon.colcon_core.environment:create_environment_scripts_only(custom_srv_demo)
[1.365s] Level 1:colcon.colcon_core.environment:checking '/home/robotics/colcon_ws/install/custom_srv_demo' for CMake module files
[1.365s] Level 1:colcon.colcon_core.environment:checking '/home/robotics/colcon_ws/install/custom_srv_demo' for CMake config files
[1.366s] Level 1:colcon.colcon_core.shell:create_environment_hook('custom_srv_demo', 'cmake_prefix_path')
[1.366s] INFO:colcon.colcon_core.shell:Creating environment hook '/home/robotics/colcon_ws/install/custom_srv_demo/share/custom_srv_demo/hook/cmake_prefix_path.ps1'
[1.366s] INFO:colcon.colcon_core.shell:Creating environment descriptor '/home/robotics/colcon_ws/install/custom_srv_demo/share/custom_srv_demo/hook/cmake_prefix_path.dsv'
[1.366s] INFO:colcon.colcon_core.shell:Creating environment hook '/home/robotics/colcon_ws/install/custom_srv_demo/share/custom_srv_demo/hook/cmake_prefix_path.sh'
[1.367s] Level 1:colcon.colcon_core.environment:checking '/home/robotics/colcon_ws/install/custom_srv_demo/lib'
[1.367s] Level 1:colcon.colcon_core.shell:create_environment_hook('custom_srv_demo', 'ld_library_path_lib')
[1.367s] INFO:colcon.colcon_core.shell:Creating environment hook '/home/robotics/colcon_ws/install/custom_srv_demo/share/custom_srv_demo/hook/ld_library_path_lib.ps1'
[1.368s] INFO:colcon.colcon_core.shell:Creating environment descriptor '/home/robotics/colcon_ws/install/custom_srv_demo/share/custom_srv_demo/hook/ld_library_path_lib.dsv'
[1.369s] INFO:colcon.colcon_core.shell:Creating environment hook '/home/robotics/colcon_ws/install/custom_srv_demo/share/custom_srv_demo/hook/ld_library_path_lib.sh'
[1.369s] Level 1:colcon.colcon_core.environment:checking '/home/robotics/colcon_ws/install/custom_srv_demo/bin'
[1.369s] Level 1:colcon.colcon_core.environment:checking '/home/robotics/colcon_ws/install/custom_srv_demo/lib/pkgconfig/custom_srv_demo.pc'
[1.370s] Level 1:colcon.colcon_core.environment:checking '/home/robotics/colcon_ws/install/custom_srv_demo/lib/python3.10/site-packages'
[1.370s] Level 1:colcon.colcon_core.environment:checking '/home/robotics/colcon_ws/install/custom_srv_demo/bin'
[1.370s] INFO:colcon.colcon_core.shell:Creating package script '/home/robotics/colcon_ws/install/custom_srv_demo/share/custom_srv_demo/package.ps1'
[1.371s] INFO:colcon.colcon_core.shell:Creating package descriptor '/home/robotics/colcon_ws/install/custom_srv_demo/share/custom_srv_demo/package.dsv'
[1.371s] INFO:colcon.colcon_core.shell:Creating package script '/home/robotics/colcon_ws/install/custom_srv_demo/share/custom_srv_demo/package.sh'
[1.372s] INFO:colcon.colcon_core.shell:Creating package script '/home/robotics/colcon_ws/install/custom_srv_demo/share/custom_srv_demo/package.bash'
[1.372s] INFO:colcon.colcon_core.shell:Creating package script '/home/robotics/colcon_ws/install/custom_srv_demo/share/custom_srv_demo/package.zsh'
[1.373s] Level 1:colcon.colcon_core.environment:create_file_with_runtime_dependencies(/home/robotics/colcon_ws/install/custom_srv_demo/share/colcon-core/packages/custom_srv_demo)
[1.373s] DEBUG:colcon.colcon_parallel_executor.executor.parallel:closing loop
[1.374s] DEBUG:colcon.colcon_parallel_executor.executor.parallel:loop closed
[1.374s] DEBUG:colcon.colcon_parallel_executor.executor.parallel:run_until_complete finished with '0'
[1.374s] DEBUG:colcon.colcon_core.event_reactor:joining thread
[1.381s] INFO:colcon.colcon_core.plugin_system:Skipping extension 'colcon_notification.desktop_notification.notify_send': Could not find 'notify-send'
[1.381s] INFO:colcon.colcon_core.plugin_system:Skipping extension 'colcon_notification.desktop_notification.terminal_notifier': Not used on non-Darwin systems
[1.381s] INFO:colcon.colcon_core.plugin_system:Skipping extension 'colcon_notification.desktop_notification.win32': Not used on non-Windows systems
[1.382s] INFO:colcon.colcon_notification.desktop_notification:Sending desktop notification using 'notify2'
[1.384s] DEBUG:colcon.colcon_notification.desktop_notification.notify2:Failed to initialize notify2: org.freedesktop.DBus.Error.Spawn.ExecFailed: /usr/bin/dbus-launch terminated abnormally without any error message
[1.385s] DEBUG:colcon.colcon_core.event_reactor:joined thread
[1.385s] INFO:colcon.colcon_core.shell:Creating prefix script '/home/robotics/colcon_ws/install/local_setup.ps1'
[1.386s] INFO:colcon.colcon_core.shell:Creating prefix util module '/home/robotics/colcon_ws/install/_local_setup_util_ps1.py'
[1.388s] INFO:colcon.colcon_core.shell:Creating prefix chain script '/home/robotics/colcon_ws/install/setup.ps1'
[1.389s] INFO:colcon.colcon_core.shell:Creating prefix script '/home/robotics/colcon_ws/install/local_setup.sh'
[1.389s] INFO:colcon.colcon_core.shell:Creating prefix util module '/home/robotics/colcon_ws/install/_local_setup_util_sh.py'
[1.390s] INFO:colcon.colcon_core.shell:Creating prefix chain script '/home/robotics/colcon_ws/install/setup.sh'
[1.390s] INFO:colcon.colcon_core.shell:Creating prefix script '/home/robotics/colcon_ws/install/local_setup.bash'
[1.391s] INFO:colcon.colcon_core.shell:Creating prefix chain script '/home/robotics/colcon_ws/install/setup.bash'
[1.392s] INFO:colcon.colcon_core.shell:Creating prefix script '/home/robotics/colcon_ws/install/local_setup.zsh'
[1.393s] INFO:colcon.colcon_core.shell:Creating prefix chain script '/home/robotics/colcon_ws/install/setup.zsh'
