[0.180s] DEBUG:colcon:Command line arguments: ['/usr/bin/colcon', 'build']
[0.181s] DEBUG:colcon:Parsed command line arguments: Namespace(log_base=None, log_level=None, verb_name='build', build_base='build', install_base='install', merge_install=False, symlink_install=False, test_result_base=None, continue_on_error=False, executor='parallel', parallel_workers=8, event_handlers=None, ignore_user_meta=False, metas=['./colcon.meta'], base_paths=['.'], packages_ignore=None, packages_ignore_regex=None, paths=None, packages_up_to=None, packages_up_to_regex=None, packages_above=None, packages_above_and_dependencies=None, packages_above_depth=None, packages_select_by_dep=None, packages_skip_by_dep=None, packages_skip_up_to=None, packages_select_build_failed=False, packages_skip_build_finished=False, packages_select_test_failures=False, packages_skip_test_passed=False, packages_select=None, packages_skip=None, packages_select_regex=None, packages_skip_regex=None, packages_start=None, packages_end=None, cmake_args=None, cmake_target=None, cmake_target_skip_unavailable=False, cmake_clean_cache=False, cmake_clean_first=False, cmake_force_configure=False, ament_cmake_args=None, catkin_cmake_args=None, catkin_skip_building_tests=False, mixin_files=None, mixin=None, verb_parser=<colcon_mixin.mixin.mixin_argument.MixinArgumentDecorator object at 0x7d04ca3c8c40>, verb_extension=<colcon_core.verb.build.BuildVerb object at 0x7d04ca3c8610>, main=<bound method BuildVerb.main of <colcon_core.verb.build.BuildVerb object at 0x7d04ca3c8610>>, mixin_verb=('build',))
[0.759s] Level 1:colcon.colcon_core.package_discovery:discover_packages(colcon_meta) check parameters
[0.760s] Level 1:colcon.colcon_core.package_discovery:discover_packages(recursive) check parameters
[0.760s] Level 1:colcon.colcon_core.package_discovery:discover_packages(ignore) check parameters
[0.760s] Level 1:colcon.colcon_core.package_discovery:discover_packages(path) check parameters
[0.761s] Level 1:colcon.colcon_core.package_discovery:discover_packages(colcon_meta) discover
[0.761s] Level 1:colcon.colcon_core.package_discovery:discover_packages(recursive) discover
[0.761s] INFO:colcon.colcon_core.package_discovery:Crawling recursively for packages in '/home/robotics/colcon_ws'
[0.762s] Level 1:colcon.colcon_core.package_identification:_identify(.) by extensions ['ignore', 'ignore_ament_install']
[0.762s] Level 1:colcon.colcon_core.package_identification:_identify(.) by extension 'ignore'
[0.762s] Level 1:colcon.colcon_core.package_identification:_identify(.) by extension 'ignore_ament_install'
[0.762s] Level 1:colcon.colcon_core.package_identification:_identify(.) by extensions ['colcon_pkg']
[0.762s] Level 1:colcon.colcon_core.package_identification:_identify(.) by extension 'colcon_pkg'
[0.762s] Level 1:colcon.colcon_core.package_identification:_identify(.) by extensions ['colcon_meta']
[0.762s] Level 1:colcon.colcon_core.package_identification:_identify(.) by extension 'colcon_meta'
[0.762s] Level 1:colcon.colcon_core.package_identification:_identify(.) by extensions ['ros']
[0.763s] Level 1:colcon.colcon_core.package_identification:_identify(.) by extension 'ros'
[0.791s] Level 1:colcon.colcon_core.package_identification:_identify(.) by extensions ['cmake', 'python']
[0.791s] Level 1:colcon.colcon_core.package_identification:_identify(.) by extension 'cmake'
[0.791s] Level 1:colcon.colcon_core.package_identification:_identify(.) by extension 'python'
[0.791s] Level 1:colcon.colcon_core.package_identification:_identify(.) by extensions ['python_setup_py']
[0.791s] Level 1:colcon.colcon_core.package_identification:_identify(.) by extension 'python_setup_py'
[0.792s] Level 1:colcon.colcon_core.package_identification:_identify(build) by extensions ['ignore', 'ignore_ament_install']
[0.792s] Level 1:colcon.colcon_core.package_identification:_identify(build) by extension 'ignore'
[0.792s] Level 1:colcon.colcon_core.package_identification:_identify(build) ignored
[0.793s] Level 1:colcon.colcon_core.package_identification:_identify(install) by extensions ['ignore', 'ignore_ament_install']
[0.793s] Level 1:colcon.colcon_core.package_identification:_identify(install) by extension 'ignore'
[0.793s] Level 1:colcon.colcon_core.package_identification:_identify(install) ignored
[0.793s] Level 1:colcon.colcon_core.package_identification:_identify(log) by extensions ['ignore', 'ignore_ament_install']
[0.793s] Level 1:colcon.colcon_core.package_identification:_identify(log) by extension 'ignore'
[0.793s] Level 1:colcon.colcon_core.package_identification:_identify(log) ignored
[0.793s] Level 1:colcon.colcon_core.package_identification:_identify(src) by extensions ['ignore', 'ignore_ament_install']
[0.793s] Level 1:colcon.colcon_core.package_identification:_identify(src) by extension 'ignore'
[0.793s] Level 1:colcon.colcon_core.package_identification:_identify(src) by extension 'ignore_ament_install'
[0.793s] Level 1:colcon.colcon_core.package_identification:_identify(src) by extensions ['colcon_pkg']
[0.794s] Level 1:colcon.colcon_core.package_identification:_identify(src) by extension 'colcon_pkg'
[0.794s] Level 1:colcon.colcon_core.package_identification:_identify(src) by extensions ['colcon_meta']
[0.794s] Level 1:colcon.colcon_core.package_identification:_identify(src) by extension 'colcon_meta'
[0.794s] Level 1:colcon.colcon_core.package_identification:_identify(src) by extensions ['ros']
[0.794s] Level 1:colcon.colcon_core.package_identification:_identify(src) by extension 'ros'
[0.794s] Level 1:colcon.colcon_core.package_identification:_identify(src) by extensions ['cmake', 'python']
[0.794s] Level 1:colcon.colcon_core.package_identification:_identify(src) by extension 'cmake'
[0.794s] Level 1:colcon.colcon_core.package_identification:_identify(src) by extension 'python'
[0.794s] Level 1:colcon.colcon_core.package_identification:_identify(src) by extensions ['python_setup_py']
[0.794s] Level 1:colcon.colcon_core.package_identification:_identify(src) by extension 'python_setup_py'
[0.794s] Level 1:colcon.colcon_core.package_identification:_identify(src/cpp_pubsub) by extensions ['ignore', 'ignore_ament_install']
[0.794s] Level 1:colcon.colcon_core.package_identification:_identify(src/cpp_pubsub) by extension 'ignore'
[0.795s] Level 1:colcon.colcon_core.package_identification:_identify(src/cpp_pubsub) by extension 'ignore_ament_install'
[0.795s] Level 1:colcon.colcon_core.package_identification:_identify(src/cpp_pubsub) by extensions ['colcon_pkg']
[0.795s] Level 1:colcon.colcon_core.package_identification:_identify(src/cpp_pubsub) by extension 'colcon_pkg'
[0.795s] Level 1:colcon.colcon_core.package_identification:_identify(src/cpp_pubsub) by extensions ['colcon_meta']
[0.795s] Level 1:colcon.colcon_core.package_identification:_identify(src/cpp_pubsub) by extension 'colcon_meta'
[0.795s] Level 1:colcon.colcon_core.package_identification:_identify(src/cpp_pubsub) by extensions ['ros']
[0.795s] Level 1:colcon.colcon_core.package_identification:_identify(src/cpp_pubsub) by extension 'ros'
[0.799s] DEBUG:colcon.colcon_core.package_identification:Package 'src/cpp_pubsub' with type 'ros.ament_cmake' and name 'cpp_pubsub'
[0.799s] Level 1:colcon.colcon_core.package_identification:_identify(src/custom_msg_demo) by extensions ['ignore', 'ignore_ament_install']
[0.799s] Level 1:colcon.colcon_core.package_identification:_identify(src/custom_msg_demo) by extension 'ignore'
[0.799s] Level 1:colcon.colcon_core.package_identification:_identify(src/custom_msg_demo) by extension 'ignore_ament_install'
[0.799s] Level 1:colcon.colcon_core.package_identification:_identify(src/custom_msg_demo) by extensions ['colcon_pkg']
[0.799s] Level 1:colcon.colcon_core.package_identification:_identify(src/custom_msg_demo) by extension 'colcon_pkg'
[0.799s] Level 1:colcon.colcon_core.package_identification:_identify(src/custom_msg_demo) by extensions ['colcon_meta']
[0.799s] Level 1:colcon.colcon_core.package_identification:_identify(src/custom_msg_demo) by extension 'colcon_meta'
[0.799s] Level 1:colcon.colcon_core.package_identification:_identify(src/custom_msg_demo) by extensions ['ros']
[0.800s] Level 1:colcon.colcon_core.package_identification:_identify(src/custom_msg_demo) by extension 'ros'
[0.800s] DEBUG:colcon.colcon_core.package_identification:Package 'src/custom_msg_demo' with type 'ros.ament_cmake' and name 'custom_msg_demo'
[0.800s] Level 1:colcon.colcon_core.package_discovery:discover_packages(recursive) using defaults
[0.800s] Level 1:colcon.colcon_core.package_discovery:discover_packages(ignore) discover
[0.800s] Level 1:colcon.colcon_core.package_discovery:discover_packages(ignore) using defaults
[0.800s] Level 1:colcon.colcon_core.package_discovery:discover_packages(path) discover
[0.800s] Level 1:colcon.colcon_core.package_discovery:discover_packages(path) using defaults
[0.869s] Level 5:colcon.colcon_core.verb:set package 'cpp_pubsub' build argument 'cmake_args' from command line to 'None'
[0.870s] Level 5:colcon.colcon_core.verb:set package 'cpp_pubsub' build argument 'cmake_target' from command line to 'None'
[0.870s] Level 5:colcon.colcon_core.verb:set package 'cpp_pubsub' build argument 'cmake_target_skip_unavailable' from command line to 'False'
[0.870s] Level 5:colcon.colcon_core.verb:set package 'cpp_pubsub' build argument 'cmake_clean_cache' from command line to 'False'
[0.870s] Level 5:colcon.colcon_core.verb:set package 'cpp_pubsub' build argument 'cmake_clean_first' from command line to 'False'
[0.870s] Level 5:colcon.colcon_core.verb:set package 'cpp_pubsub' build argument 'cmake_force_configure' from command line to 'False'
[0.870s] Level 5:colcon.colcon_core.verb:set package 'cpp_pubsub' build argument 'ament_cmake_args' from command line to 'None'
[0.870s] Level 5:colcon.colcon_core.verb:set package 'cpp_pubsub' build argument 'catkin_cmake_args' from command line to 'None'
[0.870s] Level 5:colcon.colcon_core.verb:set package 'cpp_pubsub' build argument 'catkin_skip_building_tests' from command line to 'False'
[0.870s] DEBUG:colcon.colcon_core.verb:Building package 'cpp_pubsub' with the following arguments: {'ament_cmake_args': None, 'build_base': '/home/robotics/colcon_ws/build/cpp_pubsub', 'catkin_cmake_args': None, 'catkin_skip_building_tests': False, 'cmake_args': None, 'cmake_clean_cache': False, 'cmake_clean_first': False, 'cmake_force_configure': False, 'cmake_target': None, 'cmake_target_skip_unavailable': False, 'install_base': '/home/robotics/colcon_ws/install/cpp_pubsub', 'merge_install': False, 'path': '/home/robotics/colcon_ws/src/cpp_pubsub', 'symlink_install': False, 'test_result_base': None}
[0.870s] Level 5:colcon.colcon_core.verb:set package 'custom_msg_demo' build argument 'cmake_args' from command line to 'None'
[0.870s] Level 5:colcon.colcon_core.verb:set package 'custom_msg_demo' build argument 'cmake_target' from command line to 'None'
[0.870s] Level 5:colcon.colcon_core.verb:set package 'custom_msg_demo' build argument 'cmake_target_skip_unavailable' from command line to 'False'
[0.870s] Level 5:colcon.colcon_core.verb:set package 'custom_msg_demo' build argument 'cmake_clean_cache' from command line to 'False'
[0.870s] Level 5:colcon.colcon_core.verb:set package 'custom_msg_demo' build argument 'cmake_clean_first' from command line to 'False'
[0.870s] Level 5:colcon.colcon_core.verb:set package 'custom_msg_demo' build argument 'cmake_force_configure' from command line to 'False'
[0.870s] Level 5:colcon.colcon_core.verb:set package 'custom_msg_demo' build argument 'ament_cmake_args' from command line to 'None'
[0.870s] Level 5:colcon.colcon_core.verb:set package 'custom_msg_demo' build argument 'catkin_cmake_args' from command line to 'None'
[0.870s] Level 5:colcon.colcon_core.verb:set package 'custom_msg_demo' build argument 'catkin_skip_building_tests' from command line to 'False'
[0.870s] DEBUG:colcon.colcon_core.verb:Building package 'custom_msg_demo' with the following arguments: {'ament_cmake_args': None, 'build_base': '/home/robotics/colcon_ws/build/custom_msg_demo', 'catkin_cmake_args': None, 'catkin_skip_building_tests': False, 'cmake_args': None, 'cmake_clean_cache': False, 'cmake_clean_first': False, 'cmake_force_configure': False, 'cmake_target': None, 'cmake_target_skip_unavailable': False, 'install_base': '/home/robotics/colcon_ws/install/custom_msg_demo', 'merge_install': False, 'path': '/home/robotics/colcon_ws/src/custom_msg_demo', 'symlink_install': False, 'test_result_base': None}
[0.870s] INFO:colcon.colcon_core.executor:Executing jobs using 'parallel' executor
[0.872s] DEBUG:colcon.colcon_parallel_executor.executor.parallel:run_until_complete
[0.872s] INFO:colcon.colcon_ros.task.ament_cmake.build:Building ROS package in '/home/robotics/colcon_ws/src/cpp_pubsub' with build type 'ament_cmake'
[0.872s] INFO:colcon.colcon_cmake.task.cmake.build:Building CMake package in '/home/robotics/colcon_ws/src/cpp_pubsub'
[0.886s] INFO:colcon.colcon_core.plugin_system:Skipping extension 'colcon_core.shell.bat': Not used on non-Windows systems
[0.887s] INFO:colcon.colcon_core.shell:Skip shell extension 'powershell' for command environment: Not usable outside of PowerShell
[0.887s] DEBUG:colcon.colcon_core.shell:Skip shell extension 'dsv' for command environment
[0.902s] INFO:colcon.colcon_ros.task.ament_cmake.build:Building ROS package in '/home/robotics/colcon_ws/src/custom_msg_demo' with build type 'ament_cmake'
[0.902s] INFO:colcon.colcon_cmake.task.cmake.build:Building CMake package in '/home/robotics/colcon_ws/src/custom_msg_demo'
[0.903s] INFO:colcon.colcon_core.shell:Skip shell extension 'powershell' for command environment: Not usable outside of PowerShell
[0.903s] DEBUG:colcon.colcon_core.shell:Skip shell extension 'dsv' for command environment
[0.922s] DEBUG:colcon.colcon_core.event_handler.log_command:Invoking command in '/home/robotics/colcon_ws/build/cpp_pubsub': CMAKE_PREFIX_PATH=/opt/ros/humble /usr/bin/cmake --build /home/robotics/colcon_ws/build/cpp_pubsub -- -j8 -l8
[0.935s] DEBUG:colcon.colcon_core.event_handler.log_command:Invoking command in '/home/robotics/colcon_ws/build/custom_msg_demo': CMAKE_PREFIX_PATH=/opt/ros/humble /usr/bin/cmake /home/robotics/colcon_ws/src/custom_msg_demo -DCMAKE_INSTALL_PREFIX=/home/robotics/colcon_ws/install/custom_msg_demo
[1.144s] DEBUG:colcon.colcon_core.event_handler.log_command:Invoked command in '/home/robotics/colcon_ws/build/cpp_pubsub' returned '0': CMAKE_PREFIX_PATH=/opt/ros/humble /usr/bin/cmake --build /home/robotics/colcon_ws/build/cpp_pubsub -- -j8 -l8
[1.163s] DEBUG:colcon.colcon_core.event_handler.log_command:Invoking command in '/home/robotics/colcon_ws/build/cpp_pubsub': CMAKE_PREFIX_PATH=/opt/ros/humble /usr/bin/cmake --install /home/robotics/colcon_ws/build/cpp_pubsub
[1.183s] Level 1:colcon.colcon_core.environment:create_environment_scripts_only(cpp_pubsub)
[1.184s] DEBUG:colcon.colcon_core.event_handler.log_command:Invoked command in '/home/robotics/colcon_ws/build/cpp_pubsub' returned '0': CMAKE_PREFIX_PATH=/opt/ros/humble /usr/bin/cmake --install /home/robotics/colcon_ws/build/cpp_pubsub
[1.193s] Level 1:colcon.colcon_core.environment:checking '/home/robotics/colcon_ws/install/cpp_pubsub' for CMake module files
[1.194s] Level 1:colcon.colcon_core.environment:checking '/home/robotics/colcon_ws/install/cpp_pubsub' for CMake config files
[1.198s] Level 1:colcon.colcon_core.shell:create_environment_hook('cpp_pubsub', 'cmake_prefix_path')
[1.199s] INFO:colcon.colcon_core.shell:Creating environment hook '/home/robotics/colcon_ws/install/cpp_pubsub/share/cpp_pubsub/hook/cmake_prefix_path.ps1'
[1.200s] INFO:colcon.colcon_core.shell:Creating environment descriptor '/home/robotics/colcon_ws/install/cpp_pubsub/share/cpp_pubsub/hook/cmake_prefix_path.dsv'
[1.201s] INFO:colcon.colcon_core.shell:Creating environment hook '/home/robotics/colcon_ws/install/cpp_pubsub/share/cpp_pubsub/hook/cmake_prefix_path.sh'
[1.204s] Level 1:colcon.colcon_core.environment:checking '/home/robotics/colcon_ws/install/cpp_pubsub/lib'
[1.205s] Level 1:colcon.colcon_core.environment:checking '/home/robotics/colcon_ws/install/cpp_pubsub/bin'
[1.205s] Level 1:colcon.colcon_core.environment:checking '/home/robotics/colcon_ws/install/cpp_pubsub/lib/pkgconfig/cpp_pubsub.pc'
[1.207s] Level 1:colcon.colcon_core.environment:checking '/home/robotics/colcon_ws/install/cpp_pubsub/lib/python3.10/site-packages'
[1.208s] Level 1:colcon.colcon_core.environment:checking '/home/robotics/colcon_ws/install/cpp_pubsub/bin'
[1.208s] INFO:colcon.colcon_core.shell:Creating package script '/home/robotics/colcon_ws/install/cpp_pubsub/share/cpp_pubsub/package.ps1'
[1.209s] INFO:colcon.colcon_core.shell:Creating package descriptor '/home/robotics/colcon_ws/install/cpp_pubsub/share/cpp_pubsub/package.dsv'
[1.211s] INFO:colcon.colcon_core.shell:Creating package script '/home/robotics/colcon_ws/install/cpp_pubsub/share/cpp_pubsub/package.sh'
[1.212s] INFO:colcon.colcon_core.shell:Creating package script '/home/robotics/colcon_ws/install/cpp_pubsub/share/cpp_pubsub/package.bash'
[1.214s] INFO:colcon.colcon_core.shell:Creating package script '/home/robotics/colcon_ws/install/cpp_pubsub/share/cpp_pubsub/package.zsh'
[1.217s] Level 1:colcon.colcon_core.environment:create_file_with_runtime_dependencies(/home/robotics/colcon_ws/install/cpp_pubsub/share/colcon-core/packages/cpp_pubsub)
[1.219s] Level 1:colcon.colcon_core.environment:create_environment_scripts_only(cpp_pubsub)
[1.219s] Level 1:colcon.colcon_core.environment:checking '/home/robotics/colcon_ws/install/cpp_pubsub' for CMake module files
[1.220s] Level 1:colcon.colcon_core.environment:checking '/home/robotics/colcon_ws/install/cpp_pubsub' for CMake config files
[1.220s] Level 1:colcon.colcon_core.shell:create_environment_hook('cpp_pubsub', 'cmake_prefix_path')
[1.221s] INFO:colcon.colcon_core.shell:Creating environment hook '/home/robotics/colcon_ws/install/cpp_pubsub/share/cpp_pubsub/hook/cmake_prefix_path.ps1'
[1.221s] INFO:colcon.colcon_core.shell:Creating environment descriptor '/home/robotics/colcon_ws/install/cpp_pubsub/share/cpp_pubsub/hook/cmake_prefix_path.dsv'
[1.222s] INFO:colcon.colcon_core.shell:Creating environment hook '/home/robotics/colcon_ws/install/cpp_pubsub/share/cpp_pubsub/hook/cmake_prefix_path.sh'
[1.223s] Level 1:colcon.colcon_core.environment:checking '/home/robotics/colcon_ws/install/cpp_pubsub/lib'
[1.223s] Level 1:colcon.colcon_core.environment:checking '/home/robotics/colcon_ws/install/cpp_pubsub/bin'
[1.223s] Level 1:colcon.colcon_core.environment:checking '/home/robotics/colcon_ws/install/cpp_pubsub/lib/pkgconfig/cpp_pubsub.pc'
[1.223s] Level 1:colcon.colcon_core.environment:checking '/home/robotics/colcon_ws/install/cpp_pubsub/lib/python3.10/site-packages'
[1.224s] Level 1:colcon.colcon_core.environment:checking '/home/robotics/colcon_ws/install/cpp_pubsub/bin'
[1.224s] INFO:colcon.colcon_core.shell:Creating package script '/home/robotics/colcon_ws/install/cpp_pubsub/share/cpp_pubsub/package.ps1'
[1.225s] INFO:colcon.colcon_core.shell:Creating package descriptor '/home/robotics/colcon_ws/install/cpp_pubsub/share/cpp_pubsub/package.dsv'
[1.226s] INFO:colcon.colcon_core.shell:Creating package script '/home/robotics/colcon_ws/install/cpp_pubsub/share/cpp_pubsub/package.sh'
[1.226s] INFO:colcon.colcon_core.shell:Creating package script '/home/robotics/colcon_ws/install/cpp_pubsub/share/cpp_pubsub/package.bash'
[1.227s] INFO:colcon.colcon_core.shell:Creating package script '/home/robotics/colcon_ws/install/cpp_pubsub/share/cpp_pubsub/package.zsh'
[1.228s] Level 1:colcon.colcon_core.environment:create_file_with_runtime_dependencies(/home/robotics/colcon_ws/install/cpp_pubsub/share/colcon-core/packages/cpp_pubsub)
[4.589s] DEBUG:colcon.colcon_core.event_handler.log_command:Invoked command in '/home/robotics/colcon_ws/build/custom_msg_demo' returned '0': CMAKE_PREFIX_PATH=/opt/ros/humble /usr/bin/cmake /home/robotics/colcon_ws/src/custom_msg_demo -DCMAKE_INSTALL_PREFIX=/home/robotics/colcon_ws/install/custom_msg_demo
[4.591s] DEBUG:colcon.colcon_core.event_handler.log_command:Invoking command in '/home/robotics/colcon_ws/build/custom_msg_demo': CMAKE_PREFIX_PATH=/opt/ros/humble /usr/bin/cmake --build /home/robotics/colcon_ws/build/custom_msg_demo -- -j8 -l8
[24.019s] DEBUG:colcon.colcon_core.event_handler.log_command:Invoked command in '/home/robotics/colcon_ws/build/custom_msg_demo' returned '0': CMAKE_PREFIX_PATH=/opt/ros/humble /usr/bin/cmake --build /home/robotics/colcon_ws/build/custom_msg_demo -- -j8 -l8
[24.023s] DEBUG:colcon.colcon_core.event_handler.log_command:Invoking command in '/home/robotics/colcon_ws/build/custom_msg_demo': CMAKE_PREFIX_PATH=/opt/ros/humble /usr/bin/cmake --install /home/robotics/colcon_ws/build/custom_msg_demo
[24.140s] Level 1:colcon.colcon_core.environment:create_environment_scripts_only(custom_msg_demo)
[24.141s] DEBUG:colcon.colcon_core.event_handler.log_command:Invoked command in '/home/robotics/colcon_ws/build/custom_msg_demo' returned '0': CMAKE_PREFIX_PATH=/opt/ros/humble /usr/bin/cmake --install /home/robotics/colcon_ws/build/custom_msg_demo
[24.143s] Level 1:colcon.colcon_core.environment:checking '/home/robotics/colcon_ws/install/custom_msg_demo' for CMake module files
[24.146s] Level 1:colcon.colcon_core.environment:checking '/home/robotics/colcon_ws/install/custom_msg_demo' for CMake config files
[24.146s] Level 1:colcon.colcon_core.shell:create_environment_hook('custom_msg_demo', 'cmake_prefix_path')
[24.146s] INFO:colcon.colcon_core.shell:Creating environment hook '/home/robotics/colcon_ws/install/custom_msg_demo/share/custom_msg_demo/hook/cmake_prefix_path.ps1'
[24.147s] INFO:colcon.colcon_core.shell:Creating environment descriptor '/home/robotics/colcon_ws/install/custom_msg_demo/share/custom_msg_demo/hook/cmake_prefix_path.dsv'
[24.147s] INFO:colcon.colcon_core.shell:Creating environment hook '/home/robotics/colcon_ws/install/custom_msg_demo/share/custom_msg_demo/hook/cmake_prefix_path.sh'
[24.148s] Level 1:colcon.colcon_core.environment:checking '/home/robotics/colcon_ws/install/custom_msg_demo/lib'
[24.148s] Level 1:colcon.colcon_core.shell:create_environment_hook('custom_msg_demo', 'ld_library_path_lib')
[24.148s] INFO:colcon.colcon_core.shell:Creating environment hook '/home/robotics/colcon_ws/install/custom_msg_demo/share/custom_msg_demo/hook/ld_library_path_lib.ps1'
[24.149s] INFO:colcon.colcon_core.shell:Creating environment descriptor '/home/robotics/colcon_ws/install/custom_msg_demo/share/custom_msg_demo/hook/ld_library_path_lib.dsv'
[24.149s] INFO:colcon.colcon_core.shell:Creating environment hook '/home/robotics/colcon_ws/install/custom_msg_demo/share/custom_msg_demo/hook/ld_library_path_lib.sh'
[24.150s] Level 1:colcon.colcon_core.environment:checking '/home/robotics/colcon_ws/install/custom_msg_demo/bin'
[24.150s] Level 1:colcon.colcon_core.environment:checking '/home/robotics/colcon_ws/install/custom_msg_demo/lib/pkgconfig/custom_msg_demo.pc'
[24.150s] Level 1:colcon.colcon_core.environment:checking '/home/robotics/colcon_ws/install/custom_msg_demo/lib/python3.10/site-packages'
[24.150s] Level 1:colcon.colcon_core.environment:checking '/home/robotics/colcon_ws/install/custom_msg_demo/bin'
[24.151s] INFO:colcon.colcon_core.shell:Creating package script '/home/robotics/colcon_ws/install/custom_msg_demo/share/custom_msg_demo/package.ps1'
[24.151s] INFO:colcon.colcon_core.shell:Creating package descriptor '/home/robotics/colcon_ws/install/custom_msg_demo/share/custom_msg_demo/package.dsv'
[24.151s] INFO:colcon.colcon_core.shell:Creating package script '/home/robotics/colcon_ws/install/custom_msg_demo/share/custom_msg_demo/package.sh'
[24.152s] INFO:colcon.colcon_core.shell:Creating package script '/home/robotics/colcon_ws/install/custom_msg_demo/share/custom_msg_demo/package.bash'
[24.152s] INFO:colcon.colcon_core.shell:Creating package script '/home/robotics/colcon_ws/install/custom_msg_demo/share/custom_msg_demo/package.zsh'
[24.152s] Level 1:colcon.colcon_core.environment:create_file_with_runtime_dependencies(/home/robotics/colcon_ws/install/custom_msg_demo/share/colcon-core/packages/custom_msg_demo)
[24.153s] Level 1:colcon.colcon_core.environment:create_environment_scripts_only(custom_msg_demo)
[24.154s] Level 1:colcon.colcon_core.environment:checking '/home/robotics/colcon_ws/install/custom_msg_demo' for CMake module files
[24.154s] Level 1:colcon.colcon_core.environment:checking '/home/robotics/colcon_ws/install/custom_msg_demo' for CMake config files
[24.154s] Level 1:colcon.colcon_core.shell:create_environment_hook('custom_msg_demo', 'cmake_prefix_path')
[24.155s] INFO:colcon.colcon_core.shell:Creating environment hook '/home/robotics/colcon_ws/install/custom_msg_demo/share/custom_msg_demo/hook/cmake_prefix_path.ps1'
[24.155s] INFO:colcon.colcon_core.shell:Creating environment descriptor '/home/robotics/colcon_ws/install/custom_msg_demo/share/custom_msg_demo/hook/cmake_prefix_path.dsv'
[24.155s] INFO:colcon.colcon_core.shell:Creating environment hook '/home/robotics/colcon_ws/install/custom_msg_demo/share/custom_msg_demo/hook/cmake_prefix_path.sh'
[24.156s] Level 1:colcon.colcon_core.environment:checking '/home/robotics/colcon_ws/install/custom_msg_demo/lib'
[24.156s] Level 1:colcon.colcon_core.shell:create_environment_hook('custom_msg_demo', 'ld_library_path_lib')
[24.156s] INFO:colcon.colcon_core.shell:Creating environment hook '/home/robotics/colcon_ws/install/custom_msg_demo/share/custom_msg_demo/hook/ld_library_path_lib.ps1'
[24.156s] INFO:colcon.colcon_core.shell:Creating environment descriptor '/home/robotics/colcon_ws/install/custom_msg_demo/share/custom_msg_demo/hook/ld_library_path_lib.dsv'
[24.157s] INFO:colcon.colcon_core.shell:Creating environment hook '/home/robotics/colcon_ws/install/custom_msg_demo/share/custom_msg_demo/hook/ld_library_path_lib.sh'
[24.157s] Level 1:colcon.colcon_core.environment:checking '/home/robotics/colcon_ws/install/custom_msg_demo/bin'
[24.157s] Level 1:colcon.colcon_core.environment:checking '/home/robotics/colcon_ws/install/custom_msg_demo/lib/pkgconfig/custom_msg_demo.pc'
[24.157s] Level 1:colcon.colcon_core.environment:checking '/home/robotics/colcon_ws/install/custom_msg_demo/lib/python3.10/site-packages'
[24.158s] Level 1:colcon.colcon_core.environment:checking '/home/robotics/colcon_ws/install/custom_msg_demo/bin'
[24.158s] INFO:colcon.colcon_core.shell:Creating package script '/home/robotics/colcon_ws/install/custom_msg_demo/share/custom_msg_demo/package.ps1'
[24.159s] INFO:colcon.colcon_core.shell:Creating package descriptor '/home/robotics/colcon_ws/install/custom_msg_demo/share/custom_msg_demo/package.dsv'
[24.159s] INFO:colcon.colcon_core.shell:Creating package script '/home/robotics/colcon_ws/install/custom_msg_demo/share/custom_msg_demo/package.sh'
[24.160s] INFO:colcon.colcon_core.shell:Creating package script '/home/robotics/colcon_ws/install/custom_msg_demo/share/custom_msg_demo/package.bash'
[24.160s] INFO:colcon.colcon_core.shell:Creating package script '/home/robotics/colcon_ws/install/custom_msg_demo/share/custom_msg_demo/package.zsh'
[24.161s] Level 1:colcon.colcon_core.environment:create_file_with_runtime_dependencies(/home/robotics/colcon_ws/install/custom_msg_demo/share/colcon-core/packages/custom_msg_demo)
[24.162s] DEBUG:colcon.colcon_parallel_executor.executor.parallel:closing loop
[24.164s] DEBUG:colcon.colcon_parallel_executor.executor.parallel:loop closed
[24.164s] DEBUG:colcon.colcon_parallel_executor.executor.parallel:run_until_complete finished with '0'
[24.165s] DEBUG:colcon.colcon_core.event_reactor:joining thread
[24.185s] INFO:colcon.colcon_core.plugin_system:Skipping extension 'colcon_notification.desktop_notification.notify_send': Could not find 'notify-send'
[24.185s] INFO:colcon.colcon_core.plugin_system:Skipping extension 'colcon_notification.desktop_notification.terminal_notifier': Not used on non-Darwin systems
[24.185s] INFO:colcon.colcon_core.plugin_system:Skipping extension 'colcon_notification.desktop_notification.win32': Not used on non-Windows systems
[24.185s] INFO:colcon.colcon_notification.desktop_notification:Sending desktop notification using 'notify2'
[24.190s] DEBUG:colcon.colcon_notification.desktop_notification.notify2:Failed to initialize notify2: org.freedesktop.DBus.Error.Spawn.ExecFailed: /usr/bin/dbus-launch terminated abnormally without any error message
[24.190s] DEBUG:colcon.colcon_core.event_reactor:joined thread
[24.191s] INFO:colcon.colcon_core.shell:Creating prefix script '/home/robotics/colcon_ws/install/local_setup.ps1'
[24.195s] INFO:colcon.colcon_core.shell:Creating prefix util module '/home/robotics/colcon_ws/install/_local_setup_util_ps1.py'
[24.198s] INFO:colcon.colcon_core.shell:Creating prefix chain script '/home/robotics/colcon_ws/install/setup.ps1'
[24.200s] INFO:colcon.colcon_core.shell:Creating prefix script '/home/robotics/colcon_ws/install/local_setup.sh'
[24.201s] INFO:colcon.colcon_core.shell:Creating prefix util module '/home/robotics/colcon_ws/install/_local_setup_util_sh.py'
[24.202s] INFO:colcon.colcon_core.shell:Creating prefix chain script '/home/robotics/colcon_ws/install/setup.sh'
[24.203s] INFO:colcon.colcon_core.shell:Creating prefix script '/home/robotics/colcon_ws/install/local_setup.bash'
[24.204s] INFO:colcon.colcon_core.shell:Creating prefix chain script '/home/robotics/colcon_ws/install/setup.bash'
[24.205s] INFO:colcon.colcon_core.shell:Creating prefix script '/home/robotics/colcon_ws/install/local_setup.zsh'
[24.206s] INFO:colcon.colcon_core.shell:Creating prefix chain script '/home/robotics/colcon_ws/install/setup.zsh'
