[ 25%] Built target basic_timer_node
[ 50%] Built target callback_group_timers_node
[ 75%] Built target multi_timer_node
[100%] Built target control_timer_node
-- Install configuration: ""
-- Up-to-date: /home/robotics/colcon_ws/install/cpp_timer_showcase/lib/cpp_timer_showcase/basic_timer_node
-- Up-to-date: /home/robotics/colcon_ws/install/cpp_timer_showcase/lib/cpp_timer_showcase/multi_timer_node
-- Up-to-date: /home/robotics/colcon_ws/install/cpp_timer_showcase/lib/cpp_timer_showcase/control_timer_node
-- Up-to-date: /home/robotics/colcon_ws/install/cpp_timer_showcase/lib/cpp_timer_showcase/callback_group_timers_node
-- Up-to-date: /home/robotics/colcon_ws/install/cpp_timer_showcase/share/cpp_timer_showcase/launch
-- Up-to-date: /home/robotics/colcon_ws/install/cpp_timer_showcase/share/cpp_timer_showcase/launch/timers_demo.launch.py
-- Up-to-date: /home/robotics/colcon_ws/install/cpp_timer_showcase/share/cpp_timer_showcase/launch/timers_demo.launch.py:Zone.Identifier
-- Up-to-date: /home/robotics/colcon_ws/install/cpp_timer_showcase/share/ament_index/resource_index/package_run_dependencies/cpp_timer_showcase
-- Up-to-date: /home/robotics/colcon_ws/install/cpp_timer_showcase/share/ament_index/resource_index/parent_prefix_path/cpp_timer_showcase
-- Up-to-date: /home/robotics/colcon_ws/install/cpp_timer_showcase/share/cpp_timer_showcase/environment/ament_prefix_path.sh
-- Up-to-date: /home/robotics/colcon_ws/install/cpp_timer_showcase/share/cpp_timer_showcase/environment/ament_prefix_path.dsv
-- Up-to-date: /home/robotics/colcon_ws/install/cpp_timer_showcase/share/cpp_timer_showcase/environment/path.sh
-- Up-to-date: /home/robotics/colcon_ws/install/cpp_timer_showcase/share/cpp_timer_showcase/environment/path.dsv
-- Up-to-date: /home/robotics/colcon_ws/install/cpp_timer_showcase/share/cpp_timer_showcase/local_setup.bash
-- Up-to-date: /home/robotics/colcon_ws/install/cpp_timer_showcase/share/cpp_timer_showcase/local_setup.sh
-- Up-to-date: /home/robotics/colcon_ws/install/cpp_timer_showcase/share/cpp_timer_showcase/local_setup.zsh
-- Up-to-date: /home/robotics/colcon_ws/install/cpp_timer_showcase/share/cpp_timer_showcase/local_setup.dsv
-- Installing: /home/robotics/colcon_ws/install/cpp_timer_showcase/share/cpp_timer_showcase/package.dsv
-- Up-to-date: /home/robotics/colcon_ws/install/cpp_timer_showcase/share/ament_index/resource_index/packages/cpp_timer_showcase
-- Up-to-date: /home/robotics/colcon_ws/install/cpp_timer_showcase/share/cpp_timer_showcase/cmake/cpp_timer_showcaseConfig.cmake
-- Up-to-date: /home/robotics/colcon_ws/install/cpp_timer_showcase/share/cpp_timer_showcase/cmake/cpp_timer_showcaseConfig-version.cmake
-- Up-to-date: /home/robotics/colcon_ws/install/cpp_timer_showcase/share/cpp_timer_showcase/package.xml
