[0.054s] Invoking command in '/home/robotics/colcon_ws/build/custom_srv_demo': CMAKE_PREFIX_PATH=/opt/ros/humble /usr/bin/cmake --build /home/robotics/colcon_ws/build/custom_srv_demo -- -j8 -l8
[0.191s] [  2%] Built target custom_srv_demo__cpp
[0.204s] [ 11%] Built target custom_srv_demo__rosidl_generator_c
[0.229s] [ 20%] Built target custom_srv_demo__rosidl_typesupport_introspection_cpp
[0.229s] [ 20%] Built target ament_cmake_python_copy_custom_srv_demo
[0.229s] [ 28%] Built target custom_srv_demo__rosidl_typesupport_fastrtps_cpp
[0.242s] [ 37%] Built target custom_srv_demo__rosidl_typesupport_cpp
[0.268s] [ 45%] Built target custom_srv_demo__rosidl_typesupport_introspection_c
[0.298s] [ 54%] Built target custom_srv_demo__rosidl_typesupport_c
[0.307s] [ 62%] Built target custom_srv_demo__rosidl_typesupport_fastrtps_c
[0.308s] [ 68%] Built target can_move_server
[0.308s] [ 74%] Built target can_move_client
[0.321s] [ 74%] Built target custom_srv_demo
[0.352s] [ 77%] Built target custom_srv_demo__py
[0.390s] [ 82%] Built target custom_srv_demo__rosidl_generator_py
[0.426s] [ 88%] Built target custom_srv_demo__rosidl_typesupport_introspection_c__pyext
[0.429s] [ 94%] Built target custom_srv_demo__rosidl_typesupport_fastrtps_c__pyext
[0.429s] [100%] Built target custom_srv_demo__rosidl_typesupport_c__pyext
[0.601s] running egg_info
[0.603s] writing custom_srv_demo.egg-info/PKG-INFO
[0.603s] writing dependency_links to custom_srv_demo.egg-info/dependency_links.txt
[0.604s] writing top-level names to custom_srv_demo.egg-info/top_level.txt
[0.608s] reading manifest file 'custom_srv_demo.egg-info/SOURCES.txt'
[0.609s] writing manifest file 'custom_srv_demo.egg-info/SOURCES.txt'
[0.644s] [100%] Built target ament_cmake_python_build_custom_srv_demo_egg
[0.658s] Invoked command in '/home/robotics/colcon_ws/build/custom_srv_demo' returned '0': CMAKE_PREFIX_PATH=/opt/ros/humble /usr/bin/cmake --build /home/robotics/colcon_ws/build/custom_srv_demo -- -j8 -l8
[0.660s] Invoking command in '/home/robotics/colcon_ws/build/custom_srv_demo': CMAKE_PREFIX_PATH=/opt/ros/humble /usr/bin/cmake --install /home/robotics/colcon_ws/build/custom_srv_demo
[0.675s] -- Install configuration: ""
[0.675s] -- Up-to-date: /home/robotics/colcon_ws/install/custom_srv_demo/share/ament_index/resource_index/rosidl_interfaces/custom_srv_demo
[0.675s] -- Up-to-date: /home/robotics/colcon_ws/install/custom_srv_demo/include/custom_srv_demo/custom_srv_demo
[0.675s] -- Up-to-date: /home/robotics/colcon_ws/install/custom_srv_demo/include/custom_srv_demo/custom_srv_demo/msg
[0.676s] -- Up-to-date: /home/robotics/colcon_ws/install/custom_srv_demo/include/custom_srv_demo/custom_srv_demo/msg/rosidl_generator_c__visibility_control.h
[0.676s] -- Up-to-date: /home/robotics/colcon_ws/install/custom_srv_demo/include/custom_srv_demo/custom_srv_demo/srv
[0.676s] -- Up-to-date: /home/robotics/colcon_ws/install/custom_srv_demo/include/custom_srv_demo/custom_srv_demo/srv/detail
[0.676s] -- Up-to-date: /home/robotics/colcon_ws/install/custom_srv_demo/include/custom_srv_demo/custom_srv_demo/srv/detail/can_move__type_support.h
[0.676s] -- Up-to-date: /home/robotics/colcon_ws/install/custom_srv_demo/include/custom_srv_demo/custom_srv_demo/srv/detail/can_move__functions.h
[0.677s] -- Up-to-date: /home/robotics/colcon_ws/install/custom_srv_demo/include/custom_srv_demo/custom_srv_demo/srv/detail/can_move__functions.c
[0.677s] -- Up-to-date: /home/robotics/colcon_ws/install/custom_srv_demo/include/custom_srv_demo/custom_srv_demo/srv/detail/can_move__struct.h
[0.677s] -- Up-to-date: /home/robotics/colcon_ws/install/custom_srv_demo/include/custom_srv_demo/custom_srv_demo/srv/can_move.h
[0.677s] -- Up-to-date: /home/robotics/colcon_ws/install/custom_srv_demo/share/custom_srv_demo/environment/library_path.sh
[0.677s] -- Up-to-date: /home/robotics/colcon_ws/install/custom_srv_demo/share/custom_srv_demo/environment/library_path.dsv
[0.677s] -- Up-to-date: /home/robotics/colcon_ws/install/custom_srv_demo/lib/libcustom_srv_demo__rosidl_generator_c.so
[0.677s] -- Up-to-date: /home/robotics/colcon_ws/install/custom_srv_demo/include/custom_srv_demo/custom_srv_demo
[0.677s] -- Up-to-date: /home/robotics/colcon_ws/install/custom_srv_demo/include/custom_srv_demo/custom_srv_demo/msg
[0.677s] -- Up-to-date: /home/robotics/colcon_ws/install/custom_srv_demo/include/custom_srv_demo/custom_srv_demo/msg/rosidl_typesupport_fastrtps_c__visibility_control.h
[0.677s] -- Up-to-date: /home/robotics/colcon_ws/install/custom_srv_demo/include/custom_srv_demo/custom_srv_demo/srv
[0.678s] -- Up-to-date: /home/robotics/colcon_ws/install/custom_srv_demo/include/custom_srv_demo/custom_srv_demo/srv/detail
[0.678s] -- Up-to-date: /home/robotics/colcon_ws/install/custom_srv_demo/include/custom_srv_demo/custom_srv_demo/srv/detail/can_move__rosidl_typesupport_fastrtps_c.h
[0.678s] -- Up-to-date: /home/robotics/colcon_ws/install/custom_srv_demo/lib/libcustom_srv_demo__rosidl_typesupport_fastrtps_c.so
[0.678s] -- Up-to-date: /home/robotics/colcon_ws/install/custom_srv_demo/include/custom_srv_demo/custom_srv_demo
[0.678s] -- Up-to-date: /home/robotics/colcon_ws/install/custom_srv_demo/include/custom_srv_demo/custom_srv_demo/msg
[0.678s] -- Up-to-date: /home/robotics/colcon_ws/install/custom_srv_demo/include/custom_srv_demo/custom_srv_demo/msg/rosidl_generator_cpp__visibility_control.hpp
[0.678s] -- Up-to-date: /home/robotics/colcon_ws/install/custom_srv_demo/include/custom_srv_demo/custom_srv_demo/srv
[0.679s] -- Up-to-date: /home/robotics/colcon_ws/install/custom_srv_demo/include/custom_srv_demo/custom_srv_demo/srv/can_move.hpp
[0.679s] -- Up-to-date: /home/robotics/colcon_ws/install/custom_srv_demo/include/custom_srv_demo/custom_srv_demo/srv/detail
[0.679s] -- Up-to-date: /home/robotics/colcon_ws/install/custom_srv_demo/include/custom_srv_demo/custom_srv_demo/srv/detail/can_move__traits.hpp
[0.679s] -- Up-to-date: /home/robotics/colcon_ws/install/custom_srv_demo/include/custom_srv_demo/custom_srv_demo/srv/detail/can_move__struct.hpp
[0.679s] -- Up-to-date: /home/robotics/colcon_ws/install/custom_srv_demo/include/custom_srv_demo/custom_srv_demo/srv/detail/can_move__type_support.hpp
[0.679s] -- Up-to-date: /home/robotics/colcon_ws/install/custom_srv_demo/include/custom_srv_demo/custom_srv_demo/srv/detail/can_move__builder.hpp
[0.679s] -- Up-to-date: /home/robotics/colcon_ws/install/custom_srv_demo/include/custom_srv_demo/custom_srv_demo
[0.679s] -- Up-to-date: /home/robotics/colcon_ws/install/custom_srv_demo/include/custom_srv_demo/custom_srv_demo/msg
[0.679s] -- Up-to-date: /home/robotics/colcon_ws/install/custom_srv_demo/include/custom_srv_demo/custom_srv_demo/msg/rosidl_typesupport_fastrtps_cpp__visibility_control.h
[0.679s] -- Up-to-date: /home/robotics/colcon_ws/install/custom_srv_demo/include/custom_srv_demo/custom_srv_demo/srv
[0.679s] -- Up-to-date: /home/robotics/colcon_ws/install/custom_srv_demo/include/custom_srv_demo/custom_srv_demo/srv/detail
[0.679s] -- Up-to-date: /home/robotics/colcon_ws/install/custom_srv_demo/include/custom_srv_demo/custom_srv_demo/srv/detail/dds_fastrtps
[0.679s] -- Up-to-date: /home/robotics/colcon_ws/install/custom_srv_demo/include/custom_srv_demo/custom_srv_demo/srv/detail/can_move__rosidl_typesupport_fastrtps_cpp.hpp
[0.679s] -- Up-to-date: /home/robotics/colcon_ws/install/custom_srv_demo/lib/libcustom_srv_demo__rosidl_typesupport_fastrtps_cpp.so
[0.679s] -- Up-to-date: /home/robotics/colcon_ws/install/custom_srv_demo/include/custom_srv_demo/custom_srv_demo
[0.680s] -- Up-to-date: /home/robotics/colcon_ws/install/custom_srv_demo/include/custom_srv_demo/custom_srv_demo/msg
[0.680s] -- Up-to-date: /home/robotics/colcon_ws/install/custom_srv_demo/include/custom_srv_demo/custom_srv_demo/msg/rosidl_typesupport_introspection_c__visibility_control.h
[0.680s] -- Up-to-date: /home/robotics/colcon_ws/install/custom_srv_demo/include/custom_srv_demo/custom_srv_demo/srv
[0.680s] -- Up-to-date: /home/robotics/colcon_ws/install/custom_srv_demo/include/custom_srv_demo/custom_srv_demo/srv/detail
[0.680s] -- Up-to-date: /home/robotics/colcon_ws/install/custom_srv_demo/include/custom_srv_demo/custom_srv_demo/srv/detail/can_move__rosidl_typesupport_introspection_c.h
[0.680s] -- Up-to-date: /home/robotics/colcon_ws/install/custom_srv_demo/include/custom_srv_demo/custom_srv_demo/srv/detail/can_move__type_support.c
[0.680s] -- Up-to-date: /home/robotics/colcon_ws/install/custom_srv_demo/lib/libcustom_srv_demo__rosidl_typesupport_introspection_c.so
[0.680s] -- Up-to-date: /home/robotics/colcon_ws/install/custom_srv_demo/lib/libcustom_srv_demo__rosidl_typesupport_c.so
[0.680s] -- Up-to-date: /home/robotics/colcon_ws/install/custom_srv_demo/include/custom_srv_demo/custom_srv_demo
[0.680s] -- Up-to-date: /home/robotics/colcon_ws/install/custom_srv_demo/include/custom_srv_demo/custom_srv_demo/srv
[0.680s] -- Up-to-date: /home/robotics/colcon_ws/install/custom_srv_demo/include/custom_srv_demo/custom_srv_demo/srv/detail
[0.680s] -- Up-to-date: /home/robotics/colcon_ws/install/custom_srv_demo/include/custom_srv_demo/custom_srv_demo/srv/detail/can_move__rosidl_typesupport_introspection_cpp.hpp
[0.680s] -- Up-to-date: /home/robotics/colcon_ws/install/custom_srv_demo/include/custom_srv_demo/custom_srv_demo/srv/detail/can_move__type_support.cpp
[0.680s] -- Up-to-date: /home/robotics/colcon_ws/install/custom_srv_demo/lib/libcustom_srv_demo__rosidl_typesupport_introspection_cpp.so
[0.680s] -- Up-to-date: /home/robotics/colcon_ws/install/custom_srv_demo/lib/libcustom_srv_demo__rosidl_typesupport_cpp.so
[0.680s] -- Up-to-date: /home/robotics/colcon_ws/install/custom_srv_demo/share/custom_srv_demo/environment/pythonpath.sh
[0.680s] -- Up-to-date: /home/robotics/colcon_ws/install/custom_srv_demo/share/custom_srv_demo/environment/pythonpath.dsv
[0.680s] -- Up-to-date: /home/robotics/colcon_ws/install/custom_srv_demo/local/lib/python3.10/dist-packages/custom_srv_demo-0.0.0-py3.10.egg-info
[0.681s] -- Installing: /home/robotics/colcon_ws/install/custom_srv_demo/local/lib/python3.10/dist-packages/custom_srv_demo-0.0.0-py3.10.egg-info/dependency_links.txt
[0.681s] -- Installing: /home/robotics/colcon_ws/install/custom_srv_demo/local/lib/python3.10/dist-packages/custom_srv_demo-0.0.0-py3.10.egg-info/PKG-INFO
[0.681s] -- Installing: /home/robotics/colcon_ws/install/custom_srv_demo/local/lib/python3.10/dist-packages/custom_srv_demo-0.0.0-py3.10.egg-info/top_level.txt
[0.681s] -- Installing: /home/robotics/colcon_ws/install/custom_srv_demo/local/lib/python3.10/dist-packages/custom_srv_demo-0.0.0-py3.10.egg-info/SOURCES.txt
[0.681s] -- Up-to-date: /home/robotics/colcon_ws/install/custom_srv_demo/local/lib/python3.10/dist-packages/custom_srv_demo
[0.681s] -- Up-to-date: /home/robotics/colcon_ws/install/custom_srv_demo/local/lib/python3.10/dist-packages/custom_srv_demo/custom_srv_demo_s__rosidl_typesupport_c.cpython-310-x86_64-linux-gnu.so
[0.681s] -- Up-to-date: /home/robotics/colcon_ws/install/custom_srv_demo/local/lib/python3.10/dist-packages/custom_srv_demo/_custom_srv_demo_s.ep.rosidl_typesupport_introspection_c.c
[0.681s] -- Up-to-date: /home/robotics/colcon_ws/install/custom_srv_demo/local/lib/python3.10/dist-packages/custom_srv_demo/custom_srv_demo_s__rosidl_typesupport_fastrtps_c.cpython-310-x86_64-linux-gnu.so
[0.681s] -- Up-to-date: /home/robotics/colcon_ws/install/custom_srv_demo/local/lib/python3.10/dist-packages/custom_srv_demo/libcustom_srv_demo__rosidl_generator_py.so
[0.681s] -- Up-to-date: /home/robotics/colcon_ws/install/custom_srv_demo/local/lib/python3.10/dist-packages/custom_srv_demo/srv
[0.681s] -- Up-to-date: /home/robotics/colcon_ws/install/custom_srv_demo/local/lib/python3.10/dist-packages/custom_srv_demo/srv/_can_move.py
[0.681s] -- Up-to-date: /home/robotics/colcon_ws/install/custom_srv_demo/local/lib/python3.10/dist-packages/custom_srv_demo/srv/__init__.py
[0.681s] -- Up-to-date: /home/robotics/colcon_ws/install/custom_srv_demo/local/lib/python3.10/dist-packages/custom_srv_demo/srv/_can_move_s.c
[0.681s] -- Up-to-date: /home/robotics/colcon_ws/install/custom_srv_demo/local/lib/python3.10/dist-packages/custom_srv_demo/__init__.py
[0.681s] -- Up-to-date: /home/robotics/colcon_ws/install/custom_srv_demo/local/lib/python3.10/dist-packages/custom_srv_demo/custom_srv_demo_s__rosidl_typesupport_introspection_c.cpython-310-x86_64-linux-gnu.so
[0.681s] -- Up-to-date: /home/robotics/colcon_ws/install/custom_srv_demo/local/lib/python3.10/dist-packages/custom_srv_demo/_custom_srv_demo_s.ep.rosidl_typesupport_fastrtps_c.c
[0.682s] -- Up-to-date: /home/robotics/colcon_ws/install/custom_srv_demo/local/lib/python3.10/dist-packages/custom_srv_demo/_custom_srv_demo_s.ep.rosidl_typesupport_c.c
[0.715s] Listing '/home/robotics/colcon_ws/install/custom_srv_demo/local/lib/python3.10/dist-packages/custom_srv_demo'...
[0.715s] Listing '/home/robotics/colcon_ws/install/custom_srv_demo/local/lib/python3.10/dist-packages/custom_srv_demo/srv'...
[0.726s] -- Up-to-date: /home/robotics/colcon_ws/install/custom_srv_demo/local/lib/python3.10/dist-packages/custom_srv_demo/custom_srv_demo_s__rosidl_typesupport_fastrtps_c.cpython-310-x86_64-linux-gnu.so
[0.726s] -- Up-to-date: /home/robotics/colcon_ws/install/custom_srv_demo/local/lib/python3.10/dist-packages/custom_srv_demo/custom_srv_demo_s__rosidl_typesupport_introspection_c.cpython-310-x86_64-linux-gnu.so
[0.727s] -- Up-to-date: /home/robotics/colcon_ws/install/custom_srv_demo/local/lib/python3.10/dist-packages/custom_srv_demo/custom_srv_demo_s__rosidl_typesupport_c.cpython-310-x86_64-linux-gnu.so
[0.727s] -- Up-to-date: /home/robotics/colcon_ws/install/custom_srv_demo/lib/libcustom_srv_demo__rosidl_generator_py.so
[0.727s] -- Up-to-date: /home/robotics/colcon_ws/install/custom_srv_demo/share/custom_srv_demo/srv/CanMove.idl
[0.727s] -- Up-to-date: /home/robotics/colcon_ws/install/custom_srv_demo/share/custom_srv_demo/srv/CanMove.srv
[0.727s] -- Up-to-date: /home/robotics/colcon_ws/install/custom_srv_demo/share/custom_srv_demo/srv/CanMove_Request.msg
[0.728s] -- Up-to-date: /home/robotics/colcon_ws/install/custom_srv_demo/share/custom_srv_demo/srv/CanMove_Response.msg
[0.728s] -- Up-to-date: /home/robotics/colcon_ws/install/custom_srv_demo/lib/custom_srv_demo/can_move_server
[0.728s] -- Up-to-date: /home/robotics/colcon_ws/install/custom_srv_demo/lib/custom_srv_demo/can_move_client
[0.729s] -- Up-to-date: /home/robotics/colcon_ws/install/custom_srv_demo/share/ament_index/resource_index/package_run_dependencies/custom_srv_demo
[0.729s] -- Up-to-date: /home/robotics/colcon_ws/install/custom_srv_demo/share/ament_index/resource_index/parent_prefix_path/custom_srv_demo
[0.729s] -- Up-to-date: /home/robotics/colcon_ws/install/custom_srv_demo/share/custom_srv_demo/environment/ament_prefix_path.sh
[0.729s] -- Up-to-date: /home/robotics/colcon_ws/install/custom_srv_demo/share/custom_srv_demo/environment/ament_prefix_path.dsv
[0.729s] -- Up-to-date: /home/robotics/colcon_ws/install/custom_srv_demo/share/custom_srv_demo/environment/path.sh
[0.729s] -- Up-to-date: /home/robotics/colcon_ws/install/custom_srv_demo/share/custom_srv_demo/environment/path.dsv
[0.730s] -- Up-to-date: /home/robotics/colcon_ws/install/custom_srv_demo/share/custom_srv_demo/local_setup.bash
[0.730s] -- Up-to-date: /home/robotics/colcon_ws/install/custom_srv_demo/share/custom_srv_demo/local_setup.sh
[0.730s] -- Up-to-date: /home/robotics/colcon_ws/install/custom_srv_demo/share/custom_srv_demo/local_setup.zsh
[0.730s] -- Up-to-date: /home/robotics/colcon_ws/install/custom_srv_demo/share/custom_srv_demo/local_setup.dsv
[0.730s] -- Installing: /home/robotics/colcon_ws/install/custom_srv_demo/share/custom_srv_demo/package.dsv
[0.731s] -- Up-to-date: /home/robotics/colcon_ws/install/custom_srv_demo/share/ament_index/resource_index/packages/custom_srv_demo
[0.731s] -- Up-to-date: /home/robotics/colcon_ws/install/custom_srv_demo/share/custom_srv_demo/cmake/export_custom_srv_demo__rosidl_generator_cExport.cmake
[0.731s] -- Up-to-date: /home/robotics/colcon_ws/install/custom_srv_demo/share/custom_srv_demo/cmake/export_custom_srv_demo__rosidl_generator_cExport-noconfig.cmake
[0.731s] -- Up-to-date: /home/robotics/colcon_ws/install/custom_srv_demo/share/custom_srv_demo/cmake/export_custom_srv_demo__rosidl_typesupport_fastrtps_cExport.cmake
[0.733s] -- Up-to-date: /home/robotics/colcon_ws/install/custom_srv_demo/share/custom_srv_demo/cmake/export_custom_srv_demo__rosidl_typesupport_fastrtps_cExport-noconfig.cmake
[0.733s] -- Up-to-date: /home/robotics/colcon_ws/install/custom_srv_demo/share/custom_srv_demo/cmake/export_custom_srv_demo__rosidl_generator_cppExport.cmake
[0.733s] -- Up-to-date: /home/robotics/colcon_ws/install/custom_srv_demo/share/custom_srv_demo/cmake/export_custom_srv_demo__rosidl_typesupport_fastrtps_cppExport.cmake
[0.733s] -- Up-to-date: /home/robotics/colcon_ws/install/custom_srv_demo/share/custom_srv_demo/cmake/export_custom_srv_demo__rosidl_typesupport_fastrtps_cppExport-noconfig.cmake
[0.733s] -- Up-to-date: /home/robotics/colcon_ws/install/custom_srv_demo/share/custom_srv_demo/cmake/custom_srv_demo__rosidl_typesupport_introspection_cExport.cmake
[0.733s] -- Up-to-date: /home/robotics/colcon_ws/install/custom_srv_demo/share/custom_srv_demo/cmake/custom_srv_demo__rosidl_typesupport_introspection_cExport-noconfig.cmake
[0.734s] -- Up-to-date: /home/robotics/colcon_ws/install/custom_srv_demo/share/custom_srv_demo/cmake/custom_srv_demo__rosidl_typesupport_cExport.cmake
[0.734s] -- Up-to-date: /home/robotics/colcon_ws/install/custom_srv_demo/share/custom_srv_demo/cmake/custom_srv_demo__rosidl_typesupport_cExport-noconfig.cmake
[0.734s] -- Up-to-date: /home/robotics/colcon_ws/install/custom_srv_demo/share/custom_srv_demo/cmake/custom_srv_demo__rosidl_typesupport_introspection_cppExport.cmake
[0.734s] -- Up-to-date: /home/robotics/colcon_ws/install/custom_srv_demo/share/custom_srv_demo/cmake/custom_srv_demo__rosidl_typesupport_introspection_cppExport-noconfig.cmake
[0.734s] -- Up-to-date: /home/robotics/colcon_ws/install/custom_srv_demo/share/custom_srv_demo/cmake/custom_srv_demo__rosidl_typesupport_cppExport.cmake
[0.734s] -- Up-to-date: /home/robotics/colcon_ws/install/custom_srv_demo/share/custom_srv_demo/cmake/custom_srv_demo__rosidl_typesupport_cppExport-noconfig.cmake
[0.734s] -- Up-to-date: /home/robotics/colcon_ws/install/custom_srv_demo/share/custom_srv_demo/cmake/export_custom_srv_demo__rosidl_generator_pyExport.cmake
[0.734s] -- Up-to-date: /home/robotics/colcon_ws/install/custom_srv_demo/share/custom_srv_demo/cmake/export_custom_srv_demo__rosidl_generator_pyExport-noconfig.cmake
[0.735s] -- Up-to-date: /home/robotics/colcon_ws/install/custom_srv_demo/share/custom_srv_demo/cmake/rosidl_cmake-extras.cmake
[0.735s] -- Up-to-date: /home/robotics/colcon_ws/install/custom_srv_demo/share/custom_srv_demo/cmake/ament_cmake_export_include_directories-extras.cmake
[0.735s] -- Up-to-date: /home/robotics/colcon_ws/install/custom_srv_demo/share/custom_srv_demo/cmake/ament_cmake_export_libraries-extras.cmake
[0.735s] -- Up-to-date: /home/robotics/colcon_ws/install/custom_srv_demo/share/custom_srv_demo/cmake/ament_cmake_export_targets-extras.cmake
[0.735s] -- Up-to-date: /home/robotics/colcon_ws/install/custom_srv_demo/share/custom_srv_demo/cmake/rosidl_cmake_export_typesupport_targets-extras.cmake
[0.735s] -- Up-to-date: /home/robotics/colcon_ws/install/custom_srv_demo/share/custom_srv_demo/cmake/ament_cmake_export_dependencies-extras.cmake
[0.735s] -- Up-to-date: /home/robotics/colcon_ws/install/custom_srv_demo/share/custom_srv_demo/cmake/rosidl_cmake_export_typesupport_libraries-extras.cmake
[0.736s] -- Up-to-date: /home/robotics/colcon_ws/install/custom_srv_demo/share/custom_srv_demo/cmake/custom_srv_demoConfig.cmake
[0.736s] -- Up-to-date: /home/robotics/colcon_ws/install/custom_srv_demo/share/custom_srv_demo/cmake/custom_srv_demoConfig-version.cmake
[0.736s] -- Up-to-date: /home/robotics/colcon_ws/install/custom_srv_demo/share/custom_srv_demo/package.xml
[0.753s] Invoked command in '/home/robotics/colcon_ws/build/custom_srv_demo' returned '0': CMAKE_PREFIX_PATH=/opt/ros/humble /usr/bin/cmake --install /home/robotics/colcon_ws/build/custom_srv_demo
