-- The C compiler identification is GNU 11.4.0
-- The CXX compiler identification is GNU 11.4.0
-- Detecting C compiler ABI info
-- Detecting C compiler ABI info - done
-- Check for working C compiler: /usr/bin/cc - skipped
-- Detecting C compile features
-- Detecting C compile features - done
-- Detecting CXX compiler ABI info
-- Detecting CXX compiler ABI info - done
-- Check for working CXX compiler: /usr/bin/c++ - skipped
-- Detecting CXX compile features
-- Detecting CXX compile features - done
-- Found ament_cmake: 1.3.13 (/opt/ros/humble/share/ament_cmake/cmake)
-- Found Python3: /usr/bin/python3 (found version "3.10.12") found components: Interpreter 
-- Found rclcpp: 16.0.18 (/opt/ros/humble/share/rclcpp/cmake)
-- Found rosidl_generator_c: 3.1.8 (/opt/ros/humble/share/rosidl_generator_c/cmake)
-- Found rosidl_adapter: 3.1.8 (/opt/ros/humble/share/rosidl_adapter/cmake)
-- Found rosidl_generator_cpp: 3.1.8 (/opt/ros/humble/share/rosidl_generator_cpp/cmake)
-- Using all available rosidl_typesupport_c: rosidl_typesupport_fastrtps_c;rosidl_typesupport_introspection_c
-- Using all available rosidl_typesupport_cpp: rosidl_typesupport_fastrtps_cpp;rosidl_typesupport_introspection_cpp
-- Found rmw_implementation_cmake: 6.1.2 (/opt/ros/humble/share/rmw_implementation_cmake/cmake)
-- Found rmw_fastrtps_cpp: 6.2.10 (/opt/ros/humble/share/rmw_fastrtps_cpp/cmake)
-- Found OpenSSL: /usr/lib/x86_64-linux-gnu/libcrypto.so (found version "3.0.2")  
-- Found FastRTPS: /opt/ros/humble/include  
-- Using RMW implementation 'rmw_fastrtps_cpp' as default
-- Looking for pthread.h
-- Looking for pthread.h - found
-- Performing Test CMAKE_HAVE_LIBC_PTHREAD
-- Performing Test CMAKE_HAVE_LIBC_PTHREAD - Success
-- Found Threads: TRUE  
-- Found geometry_msgs: 4.9.1 (/opt/ros/humble/share/geometry_msgs/cmake)
-- Found tf2: 0.25.20 (/opt/ros/humble/share/tf2/cmake)
-- Found tf2_ros: 0.25.20 (/opt/ros/humble/share/tf2_ros/cmake)
-- Found turtlesim: 1.4.3 (/opt/ros/humble/share/turtlesim/cmake)
-- Configuring done
-- Generating done
-- Build files have been written to: /home/robotics/colcon_ws/build/cpp_tf_showcase
[ 16%] [32mBuilding CXX object CMakeFiles/sensor_static_tf_broadcaster.dir/src/sensor_static_tf_broadcaster.cpp.o[0m
[ 33%] [32mBuilding CXX object CMakeFiles/turtle_tf_broadcaster.dir/src/turtle_tf_broadcaster.cpp.o[0m
[ 50%] [32mBuilding CXX object CMakeFiles/tf_lookup_demo.dir/src/tf_lookup_demo.cpp.o[0m
[ 66%] [32m[1mLinking CXX executable tf_lookup_demo[0m
[ 66%] Built target tf_lookup_demo
[ 83%] [32m[1mLinking CXX executable sensor_static_tf_broadcaster[0m
[ 83%] Built target sensor_static_tf_broadcaster
[100%] [32m[1mLinking CXX executable turtle_tf_broadcaster[0m
[100%] Built target turtle_tf_broadcaster
-- Install configuration: ""
-- Installing: /home/robotics/colcon_ws/install/cpp_tf_showcase/lib/cpp_tf_showcase/turtle_tf_broadcaster
-- Set runtime path of "/home/robotics/colcon_ws/install/cpp_tf_showcase/lib/cpp_tf_showcase/turtle_tf_broadcaster" to ""
-- Installing: /home/robotics/colcon_ws/install/cpp_tf_showcase/lib/cpp_tf_showcase/sensor_static_tf_broadcaster
-- Set runtime path of "/home/robotics/colcon_ws/install/cpp_tf_showcase/lib/cpp_tf_showcase/sensor_static_tf_broadcaster" to ""
-- Installing: /home/robotics/colcon_ws/install/cpp_tf_showcase/lib/cpp_tf_showcase/tf_lookup_demo
-- Set runtime path of "/home/robotics/colcon_ws/install/cpp_tf_showcase/lib/cpp_tf_showcase/tf_lookup_demo" to ""
-- Installing: /home/robotics/colcon_ws/install/cpp_tf_showcase/share/cpp_tf_showcase/launch
-- Installing: /home/robotics/colcon_ws/install/cpp_tf_showcase/share/cpp_tf_showcase/launch/tf_showcase.launch.py
-- Installing: /home/robotics/colcon_ws/install/cpp_tf_showcase/share/cpp_tf_showcase/launch/tf_showcase.launch.py:Zone.Identifier
-- Installing: /home/robotics/colcon_ws/install/cpp_tf_showcase/share/cpp_tf_showcase/launch/tf_showcase2.launch.py:Zone.Identifier
-- Installing: /home/robotics/colcon_ws/install/cpp_tf_showcase/share/cpp_tf_showcase/launch/tf_showcase2.launch.py
-- Installing: /home/robotics/colcon_ws/install/cpp_tf_showcase/share/ament_index/resource_index/package_run_dependencies/cpp_tf_showcase
-- Installing: /home/robotics/colcon_ws/install/cpp_tf_showcase/share/ament_index/resource_index/parent_prefix_path/cpp_tf_showcase
-- Installing: /home/robotics/colcon_ws/install/cpp_tf_showcase/share/cpp_tf_showcase/environment/ament_prefix_path.sh
-- Installing: /home/robotics/colcon_ws/install/cpp_tf_showcase/share/cpp_tf_showcase/environment/ament_prefix_path.dsv
-- Installing: /home/robotics/colcon_ws/install/cpp_tf_showcase/share/cpp_tf_showcase/environment/path.sh
-- Installing: /home/robotics/colcon_ws/install/cpp_tf_showcase/share/cpp_tf_showcase/environment/path.dsv
-- Installing: /home/robotics/colcon_ws/install/cpp_tf_showcase/share/cpp_tf_showcase/local_setup.bash
-- Installing: /home/robotics/colcon_ws/install/cpp_tf_showcase/share/cpp_tf_showcase/local_setup.sh
-- Installing: /home/robotics/colcon_ws/install/cpp_tf_showcase/share/cpp_tf_showcase/local_setup.zsh
-- Installing: /home/robotics/colcon_ws/install/cpp_tf_showcase/share/cpp_tf_showcase/local_setup.dsv
-- Installing: /home/robotics/colcon_ws/install/cpp_tf_showcase/share/cpp_tf_showcase/package.dsv
-- Installing: /home/robotics/colcon_ws/install/cpp_tf_showcase/share/ament_index/resource_index/packages/cpp_tf_showcase
-- Installing: /home/robotics/colcon_ws/install/cpp_tf_showcase/share/cpp_tf_showcase/cmake/cpp_tf_showcaseConfig.cmake
-- Installing: /home/robotics/colcon_ws/install/cpp_tf_showcase/share/cpp_tf_showcase/cmake/cpp_tf_showcaseConfig-version.cmake
-- Installing: /home/robotics/colcon_ws/install/cpp_tf_showcase/share/cpp_tf_showcase/package.xml
