[0.056s] Invoking command in '/home/robotics/colcon_ws/build/cpp_tf_showcase': CMAKE_PREFIX_PATH=/opt/ros/humble /usr/bin/cmake /home/robotics/colcon_ws/src/cpp_tf_showcase -DCMAKE_INSTALL_PREFIX=/home/robotics/colcon_ws/install/cpp_tf_showcase
[0.539s] -- The C compiler identification is GNU 11.4.0
[0.777s] -- The CXX compiler identification is GNU 11.4.0
[0.791s] -- Detecting C compiler ABI info
[0.896s] -- Detecting C compiler ABI info - done
[0.906s] -- Check for working C compiler: /usr/bin/cc - skipped
[0.907s] -- Detecting C compile features
[0.907s] -- Detecting C compile features - done
[0.912s] -- Detecting CXX compiler ABI info
[1.044s] -- Detecting CXX compiler ABI info - done
[1.052s] -- Check for working CXX compiler: /usr/bin/c++ - skipped
[1.053s] -- Detecting CXX compile features
[1.054s] -- Detecting CXX compile features - done
[1.063s] -- Found ament_cmake: 1.3.13 (/opt/ros/humble/share/ament_cmake/cmake)
[1.292s] -- Found Python3: /usr/bin/python3 (found version "3.10.12") found components: Interpreter 
[1.461s] -- Found rclcpp: 16.0.18 (/opt/ros/humble/share/rclcpp/cmake)
[1.553s] -- Found rosidl_generator_c: 3.1.8 (/opt/ros/humble/share/rosidl_generator_c/cmake)
[1.565s] -- Found rosidl_adapter: 3.1.8 (/opt/ros/humble/share/rosidl_adapter/cmake)
[1.586s] -- Found rosidl_generator_cpp: 3.1.8 (/opt/ros/humble/share/rosidl_generator_cpp/cmake)
[1.612s] -- Using all available rosidl_typesupport_c: rosidl_typesupport_fastrtps_c;rosidl_typesupport_introspection_c
[1.645s] -- Using all available rosidl_typesupport_cpp: rosidl_typesupport_fastrtps_cpp;rosidl_typesupport_introspection_cpp
[1.735s] -- Found rmw_implementation_cmake: 6.1.2 (/opt/ros/humble/share/rmw_implementation_cmake/cmake)
[1.752s] -- Found rmw_fastrtps_cpp: 6.2.10 (/opt/ros/humble/share/rmw_fastrtps_cpp/cmake)
[1.937s] -- Found OpenSSL: /usr/lib/x86_64-linux-gnu/libcrypto.so (found version "3.0.2")  
[1.982s] -- Found FastRTPS: /opt/ros/humble/include  
[2.050s] -- Using RMW implementation 'rmw_fastrtps_cpp' as default
[2.071s] -- Looking for pthread.h
[2.171s] -- Looking for pthread.h - found
[2.172s] -- Performing Test CMAKE_HAVE_LIBC_PTHREAD
[2.258s] -- Performing Test CMAKE_HAVE_LIBC_PTHREAD - Success
[2.259s] -- Found Threads: TRUE  
[2.368s] -- Found geometry_msgs: 4.9.1 (/opt/ros/humble/share/geometry_msgs/cmake)
[2.415s] -- Found tf2: 0.25.20 (/opt/ros/humble/share/tf2/cmake)
[2.444s] -- Found tf2_ros: 0.25.20 (/opt/ros/humble/share/tf2_ros/cmake)
[2.641s] -- Found turtlesim: 1.4.3 (/opt/ros/humble/share/turtlesim/cmake)
[2.743s] -- Configuring done
[2.769s] -- Generating done
[2.780s] -- Build files have been written to: /home/robotics/colcon_ws/build/cpp_tf_showcase
[2.794s] Invoked command in '/home/robotics/colcon_ws/build/cpp_tf_showcase' returned '0': CMAKE_PREFIX_PATH=/opt/ros/humble /usr/bin/cmake /home/robotics/colcon_ws/src/cpp_tf_showcase -DCMAKE_INSTALL_PREFIX=/home/robotics/colcon_ws/install/cpp_tf_showcase
[2.796s] Invoking command in '/home/robotics/colcon_ws/build/cpp_tf_showcase': CMAKE_PREFIX_PATH=/opt/ros/humble /usr/bin/cmake --build /home/robotics/colcon_ws/build/cpp_tf_showcase -- -j8 -l8
[2.866s] [ 16%] [32mBuilding CXX object CMakeFiles/sensor_static_tf_broadcaster.dir/src/sensor_static_tf_broadcaster.cpp.o[0m
[2.867s] [ 33%] [32mBuilding CXX object CMakeFiles/turtle_tf_broadcaster.dir/src/turtle_tf_broadcaster.cpp.o[0m
[2.867s] [ 50%] [32mBuilding CXX object CMakeFiles/tf_lookup_demo.dir/src/tf_lookup_demo.cpp.o[0m
[8.544s] [ 66%] [32m[1mLinking CXX executable tf_lookup_demo[0m
[8.920s] [ 66%] Built target tf_lookup_demo
[9.655s] [ 83%] [32m[1mLinking CXX executable sensor_static_tf_broadcaster[0m
[10.053s] [ 83%] Built target sensor_static_tf_broadcaster
[15.779s] [100%] [32m[1mLinking CXX executable turtle_tf_broadcaster[0m
[16.329s] [100%] Built target turtle_tf_broadcaster
[16.344s] Invoked command in '/home/robotics/colcon_ws/build/cpp_tf_showcase' returned '0': CMAKE_PREFIX_PATH=/opt/ros/humble /usr/bin/cmake --build /home/robotics/colcon_ws/build/cpp_tf_showcase -- -j8 -l8
[16.345s] Invoking command in '/home/robotics/colcon_ws/build/cpp_tf_showcase': CMAKE_PREFIX_PATH=/opt/ros/humble /usr/bin/cmake --install /home/robotics/colcon_ws/build/cpp_tf_showcase
[16.353s] -- Install configuration: ""
[16.354s] -- Installing: /home/robotics/colcon_ws/install/cpp_tf_showcase/lib/cpp_tf_showcase/turtle_tf_broadcaster
[16.357s] -- Set runtime path of "/home/robotics/colcon_ws/install/cpp_tf_showcase/lib/cpp_tf_showcase/turtle_tf_broadcaster" to ""
[16.357s] -- Installing: /home/robotics/colcon_ws/install/cpp_tf_showcase/lib/cpp_tf_showcase/sensor_static_tf_broadcaster
[16.358s] -- Set runtime path of "/home/robotics/colcon_ws/install/cpp_tf_showcase/lib/cpp_tf_showcase/sensor_static_tf_broadcaster" to ""
[16.359s] -- Installing: /home/robotics/colcon_ws/install/cpp_tf_showcase/lib/cpp_tf_showcase/tf_lookup_demo
[16.360s] -- Set runtime path of "/home/robotics/colcon_ws/install/cpp_tf_showcase/lib/cpp_tf_showcase/tf_lookup_demo" to ""
[16.360s] -- Installing: /home/robotics/colcon_ws/install/cpp_tf_showcase/share/cpp_tf_showcase/launch
[16.361s] -- Installing: /home/robotics/colcon_ws/install/cpp_tf_showcase/share/cpp_tf_showcase/launch/tf_showcase.launch.py
[16.363s] -- Installing: /home/robotics/colcon_ws/install/cpp_tf_showcase/share/cpp_tf_showcase/launch/tf_showcase.launch.py:Zone.Identifier
[16.364s] -- Installing: /home/robotics/colcon_ws/install/cpp_tf_showcase/share/cpp_tf_showcase/launch/tf_showcase2.launch.py:Zone.Identifier
[16.364s] -- Installing: /home/robotics/colcon_ws/install/cpp_tf_showcase/share/cpp_tf_showcase/launch/tf_showcase2.launch.py
[16.366s] -- Installing: /home/robotics/colcon_ws/install/cpp_tf_showcase/share/ament_index/resource_index/package_run_dependencies/cpp_tf_showcase
[16.366s] -- Installing: /home/robotics/colcon_ws/install/cpp_tf_showcase/share/ament_index/resource_index/parent_prefix_path/cpp_tf_showcase
[16.367s] -- Installing: /home/robotics/colcon_ws/install/cpp_tf_showcase/share/cpp_tf_showcase/environment/ament_prefix_path.sh
[16.367s] -- Installing: /home/robotics/colcon_ws/install/cpp_tf_showcase/share/cpp_tf_showcase/environment/ament_prefix_path.dsv
[16.367s] -- Installing: /home/robotics/colcon_ws/install/cpp_tf_showcase/share/cpp_tf_showcase/environment/path.sh
[16.367s] -- Installing: /home/robotics/colcon_ws/install/cpp_tf_showcase/share/cpp_tf_showcase/environment/path.dsv
[16.367s] -- Installing: /home/robotics/colcon_ws/install/cpp_tf_showcase/share/cpp_tf_showcase/local_setup.bash
[16.368s] -- Installing: /home/robotics/colcon_ws/install/cpp_tf_showcase/share/cpp_tf_showcase/local_setup.sh
[16.368s] -- Installing: /home/robotics/colcon_ws/install/cpp_tf_showcase/share/cpp_tf_showcase/local_setup.zsh
[16.368s] -- Installing: /home/robotics/colcon_ws/install/cpp_tf_showcase/share/cpp_tf_showcase/local_setup.dsv
[16.368s] -- Installing: /home/robotics/colcon_ws/install/cpp_tf_showcase/share/cpp_tf_showcase/package.dsv
[16.369s] -- Installing: /home/robotics/colcon_ws/install/cpp_tf_showcase/share/ament_index/resource_index/packages/cpp_tf_showcase
[16.369s] -- Installing: /home/robotics/colcon_ws/install/cpp_tf_showcase/share/cpp_tf_showcase/cmake/cpp_tf_showcaseConfig.cmake
[16.370s] -- Installing: /home/robotics/colcon_ws/install/cpp_tf_showcase/share/cpp_tf_showcase/cmake/cpp_tf_showcaseConfig-version.cmake
[16.370s] -- Installing: /home/robotics/colcon_ws/install/cpp_tf_showcase/share/cpp_tf_showcase/package.xml
[16.373s] Invoked command in '/home/robotics/colcon_ws/build/cpp_tf_showcase' returned '0': CMAKE_PREFIX_PATH=/opt/ros/humble /usr/bin/cmake --install /home/robotics/colcon_ws/build/cpp_tf_showcase
